UpdateCTestConfiguration  from :/home/users/ntu/c230179/Desktop/dftb_builds/dftb_gcc_Release/DartConfiguration.tcl
UpdateCTestConfiguration  from :/home/users/ntu/c230179/Desktop/dftb_builds/dftb_gcc_Release/DartConfiguration.tcl
Test project /home/users/ntu/c230179/Desktop/dftb_builds/dftb_gcc_Release
Constructing a list of tests
Done constructing a list of tests
Updating test list for fixtures
Added 0 tests to meet fixture requirements
Checking test dependency graph...
Checking test dependency graph end
test 1
        Start   1: api_extcharges

1: Test command: /home/users/ntu/c230179/Desktop/dftbplus-25.1/test/app/dftb+/bin/autotest2 "-r" "/home/users/ntu/c230179/Desktop/dftbplus-25.1/test/src/dftbp/api/mm/testcases" "-w" "/home/users/ntu/c230179/Desktop/dftb_builds/dftb_gcc_Release/test/src/dftbp/api/mm/testcases" "-d" "/home/users/ntu/c230179/Desktop/dftbplus-25.1/test/app/dftb+/bin/tagdiff" "-P" "env OMP_NUM_THREADS=1" "-s" "P,R,C,S" "extcharges"
1: Environment variables: 
1:  DFTBPLUS_PARAM_DIR=/home/users/ntu/c230179/Desktop/dftbplus-25.1/external
1: Test timeout computed to be: 10000000
1: cp: cannot stat 'extcharges/H-H.skf': No such file or directory
1: cp: cannot stat 'extcharges/H-O.skf': No such file or directory
1: cp: cannot stat 'extcharges/O-H.skf': No such file or directory
1: cp: cannot stat 'extcharges/O-O.skf': No such file or directory
1: extcharges:	Test script returned non-zero exit code: 1
1:  deleting file 'autotest.tag'
1:  TODO.
1: 
1: ==============================================================================
1: TEST SUMMARY
1: ------------------------------------------------------------------------------
1: Match:
1:     None
1: 
1: Not run:
1:     extcharges
1: ------------------------------------------------------------------------------
1: Status: FAIL
  1/406 Test   #1: api_extcharges ...................................................***Failed    0.05 sec
cp: cannot stat 'extcharges/H-H.skf': No such file or directory
cp: cannot stat 'extcharges/H-O.skf': No such file or directory
cp: cannot stat 'extcharges/O-H.skf': No such file or directory
cp: cannot stat 'extcharges/O-O.skf': No such file or directory
extcharges:	Test script returned non-zero exit code: 1
 deleting file 'autotest.tag'
 TODO.

==============================================================================
TEST SUMMARY
------------------------------------------------------------------------------
Match:
    None

Not run:
    extcharges
------------------------------------------------------------------------------
Status: FAIL

test 2
        Start   2: api_extpot

2: Test command: /home/users/ntu/c230179/Desktop/dftbplus-25.1/test/app/dftb+/bin/autotest2 "-r" "/home/users/ntu/c230179/Desktop/dftbplus-25.1/test/src/dftbp/api/mm/testcases" "-w" "/home/users/ntu/c230179/Desktop/dftb_builds/dftb_gcc_Release/test/src/dftbp/api/mm/testcases" "-d" "/home/users/ntu/c230179/Desktop/dftbplus-25.1/test/app/dftb+/bin/tagdiff" "-P" "env OMP_NUM_THREADS=1" "-s" "P,R,C,S" "extpot"
2: Environment variables: 
2:  DFTBPLUS_PARAM_DIR=/home/users/ntu/c230179/Desktop/dftbplus-25.1/external
2: Test timeout computed to be: 10000000
2: cp: cannot stat 'extpot/H-H.skf': No such file or directory
2: cp: cannot stat 'extpot/H-O.skf': No such file or directory
2: cp: cannot stat 'extpot/O-H.skf': No such file or directory
2: cp: cannot stat 'extpot/O-O.skf': No such file or directory
2: extpot:	Test script returned non-zero exit code: 1
2:  deleting file 'autotest.tag'
2:  TODO.
2: 
2: ==============================================================================
2: TEST SUMMARY
2: ------------------------------------------------------------------------------
2: Match:
2:     None
2: 
2: Not run:
2:     extpot
2: ------------------------------------------------------------------------------
2: Status: FAIL
  2/406 Test   #2: api_extpot .......................................................***Failed    0.05 sec
cp: cannot stat 'extpot/H-H.skf': No such file or directory
cp: cannot stat 'extpot/H-O.skf': No such file or directory
cp: cannot stat 'extpot/O-H.skf': No such file or directory
cp: cannot stat 'extpot/O-O.skf': No such file or directory
extpot:	Test script returned non-zero exit code: 1
 deleting file 'autotest.tag'
 TODO.

==============================================================================
TEST SUMMARY
------------------------------------------------------------------------------
Match:
    None

Not run:
    extpot
------------------------------------------------------------------------------
Status: FAIL

test 3
        Start   3: api_extpot2

3: Test command: /home/users/ntu/c230179/Desktop/dftbplus-25.1/test/app/dftb+/bin/autotest2 "-r" "/home/users/ntu/c230179/Desktop/dftbplus-25.1/test/src/dftbp/api/mm/testcases" "-w" "/home/users/ntu/c230179/Desktop/dftb_builds/dftb_gcc_Release/test/src/dftbp/api/mm/testcases" "-d" "/home/users/ntu/c230179/Desktop/dftbplus-25.1/test/app/dftb+/bin/tagdiff" "-P" "env OMP_NUM_THREADS=1" "-s" "P,R,C,S" "extpot2"
3: Environment variables: 
3:  DFTBPLUS_PARAM_DIR=/home/users/ntu/c230179/Desktop/dftbplus-25.1/external
3: Test timeout computed to be: 10000000
3: cp: cannot stat 'extpot2/H-H.skf': No such file or directory
3: cp: cannot stat 'extpot2/H-O.skf': No such file or directory
3: cp: cannot stat 'extpot2/O-H.skf': No such file or directory
3: cp: cannot stat 'extpot2/O-O.skf': No such file or directory
3: extpot2:	Test script returned non-zero exit code: 1
3:  deleting file 'autotest.tag'
3:  TODO.
3: 
3: ==============================================================================
3: TEST SUMMARY
3: ------------------------------------------------------------------------------
3: Match:
3:     None
3: 
3: Not run:
3:     extpot2
3: ------------------------------------------------------------------------------
3: Status: FAIL
  3/406 Test   #3: api_extpot2 ......................................................***Failed    0.05 sec
cp: cannot stat 'extpot2/H-H.skf': No such file or directory
cp: cannot stat 'extpot2/H-O.skf': No such file or directory
cp: cannot stat 'extpot2/O-H.skf': No such file or directory
cp: cannot stat 'extpot2/O-O.skf': No such file or directory
extpot2:	Test script returned non-zero exit code: 1
 deleting file 'autotest.tag'
 TODO.

==============================================================================
TEST SUMMARY
------------------------------------------------------------------------------
Match:
    None

Not run:
    extpot2
------------------------------------------------------------------------------
Status: FAIL

test 4
        Start   4: api_extefield

4: Test command: /home/users/ntu/c230179/Desktop/dftbplus-25.1/test/app/dftb+/bin/autotest2 "-r" "/home/users/ntu/c230179/Desktop/dftbplus-25.1/test/src/dftbp/api/mm/testcases" "-w" "/home/users/ntu/c230179/Desktop/dftb_builds/dftb_gcc_Release/test/src/dftbp/api/mm/testcases" "-d" "/home/users/ntu/c230179/Desktop/dftbplus-25.1/test/app/dftb+/bin/tagdiff" "-P" "env OMP_NUM_THREADS=1" "-s" "P,R,C,S" "extefield"
4: Environment variables: 
4:  DFTBPLUS_PARAM_DIR=/home/users/ntu/c230179/Desktop/dftbplus-25.1/external
4: Test timeout computed to be: 10000000
4: cp: cannot stat 'extefield/H-H.skf': No such file or directory
4: cp: cannot stat 'extefield/H-O.skf': No such file or directory
4: cp: cannot stat 'extefield/O-H.skf': No such file or directory
4: cp: cannot stat 'extefield/O-O.skf': No such file or directory
4: extefield:	Test script returned non-zero exit code: 1
4:  deleting file 'autotest.tag'
4:  TODO.
4: 
4: ==============================================================================
4: TEST SUMMARY
4: ------------------------------------------------------------------------------
4: Match:
4:     None
4: 
4: Not run:
4:     extefield
4: ------------------------------------------------------------------------------
4: Status: FAIL
  4/406 Test   #4: api_extefield ....................................................***Failed    0.04 sec
cp: cannot stat 'extefield/H-H.skf': No such file or directory
cp: cannot stat 'extefield/H-O.skf': No such file or directory
cp: cannot stat 'extefield/O-H.skf': No such file or directory
cp: cannot stat 'extefield/O-O.skf': No such file or directory
extefield:	Test script returned non-zero exit code: 1
 deleting file 'autotest.tag'
 TODO.

==============================================================================
TEST SUMMARY
------------------------------------------------------------------------------
Match:
    None

Not run:
    extefield
------------------------------------------------------------------------------
Status: FAIL

test 5
        Start   5: api_timeprop

5: Test command: /home/users/ntu/c230179/Desktop/dftbplus-25.1/test/app/dftb+/bin/autotest2 "-r" "/home/users/ntu/c230179/Desktop/dftbplus-25.1/test/src/dftbp/api/mm/testcases" "-w" "/home/users/ntu/c230179/Desktop/dftb_builds/dftb_gcc_Release/test/src/dftbp/api/mm/testcases" "-d" "/home/users/ntu/c230179/Desktop/dftbplus-25.1/test/app/dftb+/bin/tagdiff" "-P" "env OMP_NUM_THREADS=1" "-s" "P,R,C,S" "timeprop"
5: Environment variables: 
5:  DFTBPLUS_PARAM_DIR=/home/users/ntu/c230179/Desktop/dftbplus-25.1/external
5: Test timeout computed to be: 10000000
5: cp: cannot stat 'timeprop/C-C.skf': No such file or directory
5: cp: cannot stat 'timeprop/C-H.skf': No such file or directory
5: cp: cannot stat 'timeprop/H-C.skf': No such file or directory
5: cp: cannot stat 'timeprop/H-H.skf': No such file or directory
5: timeprop:	Test script returned non-zero exit code: 1
5:  deleting file 'autotest.tag'
5:  TODO.
5: 
5: ==============================================================================
5: TEST SUMMARY
5: ------------------------------------------------------------------------------
5: Match:
5:     None
5: 
5: Not run:
5:     timeprop
5: ------------------------------------------------------------------------------
5: Status: FAIL
  5/406 Test   #5: api_timeprop .....................................................***Failed    0.05 sec
cp: cannot stat 'timeprop/C-C.skf': No such file or directory
cp: cannot stat 'timeprop/C-H.skf': No such file or directory
cp: cannot stat 'timeprop/H-C.skf': No such file or directory
cp: cannot stat 'timeprop/H-H.skf': No such file or directory
timeprop:	Test script returned non-zero exit code: 1
 deleting file 'autotest.tag'
 TODO.

==============================================================================
TEST SUMMARY
------------------------------------------------------------------------------
Match:
    None

Not run:
    timeprop
------------------------------------------------------------------------------
Status: FAIL

test 6
        Start   6: api_ehrenfest

6: Test command: /home/users/ntu/c230179/Desktop/dftbplus-25.1/test/app/dftb+/bin/autotest2 "-r" "/home/users/ntu/c230179/Desktop/dftbplus-25.1/test/src/dftbp/api/mm/testcases" "-w" "/home/users/ntu/c230179/Desktop/dftb_builds/dftb_gcc_Release/test/src/dftbp/api/mm/testcases" "-d" "/home/users/ntu/c230179/Desktop/dftbplus-25.1/test/app/dftb+/bin/tagdiff" "-P" "env OMP_NUM_THREADS=1" "-s" "P,R,C,S" "ehrenfest"
6: Environment variables: 
6:  DFTBPLUS_PARAM_DIR=/home/users/ntu/c230179/Desktop/dftbplus-25.1/external
6: Test timeout computed to be: 10000000
6: ehrenfest:	Test script returned non-zero exit code: 1
6:  deleting file 'autotest.tag'
6:  TODO.
6: 
6: ==============================================================================
6: TEST SUMMARY
6: ------------------------------------------------------------------------------
6: Match:
6:     None
6: 
6: Not run:
6:     ehrenfest
6: ------------------------------------------------------------------------------
6: Status: FAIL
  6/406 Test   #6: api_ehrenfest ....................................................***Failed    0.04 sec
ehrenfest:	Test script returned non-zero exit code: 1
 deleting file 'autotest.tag'
 TODO.

==============================================================================
TEST SUMMARY
------------------------------------------------------------------------------
Match:
    None

Not run:
    ehrenfest
------------------------------------------------------------------------------
Status: FAIL

test 7
        Start   7: api_ehrenfest_ext_ions

7: Test command: /home/users/ntu/c230179/Desktop/dftbplus-25.1/test/app/dftb+/bin/autotest2 "-r" "/home/users/ntu/c230179/Desktop/dftbplus-25.1/test/src/dftbp/api/mm/testcases" "-w" "/home/users/ntu/c230179/Desktop/dftb_builds/dftb_gcc_Release/test/src/dftbp/api/mm/testcases" "-d" "/home/users/ntu/c230179/Desktop/dftbplus-25.1/test/app/dftb+/bin/tagdiff" "-P" "env OMP_NUM_THREADS=1" "-s" "P,R,C,S" "ehrenfest_ext_ions"
7: Environment variables: 
7:  DFTBPLUS_PARAM_DIR=/home/users/ntu/c230179/Desktop/dftbplus-25.1/external
7: Test timeout computed to be: 10000000
7: ehrenfest_ext_ions:	Test script returned non-zero exit code: 1
7:  deleting file 'autotest.tag'
7:  TODO.
7: 
7: ==============================================================================
7: TEST SUMMARY
7: ------------------------------------------------------------------------------
7: Match:
7:     None
7: 
7: Not run:
7:     ehrenfest_ext_ions
7: ------------------------------------------------------------------------------
7: Status: FAIL
  7/406 Test   #7: api_ehrenfest_ext_ions ...........................................***Failed    0.04 sec
ehrenfest_ext_ions:	Test script returned non-zero exit code: 1
 deleting file 'autotest.tag'
 TODO.

==============================================================================
TEST SUMMARY
------------------------------------------------------------------------------
Match:
    None

Not run:
    ehrenfest_ext_ions
------------------------------------------------------------------------------
Status: FAIL

test 8
        Start   8: api_fileinit

8: Test command: /home/users/ntu/c230179/Desktop/dftbplus-25.1/test/app/dftb+/bin/autotest2 "-r" "/home/users/ntu/c230179/Desktop/dftbplus-25.1/test/src/dftbp/api/mm/testcases" "-w" "/home/users/ntu/c230179/Desktop/dftb_builds/dftb_gcc_Release/test/src/dftbp/api/mm/testcases" "-d" "/home/users/ntu/c230179/Desktop/dftbplus-25.1/test/app/dftb+/bin/tagdiff" "-P" "env OMP_NUM_THREADS=1" "-s" "P,R,C,S" "fileinit"
8: Environment variables: 
8:  DFTBPLUS_PARAM_DIR=/home/users/ntu/c230179/Desktop/dftbplus-25.1/external
8: Test timeout computed to be: 10000000
8: fileinit:	Test script returned non-zero exit code: 1
8:  deleting file 'autotest.tag'
8:  TODO.
8: 
8: ==============================================================================
8: TEST SUMMARY
8: ------------------------------------------------------------------------------
8: Match:
8:     None
8: 
8: Not run:
8:     fileinit
8: ------------------------------------------------------------------------------
8: Status: FAIL
  8/406 Test   #8: api_fileinit .....................................................***Failed    0.04 sec
fileinit:	Test script returned non-zero exit code: 1
 deleting file 'autotest.tag'
 TODO.

==============================================================================
TEST SUMMARY
------------------------------------------------------------------------------
Match:
    None

Not run:
    fileinit
------------------------------------------------------------------------------
Status: FAIL

test 9
        Start   9: api_fileinitc

9: Test command: /home/users/ntu/c230179/Desktop/dftbplus-25.1/test/app/dftb+/bin/autotest2 "-r" "/home/users/ntu/c230179/Desktop/dftbplus-25.1/test/src/dftbp/api/mm/testcases" "-w" "/home/users/ntu/c230179/Desktop/dftb_builds/dftb_gcc_Release/test/src/dftbp/api/mm/testcases" "-d" "/home/users/ntu/c230179/Desktop/dftbplus-25.1/test/app/dftb+/bin/tagdiff" "-P" "env OMP_NUM_THREADS=1" "-s" "P,R,C,S" "fileinitc"
9: Environment variables: 
9:  DFTBPLUS_PARAM_DIR=/home/users/ntu/c230179/Desktop/dftbplus-25.1/external
9: Test timeout computed to be: 10000000
9: fileinitc:	Test script returned non-zero exit code: 1
9:  deleting file 'autotest.tag'
9:  TODO.
9: 
9: ==============================================================================
9: TEST SUMMARY
9: ------------------------------------------------------------------------------
9: Match:
9:     None
9: 
9: Not run:
9:     fileinitc
9: ------------------------------------------------------------------------------
9: Status: FAIL
  9/406 Test   #9: api_fileinitc ....................................................***Failed    0.05 sec
fileinitc:	Test script returned non-zero exit code: 1
 deleting file 'autotest.tag'
 TODO.

==============================================================================
TEST SUMMARY
------------------------------------------------------------------------------
Match:
    None

Not run:
    fileinitc
------------------------------------------------------------------------------
Status: FAIL

test 10
        Start  10: api_qdepextpot

10: Test command: /home/users/ntu/c230179/Desktop/dftbplus-25.1/test/app/dftb+/bin/autotest2 "-r" "/home/users/ntu/c230179/Desktop/dftbplus-25.1/test/src/dftbp/api/mm/testcases" "-w" "/home/users/ntu/c230179/Desktop/dftb_builds/dftb_gcc_Release/test/src/dftbp/api/mm/testcases" "-d" "/home/users/ntu/c230179/Desktop/dftbplus-25.1/test/app/dftb+/bin/tagdiff" "-P" "env OMP_NUM_THREADS=1" "-s" "P,R,C,S" "qdepextpot"
10: Environment variables: 
10:  DFTBPLUS_PARAM_DIR=/home/users/ntu/c230179/Desktop/dftbplus-25.1/external
10: Test timeout computed to be: 10000000
10: cp: cannot stat 'qdepextpot/H-H.skf': No such file or directory
10: cp: cannot stat 'qdepextpot/H-O.skf': No such file or directory
10: cp: cannot stat 'qdepextpot/O-H.skf': No such file or directory
10: cp: cannot stat 'qdepextpot/O-O.skf': No such file or directory
10: qdepextpot:	Test script returned non-zero exit code: 1
10:  deleting file 'autotest.tag'
10:  TODO.
10: 
10: ==============================================================================
10: TEST SUMMARY
10: ------------------------------------------------------------------------------
10: Match:
10:     None
10: 
10: Not run:
10:     qdepextpot
10: ------------------------------------------------------------------------------
10: Status: FAIL
 10/406 Test  #10: api_qdepextpot ...................................................***Failed    0.05 sec
cp: cannot stat 'qdepextpot/H-H.skf': No such file or directory
cp: cannot stat 'qdepextpot/H-O.skf': No such file or directory
cp: cannot stat 'qdepextpot/O-H.skf': No such file or directory
cp: cannot stat 'qdepextpot/O-O.skf': No such file or directory
qdepextpot:	Test script returned non-zero exit code: 1
 deleting file 'autotest.tag'
 TODO.

==============================================================================
TEST SUMMARY
------------------------------------------------------------------------------
Match:
    None

Not run:
    qdepextpot
------------------------------------------------------------------------------
Status: FAIL

test 11
        Start  11: api_qdepextpotc

11: Test command: /home/users/ntu/c230179/Desktop/dftbplus-25.1/test/app/dftb+/bin/autotest2 "-r" "/home/users/ntu/c230179/Desktop/dftbplus-25.1/test/src/dftbp/api/mm/testcases" "-w" "/home/users/ntu/c230179/Desktop/dftb_builds/dftb_gcc_Release/test/src/dftbp/api/mm/testcases" "-d" "/home/users/ntu/c230179/Desktop/dftbplus-25.1/test/app/dftb+/bin/tagdiff" "-P" "env OMP_NUM_THREADS=1" "-s" "P,R,C,S" "qdepextpotc"
11: Environment variables: 
11:  DFTBPLUS_PARAM_DIR=/home/users/ntu/c230179/Desktop/dftbplus-25.1/external
11: Test timeout computed to be: 10000000
11: cp: cannot stat 'qdepextpotc/H-H.skf': No such file or directory
11: cp: cannot stat 'qdepextpotc/H-O.skf': No such file or directory
11: cp: cannot stat 'qdepextpotc/O-H.skf': No such file or directory
11: cp: cannot stat 'qdepextpotc/O-O.skf': No such file or directory
11: qdepextpotc:	Test script returned non-zero exit code: 1
11:  deleting file 'autotest.tag'
11:  TODO.
11: 
11: ==============================================================================
11: TEST SUMMARY
11: ------------------------------------------------------------------------------
11: Match:
11:     None
11: 
11: Not run:
11:     qdepextpotc
11: ------------------------------------------------------------------------------
11: Status: FAIL
 11/406 Test  #11: api_qdepextpotc ..................................................***Failed    0.06 sec
cp: cannot stat 'qdepextpotc/H-H.skf': No such file or directory
cp: cannot stat 'qdepextpotc/H-O.skf': No such file or directory
cp: cannot stat 'qdepextpotc/O-H.skf': No such file or directory
cp: cannot stat 'qdepextpotc/O-O.skf': No such file or directory
qdepextpotc:	Test script returned non-zero exit code: 1
 deleting file 'autotest.tag'
 TODO.

==============================================================================
TEST SUMMARY
------------------------------------------------------------------------------
Match:
    None

Not run:
    qdepextpotc
------------------------------------------------------------------------------
Status: FAIL

test 12
        Start  12: api_resetspecies_NaCl

12: Test command: /home/users/ntu/c230179/Desktop/dftbplus-25.1/test/app/dftb+/bin/autotest2 "-r" "/home/users/ntu/c230179/Desktop/dftbplus-25.1/test/src/dftbp/api/mm/testcases" "-w" "/home/users/ntu/c230179/Desktop/dftb_builds/dftb_gcc_Release/test/src/dftbp/api/mm/testcases" "-d" "/home/users/ntu/c230179/Desktop/dftbplus-25.1/test/app/dftb+/bin/tagdiff" "-P" "env OMP_NUM_THREADS=1" "-s" "P,R,C,S" "resetspecies_NaCl"
12: Environment variables: 
12:  DFTBPLUS_PARAM_DIR=/home/users/ntu/c230179/Desktop/dftbplus-25.1/external
12: Test timeout computed to be: 10000000
12: cp: cannot stat 'resetspecies_NaCl/Cl-Cl.skf': No such file or directory
12: cp: cannot stat 'resetspecies_NaCl/Cl-Na.skf': No such file or directory
12: cp: cannot stat 'resetspecies_NaCl/Na-Cl.skf': No such file or directory
12: cp: cannot stat 'resetspecies_NaCl/Na-Na.skf': No such file or directory
12: resetspecies_NaCl:	Test script returned non-zero exit code: 1
12:  deleting file 'autotest.tag'
12:  TODO.
12: 
12: ==============================================================================
12: TEST SUMMARY
12: ------------------------------------------------------------------------------
12: Match:
12:     None
12: 
12: Not run:
12:     resetspecies_NaCl
12: ------------------------------------------------------------------------------
12: Status: FAIL
 12/406 Test  #12: api_resetspecies_NaCl ............................................***Failed    0.05 sec
cp: cannot stat 'resetspecies_NaCl/Cl-Cl.skf': No such file or directory
cp: cannot stat 'resetspecies_NaCl/Cl-Na.skf': No such file or directory
cp: cannot stat 'resetspecies_NaCl/Na-Cl.skf': No such file or directory
cp: cannot stat 'resetspecies_NaCl/Na-Na.skf': No such file or directory
resetspecies_NaCl:	Test script returned non-zero exit code: 1
 deleting file 'autotest.tag'
 TODO.

==============================================================================
TEST SUMMARY
------------------------------------------------------------------------------
Match:
    None

Not run:
    resetspecies_NaCl
------------------------------------------------------------------------------
Status: FAIL

test 13
        Start  13: api_resetspecies_C2H6

13: Test command: /home/users/ntu/c230179/Desktop/dftbplus-25.1/test/app/dftb+/bin/autotest2 "-r" "/home/users/ntu/c230179/Desktop/dftbplus-25.1/test/src/dftbp/api/mm/testcases" "-w" "/home/users/ntu/c230179/Desktop/dftb_builds/dftb_gcc_Release/test/src/dftbp/api/mm/testcases" "-d" "/home/users/ntu/c230179/Desktop/dftbplus-25.1/test/app/dftb+/bin/tagdiff" "-P" "env OMP_NUM_THREADS=1" "-s" "P,R,C,S" "resetspecies_C2H6"
13: Environment variables: 
13:  DFTBPLUS_PARAM_DIR=/home/users/ntu/c230179/Desktop/dftbplus-25.1/external
13: Test timeout computed to be: 10000000
13: cp: cannot stat 'resetspecies_C2H6/C-C.skf': No such file or directory
13: cp: cannot stat 'resetspecies_C2H6/C-H.skf': No such file or directory
13: cp: cannot stat 'resetspecies_C2H6/H-C.skf': No such file or directory
13: cp: cannot stat 'resetspecies_C2H6/H-H.skf': No such file or directory
13: resetspecies_C2H6:	Test script returned non-zero exit code: 1
13:  deleting file 'autotest.tag'
13:  TODO.
13: 
13: ==============================================================================
13: TEST SUMMARY
13: ------------------------------------------------------------------------------
13: Match:
13:     None
13: 
13: Not run:
13:     resetspecies_C2H6
13: ------------------------------------------------------------------------------
13: Status: FAIL
 13/406 Test  #13: api_resetspecies_C2H6 ............................................***Failed    0.05 sec
cp: cannot stat 'resetspecies_C2H6/C-C.skf': No such file or directory
cp: cannot stat 'resetspecies_C2H6/C-H.skf': No such file or directory
cp: cannot stat 'resetspecies_C2H6/H-C.skf': No such file or directory
cp: cannot stat 'resetspecies_C2H6/H-H.skf': No such file or directory
resetspecies_C2H6:	Test script returned non-zero exit code: 1
 deleting file 'autotest.tag'
 TODO.

==============================================================================
TEST SUMMARY
------------------------------------------------------------------------------
Match:
    None

Not run:
    resetspecies_C2H6
------------------------------------------------------------------------------
Status: FAIL

test 14
        Start  14: api_treeinit

14: Test command: /home/users/ntu/c230179/Desktop/dftbplus-25.1/test/app/dftb+/bin/autotest2 "-r" "/home/users/ntu/c230179/Desktop/dftbplus-25.1/test/src/dftbp/api/mm/testcases" "-w" "/home/users/ntu/c230179/Desktop/dftb_builds/dftb_gcc_Release/test/src/dftbp/api/mm/testcases" "-d" "/home/users/ntu/c230179/Desktop/dftbplus-25.1/test/app/dftb+/bin/tagdiff" "-P" "env OMP_NUM_THREADS=1" "-s" "P,R,C,S" "treeinit"
14: Environment variables: 
14:  DFTBPLUS_PARAM_DIR=/home/users/ntu/c230179/Desktop/dftbplus-25.1/external
14: Test timeout computed to be: 10000000
14: cp: cannot stat 'treeinit/Si-Si.skf': No such file or directory
14: treeinit:	Test script returned non-zero exit code: 1
14:  deleting file 'autotest.tag'
14:  TODO.
14: 
14: ==============================================================================
14: TEST SUMMARY
14: ------------------------------------------------------------------------------
14: Match:
14:     None
14: 
14: Not run:
14:     treeinit
14: ------------------------------------------------------------------------------
14: Status: FAIL
 14/406 Test  #14: api_treeinit .....................................................***Failed    0.04 sec
cp: cannot stat 'treeinit/Si-Si.skf': No such file or directory
treeinit:	Test script returned non-zero exit code: 1
 deleting file 'autotest.tag'
 TODO.

==============================================================================
TEST SUMMARY
------------------------------------------------------------------------------
Match:
    None

Not run:
    treeinit
------------------------------------------------------------------------------
Status: FAIL

test 15
        Start  15: api_expdmhs-si2

15: Test command: /home/users/ntu/c230179/Desktop/dftbplus-25.1/test/app/dftb+/bin/autotest2 "-r" "/home/users/ntu/c230179/Desktop/dftbplus-25.1/test/src/dftbp/api/mm/testcases" "-w" "/home/users/ntu/c230179/Desktop/dftb_builds/dftb_gcc_Release/test/src/dftbp/api/mm/testcases" "-d" "/home/users/ntu/c230179/Desktop/dftbplus-25.1/test/app/dftb+/bin/tagdiff" "-P" "env OMP_NUM_THREADS=1" "-s" "P,R,C,S" "expdmhs-si2"
15: Environment variables: 
15:  DFTBPLUS_PARAM_DIR=/home/users/ntu/c230179/Desktop/dftbplus-25.1/external
15: Test timeout computed to be: 10000000
15: cp: cannot stat 'expdmhs-si2/Si-Si.skf': No such file or directory
15: expdmhs-si2:	Test script returned non-zero exit code: 1
15:  deleting file 'autotest.tag'
15:  TODO.
15: 
15: ==============================================================================
15: TEST SUMMARY
15: ------------------------------------------------------------------------------
15: Match:
15:     None
15: 
15: Not run:
15:     expdmhs-si2
15: ------------------------------------------------------------------------------
15: Status: FAIL
 15/406 Test  #15: api_expdmhs-si2 ..................................................***Failed    0.05 sec
cp: cannot stat 'expdmhs-si2/Si-Si.skf': No such file or directory
expdmhs-si2:	Test script returned non-zero exit code: 1
 deleting file 'autotest.tag'
 TODO.

==============================================================================
TEST SUMMARY
------------------------------------------------------------------------------
Match:
    None

Not run:
    expdmhs-si2
------------------------------------------------------------------------------
Status: FAIL

test 16
        Start  16: api_imp_ham

16: Test command: /home/users/ntu/c230179/Desktop/dftbplus-25.1/test/app/dftb+/bin/autotest2 "-r" "/home/users/ntu/c230179/Desktop/dftbplus-25.1/test/src/dftbp/api/mm/testcases" "-w" "/home/users/ntu/c230179/Desktop/dftb_builds/dftb_gcc_Release/test/src/dftbp/api/mm/testcases" "-d" "/home/users/ntu/c230179/Desktop/dftbplus-25.1/test/app/dftb+/bin/tagdiff" "-P" "env OMP_NUM_THREADS=1" "-s" "P,R,C,S" "imp_ham"
16: Environment variables: 
16:  DFTBPLUS_PARAM_DIR=/home/users/ntu/c230179/Desktop/dftbplus-25.1/external
16: Test timeout computed to be: 10000000
16: cp: cannot stat 'imp_ham/H-H.skf': No such file or directory
16: cp: cannot stat 'imp_ham/H-O.skf': No such file or directory
16: cp: cannot stat 'imp_ham/O-H.skf': No such file or directory
16: cp: cannot stat 'imp_ham/O-O.skf': No such file or directory
16: imp_ham:	Test script returned non-zero exit code: 1
16:  deleting file 'autotest.tag'
16:  TODO.
16: 
16: ==============================================================================
16: TEST SUMMARY
16: ------------------------------------------------------------------------------
16: Match:
16:     None
16: 
16: Not run:
16:     imp_ham
16: ------------------------------------------------------------------------------
16: Status: FAIL
 16/406 Test  #16: api_imp_ham ......................................................***Failed    0.05 sec
cp: cannot stat 'imp_ham/H-H.skf': No such file or directory
cp: cannot stat 'imp_ham/H-O.skf': No such file or directory
cp: cannot stat 'imp_ham/O-H.skf': No such file or directory
cp: cannot stat 'imp_ham/O-O.skf': No such file or directory
imp_ham:	Test script returned non-zero exit code: 1
 deleting file 'autotest.tag'
 TODO.

==============================================================================
TEST SUMMARY
------------------------------------------------------------------------------
Match:
    None

Not run:
    imp_ham
------------------------------------------------------------------------------
Status: FAIL

test 17
        Start  17: api_neighbour_list

17: Test command: /home/users/ntu/c230179/Desktop/dftbplus-25.1/test/app/dftb+/bin/autotest2 "-r" "/home/users/ntu/c230179/Desktop/dftbplus-25.1/test/src/dftbp/api/mm/testcases" "-w" "/home/users/ntu/c230179/Desktop/dftb_builds/dftb_gcc_Release/test/src/dftbp/api/mm/testcases" "-d" "/home/users/ntu/c230179/Desktop/dftbplus-25.1/test/app/dftb+/bin/tagdiff" "-P" "env OMP_NUM_THREADS=1" "-s" "P,R,C,S" "neighbour_list"
17: Environment variables: 
17:  DFTBPLUS_PARAM_DIR=/home/users/ntu/c230179/Desktop/dftbplus-25.1/external
17: Test timeout computed to be: 10000000
17: cp: cannot stat 'neighbour_list/Si-Si.skf': No such file or directory
17: neighbour_list:	Test script returned non-zero exit code: 1
17:  deleting file 'autotest.tag'
17:  TODO.
17: 
17: ==============================================================================
17: TEST SUMMARY
17: ------------------------------------------------------------------------------
17: Match:
17:     None
17: 
17: Not run:
17:     neighbour_list
17: ------------------------------------------------------------------------------
17: Status: FAIL
 17/406 Test  #17: api_neighbour_list ...............................................***Failed    0.05 sec
cp: cannot stat 'neighbour_list/Si-Si.skf': No such file or directory
neighbour_list:	Test script returned non-zero exit code: 1
 deleting file 'autotest.tag'
 TODO.

==============================================================================
TEST SUMMARY
------------------------------------------------------------------------------
Match:
    None

Not run:
    neighbour_list
------------------------------------------------------------------------------
Status: FAIL

test 18
        Start  18: api_neighbour_list_c

18: Test command: /home/users/ntu/c230179/Desktop/dftbplus-25.1/test/app/dftb+/bin/autotest2 "-r" "/home/users/ntu/c230179/Desktop/dftbplus-25.1/test/src/dftbp/api/mm/testcases" "-w" "/home/users/ntu/c230179/Desktop/dftb_builds/dftb_gcc_Release/test/src/dftbp/api/mm/testcases" "-d" "/home/users/ntu/c230179/Desktop/dftbplus-25.1/test/app/dftb+/bin/tagdiff" "-P" "env OMP_NUM_THREADS=1" "-s" "P,R,C,S" "neighbour_list_c"
18: Environment variables: 
18:  DFTBPLUS_PARAM_DIR=/home/users/ntu/c230179/Desktop/dftbplus-25.1/external
18: Test timeout computed to be: 10000000
18: cp: cannot stat 'neighbour_list_c/Si-Si.skf': No such file or directory
18: neighbour_list_c:	Test script returned non-zero exit code: 1
18:  deleting file 'autotest.tag'
18:  TODO.
18: 
18: ==============================================================================
18: TEST SUMMARY
18: ------------------------------------------------------------------------------
18: Match:
18:     None
18: 
18: Not run:
18:     neighbour_list_c
18: ------------------------------------------------------------------------------
18: Status: FAIL
 18/406 Test  #18: api_neighbour_list_c .............................................***Failed    0.04 sec
cp: cannot stat 'neighbour_list_c/Si-Si.skf': No such file or directory
neighbour_list_c:	Test script returned non-zero exit code: 1
 deleting file 'autotest.tag'
 TODO.

==============================================================================
TEST SUMMARY
------------------------------------------------------------------------------
Match:
    None

Not run:
    neighbour_list_c
------------------------------------------------------------------------------
Status: FAIL

test 19
        Start  19: api_intcharges

19: Test command: /home/users/ntu/c230179/Desktop/dftbplus-25.1/test/app/dftb+/bin/autotest2 "-r" "/home/users/ntu/c230179/Desktop/dftbplus-25.1/test/src/dftbp/api/mm/testcases" "-w" "/home/users/ntu/c230179/Desktop/dftb_builds/dftb_gcc_Release/test/src/dftbp/api/mm/testcases" "-d" "/home/users/ntu/c230179/Desktop/dftbplus-25.1/test/app/dftb+/bin/tagdiff" "-P" "env OMP_NUM_THREADS=1" "-s" "P,R,C,S" "intcharges"
19: Environment variables: 
19:  DFTBPLUS_PARAM_DIR=/home/users/ntu/c230179/Desktop/dftbplus-25.1/external
19: Test timeout computed to be: 10000000
19: cp: cannot stat 'intcharges/H-H.skf': No such file or directory
19: cp: cannot stat 'intcharges/H-O.skf': No such file or directory
19: cp: cannot stat 'intcharges/O-H.skf': No such file or directory
19: cp: cannot stat 'intcharges/O-O.skf': No such file or directory
19: intcharges:	Test script returned non-zero exit code: 1
19:  deleting file 'autotest.tag'
19:  TODO.
19: 
19: ==============================================================================
19: TEST SUMMARY
19: ------------------------------------------------------------------------------
19: Match:
19:     None
19: 
19: Not run:
19:     intcharges
19: ------------------------------------------------------------------------------
19: Status: FAIL
 19/406 Test  #19: api_intcharges ...................................................***Failed    0.05 sec
cp: cannot stat 'intcharges/H-H.skf': No such file or directory
cp: cannot stat 'intcharges/H-O.skf': No such file or directory
cp: cannot stat 'intcharges/O-H.skf': No such file or directory
cp: cannot stat 'intcharges/O-O.skf': No such file or directory
intcharges:	Test script returned non-zero exit code: 1
 deleting file 'autotest.tag'
 TODO.

==============================================================================
TEST SUMMARY
------------------------------------------------------------------------------
Match:
    None

Not run:
    intcharges
------------------------------------------------------------------------------
Status: FAIL

test 20
        Start  20: app/dftb+/extpot/CH4_gross

20: Test command: /home/users/ntu/c230179/Desktop/dftbplus-25.1/test/app/dftb+/bin/autotest2 "-r" "/home/users/ntu/c230179/Desktop/dftbplus-25.1/test/app/dftb+" "-w" "/home/users/ntu/c230179/Desktop/dftb_builds/dftb_gcc_Release/test/app/dftb+" "-d" "/home/users/ntu/c230179/Desktop/dftbplus-25.1/test/app/dftb+/bin/tagdiff" "-P" "env OMP_NUM_THREADS=1" "-p" "/home/users/ntu/c230179/Desktop/dftb_builds/dftb_gcc_Release/app/dftb+/dftb+" "-G" "/home/users/ntu/c230179/Desktop/dftbplus-25.1/test/app/dftb+/bin/globalpostrun.sh" "-s" "P,R,C,S" "extpot/CH4_gross"
20: Environment variables: 
20:  DFTBPLUS_PARAM_DIR=/home/users/ntu/c230179/Desktop/dftbplus-25.1/external
20: Test timeout computed to be: 10000000
20: extpot/CH4_gross:	Test script returned non-zero exit code: 1
20:  deleting file 'autotest.tag'
20:  TODO.
20: 
20: ==============================================================================
20: TEST SUMMARY
20: ------------------------------------------------------------------------------
20: Match:
20:     None
20: 
20: Not run:
20:     extpot/CH4_gross
20: ------------------------------------------------------------------------------
20: Status: FAIL
 20/406 Test  #20: app/dftb+/extpot/CH4_gross .......................................***Failed    0.05 sec
extpot/CH4_gross:	Test script returned non-zero exit code: 1
 deleting file 'autotest.tag'
 TODO.

==============================================================================
TEST SUMMARY
------------------------------------------------------------------------------
Match:
    None

Not run:
    extpot/CH4_gross
------------------------------------------------------------------------------
Status: FAIL

test 21
        Start  21: app/dftb+/extpot/CH4_net

21: Test command: /home/users/ntu/c230179/Desktop/dftbplus-25.1/test/app/dftb+/bin/autotest2 "-r" "/home/users/ntu/c230179/Desktop/dftbplus-25.1/test/app/dftb+" "-w" "/home/users/ntu/c230179/Desktop/dftb_builds/dftb_gcc_Release/test/app/dftb+" "-d" "/home/users/ntu/c230179/Desktop/dftbplus-25.1/test/app/dftb+/bin/tagdiff" "-P" "env OMP_NUM_THREADS=1" "-p" "/home/users/ntu/c230179/Desktop/dftb_builds/dftb_gcc_Release/app/dftb+/dftb+" "-G" "/home/users/ntu/c230179/Desktop/dftbplus-25.1/test/app/dftb+/bin/globalpostrun.sh" "-s" "P,R,C,S" "extpot/CH4_net"
21: Environment variables: 
21:  DFTBPLUS_PARAM_DIR=/home/users/ntu/c230179/Desktop/dftbplus-25.1/external
21: Test timeout computed to be: 10000000
21: extpot/CH4_net:	Test script returned non-zero exit code: 1
21:  deleting file 'autotest.tag'
21:  TODO.
21: 
21: ==============================================================================
21: TEST SUMMARY
21: ------------------------------------------------------------------------------
21: Match:
21:     None
21: 
21: Not run:
21:     extpot/CH4_net
21: ------------------------------------------------------------------------------
21: Status: FAIL
 21/406 Test  #21: app/dftb+/extpot/CH4_net .........................................***Failed    0.05 sec
extpot/CH4_net:	Test script returned non-zero exit code: 1
 deleting file 'autotest.tag'
 TODO.

==============================================================================
TEST SUMMARY
------------------------------------------------------------------------------
Match:
    None

Not run:
    extpot/CH4_net
------------------------------------------------------------------------------
Status: FAIL

test 22
        Start  22: app/dftb+/extpot/CH4_gross2

22: Test command: /home/users/ntu/c230179/Desktop/dftbplus-25.1/test/app/dftb+/bin/autotest2 "-r" "/home/users/ntu/c230179/Desktop/dftbplus-25.1/test/app/dftb+" "-w" "/home/users/ntu/c230179/Desktop/dftb_builds/dftb_gcc_Release/test/app/dftb+" "-d" "/home/users/ntu/c230179/Desktop/dftbplus-25.1/test/app/dftb+/bin/tagdiff" "-P" "env OMP_NUM_THREADS=1" "-p" "/home/users/ntu/c230179/Desktop/dftb_builds/dftb_gcc_Release/app/dftb+/dftb+" "-G" "/home/users/ntu/c230179/Desktop/dftbplus-25.1/test/app/dftb+/bin/globalpostrun.sh" "-s" "P,R,C,S" "extpot/CH4_gross2"
22: Environment variables: 
22:  DFTBPLUS_PARAM_DIR=/home/users/ntu/c230179/Desktop/dftbplus-25.1/external
22: Test timeout computed to be: 10000000
22: extpot/CH4_gross2:	Test script returned non-zero exit code: 1
22:  deleting file 'autotest.tag'
22:  TODO.
22: 
22: ==============================================================================
22: TEST SUMMARY
22: ------------------------------------------------------------------------------
22: Match:
22:     None
22: 
22: Not run:
22:     extpot/CH4_gross2
22: ------------------------------------------------------------------------------
22: Status: FAIL
 22/406 Test  #22: app/dftb+/extpot/CH4_gross2 ......................................***Failed    0.05 sec
extpot/CH4_gross2:	Test script returned non-zero exit code: 1
 deleting file 'autotest.tag'
 TODO.

==============================================================================
TEST SUMMARY
------------------------------------------------------------------------------
Match:
    None

Not run:
    extpot/CH4_gross2
------------------------------------------------------------------------------
Status: FAIL

test 23
        Start  23: app/dftb+/extpot/CH4_net2

23: Test command: /home/users/ntu/c230179/Desktop/dftbplus-25.1/test/app/dftb+/bin/autotest2 "-r" "/home/users/ntu/c230179/Desktop/dftbplus-25.1/test/app/dftb+" "-w" "/home/users/ntu/c230179/Desktop/dftb_builds/dftb_gcc_Release/test/app/dftb+" "-d" "/home/users/ntu/c230179/Desktop/dftbplus-25.1/test/app/dftb+/bin/tagdiff" "-P" "env OMP_NUM_THREADS=1" "-p" "/home/users/ntu/c230179/Desktop/dftb_builds/dftb_gcc_Release/app/dftb+/dftb+" "-G" "/home/users/ntu/c230179/Desktop/dftbplus-25.1/test/app/dftb+/bin/globalpostrun.sh" "-s" "P,R,C,S" "extpot/CH4_net2"
23: Environment variables: 
23:  DFTBPLUS_PARAM_DIR=/home/users/ntu/c230179/Desktop/dftbplus-25.1/external
23: Test timeout computed to be: 10000000
23: extpot/CH4_net2:	Test script returned non-zero exit code: 1
23:  deleting file 'autotest.tag'
23:  TODO.
23: 
23: ==============================================================================
23: TEST SUMMARY
23: ------------------------------------------------------------------------------
23: Match:
23:     None
23: 
23: Not run:
23:     extpot/CH4_net2
23: ------------------------------------------------------------------------------
23: Status: FAIL
 23/406 Test  #23: app/dftb+/extpot/CH4_net2 ........................................***Failed    0.05 sec
extpot/CH4_net2:	Test script returned non-zero exit code: 1
 deleting file 'autotest.tag'
 TODO.

==============================================================================
TEST SUMMARY
------------------------------------------------------------------------------
Match:
    None

Not run:
    extpot/CH4_net2
------------------------------------------------------------------------------
Status: FAIL

test 24
        Start  24: app/dftb+/extpot/CH4_scc_gross

24: Test command: /home/users/ntu/c230179/Desktop/dftbplus-25.1/test/app/dftb+/bin/autotest2 "-r" "/home/users/ntu/c230179/Desktop/dftbplus-25.1/test/app/dftb+" "-w" "/home/users/ntu/c230179/Desktop/dftb_builds/dftb_gcc_Release/test/app/dftb+" "-d" "/home/users/ntu/c230179/Desktop/dftbplus-25.1/test/app/dftb+/bin/tagdiff" "-P" "env OMP_NUM_THREADS=1" "-p" "/home/users/ntu/c230179/Desktop/dftb_builds/dftb_gcc_Release/app/dftb+/dftb+" "-G" "/home/users/ntu/c230179/Desktop/dftbplus-25.1/test/app/dftb+/bin/globalpostrun.sh" "-s" "P,R,C,S" "extpot/CH4_scc_gross"
24: Environment variables: 
24:  DFTBPLUS_PARAM_DIR=/home/users/ntu/c230179/Desktop/dftbplus-25.1/external
24: Test timeout computed to be: 10000000
24: extpot/CH4_scc_gross:	Test script returned non-zero exit code: 1
24:  deleting file 'autotest.tag'
24:  TODO.
24: 
24: ==============================================================================
24: TEST SUMMARY
24: ------------------------------------------------------------------------------
24: Match:
24:     None
24: 
24: Not run:
24:     extpot/CH4_scc_gross
24: ------------------------------------------------------------------------------
24: Status: FAIL
 24/406 Test  #24: app/dftb+/extpot/CH4_scc_gross ...................................***Failed    0.04 sec
extpot/CH4_scc_gross:	Test script returned non-zero exit code: 1
 deleting file 'autotest.tag'
 TODO.

==============================================================================
TEST SUMMARY
------------------------------------------------------------------------------
Match:
    None

Not run:
    extpot/CH4_scc_gross
------------------------------------------------------------------------------
Status: FAIL

test 25
        Start  25: app/dftb+/extpot/CH4_scc_net

25: Test command: /home/users/ntu/c230179/Desktop/dftbplus-25.1/test/app/dftb+/bin/autotest2 "-r" "/home/users/ntu/c230179/Desktop/dftbplus-25.1/test/app/dftb+" "-w" "/home/users/ntu/c230179/Desktop/dftb_builds/dftb_gcc_Release/test/app/dftb+" "-d" "/home/users/ntu/c230179/Desktop/dftbplus-25.1/test/app/dftb+/bin/tagdiff" "-P" "env OMP_NUM_THREADS=1" "-p" "/home/users/ntu/c230179/Desktop/dftb_builds/dftb_gcc_Release/app/dftb+/dftb+" "-G" "/home/users/ntu/c230179/Desktop/dftbplus-25.1/test/app/dftb+/bin/globalpostrun.sh" "-s" "P,R,C,S" "extpot/CH4_scc_net"
25: Environment variables: 
25:  DFTBPLUS_PARAM_DIR=/home/users/ntu/c230179/Desktop/dftbplus-25.1/external
25: Test timeout computed to be: 10000000
25: extpot/CH4_scc_net:	Test script returned non-zero exit code: 1
25:  deleting file 'autotest.tag'
25:  TODO.
25: 
25: ==============================================================================
25: TEST SUMMARY
25: ------------------------------------------------------------------------------
25: Match:
25:     None
25: 
25: Not run:
25:     extpot/CH4_scc_net
25: ------------------------------------------------------------------------------
25: Status: FAIL
 25/406 Test  #25: app/dftb+/extpot/CH4_scc_net .....................................***Failed    0.04 sec
extpot/CH4_scc_net:	Test script returned non-zero exit code: 1
 deleting file 'autotest.tag'
 TODO.

==============================================================================
TEST SUMMARY
------------------------------------------------------------------------------
Match:
    None

Not run:
    extpot/CH4_scc_net
------------------------------------------------------------------------------
Status: FAIL

test 26
        Start  26: app/dftb+/deltadftb/C2H4

26: Test command: /home/users/ntu/c230179/Desktop/dftbplus-25.1/test/app/dftb+/bin/autotest2 "-r" "/home/users/ntu/c230179/Desktop/dftbplus-25.1/test/app/dftb+" "-w" "/home/users/ntu/c230179/Desktop/dftb_builds/dftb_gcc_Release/test/app/dftb+" "-d" "/home/users/ntu/c230179/Desktop/dftbplus-25.1/test/app/dftb+/bin/tagdiff" "-P" "env OMP_NUM_THREADS=1" "-p" "/home/users/ntu/c230179/Desktop/dftb_builds/dftb_gcc_Release/app/dftb+/dftb+" "-G" "/home/users/ntu/c230179/Desktop/dftbplus-25.1/test/app/dftb+/bin/globalpostrun.sh" "-s" "P,R,C,S" "deltadftb/C2H4"
26: Environment variables: 
26:  DFTBPLUS_PARAM_DIR=/home/users/ntu/c230179/Desktop/dftbplus-25.1/external
26: Test timeout computed to be: 10000000
26: cp: cannot stat 'deltadftb/C2H4/C-C.skf': No such file or directory
26: cp: cannot stat 'deltadftb/C2H4/C-H.skf': No such file or directory
26: cp: cannot stat 'deltadftb/C2H4/H-C.skf': No such file or directory
26: cp: cannot stat 'deltadftb/C2H4/H-H.skf': No such file or directory
26: deltadftb/C2H4:	Test script returned non-zero exit code: 1
26:  deleting file 'autotest.tag'
26:  TODO.
26: 
26: ==============================================================================
26: TEST SUMMARY
26: ------------------------------------------------------------------------------
26: Match:
26:     None
26: 
26: Not run:
26:     deltadftb/C2H4
26: ------------------------------------------------------------------------------
26: Status: FAIL
 26/406 Test  #26: app/dftb+/deltadftb/C2H4 .........................................***Failed    0.05 sec
cp: cannot stat 'deltadftb/C2H4/C-C.skf': No such file or directory
cp: cannot stat 'deltadftb/C2H4/C-H.skf': No such file or directory
cp: cannot stat 'deltadftb/C2H4/H-C.skf': No such file or directory
cp: cannot stat 'deltadftb/C2H4/H-H.skf': No such file or directory
deltadftb/C2H4:	Test script returned non-zero exit code: 1
 deleting file 'autotest.tag'
 TODO.

==============================================================================
TEST SUMMARY
------------------------------------------------------------------------------
Match:
    None

Not run:
    deltadftb/C2H4
------------------------------------------------------------------------------
Status: FAIL

test 27
        Start  27: app/dftb+/deltadftb/C2H4_noground

27: Test command: /home/users/ntu/c230179/Desktop/dftbplus-25.1/test/app/dftb+/bin/autotest2 "-r" "/home/users/ntu/c230179/Desktop/dftbplus-25.1/test/app/dftb+" "-w" "/home/users/ntu/c230179/Desktop/dftb_builds/dftb_gcc_Release/test/app/dftb+" "-d" "/home/users/ntu/c230179/Desktop/dftbplus-25.1/test/app/dftb+/bin/tagdiff" "-P" "env OMP_NUM_THREADS=1" "-p" "/home/users/ntu/c230179/Desktop/dftb_builds/dftb_gcc_Release/app/dftb+/dftb+" "-G" "/home/users/ntu/c230179/Desktop/dftbplus-25.1/test/app/dftb+/bin/globalpostrun.sh" "-s" "P,R,C,S" "deltadftb/C2H4_noground"
27: Environment variables: 
27:  DFTBPLUS_PARAM_DIR=/home/users/ntu/c230179/Desktop/dftbplus-25.1/external
27: Test timeout computed to be: 10000000
27: cp: cannot stat 'deltadftb/C2H4_noground/C-C.skf': No such file or directory
27: cp: cannot stat 'deltadftb/C2H4_noground/C-H.skf': No such file or directory
27: cp: cannot stat 'deltadftb/C2H4_noground/H-C.skf': No such file or directory
27: cp: cannot stat 'deltadftb/C2H4_noground/H-H.skf': No such file or directory
27: deltadftb/C2H4_noground:	Test script returned non-zero exit code: 1
27:  deleting file 'autotest.tag'
27:  TODO.
27: 
27: ==============================================================================
27: TEST SUMMARY
27: ------------------------------------------------------------------------------
27: Match:
27:     None
27: 
27: Not run:
27:     deltadftb/C2H4_noground
27: ------------------------------------------------------------------------------
27: Status: FAIL
 27/406 Test  #27: app/dftb+/deltadftb/C2H4_noground ................................***Failed    0.05 sec
cp: cannot stat 'deltadftb/C2H4_noground/C-C.skf': No such file or directory
cp: cannot stat 'deltadftb/C2H4_noground/C-H.skf': No such file or directory
cp: cannot stat 'deltadftb/C2H4_noground/H-C.skf': No such file or directory
cp: cannot stat 'deltadftb/C2H4_noground/H-H.skf': No such file or directory
deltadftb/C2H4_noground:	Test script returned non-zero exit code: 1
 deleting file 'autotest.tag'
 TODO.

==============================================================================
TEST SUMMARY
------------------------------------------------------------------------------
Match:
    None

Not run:
    deltadftb/C2H4_noground
------------------------------------------------------------------------------
Status: FAIL

test 28
        Start  28: app/dftb+/deltadftb/C2H4_unpurified

28: Test command: /home/users/ntu/c230179/Desktop/dftbplus-25.1/test/app/dftb+/bin/autotest2 "-r" "/home/users/ntu/c230179/Desktop/dftbplus-25.1/test/app/dftb+" "-w" "/home/users/ntu/c230179/Desktop/dftb_builds/dftb_gcc_Release/test/app/dftb+" "-d" "/home/users/ntu/c230179/Desktop/dftbplus-25.1/test/app/dftb+/bin/tagdiff" "-P" "env OMP_NUM_THREADS=1" "-p" "/home/users/ntu/c230179/Desktop/dftb_builds/dftb_gcc_Release/app/dftb+/dftb+" "-G" "/home/users/ntu/c230179/Desktop/dftbplus-25.1/test/app/dftb+/bin/globalpostrun.sh" "-s" "P,R,C,S" "deltadftb/C2H4_unpurified"
28: Environment variables: 
28:  DFTBPLUS_PARAM_DIR=/home/users/ntu/c230179/Desktop/dftbplus-25.1/external
28: Test timeout computed to be: 10000000
28: cp: cannot stat 'deltadftb/C2H4_unpurified/C-C.skf': No such file or directory
28: cp: cannot stat 'deltadftb/C2H4_unpurified/C-H.skf': No such file or directory
28: cp: cannot stat 'deltadftb/C2H4_unpurified/H-C.skf': No such file or directory
28: cp: cannot stat 'deltadftb/C2H4_unpurified/H-H.skf': No such file or directory
28: deltadftb/C2H4_unpurified:	Test script returned non-zero exit code: 1
28:  deleting file 'autotest.tag'
28:  TODO.
28: 
28: ==============================================================================
28: TEST SUMMARY
28: ------------------------------------------------------------------------------
28: Match:
28:     None
28: 
28: Not run:
28:     deltadftb/C2H4_unpurified
28: ------------------------------------------------------------------------------
28: Status: FAIL
 28/406 Test  #28: app/dftb+/deltadftb/C2H4_unpurified ..............................***Failed    0.05 sec
cp: cannot stat 'deltadftb/C2H4_unpurified/C-C.skf': No such file or directory
cp: cannot stat 'deltadftb/C2H4_unpurified/C-H.skf': No such file or directory
cp: cannot stat 'deltadftb/C2H4_unpurified/H-C.skf': No such file or directory
cp: cannot stat 'deltadftb/C2H4_unpurified/H-H.skf': No such file or directory
deltadftb/C2H4_unpurified:	Test script returned non-zero exit code: 1
 deleting file 'autotest.tag'
 TODO.

==============================================================================
TEST SUMMARY
------------------------------------------------------------------------------
Match:
    None

Not run:
    deltadftb/C2H4_unpurified
------------------------------------------------------------------------------
Status: FAIL

test 29
        Start  29: app/dftb+/deltadftb/indigo

29: Test command: /home/users/ntu/c230179/Desktop/dftbplus-25.1/test/app/dftb+/bin/autotest2 "-r" "/home/users/ntu/c230179/Desktop/dftbplus-25.1/test/app/dftb+" "-w" "/home/users/ntu/c230179/Desktop/dftb_builds/dftb_gcc_Release/test/app/dftb+" "-d" "/home/users/ntu/c230179/Desktop/dftbplus-25.1/test/app/dftb+/bin/tagdiff" "-P" "env OMP_NUM_THREADS=1" "-p" "/home/users/ntu/c230179/Desktop/dftb_builds/dftb_gcc_Release/app/dftb+/dftb+" "-G" "/home/users/ntu/c230179/Desktop/dftbplus-25.1/test/app/dftb+/bin/globalpostrun.sh" "-s" "P,R,C,S" "deltadftb/indigo"
29: Environment variables: 
29:  DFTBPLUS_PARAM_DIR=/home/users/ntu/c230179/Desktop/dftbplus-25.1/external
29: Test timeout computed to be: 10000000
29: cp: cannot stat 'deltadftb/indigo/C-C.skf': No such file or directory
29: cp: cannot stat 'deltadftb/indigo/C-H.skf': No such file or directory
29: cp: cannot stat 'deltadftb/indigo/C-N.skf': No such file or directory
29: cp: cannot stat 'deltadftb/indigo/C-O.skf': No such file or directory
29: cp: cannot stat 'deltadftb/indigo/H-C.skf': No such file or directory
29: cp: cannot stat 'deltadftb/indigo/H-H.skf': No such file or directory
29: cp: cannot stat 'deltadftb/indigo/H-N.skf': No such file or directory
29: cp: cannot stat 'deltadftb/indigo/H-O.skf': No such file or directory
29: cp: cannot stat 'deltadftb/indigo/N-C.skf': No such file or directory
29: cp: cannot stat 'deltadftb/indigo/N-H.skf': No such file or directory
29: cp: cannot stat 'deltadftb/indigo/N-N.skf': No such file or directory
29: cp: cannot stat 'deltadftb/indigo/N-O.skf': No such file or directory
29: cp: cannot stat 'deltadftb/indigo/O-C.skf': No such file or directory
29: cp: cannot stat 'deltadftb/indigo/O-H.skf': No such file or directory
29: cp: cannot stat 'deltadftb/indigo/O-N.skf': No such file or directory
29: cp: cannot stat 'deltadftb/indigo/O-O.skf': No such file or directory
29: deltadftb/indigo:	Test script returned non-zero exit code: 1
29:  deleting file 'autotest.tag'
29:  TODO.
29: 
29: ==============================================================================
29: TEST SUMMARY
29: ------------------------------------------------------------------------------
29: Match:
29:     None
29: 
29: Not run:
29:     deltadftb/indigo
29: ------------------------------------------------------------------------------
29: Status: FAIL
 29/406 Test  #29: app/dftb+/deltadftb/indigo .......................................***Failed    0.07 sec
cp: cannot stat 'deltadftb/indigo/C-C.skf': No such file or directory
cp: cannot stat 'deltadftb/indigo/C-H.skf': No such file or directory
cp: cannot stat 'deltadftb/indigo/C-N.skf': No such file or directory
cp: cannot stat 'deltadftb/indigo/C-O.skf': No such file or directory
cp: cannot stat 'deltadftb/indigo/H-C.skf': No such file or directory
cp: cannot stat 'deltadftb/indigo/H-H.skf': No such file or directory
cp: cannot stat 'deltadftb/indigo/H-N.skf': No such file or directory
cp: cannot stat 'deltadftb/indigo/H-O.skf': No such file or directory
cp: cannot stat 'deltadftb/indigo/N-C.skf': No such file or directory
cp: cannot stat 'deltadftb/indigo/N-H.skf': No such file or directory
cp: cannot stat 'deltadftb/indigo/N-N.skf': No such file or directory
cp: cannot stat 'deltadftb/indigo/N-O.skf': No such file or directory
cp: cannot stat 'deltadftb/indigo/O-C.skf': No such file or directory
cp: cannot stat 'deltadftb/indigo/O-H.skf': No such file or directory
cp: cannot stat 'deltadftb/indigo/O-N.skf': No such file or directory
cp: cannot stat 'deltadftb/indigo/O-O.skf': No such file or directory
deltadftb/indigo:	Test script returned non-zero exit code: 1
 deleting file 'autotest.tag'
 TODO.

==============================================================================
TEST SUMMARY
------------------------------------------------------------------------------
Match:
    None

Not run:
    deltadftb/indigo
------------------------------------------------------------------------------
Status: FAIL

test 30
        Start  30: app/dftb+/deltadftb/H2O

30: Test command: /home/users/ntu/c230179/Desktop/dftbplus-25.1/test/app/dftb+/bin/autotest2 "-r" "/home/users/ntu/c230179/Desktop/dftbplus-25.1/test/app/dftb+" "-w" "/home/users/ntu/c230179/Desktop/dftb_builds/dftb_gcc_Release/test/app/dftb+" "-d" "/home/users/ntu/c230179/Desktop/dftbplus-25.1/test/app/dftb+/bin/tagdiff" "-P" "env OMP_NUM_THREADS=1" "-p" "/home/users/ntu/c230179/Desktop/dftb_builds/dftb_gcc_Release/app/dftb+/dftb+" "-G" "/home/users/ntu/c230179/Desktop/dftbplus-25.1/test/app/dftb+/bin/globalpostrun.sh" "-s" "P,R,C,S" "deltadftb/H2O"
30: Environment variables: 
30:  DFTBPLUS_PARAM_DIR=/home/users/ntu/c230179/Desktop/dftbplus-25.1/external
30: Test timeout computed to be: 10000000
30: deltadftb/H2O:	Test script returned non-zero exit code: 1
30:  deleting file 'autotest.tag'
30:  TODO.
30: 
30: ==============================================================================
30: TEST SUMMARY
30: ------------------------------------------------------------------------------
30: Match:
30:     None
30: 
30: Not run:
30:     deltadftb/H2O
30: ------------------------------------------------------------------------------
30: Status: FAIL
 30/406 Test  #30: app/dftb+/deltadftb/H2O ..........................................***Failed    0.05 sec
deltadftb/H2O:	Test script returned non-zero exit code: 1
 deleting file 'autotest.tag'
 TODO.

==============================================================================
TEST SUMMARY
------------------------------------------------------------------------------
Match:
    None

Not run:
    deltadftb/H2O
------------------------------------------------------------------------------
Status: FAIL

test 31
        Start  31: app/dftb+/timeprop/C4H6_rs

31: Test command: /home/users/ntu/c230179/Desktop/dftbplus-25.1/test/app/dftb+/bin/autotest2 "-r" "/home/users/ntu/c230179/Desktop/dftbplus-25.1/test/app/dftb+" "-w" "/home/users/ntu/c230179/Desktop/dftb_builds/dftb_gcc_Release/test/app/dftb+" "-d" "/home/users/ntu/c230179/Desktop/dftbplus-25.1/test/app/dftb+/bin/tagdiff" "-P" "env OMP_NUM_THREADS=1" "-p" "/home/users/ntu/c230179/Desktop/dftb_builds/dftb_gcc_Release/app/dftb+/dftb+" "-G" "/home/users/ntu/c230179/Desktop/dftbplus-25.1/test/app/dftb+/bin/globalpostrun.sh" "-s" "P,R,C,S" "timeprop/C4H6_rs"
31: Environment variables: 
31:  DFTBPLUS_PARAM_DIR=/home/users/ntu/c230179/Desktop/dftbplus-25.1/external
31: Test timeout computed to be: 10000000
31: timeprop/C4H6_rs:	Test script returned non-zero exit code: 1
31:  deleting file 'autotest.tag'
31:  TODO.
31: 
31: ==============================================================================
31: TEST SUMMARY
31: ------------------------------------------------------------------------------
31: Match:
31:     None
31: 
31: Not run:
31:     timeprop/C4H6_rs
31: ------------------------------------------------------------------------------
31: Status: FAIL
 31/406 Test  #31: app/dftb+/timeprop/C4H6_rs .......................................***Failed    0.04 sec
timeprop/C4H6_rs:	Test script returned non-zero exit code: 1
 deleting file 'autotest.tag'
 TODO.

==============================================================================
TEST SUMMARY
------------------------------------------------------------------------------
Match:
    None

Not run:
    timeprop/C4H6_rs
------------------------------------------------------------------------------
Status: FAIL

test 32
        Start  32: app/dftb+/timeprop/C4H6_rs_Singlet

32: Test command: /home/users/ntu/c230179/Desktop/dftbplus-25.1/test/app/dftb+/bin/autotest2 "-r" "/home/users/ntu/c230179/Desktop/dftbplus-25.1/test/app/dftb+" "-w" "/home/users/ntu/c230179/Desktop/dftb_builds/dftb_gcc_Release/test/app/dftb+" "-d" "/home/users/ntu/c230179/Desktop/dftbplus-25.1/test/app/dftb+/bin/tagdiff" "-P" "env OMP_NUM_THREADS=1" "-p" "/home/users/ntu/c230179/Desktop/dftb_builds/dftb_gcc_Release/app/dftb+/dftb+" "-G" "/home/users/ntu/c230179/Desktop/dftbplus-25.1/test/app/dftb+/bin/globalpostrun.sh" "-s" "P,R,C,S" "timeprop/C4H6_rs_Singlet"
32: Environment variables: 
32:  DFTBPLUS_PARAM_DIR=/home/users/ntu/c230179/Desktop/dftbplus-25.1/external
32: Test timeout computed to be: 10000000
32: timeprop/C4H6_rs_Singlet:	Test script returned non-zero exit code: 1
32:  deleting file 'autotest.tag'
32:  TODO.
32: 
32: ==============================================================================
32: TEST SUMMARY
32: ------------------------------------------------------------------------------
32: Match:
32:     None
32: 
32: Not run:
32:     timeprop/C4H6_rs_Singlet
32: ------------------------------------------------------------------------------
32: Status: FAIL
 32/406 Test  #32: app/dftb+/timeprop/C4H6_rs_Singlet ...............................***Failed    0.04 sec
timeprop/C4H6_rs_Singlet:	Test script returned non-zero exit code: 1
 deleting file 'autotest.tag'
 TODO.

==============================================================================
TEST SUMMARY
------------------------------------------------------------------------------
Match:
    None

Not run:
    timeprop/C4H6_rs_Singlet
------------------------------------------------------------------------------
Status: FAIL

test 33
        Start  33: app/dftb+/timeprop/benzene_Ehrenfest_restart

33: Test command: /home/users/ntu/c230179/Desktop/dftbplus-25.1/test/app/dftb+/bin/autotest2 "-r" "/home/users/ntu/c230179/Desktop/dftbplus-25.1/test/app/dftb+" "-w" "/home/users/ntu/c230179/Desktop/dftb_builds/dftb_gcc_Release/test/app/dftb+" "-d" "/home/users/ntu/c230179/Desktop/dftbplus-25.1/test/app/dftb+/bin/tagdiff" "-P" "env OMP_NUM_THREADS=1" "-p" "/home/users/ntu/c230179/Desktop/dftb_builds/dftb_gcc_Release/app/dftb+/dftb+" "-G" "/home/users/ntu/c230179/Desktop/dftbplus-25.1/test/app/dftb+/bin/globalpostrun.sh" "-s" "P,R,C,S" "timeprop/benzene_Ehrenfest_restart"
33: Environment variables: 
33:  DFTBPLUS_PARAM_DIR=/home/users/ntu/c230179/Desktop/dftbplus-25.1/external
33: Test timeout computed to be: 10000000
33: timeprop/benzene_Ehrenfest_restart:	Test script returned non-zero exit code: 1
33:  deleting file 'autotest.tag'
33:  TODO.
33: 
33: ==============================================================================
33: TEST SUMMARY
33: ------------------------------------------------------------------------------
33: Match:
33:     None
33: 
33: Not run:
33:     timeprop/benzene_Ehrenfest_restart
33: ------------------------------------------------------------------------------
33: Status: FAIL
 33/406 Test  #33: app/dftb+/timeprop/benzene_Ehrenfest_restart .....................***Failed    0.05 sec
timeprop/benzene_Ehrenfest_restart:	Test script returned non-zero exit code: 1
 deleting file 'autotest.tag'
 TODO.

==============================================================================
TEST SUMMARY
------------------------------------------------------------------------------
Match:
    None

Not run:
    timeprop/benzene_Ehrenfest_restart
------------------------------------------------------------------------------
Status: FAIL

test 34
        Start  34: app/dftb+/timeprop/benzene_Ehrenfest_restartAscii

34: Test command: /home/users/ntu/c230179/Desktop/dftbplus-25.1/test/app/dftb+/bin/autotest2 "-r" "/home/users/ntu/c230179/Desktop/dftbplus-25.1/test/app/dftb+" "-w" "/home/users/ntu/c230179/Desktop/dftb_builds/dftb_gcc_Release/test/app/dftb+" "-d" "/home/users/ntu/c230179/Desktop/dftbplus-25.1/test/app/dftb+/bin/tagdiff" "-P" "env OMP_NUM_THREADS=1" "-p" "/home/users/ntu/c230179/Desktop/dftb_builds/dftb_gcc_Release/app/dftb+/dftb+" "-G" "/home/users/ntu/c230179/Desktop/dftbplus-25.1/test/app/dftb+/bin/globalpostrun.sh" "-s" "P,R,C,S" "timeprop/benzene_Ehrenfest_restartAscii"
34: Environment variables: 
34:  DFTBPLUS_PARAM_DIR=/home/users/ntu/c230179/Desktop/dftbplus-25.1/external
34: Test timeout computed to be: 10000000
34: timeprop/benzene_Ehrenfest_restartAscii:	Test script returned non-zero exit code: 1
34:  deleting file 'autotest.tag'
34:  TODO.
34: 
34: ==============================================================================
34: TEST SUMMARY
34: ------------------------------------------------------------------------------
34: Match:
34:     None
34: 
34: Not run:
34:     timeprop/benzene_Ehrenfest_restartA
34: ------------------------------------------------------------------------------
34: Status: FAIL
 34/406 Test  #34: app/dftb+/timeprop/benzene_Ehrenfest_restartAscii ................***Failed    0.05 sec
timeprop/benzene_Ehrenfest_restartAscii:	Test script returned non-zero exit code: 1
 deleting file 'autotest.tag'
 TODO.

==============================================================================
TEST SUMMARY
------------------------------------------------------------------------------
Match:
    None

Not run:
    timeprop/benzene_Ehrenfest_restartA
------------------------------------------------------------------------------
Status: FAIL

test 35
        Start  35: app/dftb+/timeprop/benzene_kick_bndpop

35: Test command: /home/users/ntu/c230179/Desktop/dftbplus-25.1/test/app/dftb+/bin/autotest2 "-r" "/home/users/ntu/c230179/Desktop/dftbplus-25.1/test/app/dftb+" "-w" "/home/users/ntu/c230179/Desktop/dftb_builds/dftb_gcc_Release/test/app/dftb+" "-d" "/home/users/ntu/c230179/Desktop/dftbplus-25.1/test/app/dftb+/bin/tagdiff" "-P" "env OMP_NUM_THREADS=1" "-p" "/home/users/ntu/c230179/Desktop/dftb_builds/dftb_gcc_Release/app/dftb+/dftb+" "-G" "/home/users/ntu/c230179/Desktop/dftbplus-25.1/test/app/dftb+/bin/globalpostrun.sh" "-s" "P,R,C,S" "timeprop/benzene_kick_bndpop"
35: Environment variables: 
35:  DFTBPLUS_PARAM_DIR=/home/users/ntu/c230179/Desktop/dftbplus-25.1/external
35: Test timeout computed to be: 10000000
35: timeprop/benzene_kick_bndpop:	Test script returned non-zero exit code: 1
35:  deleting file 'autotest.tag'
35:  TODO.
35: 
35: ==============================================================================
35: TEST SUMMARY
35: ------------------------------------------------------------------------------
35: Match:
35:     None
35: 
35: Not run:
35:     timeprop/benzene_kick_bndpop
35: ------------------------------------------------------------------------------
35: Status: FAIL
 35/406 Test  #35: app/dftb+/timeprop/benzene_kick_bndpop ...........................***Failed    0.04 sec
timeprop/benzene_kick_bndpop:	Test script returned non-zero exit code: 1
 deleting file 'autotest.tag'
 TODO.

==============================================================================
TEST SUMMARY
------------------------------------------------------------------------------
Match:
    None

Not run:
    timeprop/benzene_kick_bndpop
------------------------------------------------------------------------------
Status: FAIL

test 36
        Start  36: app/dftb+/timeprop/benzene_laser

36: Test command: /home/users/ntu/c230179/Desktop/dftbplus-25.1/test/app/dftb+/bin/autotest2 "-r" "/home/users/ntu/c230179/Desktop/dftbplus-25.1/test/app/dftb+" "-w" "/home/users/ntu/c230179/Desktop/dftb_builds/dftb_gcc_Release/test/app/dftb+" "-d" "/home/users/ntu/c230179/Desktop/dftbplus-25.1/test/app/dftb+/bin/tagdiff" "-P" "env OMP_NUM_THREADS=1" "-p" "/home/users/ntu/c230179/Desktop/dftb_builds/dftb_gcc_Release/app/dftb+/dftb+" "-G" "/home/users/ntu/c230179/Desktop/dftbplus-25.1/test/app/dftb+/bin/globalpostrun.sh" "-s" "P,R,C,S" "timeprop/benzene_laser"
36: Environment variables: 
36:  DFTBPLUS_PARAM_DIR=/home/users/ntu/c230179/Desktop/dftbplus-25.1/external
36: Test timeout computed to be: 10000000
36: timeprop/benzene_laser:	Test script returned non-zero exit code: 1
36:  deleting file 'autotest.tag'
36:  TODO.
36: 
36: ==============================================================================
36: TEST SUMMARY
36: ------------------------------------------------------------------------------
36: Match:
36:     None
36: 
36: Not run:
36:     timeprop/benzene_laser
36: ------------------------------------------------------------------------------
36: Status: FAIL
 36/406 Test  #36: app/dftb+/timeprop/benzene_laser .................................***Failed    0.04 sec
timeprop/benzene_laser:	Test script returned non-zero exit code: 1
 deleting file 'autotest.tag'
 TODO.

==============================================================================
TEST SUMMARY
------------------------------------------------------------------------------
Match:
    None

Not run:
    timeprop/benzene_laser
------------------------------------------------------------------------------
Status: FAIL

test 37
        Start  37: app/dftb+/timeprop/benzene_sin2

37: Test command: /home/users/ntu/c230179/Desktop/dftbplus-25.1/test/app/dftb+/bin/autotest2 "-r" "/home/users/ntu/c230179/Desktop/dftbplus-25.1/test/app/dftb+" "-w" "/home/users/ntu/c230179/Desktop/dftb_builds/dftb_gcc_Release/test/app/dftb+" "-d" "/home/users/ntu/c230179/Desktop/dftbplus-25.1/test/app/dftb+/bin/tagdiff" "-P" "env OMP_NUM_THREADS=1" "-p" "/home/users/ntu/c230179/Desktop/dftb_builds/dftb_gcc_Release/app/dftb+/dftb+" "-G" "/home/users/ntu/c230179/Desktop/dftbplus-25.1/test/app/dftb+/bin/globalpostrun.sh" "-s" "P,R,C,S" "timeprop/benzene_sin2"
37: Environment variables: 
37:  DFTBPLUS_PARAM_DIR=/home/users/ntu/c230179/Desktop/dftbplus-25.1/external
37: Test timeout computed to be: 10000000
37: timeprop/benzene_sin2:	Test script returned non-zero exit code: 1
37:  deleting file 'autotest.tag'
37:  TODO.
37: 
37: ==============================================================================
37: TEST SUMMARY
37: ------------------------------------------------------------------------------
37: Match:
37:     None
37: 
37: Not run:
37:     timeprop/benzene_sin2
37: ------------------------------------------------------------------------------
37: Status: FAIL
 37/406 Test  #37: app/dftb+/timeprop/benzene_sin2 ..................................***Failed    0.04 sec
timeprop/benzene_sin2:	Test script returned non-zero exit code: 1
 deleting file 'autotest.tag'
 TODO.

==============================================================================
TEST SUMMARY
------------------------------------------------------------------------------
Match:
    None

Not run:
    timeprop/benzene_sin2
------------------------------------------------------------------------------
Status: FAIL

test 38
        Start  38: app/dftb+/timeprop/benzene_gaussian

38: Test command: /home/users/ntu/c230179/Desktop/dftbplus-25.1/test/app/dftb+/bin/autotest2 "-r" "/home/users/ntu/c230179/Desktop/dftbplus-25.1/test/app/dftb+" "-w" "/home/users/ntu/c230179/Desktop/dftb_builds/dftb_gcc_Release/test/app/dftb+" "-d" "/home/users/ntu/c230179/Desktop/dftbplus-25.1/test/app/dftb+/bin/tagdiff" "-P" "env OMP_NUM_THREADS=1" "-p" "/home/users/ntu/c230179/Desktop/dftb_builds/dftb_gcc_Release/app/dftb+/dftb+" "-G" "/home/users/ntu/c230179/Desktop/dftbplus-25.1/test/app/dftb+/bin/globalpostrun.sh" "-s" "P,R,C,S" "timeprop/benzene_gaussian"
38: Environment variables: 
38:  DFTBPLUS_PARAM_DIR=/home/users/ntu/c230179/Desktop/dftbplus-25.1/external
38: Test timeout computed to be: 10000000
38: timeprop/benzene_gaussian:	Test script returned non-zero exit code: 1
38:  deleting file 'autotest.tag'
38:  TODO.
38: 
38: ==============================================================================
38: TEST SUMMARY
38: ------------------------------------------------------------------------------
38: Match:
38:     None
38: 
38: Not run:
38:     timeprop/benzene_gaussian
38: ------------------------------------------------------------------------------
38: Status: FAIL
 38/406 Test  #38: app/dftb+/timeprop/benzene_gaussian ..............................***Failed    0.04 sec
timeprop/benzene_gaussian:	Test script returned non-zero exit code: 1
 deleting file 'autotest.tag'
 TODO.

==============================================================================
TEST SUMMARY
------------------------------------------------------------------------------
Match:
    None

Not run:
    timeprop/benzene_gaussian
------------------------------------------------------------------------------
Status: FAIL

test 39
        Start  39: app/dftb+/timeprop/GNR_kpoint_kick

39: Test command: /home/users/ntu/c230179/Desktop/dftbplus-25.1/test/app/dftb+/bin/autotest2 "-r" "/home/users/ntu/c230179/Desktop/dftbplus-25.1/test/app/dftb+" "-w" "/home/users/ntu/c230179/Desktop/dftb_builds/dftb_gcc_Release/test/app/dftb+" "-d" "/home/users/ntu/c230179/Desktop/dftbplus-25.1/test/app/dftb+/bin/tagdiff" "-P" "env OMP_NUM_THREADS=1" "-p" "/home/users/ntu/c230179/Desktop/dftb_builds/dftb_gcc_Release/app/dftb+/dftb+" "-G" "/home/users/ntu/c230179/Desktop/dftbplus-25.1/test/app/dftb+/bin/globalpostrun.sh" "-s" "P,R,C,S" "timeprop/GNR_kpoint_kick"
39: Environment variables: 
39:  DFTBPLUS_PARAM_DIR=/home/users/ntu/c230179/Desktop/dftbplus-25.1/external
39: Test timeout computed to be: 10000000
39: timeprop/GNR_kpoint_kick:	Test script returned non-zero exit code: 1
39:  deleting file 'autotest.tag'
39:  TODO.
39: 
39: ==============================================================================
39: TEST SUMMARY
39: ------------------------------------------------------------------------------
39: Match:
39:     None
39: 
39: Not run:
39:     timeprop/GNR_kpoint_kick
39: ------------------------------------------------------------------------------
39: Status: FAIL
 39/406 Test  #39: app/dftb+/timeprop/GNR_kpoint_kick ...............................***Failed    0.04 sec
timeprop/GNR_kpoint_kick:	Test script returned non-zero exit code: 1
 deleting file 'autotest.tag'
 TODO.

==============================================================================
TEST SUMMARY
------------------------------------------------------------------------------
Match:
    None

Not run:
    timeprop/GNR_kpoint_kick
------------------------------------------------------------------------------
Status: FAIL

test 40
        Start  40: app/dftb+/timeprop/GNR_kpoint_restart

40: Test command: /home/users/ntu/c230179/Desktop/dftbplus-25.1/test/app/dftb+/bin/autotest2 "-r" "/home/users/ntu/c230179/Desktop/dftbplus-25.1/test/app/dftb+" "-w" "/home/users/ntu/c230179/Desktop/dftb_builds/dftb_gcc_Release/test/app/dftb+" "-d" "/home/users/ntu/c230179/Desktop/dftbplus-25.1/test/app/dftb+/bin/tagdiff" "-P" "env OMP_NUM_THREADS=1" "-p" "/home/users/ntu/c230179/Desktop/dftb_builds/dftb_gcc_Release/app/dftb+/dftb+" "-G" "/home/users/ntu/c230179/Desktop/dftbplus-25.1/test/app/dftb+/bin/globalpostrun.sh" "-s" "P,R,C,S" "timeprop/GNR_kpoint_restart"
40: Environment variables: 
40:  DFTBPLUS_PARAM_DIR=/home/users/ntu/c230179/Desktop/dftbplus-25.1/external
40: Test timeout computed to be: 10000000
40: timeprop/GNR_kpoint_restart:	Test script returned non-zero exit code: 1
40:  deleting file 'autotest.tag'
40:  TODO.
40: 
40: ==============================================================================
40: TEST SUMMARY
40: ------------------------------------------------------------------------------
40: Match:
40:     None
40: 
40: Not run:
40:     timeprop/GNR_kpoint_restart
40: ------------------------------------------------------------------------------
40: Status: FAIL
 40/406 Test  #40: app/dftb+/timeprop/GNR_kpoint_restart ............................***Failed    0.06 sec
timeprop/GNR_kpoint_restart:	Test script returned non-zero exit code: 1
 deleting file 'autotest.tag'
 TODO.

==============================================================================
TEST SUMMARY
------------------------------------------------------------------------------
Match:
    None

Not run:
    timeprop/GNR_kpoint_restart
------------------------------------------------------------------------------
Status: FAIL

test 41
        Start  41: app/dftb+/timeprop/H2_singlet

41: Test command: /home/users/ntu/c230179/Desktop/dftbplus-25.1/test/app/dftb+/bin/autotest2 "-r" "/home/users/ntu/c230179/Desktop/dftbplus-25.1/test/app/dftb+" "-w" "/home/users/ntu/c230179/Desktop/dftb_builds/dftb_gcc_Release/test/app/dftb+" "-d" "/home/users/ntu/c230179/Desktop/dftbplus-25.1/test/app/dftb+/bin/tagdiff" "-P" "env OMP_NUM_THREADS=1" "-p" "/home/users/ntu/c230179/Desktop/dftb_builds/dftb_gcc_Release/app/dftb+/dftb+" "-G" "/home/users/ntu/c230179/Desktop/dftbplus-25.1/test/app/dftb+/bin/globalpostrun.sh" "-s" "P,R,C,S" "timeprop/H2_singlet"
41: Environment variables: 
41:  DFTBPLUS_PARAM_DIR=/home/users/ntu/c230179/Desktop/dftbplus-25.1/external
41: Test timeout computed to be: 10000000
41: cp: cannot stat 'timeprop/H2_singlet/H-H.skf': No such file or directory
41: timeprop/H2_singlet:	Test script returned non-zero exit code: 1
41:  deleting file 'autotest.tag'
41:  TODO.
41: 
41: ==============================================================================
41: TEST SUMMARY
41: ------------------------------------------------------------------------------
41: Match:
41:     None
41: 
41: Not run:
41:     timeprop/H2_singlet
41: ------------------------------------------------------------------------------
41: Status: FAIL
 41/406 Test  #41: app/dftb+/timeprop/H2_singlet ....................................***Failed    0.04 sec
cp: cannot stat 'timeprop/H2_singlet/H-H.skf': No such file or directory
timeprop/H2_singlet:	Test script returned non-zero exit code: 1
 deleting file 'autotest.tag'
 TODO.

==============================================================================
TEST SUMMARY
------------------------------------------------------------------------------
Match:
    None

Not run:
    timeprop/H2_singlet
------------------------------------------------------------------------------
Status: FAIL

test 42
        Start  42: app/dftb+/timeprop/H2_triplet

42: Test command: /home/users/ntu/c230179/Desktop/dftbplus-25.1/test/app/dftb+/bin/autotest2 "-r" "/home/users/ntu/c230179/Desktop/dftbplus-25.1/test/app/dftb+" "-w" "/home/users/ntu/c230179/Desktop/dftb_builds/dftb_gcc_Release/test/app/dftb+" "-d" "/home/users/ntu/c230179/Desktop/dftbplus-25.1/test/app/dftb+/bin/tagdiff" "-P" "env OMP_NUM_THREADS=1" "-p" "/home/users/ntu/c230179/Desktop/dftb_builds/dftb_gcc_Release/app/dftb+/dftb+" "-G" "/home/users/ntu/c230179/Desktop/dftbplus-25.1/test/app/dftb+/bin/globalpostrun.sh" "-s" "P,R,C,S" "timeprop/H2_triplet"
42: Environment variables: 
42:  DFTBPLUS_PARAM_DIR=/home/users/ntu/c230179/Desktop/dftbplus-25.1/external
42: Test timeout computed to be: 10000000
42: cp: cannot stat 'timeprop/H2_triplet/H-H.skf': No such file or directory
42: timeprop/H2_triplet:	Test script returned non-zero exit code: 1
42:  deleting file 'autotest.tag'
42:  TODO.
42: 
42: ==============================================================================
42: TEST SUMMARY
42: ------------------------------------------------------------------------------
42: Match:
42:     None
42: 
42: Not run:
42:     timeprop/H2_triplet
42: ------------------------------------------------------------------------------
42: Status: FAIL
 42/406 Test  #42: app/dftb+/timeprop/H2_triplet ....................................***Failed    0.04 sec
cp: cannot stat 'timeprop/H2_triplet/H-H.skf': No such file or directory
timeprop/H2_triplet:	Test script returned non-zero exit code: 1
 deleting file 'autotest.tag'
 TODO.

==============================================================================
TEST SUMMARY
------------------------------------------------------------------------------
Match:
    None

Not run:
    timeprop/H2_triplet
------------------------------------------------------------------------------
Status: FAIL

test 43
        Start  43: app/dftb+/timeprop/H2_exc_atoms

43: Test command: /home/users/ntu/c230179/Desktop/dftbplus-25.1/test/app/dftb+/bin/autotest2 "-r" "/home/users/ntu/c230179/Desktop/dftbplus-25.1/test/app/dftb+" "-w" "/home/users/ntu/c230179/Desktop/dftb_builds/dftb_gcc_Release/test/app/dftb+" "-d" "/home/users/ntu/c230179/Desktop/dftbplus-25.1/test/app/dftb+/bin/tagdiff" "-P" "env OMP_NUM_THREADS=1" "-p" "/home/users/ntu/c230179/Desktop/dftb_builds/dftb_gcc_Release/app/dftb+/dftb+" "-G" "/home/users/ntu/c230179/Desktop/dftbplus-25.1/test/app/dftb+/bin/globalpostrun.sh" "-s" "P,R,C,S" "timeprop/H2_exc_atoms"
43: Environment variables: 
43:  DFTBPLUS_PARAM_DIR=/home/users/ntu/c230179/Desktop/dftbplus-25.1/external
43: Test timeout computed to be: 10000000
43: cp: cannot stat 'timeprop/H2_exc_atoms/H-H.skf': No such file or directory
43: timeprop/H2_exc_atoms:	Test script returned non-zero exit code: 1
43:  deleting file 'autotest.tag'
43:  TODO.
43: 
43: ==============================================================================
43: TEST SUMMARY
43: ------------------------------------------------------------------------------
43: Match:
43:     None
43: 
43: Not run:
43:     timeprop/H2_exc_atoms
43: ------------------------------------------------------------------------------
43: Status: FAIL
 43/406 Test  #43: app/dftb+/timeprop/H2_exc_atoms ..................................***Failed    0.04 sec
cp: cannot stat 'timeprop/H2_exc_atoms/H-H.skf': No such file or directory
timeprop/H2_exc_atoms:	Test script returned non-zero exit code: 1
 deleting file 'autotest.tag'
 TODO.

==============================================================================
TEST SUMMARY
------------------------------------------------------------------------------
Match:
    None

Not run:
    timeprop/H2_exc_atoms
------------------------------------------------------------------------------
Status: FAIL

test 44
        Start  44: app/dftb+/timeprop/C60_kick

44: Test command: /home/users/ntu/c230179/Desktop/dftbplus-25.1/test/app/dftb+/bin/autotest2 "-r" "/home/users/ntu/c230179/Desktop/dftbplus-25.1/test/app/dftb+" "-w" "/home/users/ntu/c230179/Desktop/dftb_builds/dftb_gcc_Release/test/app/dftb+" "-d" "/home/users/ntu/c230179/Desktop/dftbplus-25.1/test/app/dftb+/bin/tagdiff" "-P" "env OMP_NUM_THREADS=1" "-p" "/home/users/ntu/c230179/Desktop/dftb_builds/dftb_gcc_Release/app/dftb+/dftb+" "-G" "/home/users/ntu/c230179/Desktop/dftbplus-25.1/test/app/dftb+/bin/globalpostrun.sh" "-s" "P,R,C,S" "timeprop/C60_kick"
44: Environment variables: 
44:  DFTBPLUS_PARAM_DIR=/home/users/ntu/c230179/Desktop/dftbplus-25.1/external
44: Test timeout computed to be: 10000000
44: timeprop/C60_kick:	Test script returned non-zero exit code: 1
44:  deleting file 'autotest.tag'
44:  TODO.
44: 
44: ==============================================================================
44: TEST SUMMARY
44: ------------------------------------------------------------------------------
44: Match:
44:     None
44: 
44: Not run:
44:     timeprop/C60_kick
44: ------------------------------------------------------------------------------
44: Status: FAIL
 44/406 Test  #44: app/dftb+/timeprop/C60_kick ......................................***Failed    0.04 sec
timeprop/C60_kick:	Test script returned non-zero exit code: 1
 deleting file 'autotest.tag'
 TODO.

==============================================================================
TEST SUMMARY
------------------------------------------------------------------------------
Match:
    None

Not run:
    timeprop/C60_kick
------------------------------------------------------------------------------
Status: FAIL

test 45
        Start  45: app/dftb+/timeprop/C60_triplet

45: Test command: /home/users/ntu/c230179/Desktop/dftbplus-25.1/test/app/dftb+/bin/autotest2 "-r" "/home/users/ntu/c230179/Desktop/dftbplus-25.1/test/app/dftb+" "-w" "/home/users/ntu/c230179/Desktop/dftb_builds/dftb_gcc_Release/test/app/dftb+" "-d" "/home/users/ntu/c230179/Desktop/dftbplus-25.1/test/app/dftb+/bin/tagdiff" "-P" "env OMP_NUM_THREADS=1" "-p" "/home/users/ntu/c230179/Desktop/dftb_builds/dftb_gcc_Release/app/dftb+/dftb+" "-G" "/home/users/ntu/c230179/Desktop/dftbplus-25.1/test/app/dftb+/bin/globalpostrun.sh" "-s" "P,R,C,S" "timeprop/C60_triplet"
45: Environment variables: 
45:  DFTBPLUS_PARAM_DIR=/home/users/ntu/c230179/Desktop/dftbplus-25.1/external
45: Test timeout computed to be: 10000000
45: timeprop/C60_triplet:	Test script returned non-zero exit code: 1
45:  deleting file 'autotest.tag'
45:  TODO.
45: 
45: ==============================================================================
45: TEST SUMMARY
45: ------------------------------------------------------------------------------
45: Match:
45:     None
45: 
45: Not run:
45:     timeprop/C60_triplet
45: ------------------------------------------------------------------------------
45: Status: FAIL
 45/406 Test  #45: app/dftb+/timeprop/C60_triplet ...................................***Failed    0.04 sec
timeprop/C60_triplet:	Test script returned non-zero exit code: 1
 deleting file 'autotest.tag'
 TODO.

==============================================================================
TEST SUMMARY
------------------------------------------------------------------------------
Match:
    None

Not run:
    timeprop/C60_triplet
------------------------------------------------------------------------------
Status: FAIL

test 46
        Start  46: app/dftb+/timeprop/NO_pSIC

46: Test command: /home/users/ntu/c230179/Desktop/dftbplus-25.1/test/app/dftb+/bin/autotest2 "-r" "/home/users/ntu/c230179/Desktop/dftbplus-25.1/test/app/dftb+" "-w" "/home/users/ntu/c230179/Desktop/dftb_builds/dftb_gcc_Release/test/app/dftb+" "-d" "/home/users/ntu/c230179/Desktop/dftbplus-25.1/test/app/dftb+/bin/tagdiff" "-P" "env OMP_NUM_THREADS=1" "-p" "/home/users/ntu/c230179/Desktop/dftb_builds/dftb_gcc_Release/app/dftb+/dftb+" "-G" "/home/users/ntu/c230179/Desktop/dftbplus-25.1/test/app/dftb+/bin/globalpostrun.sh" "-s" "P,R,C,S" "timeprop/NO_pSIC"
46: Environment variables: 
46:  DFTBPLUS_PARAM_DIR=/home/users/ntu/c230179/Desktop/dftbplus-25.1/external
46: Test timeout computed to be: 10000000
46: timeprop/NO_pSIC:	Test script returned non-zero exit code: 1
46:  deleting file 'autotest.tag'
46:  TODO.
46: 
46: ==============================================================================
46: TEST SUMMARY
46: ------------------------------------------------------------------------------
46: Match:
46:     None
46: 
46: Not run:
46:     timeprop/NO_pSIC
46: ------------------------------------------------------------------------------
46: Status: FAIL
 46/406 Test  #46: app/dftb+/timeprop/NO_pSIC .......................................***Failed    0.04 sec
timeprop/NO_pSIC:	Test script returned non-zero exit code: 1
 deleting file 'autotest.tag'
 TODO.

==============================================================================
TEST SUMMARY
------------------------------------------------------------------------------
Match:
    None

Not run:
    timeprop/NO_pSIC
------------------------------------------------------------------------------
Status: FAIL

test 47
        Start  47: app/dftb+/timeprop/NO_onsite

47: Test command: /home/users/ntu/c230179/Desktop/dftbplus-25.1/test/app/dftb+/bin/autotest2 "-r" "/home/users/ntu/c230179/Desktop/dftbplus-25.1/test/app/dftb+" "-w" "/home/users/ntu/c230179/Desktop/dftb_builds/dftb_gcc_Release/test/app/dftb+" "-d" "/home/users/ntu/c230179/Desktop/dftbplus-25.1/test/app/dftb+/bin/tagdiff" "-P" "env OMP_NUM_THREADS=1" "-p" "/home/users/ntu/c230179/Desktop/dftb_builds/dftb_gcc_Release/app/dftb+/dftb+" "-G" "/home/users/ntu/c230179/Desktop/dftbplus-25.1/test/app/dftb+/bin/globalpostrun.sh" "-s" "P,R,C,S" "timeprop/NO_onsite"
47: Environment variables: 
47:  DFTBPLUS_PARAM_DIR=/home/users/ntu/c230179/Desktop/dftbplus-25.1/external
47: Test timeout computed to be: 10000000
47: timeprop/NO_onsite:	Test script returned non-zero exit code: 1
47:  deleting file 'autotest.tag'
47:  TODO.
47: 
47: ==============================================================================
47: TEST SUMMARY
47: ------------------------------------------------------------------------------
47: Match:
47:     None
47: 
47: Not run:
47:     timeprop/NO_onsite
47: ------------------------------------------------------------------------------
47: Status: FAIL
 47/406 Test  #47: app/dftb+/timeprop/NO_onsite .....................................***Failed    0.04 sec
timeprop/NO_onsite:	Test script returned non-zero exit code: 1
 deleting file 'autotest.tag'
 TODO.

==============================================================================
TEST SUMMARY
------------------------------------------------------------------------------
Match:
    None

Not run:
    timeprop/NO_onsite
------------------------------------------------------------------------------
Status: FAIL

test 48
        Start  48: app/dftb+/timeprop/benzene_kick_periodic

48: Test command: /home/users/ntu/c230179/Desktop/dftbplus-25.1/test/app/dftb+/bin/autotest2 "-r" "/home/users/ntu/c230179/Desktop/dftbplus-25.1/test/app/dftb+" "-w" "/home/users/ntu/c230179/Desktop/dftb_builds/dftb_gcc_Release/test/app/dftb+" "-d" "/home/users/ntu/c230179/Desktop/dftbplus-25.1/test/app/dftb+/bin/tagdiff" "-P" "env OMP_NUM_THREADS=1" "-p" "/home/users/ntu/c230179/Desktop/dftb_builds/dftb_gcc_Release/app/dftb+/dftb+" "-G" "/home/users/ntu/c230179/Desktop/dftbplus-25.1/test/app/dftb+/bin/globalpostrun.sh" "-s" "P,R,C,S" "timeprop/benzene_kick_periodic"
48: Environment variables: 
48:  DFTBPLUS_PARAM_DIR=/home/users/ntu/c230179/Desktop/dftbplus-25.1/external
48: Test timeout computed to be: 10000000
48: timeprop/benzene_kick_periodic:	Test script returned non-zero exit code: 1
48:  deleting file 'autotest.tag'
48:  TODO.
48: 
48: ==============================================================================
48: TEST SUMMARY
48: ------------------------------------------------------------------------------
48: Match:
48:     None
48: 
48: Not run:
48:     timeprop/benzene_kick_periodic
48: ------------------------------------------------------------------------------
48: Status: FAIL
 48/406 Test  #48: app/dftb+/timeprop/benzene_kick_periodic .........................***Failed    0.04 sec
timeprop/benzene_kick_periodic:	Test script returned non-zero exit code: 1
 deleting file 'autotest.tag'
 TODO.

==============================================================================
TEST SUMMARY
------------------------------------------------------------------------------
Match:
    None

Not run:
    timeprop/benzene_kick_periodic
------------------------------------------------------------------------------
Status: FAIL

test 49
        Start  49: app/dftb+/timeprop/GNR_periodic_kick

49: Test command: /home/users/ntu/c230179/Desktop/dftbplus-25.1/test/app/dftb+/bin/autotest2 "-r" "/home/users/ntu/c230179/Desktop/dftbplus-25.1/test/app/dftb+" "-w" "/home/users/ntu/c230179/Desktop/dftb_builds/dftb_gcc_Release/test/app/dftb+" "-d" "/home/users/ntu/c230179/Desktop/dftbplus-25.1/test/app/dftb+/bin/tagdiff" "-P" "env OMP_NUM_THREADS=1" "-p" "/home/users/ntu/c230179/Desktop/dftb_builds/dftb_gcc_Release/app/dftb+/dftb+" "-G" "/home/users/ntu/c230179/Desktop/dftbplus-25.1/test/app/dftb+/bin/globalpostrun.sh" "-s" "P,R,C,S" "timeprop/GNR_periodic_kick"
49: Environment variables: 
49:  DFTBPLUS_PARAM_DIR=/home/users/ntu/c230179/Desktop/dftbplus-25.1/external
49: Test timeout computed to be: 10000000
49: timeprop/GNR_periodic_kick:	Test script returned non-zero exit code: 1
49:  deleting file 'autotest.tag'
49:  TODO.
49: 
49: ==============================================================================
49: TEST SUMMARY
49: ------------------------------------------------------------------------------
49: Match:
49:     None
49: 
49: Not run:
49:     timeprop/GNR_periodic_kick
49: ------------------------------------------------------------------------------
49: Status: FAIL
 49/406 Test  #49: app/dftb+/timeprop/GNR_periodic_kick .............................***Failed    0.04 sec
timeprop/GNR_periodic_kick:	Test script returned non-zero exit code: 1
 deleting file 'autotest.tag'
 TODO.

==============================================================================
TEST SUMMARY
------------------------------------------------------------------------------
Match:
    None

Not run:
    timeprop/GNR_periodic_kick
------------------------------------------------------------------------------
Status: FAIL

test 50
        Start  50: app/dftb+/timeprop/CH3_dftbu_singlet

50: Test command: /home/users/ntu/c230179/Desktop/dftbplus-25.1/test/app/dftb+/bin/autotest2 "-r" "/home/users/ntu/c230179/Desktop/dftbplus-25.1/test/app/dftb+" "-w" "/home/users/ntu/c230179/Desktop/dftb_builds/dftb_gcc_Release/test/app/dftb+" "-d" "/home/users/ntu/c230179/Desktop/dftbplus-25.1/test/app/dftb+/bin/tagdiff" "-P" "env OMP_NUM_THREADS=1" "-p" "/home/users/ntu/c230179/Desktop/dftb_builds/dftb_gcc_Release/app/dftb+/dftb+" "-G" "/home/users/ntu/c230179/Desktop/dftbplus-25.1/test/app/dftb+/bin/globalpostrun.sh" "-s" "P,R,C,S" "timeprop/CH3_dftbu_singlet"
50: Environment variables: 
50:  DFTBPLUS_PARAM_DIR=/home/users/ntu/c230179/Desktop/dftbplus-25.1/external
50: Test timeout computed to be: 10000000
50: timeprop/CH3_dftbu_singlet:	Test script returned non-zero exit code: 1
50:  deleting file 'autotest.tag'
50:  TODO.
50: 
50: ==============================================================================
50: TEST SUMMARY
50: ------------------------------------------------------------------------------
50: Match:
50:     None
50: 
50: Not run:
50:     timeprop/CH3_dftbu_singlet
50: ------------------------------------------------------------------------------
50: Status: FAIL
 50/406 Test  #50: app/dftb+/timeprop/CH3_dftbu_singlet .............................***Failed    0.04 sec
timeprop/CH3_dftbu_singlet:	Test script returned non-zero exit code: 1
 deleting file 'autotest.tag'
 TODO.

==============================================================================
TEST SUMMARY
------------------------------------------------------------------------------
Match:
    None

Not run:
    timeprop/CH3_dftbu_singlet
------------------------------------------------------------------------------
Status: FAIL

test 51
        Start  51: app/dftb+/timeprop/GNR_periodic_laser

51: Test command: /home/users/ntu/c230179/Desktop/dftbplus-25.1/test/app/dftb+/bin/autotest2 "-r" "/home/users/ntu/c230179/Desktop/dftbplus-25.1/test/app/dftb+" "-w" "/home/users/ntu/c230179/Desktop/dftb_builds/dftb_gcc_Release/test/app/dftb+" "-d" "/home/users/ntu/c230179/Desktop/dftbplus-25.1/test/app/dftb+/bin/tagdiff" "-P" "env OMP_NUM_THREADS=1" "-p" "/home/users/ntu/c230179/Desktop/dftb_builds/dftb_gcc_Release/app/dftb+/dftb+" "-G" "/home/users/ntu/c230179/Desktop/dftbplus-25.1/test/app/dftb+/bin/globalpostrun.sh" "-s" "P,R,C,S" "timeprop/GNR_periodic_laser"
51: Environment variables: 
51:  DFTBPLUS_PARAM_DIR=/home/users/ntu/c230179/Desktop/dftbplus-25.1/external
51: Test timeout computed to be: 10000000
51: timeprop/GNR_periodic_laser:	Test script returned non-zero exit code: 1
51:  deleting file 'autotest.tag'
51:  TODO.
51: 
51: ==============================================================================
51: TEST SUMMARY
51: ------------------------------------------------------------------------------
51: Match:
51:     None
51: 
51: Not run:
51:     timeprop/GNR_periodic_laser
51: ------------------------------------------------------------------------------
51: Status: FAIL
 51/406 Test  #51: app/dftb+/timeprop/GNR_periodic_laser ............................***Failed    0.04 sec
timeprop/GNR_periodic_laser:	Test script returned non-zero exit code: 1
 deleting file 'autotest.tag'
 TODO.

==============================================================================
TEST SUMMARY
------------------------------------------------------------------------------
Match:
    None

Not run:
    timeprop/GNR_periodic_laser
------------------------------------------------------------------------------
Status: FAIL

test 52
        Start  52: app/dftb+/timeprop/benzene_ions_pulse

52: Test command: /home/users/ntu/c230179/Desktop/dftbplus-25.1/test/app/dftb+/bin/autotest2 "-r" "/home/users/ntu/c230179/Desktop/dftbplus-25.1/test/app/dftb+" "-w" "/home/users/ntu/c230179/Desktop/dftb_builds/dftb_gcc_Release/test/app/dftb+" "-d" "/home/users/ntu/c230179/Desktop/dftbplus-25.1/test/app/dftb+/bin/tagdiff" "-P" "env OMP_NUM_THREADS=1" "-p" "/home/users/ntu/c230179/Desktop/dftb_builds/dftb_gcc_Release/app/dftb+/dftb+" "-G" "/home/users/ntu/c230179/Desktop/dftbplus-25.1/test/app/dftb+/bin/globalpostrun.sh" "-s" "P,R,C,S" "timeprop/benzene_ions_pulse"
52: Environment variables: 
52:  DFTBPLUS_PARAM_DIR=/home/users/ntu/c230179/Desktop/dftbplus-25.1/external
52: Test timeout computed to be: 10000000
52: timeprop/benzene_ions_pulse:	Test script returned non-zero exit code: 1
52:  deleting file 'autotest.tag'
52:  TODO.
52: 
52: ==============================================================================
52: TEST SUMMARY
52: ------------------------------------------------------------------------------
52: Match:
52:     None
52: 
52: Not run:
52:     timeprop/benzene_ions_pulse
52: ------------------------------------------------------------------------------
52: Status: FAIL
 52/406 Test  #52: app/dftb+/timeprop/benzene_ions_pulse ............................***Failed    0.04 sec
timeprop/benzene_ions_pulse:	Test script returned non-zero exit code: 1
 deleting file 'autotest.tag'
 TODO.

==============================================================================
TEST SUMMARY
------------------------------------------------------------------------------
Match:
    None

Not run:
    timeprop/benzene_ions_pulse
------------------------------------------------------------------------------
Status: FAIL

test 53
        Start  53: app/dftb+/timeprop/GNR_periodic_ions

53: Test command: /home/users/ntu/c230179/Desktop/dftbplus-25.1/test/app/dftb+/bin/autotest2 "-r" "/home/users/ntu/c230179/Desktop/dftbplus-25.1/test/app/dftb+" "-w" "/home/users/ntu/c230179/Desktop/dftb_builds/dftb_gcc_Release/test/app/dftb+" "-d" "/home/users/ntu/c230179/Desktop/dftbplus-25.1/test/app/dftb+/bin/tagdiff" "-P" "env OMP_NUM_THREADS=1" "-p" "/home/users/ntu/c230179/Desktop/dftb_builds/dftb_gcc_Release/app/dftb+/dftb+" "-G" "/home/users/ntu/c230179/Desktop/dftbplus-25.1/test/app/dftb+/bin/globalpostrun.sh" "-s" "P,R,C,S" "timeprop/GNR_periodic_ions"
53: Environment variables: 
53:  DFTBPLUS_PARAM_DIR=/home/users/ntu/c230179/Desktop/dftbplus-25.1/external
53: Test timeout computed to be: 10000000
53: timeprop/GNR_periodic_ions:	Test script returned non-zero exit code: 1
53:  deleting file 'autotest.tag'
53:  TODO.
53: 
53: ==============================================================================
53: TEST SUMMARY
53: ------------------------------------------------------------------------------
53: Match:
53:     None
53: 
53: Not run:
53:     timeprop/GNR_periodic_ions
53: ------------------------------------------------------------------------------
53: Status: FAIL
 53/406 Test  #53: app/dftb+/timeprop/GNR_periodic_ions .............................***Failed    0.04 sec
timeprop/GNR_periodic_ions:	Test script returned non-zero exit code: 1
 deleting file 'autotest.tag'
 TODO.

==============================================================================
TEST SUMMARY
------------------------------------------------------------------------------
Match:
    None

Not run:
    timeprop/GNR_periodic_ions
------------------------------------------------------------------------------
Status: FAIL

test 54
        Start  54: app/dftb+/timeprop/graphite_dispersion_pulse

54: Test command: /home/users/ntu/c230179/Desktop/dftbplus-25.1/test/app/dftb+/bin/autotest2 "-r" "/home/users/ntu/c230179/Desktop/dftbplus-25.1/test/app/dftb+" "-w" "/home/users/ntu/c230179/Desktop/dftb_builds/dftb_gcc_Release/test/app/dftb+" "-d" "/home/users/ntu/c230179/Desktop/dftbplus-25.1/test/app/dftb+/bin/tagdiff" "-P" "env OMP_NUM_THREADS=1" "-p" "/home/users/ntu/c230179/Desktop/dftb_builds/dftb_gcc_Release/app/dftb+/dftb+" "-G" "/home/users/ntu/c230179/Desktop/dftbplus-25.1/test/app/dftb+/bin/globalpostrun.sh" "-s" "P,R,C,S" "timeprop/graphite_dispersion_pulse"
54: Environment variables: 
54:  DFTBPLUS_PARAM_DIR=/home/users/ntu/c230179/Desktop/dftbplus-25.1/external
54: Test timeout computed to be: 10000000
54: timeprop/graphite_dispersion_pulse:	Test script returned non-zero exit code: 1
54:  deleting file 'autotest.tag'
54:  TODO.
54: 
54: ==============================================================================
54: TEST SUMMARY
54: ------------------------------------------------------------------------------
54: Match:
54:     None
54: 
54: Not run:
54:     timeprop/graphite_dispersion_pulse
54: ------------------------------------------------------------------------------
54: Status: FAIL
 54/406 Test  #54: app/dftb+/timeprop/graphite_dispersion_pulse .....................***Failed    0.04 sec
timeprop/graphite_dispersion_pulse:	Test script returned non-zero exit code: 1
 deleting file 'autotest.tag'
 TODO.

==============================================================================
TEST SUMMARY
------------------------------------------------------------------------------
Match:
    None

Not run:
    timeprop/graphite_dispersion_pulse
------------------------------------------------------------------------------
Status: FAIL

test 55
        Start  55: app/dftb+/timeprop/PDI_charged

55: Test command: /home/users/ntu/c230179/Desktop/dftbplus-25.1/test/app/dftb+/bin/autotest2 "-r" "/home/users/ntu/c230179/Desktop/dftbplus-25.1/test/app/dftb+" "-w" "/home/users/ntu/c230179/Desktop/dftb_builds/dftb_gcc_Release/test/app/dftb+" "-d" "/home/users/ntu/c230179/Desktop/dftbplus-25.1/test/app/dftb+/bin/tagdiff" "-P" "env OMP_NUM_THREADS=1" "-p" "/home/users/ntu/c230179/Desktop/dftb_builds/dftb_gcc_Release/app/dftb+/dftb+" "-G" "/home/users/ntu/c230179/Desktop/dftbplus-25.1/test/app/dftb+/bin/globalpostrun.sh" "-s" "P,R,C,S" "timeprop/PDI_charged"
55: Environment variables: 
55:  DFTBPLUS_PARAM_DIR=/home/users/ntu/c230179/Desktop/dftbplus-25.1/external
55: Test timeout computed to be: 10000000
55: timeprop/PDI_charged:	Test script returned non-zero exit code: 1
55:  deleting file 'autotest.tag'
55:  TODO.
55: 
55: ==============================================================================
55: TEST SUMMARY
55: ------------------------------------------------------------------------------
55: Match:
55:     None
55: 
55: Not run:
55:     timeprop/PDI_charged
55: ------------------------------------------------------------------------------
55: Status: FAIL
 55/406 Test  #55: app/dftb+/timeprop/PDI_charged ...................................***Failed    0.04 sec
timeprop/PDI_charged:	Test script returned non-zero exit code: 1
 deleting file 'autotest.tag'
 TODO.

==============================================================================
TEST SUMMARY
------------------------------------------------------------------------------
Match:
    None

Not run:
    timeprop/PDI_charged
------------------------------------------------------------------------------
Status: FAIL

test 56
        Start  56: app/dftb+/timeprop/benzene_circpol

56: Test command: /home/users/ntu/c230179/Desktop/dftbplus-25.1/test/app/dftb+/bin/autotest2 "-r" "/home/users/ntu/c230179/Desktop/dftbplus-25.1/test/app/dftb+" "-w" "/home/users/ntu/c230179/Desktop/dftb_builds/dftb_gcc_Release/test/app/dftb+" "-d" "/home/users/ntu/c230179/Desktop/dftbplus-25.1/test/app/dftb+/bin/tagdiff" "-P" "env OMP_NUM_THREADS=1" "-p" "/home/users/ntu/c230179/Desktop/dftb_builds/dftb_gcc_Release/app/dftb+/dftb+" "-G" "/home/users/ntu/c230179/Desktop/dftbplus-25.1/test/app/dftb+/bin/globalpostrun.sh" "-s" "P,R,C,S" "timeprop/benzene_circpol"
56: Environment variables: 
56:  DFTBPLUS_PARAM_DIR=/home/users/ntu/c230179/Desktop/dftbplus-25.1/external
56: Test timeout computed to be: 10000000
56: timeprop/benzene_circpol:	Test script returned non-zero exit code: 1
56:  deleting file 'autotest.tag'
56:  TODO.
56: 
56: ==============================================================================
56: TEST SUMMARY
56: ------------------------------------------------------------------------------
56: Match:
56:     None
56: 
56: Not run:
56:     timeprop/benzene_circpol
56: ------------------------------------------------------------------------------
56: Status: FAIL
 56/406 Test  #56: app/dftb+/timeprop/benzene_circpol ...............................***Failed    0.04 sec
timeprop/benzene_circpol:	Test script returned non-zero exit code: 1
 deleting file 'autotest.tag'
 TODO.

==============================================================================
TEST SUMMARY
------------------------------------------------------------------------------
Match:
    None

Not run:
    timeprop/benzene_circpol
------------------------------------------------------------------------------
Status: FAIL

test 57
        Start  57: app/dftb+/timeprop/benzene_rs

57: Test command: /home/users/ntu/c230179/Desktop/dftbplus-25.1/test/app/dftb+/bin/autotest2 "-r" "/home/users/ntu/c230179/Desktop/dftbplus-25.1/test/app/dftb+" "-w" "/home/users/ntu/c230179/Desktop/dftb_builds/dftb_gcc_Release/test/app/dftb+" "-d" "/home/users/ntu/c230179/Desktop/dftbplus-25.1/test/app/dftb+/bin/tagdiff" "-P" "env OMP_NUM_THREADS=1" "-p" "/home/users/ntu/c230179/Desktop/dftb_builds/dftb_gcc_Release/app/dftb+/dftb+" "-G" "/home/users/ntu/c230179/Desktop/dftbplus-25.1/test/app/dftb+/bin/globalpostrun.sh" "-s" "P,R,C,S" "timeprop/benzene_rs"
57: Environment variables: 
57:  DFTBPLUS_PARAM_DIR=/home/users/ntu/c230179/Desktop/dftbplus-25.1/external
57: Test timeout computed to be: 10000000
57: timeprop/benzene_rs:	Test script returned non-zero exit code: 1
57:  deleting file 'autotest.tag'
57:  TODO.
57: 
57: ==============================================================================
57: TEST SUMMARY
57: ------------------------------------------------------------------------------
57: Match:
57:     None
57: 
57: Not run:
57:     timeprop/benzene_rs
57: ------------------------------------------------------------------------------
57: Status: FAIL
 57/406 Test  #57: app/dftb+/timeprop/benzene_rs ....................................***Failed    0.04 sec
timeprop/benzene_rs:	Test script returned non-zero exit code: 1
 deleting file 'autotest.tag'
 TODO.

==============================================================================
TEST SUMMARY
------------------------------------------------------------------------------
Match:
    None

Not run:
    timeprop/benzene_rs
------------------------------------------------------------------------------
Status: FAIL

test 58
        Start  58: app/dftb+/helical/10-0Ctube

58: Test command: /home/users/ntu/c230179/Desktop/dftbplus-25.1/test/app/dftb+/bin/autotest2 "-r" "/home/users/ntu/c230179/Desktop/dftbplus-25.1/test/app/dftb+" "-w" "/home/users/ntu/c230179/Desktop/dftb_builds/dftb_gcc_Release/test/app/dftb+" "-d" "/home/users/ntu/c230179/Desktop/dftbplus-25.1/test/app/dftb+/bin/tagdiff" "-P" "env OMP_NUM_THREADS=1" "-p" "/home/users/ntu/c230179/Desktop/dftb_builds/dftb_gcc_Release/app/dftb+/dftb+" "-G" "/home/users/ntu/c230179/Desktop/dftbplus-25.1/test/app/dftb+/bin/globalpostrun.sh" "-s" "P,R,C,S" "helical/10-0Ctube"
58: Environment variables: 
58:  DFTBPLUS_PARAM_DIR=/home/users/ntu/c230179/Desktop/dftbplus-25.1/external
58: Test timeout computed to be: 10000000
58: cp: cannot stat 'helical/10-0Ctube/C-C.skf': No such file or directory
58: helical/10-0Ctube:	Test script returned non-zero exit code: 1
58:  deleting file 'autotest.tag'
58:  TODO.
58: 
58: ==============================================================================
58: TEST SUMMARY
58: ------------------------------------------------------------------------------
58: Match:
58:     None
58: 
58: Not run:
58:     helical/10-0Ctube
58: ------------------------------------------------------------------------------
58: Status: FAIL
 58/406 Test  #58: app/dftb+/helical/10-0Ctube ......................................***Failed    0.04 sec
cp: cannot stat 'helical/10-0Ctube/C-C.skf': No such file or directory
helical/10-0Ctube:	Test script returned non-zero exit code: 1
 deleting file 'autotest.tag'
 TODO.

==============================================================================
TEST SUMMARY
------------------------------------------------------------------------------
Match:
    None

Not run:
    helical/10-0Ctube
------------------------------------------------------------------------------
Status: FAIL

test 59
        Start  59: app/dftb+/helical/10-0CtubeC_10

59: Test command: /home/users/ntu/c230179/Desktop/dftbplus-25.1/test/app/dftb+/bin/autotest2 "-r" "/home/users/ntu/c230179/Desktop/dftbplus-25.1/test/app/dftb+" "-w" "/home/users/ntu/c230179/Desktop/dftb_builds/dftb_gcc_Release/test/app/dftb+" "-d" "/home/users/ntu/c230179/Desktop/dftbplus-25.1/test/app/dftb+/bin/tagdiff" "-P" "env OMP_NUM_THREADS=1" "-p" "/home/users/ntu/c230179/Desktop/dftb_builds/dftb_gcc_Release/app/dftb+/dftb+" "-G" "/home/users/ntu/c230179/Desktop/dftbplus-25.1/test/app/dftb+/bin/globalpostrun.sh" "-s" "P,R,C,S" "helical/10-0CtubeC_10"
59: Environment variables: 
59:  DFTBPLUS_PARAM_DIR=/home/users/ntu/c230179/Desktop/dftbplus-25.1/external
59: Test timeout computed to be: 10000000
59: cp: cannot stat 'helical/10-0CtubeC_10/C-C.skf': No such file or directory
59: helical/10-0CtubeC_10:	Test script returned non-zero exit code: 1
59:  deleting file 'autotest.tag'
59:  TODO.
59: 
59: ==============================================================================
59: TEST SUMMARY
59: ------------------------------------------------------------------------------
59: Match:
59:     None
59: 
59: Not run:
59:     helical/10-0CtubeC_10
59: ------------------------------------------------------------------------------
59: Status: FAIL
 59/406 Test  #59: app/dftb+/helical/10-0CtubeC_10 ..................................***Failed    0.04 sec
cp: cannot stat 'helical/10-0CtubeC_10/C-C.skf': No such file or directory
helical/10-0CtubeC_10:	Test script returned non-zero exit code: 1
 deleting file 'autotest.tag'
 TODO.

==============================================================================
TEST SUMMARY
------------------------------------------------------------------------------
Match:
    None

Not run:
    helical/10-0CtubeC_10
------------------------------------------------------------------------------
Status: FAIL

test 60
        Start  60: app/dftb+/helical/10-0CtubeC_10_origin

60: Test command: /home/users/ntu/c230179/Desktop/dftbplus-25.1/test/app/dftb+/bin/autotest2 "-r" "/home/users/ntu/c230179/Desktop/dftbplus-25.1/test/app/dftb+" "-w" "/home/users/ntu/c230179/Desktop/dftb_builds/dftb_gcc_Release/test/app/dftb+" "-d" "/home/users/ntu/c230179/Desktop/dftbplus-25.1/test/app/dftb+/bin/tagdiff" "-P" "env OMP_NUM_THREADS=1" "-p" "/home/users/ntu/c230179/Desktop/dftb_builds/dftb_gcc_Release/app/dftb+/dftb+" "-G" "/home/users/ntu/c230179/Desktop/dftbplus-25.1/test/app/dftb+/bin/globalpostrun.sh" "-s" "P,R,C,S" "helical/10-0CtubeC_10_origin"
60: Environment variables: 
60:  DFTBPLUS_PARAM_DIR=/home/users/ntu/c230179/Desktop/dftbplus-25.1/external
60: Test timeout computed to be: 10000000
60: cp: cannot stat 'helical/10-0CtubeC_10_origin/C-C.skf': No such file or directory
60: helical/10-0CtubeC_10_origin:	Test script returned non-zero exit code: 1
60:  deleting file 'autotest.tag'
60:  TODO.
60: 
60: ==============================================================================
60: TEST SUMMARY
60: ------------------------------------------------------------------------------
60: Match:
60:     None
60: 
60: Not run:
60:     helical/10-0CtubeC_10_origin
60: ------------------------------------------------------------------------------
60: Status: FAIL
 60/406 Test  #60: app/dftb+/helical/10-0CtubeC_10_origin ...........................***Failed    0.04 sec
cp: cannot stat 'helical/10-0CtubeC_10_origin/C-C.skf': No such file or directory
helical/10-0CtubeC_10_origin:	Test script returned non-zero exit code: 1
 deleting file 'autotest.tag'
 TODO.

==============================================================================
TEST SUMMARY
------------------------------------------------------------------------------
Match:
    None

Not run:
    helical/10-0CtubeC_10_origin
------------------------------------------------------------------------------
Status: FAIL

test 61
        Start  61: app/dftb+/helical/10-0CtubeC_10_sampled

61: Test command: /home/users/ntu/c230179/Desktop/dftbplus-25.1/test/app/dftb+/bin/autotest2 "-r" "/home/users/ntu/c230179/Desktop/dftbplus-25.1/test/app/dftb+" "-w" "/home/users/ntu/c230179/Desktop/dftb_builds/dftb_gcc_Release/test/app/dftb+" "-d" "/home/users/ntu/c230179/Desktop/dftbplus-25.1/test/app/dftb+/bin/tagdiff" "-P" "env OMP_NUM_THREADS=1" "-p" "/home/users/ntu/c230179/Desktop/dftb_builds/dftb_gcc_Release/app/dftb+/dftb+" "-G" "/home/users/ntu/c230179/Desktop/dftbplus-25.1/test/app/dftb+/bin/globalpostrun.sh" "-s" "P,R,C,S" "helical/10-0CtubeC_10_sampled"
61: Environment variables: 
61:  DFTBPLUS_PARAM_DIR=/home/users/ntu/c230179/Desktop/dftbplus-25.1/external
61: Test timeout computed to be: 10000000
61: cp: cannot stat 'helical/10-0CtubeC_10_sampled/C-C.skf': No such file or directory
61: helical/10-0CtubeC_10_sampled:	Test script returned non-zero exit code: 1
61:  deleting file 'autotest.tag'
61:  TODO.
61: 
61: ==============================================================================
61: TEST SUMMARY
61: ------------------------------------------------------------------------------
61: Match:
61:     None
61: 
61: Not run:
61:     helical/10-0CtubeC_10_sampled
61: ------------------------------------------------------------------------------
61: Status: FAIL
 61/406 Test  #61: app/dftb+/helical/10-0CtubeC_10_sampled ..........................***Failed    0.04 sec
cp: cannot stat 'helical/10-0CtubeC_10_sampled/C-C.skf': No such file or directory
helical/10-0CtubeC_10_sampled:	Test script returned non-zero exit code: 1
 deleting file 'autotest.tag'
 TODO.

==============================================================================
TEST SUMMARY
------------------------------------------------------------------------------
Match:
    None

Not run:
    helical/10-0CtubeC_10_sampled
------------------------------------------------------------------------------
Status: FAIL

test 62
        Start  62: app/dftb+/helical/1000-0-C_1000

62: Test command: /home/users/ntu/c230179/Desktop/dftbplus-25.1/test/app/dftb+/bin/autotest2 "-r" "/home/users/ntu/c230179/Desktop/dftbplus-25.1/test/app/dftb+" "-w" "/home/users/ntu/c230179/Desktop/dftb_builds/dftb_gcc_Release/test/app/dftb+" "-d" "/home/users/ntu/c230179/Desktop/dftbplus-25.1/test/app/dftb+/bin/tagdiff" "-P" "env OMP_NUM_THREADS=1" "-p" "/home/users/ntu/c230179/Desktop/dftb_builds/dftb_gcc_Release/app/dftb+/dftb+" "-G" "/home/users/ntu/c230179/Desktop/dftbplus-25.1/test/app/dftb+/bin/globalpostrun.sh" "-s" "P,R,C,S" "helical/1000-0-C_1000"
62: Environment variables: 
62:  DFTBPLUS_PARAM_DIR=/home/users/ntu/c230179/Desktop/dftbplus-25.1/external
62: Test timeout computed to be: 10000000
62: helical/1000-0-C_1000:	Test script returned non-zero exit code: 1
62:  deleting file 'autotest.tag'
62:  TODO.
62: 
62: ==============================================================================
62: TEST SUMMARY
62: ------------------------------------------------------------------------------
62: Match:
62:     None
62: 
62: Not run:
62:     helical/1000-0-C_1000
62: ------------------------------------------------------------------------------
62: Status: FAIL
 62/406 Test  #62: app/dftb+/helical/1000-0-C_1000 ..................................***Failed    0.04 sec
helical/1000-0-C_1000:	Test script returned non-zero exit code: 1
 deleting file 'autotest.tag'
 TODO.

==============================================================================
TEST SUMMARY
------------------------------------------------------------------------------
Match:
    None

Not run:
    helical/1000-0-C_1000
------------------------------------------------------------------------------
Status: FAIL

test 63
        Start  63: app/dftb+/helical/C6H6_stack

63: Test command: /home/users/ntu/c230179/Desktop/dftbplus-25.1/test/app/dftb+/bin/autotest2 "-r" "/home/users/ntu/c230179/Desktop/dftbplus-25.1/test/app/dftb+" "-w" "/home/users/ntu/c230179/Desktop/dftb_builds/dftb_gcc_Release/test/app/dftb+" "-d" "/home/users/ntu/c230179/Desktop/dftbplus-25.1/test/app/dftb+/bin/tagdiff" "-P" "env OMP_NUM_THREADS=1" "-p" "/home/users/ntu/c230179/Desktop/dftb_builds/dftb_gcc_Release/app/dftb+/dftb+" "-G" "/home/users/ntu/c230179/Desktop/dftbplus-25.1/test/app/dftb+/bin/globalpostrun.sh" "-s" "P,R,C,S" "helical/C6H6_stack"
63: Environment variables: 
63:  DFTBPLUS_PARAM_DIR=/home/users/ntu/c230179/Desktop/dftbplus-25.1/external
63: Test timeout computed to be: 10000000
63: cp: cannot stat 'helical/C6H6_stack/C-C.skf': No such file or directory
63: cp: cannot stat 'helical/C6H6_stack/C-H.skf': No such file or directory
63: cp: cannot stat 'helical/C6H6_stack/H-C.skf': No such file or directory
63: cp: cannot stat 'helical/C6H6_stack/H-H.skf': No such file or directory
63: helical/C6H6_stack:	Test script returned non-zero exit code: 1
63:  deleting file 'autotest.tag'
63:  TODO.
63: 
63: ==============================================================================
63: TEST SUMMARY
63: ------------------------------------------------------------------------------
63: Match:
63:     None
63: 
63: Not run:
63:     helical/C6H6_stack
63: ------------------------------------------------------------------------------
63: Status: FAIL
 63/406 Test  #63: app/dftb+/helical/C6H6_stack .....................................***Failed    0.05 sec
cp: cannot stat 'helical/C6H6_stack/C-C.skf': No such file or directory
cp: cannot stat 'helical/C6H6_stack/C-H.skf': No such file or directory
cp: cannot stat 'helical/C6H6_stack/H-C.skf': No such file or directory
cp: cannot stat 'helical/C6H6_stack/H-H.skf': No such file or directory
helical/C6H6_stack:	Test script returned non-zero exit code: 1
 deleting file 'autotest.tag'
 TODO.

==============================================================================
TEST SUMMARY
------------------------------------------------------------------------------
Match:
    None

Not run:
    helical/C6H6_stack
------------------------------------------------------------------------------
Status: FAIL

test 64
        Start  64: app/dftb+/elecconstraints/H2O_scc

64: Test command: /home/users/ntu/c230179/Desktop/dftbplus-25.1/test/app/dftb+/bin/autotest2 "-r" "/home/users/ntu/c230179/Desktop/dftbplus-25.1/test/app/dftb+" "-w" "/home/users/ntu/c230179/Desktop/dftb_builds/dftb_gcc_Release/test/app/dftb+" "-d" "/home/users/ntu/c230179/Desktop/dftbplus-25.1/test/app/dftb+/bin/tagdiff" "-P" "env OMP_NUM_THREADS=1" "-p" "/home/users/ntu/c230179/Desktop/dftb_builds/dftb_gcc_Release/app/dftb+/dftb+" "-G" "/home/users/ntu/c230179/Desktop/dftbplus-25.1/test/app/dftb+/bin/globalpostrun.sh" "-s" "P,R,C,S" "elecconstraints/H2O_scc"
64: Environment variables: 
64:  DFTBPLUS_PARAM_DIR=/home/users/ntu/c230179/Desktop/dftbplus-25.1/external
64: Test timeout computed to be: 10000000
64: elecconstraints/H2O_scc:	Test script returned non-zero exit code: 1
64:  deleting file 'autotest.tag'
64:  TODO.
64: 
64: ==============================================================================
64: TEST SUMMARY
64: ------------------------------------------------------------------------------
64: Match:
64:     None
64: 
64: Not run:
64:     elecconstraints/H2O_scc
64: ------------------------------------------------------------------------------
64: Status: FAIL
 64/406 Test  #64: app/dftb+/elecconstraints/H2O_scc ................................***Failed    0.04 sec
elecconstraints/H2O_scc:	Test script returned non-zero exit code: 1
 deleting file 'autotest.tag'
 TODO.

==============================================================================
TEST SUMMARY
------------------------------------------------------------------------------
Match:
    None

Not run:
    elecconstraints/H2O_scc
------------------------------------------------------------------------------
Status: FAIL

test 65
        Start  65: app/dftb+/elecconstraints/H2O_scc-individual

65: Test command: /home/users/ntu/c230179/Desktop/dftbplus-25.1/test/app/dftb+/bin/autotest2 "-r" "/home/users/ntu/c230179/Desktop/dftbplus-25.1/test/app/dftb+" "-w" "/home/users/ntu/c230179/Desktop/dftb_builds/dftb_gcc_Release/test/app/dftb+" "-d" "/home/users/ntu/c230179/Desktop/dftbplus-25.1/test/app/dftb+/bin/tagdiff" "-P" "env OMP_NUM_THREADS=1" "-p" "/home/users/ntu/c230179/Desktop/dftb_builds/dftb_gcc_Release/app/dftb+/dftb+" "-G" "/home/users/ntu/c230179/Desktop/dftbplus-25.1/test/app/dftb+/bin/globalpostrun.sh" "-s" "P,R,C,S" "elecconstraints/H2O_scc-individual"
65: Environment variables: 
65:  DFTBPLUS_PARAM_DIR=/home/users/ntu/c230179/Desktop/dftbplus-25.1/external
65: Test timeout computed to be: 10000000
65: elecconstraints/H2O_scc-individual:	Test script returned non-zero exit code: 1
65:  deleting file 'autotest.tag'
65:  TODO.
65: 
65: ==============================================================================
65: TEST SUMMARY
65: ------------------------------------------------------------------------------
65: Match:
65:     None
65: 
65: Not run:
65:     elecconstraints/H2O_scc-individual
65: ------------------------------------------------------------------------------
65: Status: FAIL
 65/406 Test  #65: app/dftb+/elecconstraints/H2O_scc-individual .....................***Failed    0.04 sec
elecconstraints/H2O_scc-individual:	Test script returned non-zero exit code: 1
 deleting file 'autotest.tag'
 TODO.

==============================================================================
TEST SUMMARY
------------------------------------------------------------------------------
Match:
    None

Not run:
    elecconstraints/H2O_scc-individual
------------------------------------------------------------------------------
Status: FAIL

test 66
        Start  66: app/dftb+/elecconstraints/H2O_non-converged

66: Test command: /home/users/ntu/c230179/Desktop/dftbplus-25.1/test/app/dftb+/bin/autotest2 "-r" "/home/users/ntu/c230179/Desktop/dftbplus-25.1/test/app/dftb+" "-w" "/home/users/ntu/c230179/Desktop/dftb_builds/dftb_gcc_Release/test/app/dftb+" "-d" "/home/users/ntu/c230179/Desktop/dftbplus-25.1/test/app/dftb+/bin/tagdiff" "-P" "env OMP_NUM_THREADS=1" "-p" "/home/users/ntu/c230179/Desktop/dftb_builds/dftb_gcc_Release/app/dftb+/dftb+" "-G" "/home/users/ntu/c230179/Desktop/dftbplus-25.1/test/app/dftb+/bin/globalpostrun.sh" "-s" "P,R,C,S" "elecconstraints/H2O_non-converged"
66: Environment variables: 
66:  DFTBPLUS_PARAM_DIR=/home/users/ntu/c230179/Desktop/dftbplus-25.1/external
66: Test timeout computed to be: 10000000
66: elecconstraints/H2O_non-converged:	Test script returned non-zero exit code: 1
66:  deleting file 'autotest.tag'
66:  TODO.
66: 
66: ==============================================================================
66: TEST SUMMARY
66: ------------------------------------------------------------------------------
66: Match:
66:     None
66: 
66: Not run:
66:     elecconstraints/H2O_non-converged
66: ------------------------------------------------------------------------------
66: Status: FAIL
 66/406 Test  #66: app/dftb+/elecconstraints/H2O_non-converged ......................***Failed    0.04 sec
elecconstraints/H2O_non-converged:	Test script returned non-zero exit code: 1
 deleting file 'autotest.tag'
 TODO.

==============================================================================
TEST SUMMARY
------------------------------------------------------------------------------
Match:
    None

Not run:
    elecconstraints/H2O_non-converged
------------------------------------------------------------------------------
Status: FAIL

test 67
        Start  67: app/dftb+/elecconstraints/Si8_spin

67: Test command: /home/users/ntu/c230179/Desktop/dftbplus-25.1/test/app/dftb+/bin/autotest2 "-r" "/home/users/ntu/c230179/Desktop/dftbplus-25.1/test/app/dftb+" "-w" "/home/users/ntu/c230179/Desktop/dftb_builds/dftb_gcc_Release/test/app/dftb+" "-d" "/home/users/ntu/c230179/Desktop/dftbplus-25.1/test/app/dftb+/bin/tagdiff" "-P" "env OMP_NUM_THREADS=1" "-p" "/home/users/ntu/c230179/Desktop/dftb_builds/dftb_gcc_Release/app/dftb+/dftb+" "-G" "/home/users/ntu/c230179/Desktop/dftbplus-25.1/test/app/dftb+/bin/globalpostrun.sh" "-s" "P,R,C,S" "elecconstraints/Si8_spin"
67: Environment variables: 
67:  DFTBPLUS_PARAM_DIR=/home/users/ntu/c230179/Desktop/dftbplus-25.1/external
67: Test timeout computed to be: 10000000
67: elecconstraints/Si8_spin:	Test script returned non-zero exit code: 1
67:  deleting file 'autotest.tag'
67:  TODO.
67: 
67: ==============================================================================
67: TEST SUMMARY
67: ------------------------------------------------------------------------------
67: Match:
67:     None
67: 
67: Not run:
67:     elecconstraints/Si8_spin
67: ------------------------------------------------------------------------------
67: Status: FAIL
 67/406 Test  #67: app/dftb+/elecconstraints/Si8_spin ...............................***Failed    0.05 sec
elecconstraints/Si8_spin:	Test script returned non-zero exit code: 1
 deleting file 'autotest.tag'
 TODO.

==============================================================================
TEST SUMMARY
------------------------------------------------------------------------------
Match:
    None

Not run:
    elecconstraints/Si8_spin
------------------------------------------------------------------------------
Status: FAIL

test 68
        Start  68: app/dftb+/elecconstraints/Fe4_noncolinear

68: Test command: /home/users/ntu/c230179/Desktop/dftbplus-25.1/test/app/dftb+/bin/autotest2 "-r" "/home/users/ntu/c230179/Desktop/dftbplus-25.1/test/app/dftb+" "-w" "/home/users/ntu/c230179/Desktop/dftb_builds/dftb_gcc_Release/test/app/dftb+" "-d" "/home/users/ntu/c230179/Desktop/dftbplus-25.1/test/app/dftb+/bin/tagdiff" "-P" "env OMP_NUM_THREADS=1" "-p" "/home/users/ntu/c230179/Desktop/dftb_builds/dftb_gcc_Release/app/dftb+/dftb+" "-G" "/home/users/ntu/c230179/Desktop/dftbplus-25.1/test/app/dftb+/bin/globalpostrun.sh" "-s" "P,R,C,S" "elecconstraints/Fe4_noncolinear"
68: Environment variables: 
68:  DFTBPLUS_PARAM_DIR=/home/users/ntu/c230179/Desktop/dftbplus-25.1/external
68: Test timeout computed to be: 10000000
68: elecconstraints/Fe4_noncolinear:	Test script returned non-zero exit code: 1
68:  deleting file 'autotest.tag'
68:  TODO.
68: 
68: ==============================================================================
68: TEST SUMMARY
68: ------------------------------------------------------------------------------
68: Match:
68:     None
68: 
68: Not run:
68:     elecconstraints/Fe4_noncolinear
68: ------------------------------------------------------------------------------
68: Status: FAIL
 68/406 Test  #68: app/dftb+/elecconstraints/Fe4_noncolinear ........................***Failed    0.04 sec
elecconstraints/Fe4_noncolinear:	Test script returned non-zero exit code: 1
 deleting file 'autotest.tag'
 TODO.

==============================================================================
TEST SUMMARY
------------------------------------------------------------------------------
Match:
    None

Not run:
    elecconstraints/Fe4_noncolinear
------------------------------------------------------------------------------
Status: FAIL

test 69
        Start  69: app/dftb+/input/caffeine_gen

69: Test command: /home/users/ntu/c230179/Desktop/dftbplus-25.1/test/app/dftb+/bin/autotest2 "-r" "/home/users/ntu/c230179/Desktop/dftbplus-25.1/test/app/dftb+" "-w" "/home/users/ntu/c230179/Desktop/dftb_builds/dftb_gcc_Release/test/app/dftb+" "-d" "/home/users/ntu/c230179/Desktop/dftbplus-25.1/test/app/dftb+/bin/tagdiff" "-P" "env OMP_NUM_THREADS=1" "-p" "/home/users/ntu/c230179/Desktop/dftb_builds/dftb_gcc_Release/app/dftb+/dftb+" "-G" "/home/users/ntu/c230179/Desktop/dftbplus-25.1/test/app/dftb+/bin/globalpostrun.sh" "-s" "P,R,C,S" "input/caffeine_gen"
69: Environment variables: 
69:  DFTBPLUS_PARAM_DIR=/home/users/ntu/c230179/Desktop/dftbplus-25.1/external
69: Test timeout computed to be: 10000000
69: input/caffeine_gen:	Test script returned non-zero exit code: 1
69:  deleting file 'autotest.tag'
69:  TODO.
69: 
69: ==============================================================================
69: TEST SUMMARY
69: ------------------------------------------------------------------------------
69: Match:
69:     None
69: 
69: Not run:
69:     input/caffeine_gen
69: ------------------------------------------------------------------------------
69: Status: FAIL
 69/406 Test  #69: app/dftb+/input/caffeine_gen .....................................***Failed    0.05 sec
input/caffeine_gen:	Test script returned non-zero exit code: 1
 deleting file 'autotest.tag'
 TODO.

==============================================================================
TEST SUMMARY
------------------------------------------------------------------------------
Match:
    None

Not run:
    input/caffeine_gen
------------------------------------------------------------------------------
Status: FAIL

test 70
        Start  70: app/dftb+/input/caffeine_xyz

70: Test command: /home/users/ntu/c230179/Desktop/dftbplus-25.1/test/app/dftb+/bin/autotest2 "-r" "/home/users/ntu/c230179/Desktop/dftbplus-25.1/test/app/dftb+" "-w" "/home/users/ntu/c230179/Desktop/dftb_builds/dftb_gcc_Release/test/app/dftb+" "-d" "/home/users/ntu/c230179/Desktop/dftbplus-25.1/test/app/dftb+/bin/tagdiff" "-P" "env OMP_NUM_THREADS=1" "-p" "/home/users/ntu/c230179/Desktop/dftb_builds/dftb_gcc_Release/app/dftb+/dftb+" "-G" "/home/users/ntu/c230179/Desktop/dftbplus-25.1/test/app/dftb+/bin/globalpostrun.sh" "-s" "P,R,C,S" "input/caffeine_xyz"
70: Environment variables: 
70:  DFTBPLUS_PARAM_DIR=/home/users/ntu/c230179/Desktop/dftbplus-25.1/external
70: Test timeout computed to be: 10000000
70: input/caffeine_xyz:	Test script returned non-zero exit code: 1
70:  deleting file 'autotest.tag'
70:  TODO.
70: 
70: ==============================================================================
70: TEST SUMMARY
70: ------------------------------------------------------------------------------
70: Match:
70:     None
70: 
70: Not run:
70:     input/caffeine_xyz
70: ------------------------------------------------------------------------------
70: Status: FAIL
 70/406 Test  #70: app/dftb+/input/caffeine_xyz .....................................***Failed    0.04 sec
input/caffeine_xyz:	Test script returned non-zero exit code: 1
 deleting file 'autotest.tag'
 TODO.

==============================================================================
TEST SUMMARY
------------------------------------------------------------------------------
Match:
    None

Not run:
    input/caffeine_xyz
------------------------------------------------------------------------------
Status: FAIL

test 71
        Start  71: app/dftb+/input/ammonia_lammps

71: Test command: /home/users/ntu/c230179/Desktop/dftbplus-25.1/test/app/dftb+/bin/autotest2 "-r" "/home/users/ntu/c230179/Desktop/dftbplus-25.1/test/app/dftb+" "-w" "/home/users/ntu/c230179/Desktop/dftb_builds/dftb_gcc_Release/test/app/dftb+" "-d" "/home/users/ntu/c230179/Desktop/dftbplus-25.1/test/app/dftb+/bin/tagdiff" "-P" "env OMP_NUM_THREADS=1" "-p" "/home/users/ntu/c230179/Desktop/dftb_builds/dftb_gcc_Release/app/dftb+/dftb+" "-G" "/home/users/ntu/c230179/Desktop/dftbplus-25.1/test/app/dftb+/bin/globalpostrun.sh" "-s" "P,R,C,S" "input/ammonia_lammps"
71: Environment variables: 
71:  DFTBPLUS_PARAM_DIR=/home/users/ntu/c230179/Desktop/dftbplus-25.1/external
71: Test timeout computed to be: 10000000
71: input/ammonia_lammps:	Test script returned non-zero exit code: 1
71:  deleting file 'autotest.tag'
71:  TODO.
71: 
71: ==============================================================================
71: TEST SUMMARY
71: ------------------------------------------------------------------------------
71: Match:
71:     None
71: 
71: Not run:
71:     input/ammonia_lammps
71: ------------------------------------------------------------------------------
71: Status: FAIL
 71/406 Test  #71: app/dftb+/input/ammonia_lammps ...................................***Failed    0.05 sec
input/ammonia_lammps:	Test script returned non-zero exit code: 1
 deleting file 'autotest.tag'
 TODO.

==============================================================================
TEST SUMMARY
------------------------------------------------------------------------------
Match:
    None

Not run:
    input/ammonia_lammps
------------------------------------------------------------------------------
Status: FAIL

test 72
        Start  72: app/dftb+/input/ammonia_poscar

72: Test command: /home/users/ntu/c230179/Desktop/dftbplus-25.1/test/app/dftb+/bin/autotest2 "-r" "/home/users/ntu/c230179/Desktop/dftbplus-25.1/test/app/dftb+" "-w" "/home/users/ntu/c230179/Desktop/dftb_builds/dftb_gcc_Release/test/app/dftb+" "-d" "/home/users/ntu/c230179/Desktop/dftbplus-25.1/test/app/dftb+/bin/tagdiff" "-P" "env OMP_NUM_THREADS=1" "-p" "/home/users/ntu/c230179/Desktop/dftb_builds/dftb_gcc_Release/app/dftb+/dftb+" "-G" "/home/users/ntu/c230179/Desktop/dftbplus-25.1/test/app/dftb+/bin/globalpostrun.sh" "-s" "P,R,C,S" "input/ammonia_poscar"
72: Environment variables: 
72:  DFTBPLUS_PARAM_DIR=/home/users/ntu/c230179/Desktop/dftbplus-25.1/external
72: Test timeout computed to be: 10000000
72: input/ammonia_poscar:	Test script returned non-zero exit code: 1
72:  deleting file 'autotest.tag'
72:  TODO.
72: 
72: ==============================================================================
72: TEST SUMMARY
72: ------------------------------------------------------------------------------
72: Match:
72:     None
72: 
72: Not run:
72:     input/ammonia_poscar
72: ------------------------------------------------------------------------------
72: Status: FAIL
 72/406 Test  #72: app/dftb+/input/ammonia_poscar ...................................***Failed    0.05 sec
input/ammonia_poscar:	Test script returned non-zero exit code: 1
 deleting file 'autotest.tag'
 TODO.

==============================================================================
TEST SUMMARY
------------------------------------------------------------------------------
Match:
    None

Not run:
    input/ammonia_poscar
------------------------------------------------------------------------------
Status: FAIL

test 73
        Start  73: app/dftb+/input/unsorted_contcar

73: Test command: /home/users/ntu/c230179/Desktop/dftbplus-25.1/test/app/dftb+/bin/autotest2 "-r" "/home/users/ntu/c230179/Desktop/dftbplus-25.1/test/app/dftb+" "-w" "/home/users/ntu/c230179/Desktop/dftb_builds/dftb_gcc_Release/test/app/dftb+" "-d" "/home/users/ntu/c230179/Desktop/dftbplus-25.1/test/app/dftb+/bin/tagdiff" "-P" "env OMP_NUM_THREADS=1" "-p" "/home/users/ntu/c230179/Desktop/dftb_builds/dftb_gcc_Release/app/dftb+/dftb+" "-G" "/home/users/ntu/c230179/Desktop/dftbplus-25.1/test/app/dftb+/bin/globalpostrun.sh" "-s" "P,R,C,S" "input/unsorted_contcar"
73: Environment variables: 
73:  DFTBPLUS_PARAM_DIR=/home/users/ntu/c230179/Desktop/dftbplus-25.1/external
73: Test timeout computed to be: 10000000
73: input/unsorted_contcar:	Test script returned non-zero exit code: 1
73:  deleting file 'autotest.tag'
73:  TODO.
73: 
73: ==============================================================================
73: TEST SUMMARY
73: ------------------------------------------------------------------------------
73: Match:
73:     None
73: 
73: Not run:
73:     input/unsorted_contcar
73: ------------------------------------------------------------------------------
73: Status: FAIL
 73/406 Test  #73: app/dftb+/input/unsorted_contcar .................................***Failed    0.05 sec
input/unsorted_contcar:	Test script returned non-zero exit code: 1
 deleting file 'autotest.tag'
 TODO.

==============================================================================
TEST SUMMARY
------------------------------------------------------------------------------
Match:
    None

Not run:
    input/unsorted_contcar
------------------------------------------------------------------------------
Status: FAIL

test 74
        Start  74: app/dftb+/hybrid/cluster/C18H12-force-hyb

74: Test command: /home/users/ntu/c230179/Desktop/dftbplus-25.1/test/app/dftb+/bin/autotest2 "-r" "/home/users/ntu/c230179/Desktop/dftbplus-25.1/test/app/dftb+" "-w" "/home/users/ntu/c230179/Desktop/dftb_builds/dftb_gcc_Release/test/app/dftb+" "-d" "/home/users/ntu/c230179/Desktop/dftbplus-25.1/test/app/dftb+/bin/tagdiff" "-P" "env OMP_NUM_THREADS=1" "-p" "/home/users/ntu/c230179/Desktop/dftb_builds/dftb_gcc_Release/app/dftb+/dftb+" "-G" "/home/users/ntu/c230179/Desktop/dftbplus-25.1/test/app/dftb+/bin/globalpostrun.sh" "-s" "P,R,C,S" "hybrid/cluster/C18H12-force-hyb"
74: Environment variables: 
74:  DFTBPLUS_PARAM_DIR=/home/users/ntu/c230179/Desktop/dftbplus-25.1/external
74: Test timeout computed to be: 10000000
74: hybrid/cluster/C18H12-force-hyb:	Test script returned non-zero exit code: 1
74:  deleting file 'autotest.tag'
74:  TODO.
74: 
74: ==============================================================================
74: TEST SUMMARY
74: ------------------------------------------------------------------------------
74: Match:
74:     None
74: 
74: Not run:
74:     hybrid/cluster/C18H12-force-hyb
74: ------------------------------------------------------------------------------
74: Status: FAIL
 74/406 Test  #74: app/dftb+/hybrid/cluster/C18H12-force-hyb ........................***Failed    0.05 sec
hybrid/cluster/C18H12-force-hyb:	Test script returned non-zero exit code: 1
 deleting file 'autotest.tag'
 TODO.

==============================================================================
TEST SUMMARY
------------------------------------------------------------------------------
Match:
    None

Not run:
    hybrid/cluster/C18H12-force-hyb
------------------------------------------------------------------------------
Status: FAIL

test 75
        Start  75: app/dftb+/hybrid/cluster/C18H12-force-lc

75: Test command: /home/users/ntu/c230179/Desktop/dftbplus-25.1/test/app/dftb+/bin/autotest2 "-r" "/home/users/ntu/c230179/Desktop/dftbplus-25.1/test/app/dftb+" "-w" "/home/users/ntu/c230179/Desktop/dftb_builds/dftb_gcc_Release/test/app/dftb+" "-d" "/home/users/ntu/c230179/Desktop/dftbplus-25.1/test/app/dftb+/bin/tagdiff" "-P" "env OMP_NUM_THREADS=1" "-p" "/home/users/ntu/c230179/Desktop/dftb_builds/dftb_gcc_Release/app/dftb+/dftb+" "-G" "/home/users/ntu/c230179/Desktop/dftbplus-25.1/test/app/dftb+/bin/globalpostrun.sh" "-s" "P,R,C,S" "hybrid/cluster/C18H12-force-lc"
75: Environment variables: 
75:  DFTBPLUS_PARAM_DIR=/home/users/ntu/c230179/Desktop/dftbplus-25.1/external
75: Test timeout computed to be: 10000000
75: hybrid/cluster/C18H12-force-lc:	Test script returned non-zero exit code: 1
75:  deleting file 'autotest.tag'
75:  TODO.
75: 
75: ==============================================================================
75: TEST SUMMARY
75: ------------------------------------------------------------------------------
75: Match:
75:     None
75: 
75: Not run:
75:     hybrid/cluster/C18H12-force-lc
75: ------------------------------------------------------------------------------
75: Status: FAIL
 75/406 Test  #75: app/dftb+/hybrid/cluster/C18H12-force-lc .........................***Failed    0.04 sec
hybrid/cluster/C18H12-force-lc:	Test script returned non-zero exit code: 1
 deleting file 'autotest.tag'
 TODO.

==============================================================================
TEST SUMMARY
------------------------------------------------------------------------------
Match:
    None

Not run:
    hybrid/cluster/C18H12-force-lc
------------------------------------------------------------------------------
Status: FAIL

test 76
        Start  76: app/dftb+/hybrid/cluster/C18H12-force-cam

76: Test command: /home/users/ntu/c230179/Desktop/dftbplus-25.1/test/app/dftb+/bin/autotest2 "-r" "/home/users/ntu/c230179/Desktop/dftbplus-25.1/test/app/dftb+" "-w" "/home/users/ntu/c230179/Desktop/dftb_builds/dftb_gcc_Release/test/app/dftb+" "-d" "/home/users/ntu/c230179/Desktop/dftbplus-25.1/test/app/dftb+/bin/tagdiff" "-P" "env OMP_NUM_THREADS=1" "-p" "/home/users/ntu/c230179/Desktop/dftb_builds/dftb_gcc_Release/app/dftb+/dftb+" "-G" "/home/users/ntu/c230179/Desktop/dftbplus-25.1/test/app/dftb+/bin/globalpostrun.sh" "-s" "P,R,C,S" "hybrid/cluster/C18H12-force-cam"
76: Environment variables: 
76:  DFTBPLUS_PARAM_DIR=/home/users/ntu/c230179/Desktop/dftbplus-25.1/external
76: Test timeout computed to be: 10000000
76: hybrid/cluster/C18H12-force-cam:	Test script returned non-zero exit code: 1
76:  deleting file 'autotest.tag'
76:  TODO.
76: 
76: ==============================================================================
76: TEST SUMMARY
76: ------------------------------------------------------------------------------
76: Match:
76:     None
76: 
76: Not run:
76:     hybrid/cluster/C18H12-force-cam
76: ------------------------------------------------------------------------------
76: Status: FAIL
 76/406 Test  #76: app/dftb+/hybrid/cluster/C18H12-force-cam ........................***Failed    0.05 sec
hybrid/cluster/C18H12-force-cam:	Test script returned non-zero exit code: 1
 deleting file 'autotest.tag'
 TODO.

==============================================================================
TEST SUMMARY
------------------------------------------------------------------------------
Match:
    None

Not run:
    hybrid/cluster/C18H12-force-cam
------------------------------------------------------------------------------
Status: FAIL

test 77
        Start  77: app/dftb+/legacy/parser/v4

77: Test command: /home/users/ntu/c230179/Desktop/dftbplus-25.1/test/app/dftb+/bin/autotest2 "-r" "/home/users/ntu/c230179/Desktop/dftbplus-25.1/test/app/dftb+" "-w" "/home/users/ntu/c230179/Desktop/dftb_builds/dftb_gcc_Release/test/app/dftb+" "-d" "/home/users/ntu/c230179/Desktop/dftbplus-25.1/test/app/dftb+/bin/tagdiff" "-P" "env OMP_NUM_THREADS=1" "-p" "/home/users/ntu/c230179/Desktop/dftb_builds/dftb_gcc_Release/app/dftb+/dftb+" "-G" "/home/users/ntu/c230179/Desktop/dftbplus-25.1/test/app/dftb+/bin/globalpostrun.sh" "-s" "P,R,C,S" "legacy/parser/v4"
77: Environment variables: 
77:  DFTBPLUS_PARAM_DIR=/home/users/ntu/c230179/Desktop/dftbplus-25.1/external
77: Test timeout computed to be: 10000000
77: legacy/parser/v4:	Test script returned non-zero exit code: 1
77:  deleting file 'autotest.tag'
77:  TODO.
77: 
77: ==============================================================================
77: TEST SUMMARY
77: ------------------------------------------------------------------------------
77: Match:
77:     None
77: 
77: Not run:
77:     legacy/parser/v4
77: ------------------------------------------------------------------------------
77: Status: FAIL
 77/406 Test  #77: app/dftb+/legacy/parser/v4 .......................................***Failed    0.06 sec
legacy/parser/v4:	Test script returned non-zero exit code: 1
 deleting file 'autotest.tag'
 TODO.

==============================================================================
TEST SUMMARY
------------------------------------------------------------------------------
Match:
    None

Not run:
    legacy/parser/v4
------------------------------------------------------------------------------
Status: FAIL

test 78
        Start  78: app/dftb+/hybrid/cluster/C18H12-nbscreening

78: Test command: /home/users/ntu/c230179/Desktop/dftbplus-25.1/test/app/dftb+/bin/autotest2 "-r" "/home/users/ntu/c230179/Desktop/dftbplus-25.1/test/app/dftb+" "-w" "/home/users/ntu/c230179/Desktop/dftb_builds/dftb_gcc_Release/test/app/dftb+" "-d" "/home/users/ntu/c230179/Desktop/dftbplus-25.1/test/app/dftb+/bin/tagdiff" "-P" "env OMP_NUM_THREADS=1" "-p" "/home/users/ntu/c230179/Desktop/dftb_builds/dftb_gcc_Release/app/dftb+/dftb+" "-G" "/home/users/ntu/c230179/Desktop/dftbplus-25.1/test/app/dftb+/bin/globalpostrun.sh" "-s" "P,R,C,S" "hybrid/cluster/C18H12-nbscreening"
78: Environment variables: 
78:  DFTBPLUS_PARAM_DIR=/home/users/ntu/c230179/Desktop/dftbplus-25.1/external
78: Test timeout computed to be: 10000000
78: hybrid/cluster/C18H12-nbscreening:	Test script returned non-zero exit code: 1
78:  deleting file 'autotest.tag'
78:  TODO.
78: 
78: ==============================================================================
78: TEST SUMMARY
78: ------------------------------------------------------------------------------
78: Match:
78:     None
78: 
78: Not run:
78:     hybrid/cluster/C18H12-nbscreening
78: ------------------------------------------------------------------------------
78: Status: FAIL
 78/406 Test  #78: app/dftb+/hybrid/cluster/C18H12-nbscreening ......................***Failed    0.04 sec
hybrid/cluster/C18H12-nbscreening:	Test script returned non-zero exit code: 1
 deleting file 'autotest.tag'
 TODO.

==============================================================================
TEST SUMMARY
------------------------------------------------------------------------------
Match:
    None

Not run:
    hybrid/cluster/C18H12-nbscreening
------------------------------------------------------------------------------
Status: FAIL

test 79
        Start  79: app/dftb+/hybrid/cluster/C18H12-matrix

79: Test command: /home/users/ntu/c230179/Desktop/dftbplus-25.1/test/app/dftb+/bin/autotest2 "-r" "/home/users/ntu/c230179/Desktop/dftbplus-25.1/test/app/dftb+" "-w" "/home/users/ntu/c230179/Desktop/dftb_builds/dftb_gcc_Release/test/app/dftb+" "-d" "/home/users/ntu/c230179/Desktop/dftbplus-25.1/test/app/dftb+/bin/tagdiff" "-P" "env OMP_NUM_THREADS=1" "-p" "/home/users/ntu/c230179/Desktop/dftb_builds/dftb_gcc_Release/app/dftb+/dftb+" "-G" "/home/users/ntu/c230179/Desktop/dftbplus-25.1/test/app/dftb+/bin/globalpostrun.sh" "-s" "P,R,C,S" "hybrid/cluster/C18H12-matrix"
79: Environment variables: 
79:  DFTBPLUS_PARAM_DIR=/home/users/ntu/c230179/Desktop/dftbplus-25.1/external
79: Test timeout computed to be: 10000000
79: hybrid/cluster/C18H12-matrix:	Test script returned non-zero exit code: 1
79:  deleting file 'autotest.tag'
79:  TODO.
79: 
79: ==============================================================================
79: TEST SUMMARY
79: ------------------------------------------------------------------------------
79: Match:
79:     None
79: 
79: Not run:
79:     hybrid/cluster/C18H12-matrix
79: ------------------------------------------------------------------------------
79: Status: FAIL
 79/406 Test  #79: app/dftb+/hybrid/cluster/C18H12-matrix ...........................***Failed    0.04 sec
hybrid/cluster/C18H12-matrix:	Test script returned non-zero exit code: 1
 deleting file 'autotest.tag'
 TODO.

==============================================================================
TEST SUMMARY
------------------------------------------------------------------------------
Match:
    None

Not run:
    hybrid/cluster/C18H12-matrix
------------------------------------------------------------------------------
Status: FAIL

test 80
        Start  80: app/dftb+/hybrid/cluster/CH3

80: Test command: /home/users/ntu/c230179/Desktop/dftbplus-25.1/test/app/dftb+/bin/autotest2 "-r" "/home/users/ntu/c230179/Desktop/dftbplus-25.1/test/app/dftb+" "-w" "/home/users/ntu/c230179/Desktop/dftb_builds/dftb_gcc_Release/test/app/dftb+" "-d" "/home/users/ntu/c230179/Desktop/dftbplus-25.1/test/app/dftb+/bin/tagdiff" "-P" "env OMP_NUM_THREADS=1" "-p" "/home/users/ntu/c230179/Desktop/dftb_builds/dftb_gcc_Release/app/dftb+/dftb+" "-G" "/home/users/ntu/c230179/Desktop/dftbplus-25.1/test/app/dftb+/bin/globalpostrun.sh" "-s" "P,R,C,S" "hybrid/cluster/CH3"
80: Environment variables: 
80:  DFTBPLUS_PARAM_DIR=/home/users/ntu/c230179/Desktop/dftbplus-25.1/external
80: Test timeout computed to be: 10000000
80: hybrid/cluster/CH3:	Test script returned non-zero exit code: 1
80:  deleting file 'autotest.tag'
80:  TODO.
80: 
80: ==============================================================================
80: TEST SUMMARY
80: ------------------------------------------------------------------------------
80: Match:
80:     None
80: 
80: Not run:
80:     hybrid/cluster/CH3
80: ------------------------------------------------------------------------------
80: Status: FAIL
 80/406 Test  #80: app/dftb+/hybrid/cluster/CH3 .....................................***Failed    0.04 sec
hybrid/cluster/CH3:	Test script returned non-zero exit code: 1
 deleting file 'autotest.tag'
 TODO.

==============================================================================
TEST SUMMARY
------------------------------------------------------------------------------
Match:
    None

Not run:
    hybrid/cluster/CH3
------------------------------------------------------------------------------
Status: FAIL

test 81
        Start  81: app/dftb+/hybrid/cluster/CH3-default-compat

81: Test command: /home/users/ntu/c230179/Desktop/dftbplus-25.1/test/app/dftb+/bin/autotest2 "-r" "/home/users/ntu/c230179/Desktop/dftbplus-25.1/test/app/dftb+" "-w" "/home/users/ntu/c230179/Desktop/dftb_builds/dftb_gcc_Release/test/app/dftb+" "-d" "/home/users/ntu/c230179/Desktop/dftbplus-25.1/test/app/dftb+/bin/tagdiff" "-P" "env OMP_NUM_THREADS=1" "-p" "/home/users/ntu/c230179/Desktop/dftb_builds/dftb_gcc_Release/app/dftb+/dftb+" "-G" "/home/users/ntu/c230179/Desktop/dftbplus-25.1/test/app/dftb+/bin/globalpostrun.sh" "-s" "P,R,C,S" "hybrid/cluster/CH3-default-compat"
81: Environment variables: 
81:  DFTBPLUS_PARAM_DIR=/home/users/ntu/c230179/Desktop/dftbplus-25.1/external
81: Test timeout computed to be: 10000000
81: hybrid/cluster/CH3-default-compat:	Test script returned non-zero exit code: 1
81:  deleting file 'autotest.tag'
81:  TODO.
81: 
81: ==============================================================================
81: TEST SUMMARY
81: ------------------------------------------------------------------------------
81: Match:
81:     None
81: 
81: Not run:
81:     hybrid/cluster/CH3-default-compat
81: ------------------------------------------------------------------------------
81: Status: FAIL
 81/406 Test  #81: app/dftb+/hybrid/cluster/CH3-default-compat ......................***Failed    0.05 sec
hybrid/cluster/CH3-default-compat:	Test script returned non-zero exit code: 1
 deleting file 'autotest.tag'
 TODO.

==============================================================================
TEST SUMMARY
------------------------------------------------------------------------------
Match:
    None

Not run:
    hybrid/cluster/CH3-default-compat
------------------------------------------------------------------------------
Status: FAIL

test 82
        Start  82: app/dftb+/hybrid/cluster/CH3-matrix

82: Test command: /home/users/ntu/c230179/Desktop/dftbplus-25.1/test/app/dftb+/bin/autotest2 "-r" "/home/users/ntu/c230179/Desktop/dftbplus-25.1/test/app/dftb+" "-w" "/home/users/ntu/c230179/Desktop/dftb_builds/dftb_gcc_Release/test/app/dftb+" "-d" "/home/users/ntu/c230179/Desktop/dftbplus-25.1/test/app/dftb+/bin/tagdiff" "-P" "env OMP_NUM_THREADS=1" "-p" "/home/users/ntu/c230179/Desktop/dftb_builds/dftb_gcc_Release/app/dftb+/dftb+" "-G" "/home/users/ntu/c230179/Desktop/dftbplus-25.1/test/app/dftb+/bin/globalpostrun.sh" "-s" "P,R,C,S" "hybrid/cluster/CH3-matrix"
82: Environment variables: 
82:  DFTBPLUS_PARAM_DIR=/home/users/ntu/c230179/Desktop/dftbplus-25.1/external
82: Test timeout computed to be: 10000000
82: hybrid/cluster/CH3-matrix:	Test script returned non-zero exit code: 1
82:  deleting file 'autotest.tag'
82:  TODO.
82: 
82: ==============================================================================
82: TEST SUMMARY
82: ------------------------------------------------------------------------------
82: Match:
82:     None
82: 
82: Not run:
82:     hybrid/cluster/CH3-matrix
82: ------------------------------------------------------------------------------
82: Status: FAIL
 82/406 Test  #82: app/dftb+/hybrid/cluster/CH3-matrix ..............................***Failed    0.05 sec
hybrid/cluster/CH3-matrix:	Test script returned non-zero exit code: 1
 deleting file 'autotest.tag'
 TODO.

==============================================================================
TEST SUMMARY
------------------------------------------------------------------------------
Match:
    None

Not run:
    hybrid/cluster/CH3-matrix
------------------------------------------------------------------------------
Status: FAIL

test 83
        Start  83: app/dftb+/hybrid/cluster/C60-nb

83: Test command: /home/users/ntu/c230179/Desktop/dftbplus-25.1/test/app/dftb+/bin/autotest2 "-r" "/home/users/ntu/c230179/Desktop/dftbplus-25.1/test/app/dftb+" "-w" "/home/users/ntu/c230179/Desktop/dftb_builds/dftb_gcc_Release/test/app/dftb+" "-d" "/home/users/ntu/c230179/Desktop/dftbplus-25.1/test/app/dftb+/bin/tagdiff" "-P" "env OMP_NUM_THREADS=1" "-p" "/home/users/ntu/c230179/Desktop/dftb_builds/dftb_gcc_Release/app/dftb+/dftb+" "-G" "/home/users/ntu/c230179/Desktop/dftbplus-25.1/test/app/dftb+/bin/globalpostrun.sh" "-s" "P,R,C,S" "hybrid/cluster/C60-nb"
83: Environment variables: 
83:  DFTBPLUS_PARAM_DIR=/home/users/ntu/c230179/Desktop/dftbplus-25.1/external
83: Test timeout computed to be: 10000000
83: hybrid/cluster/C60-nb:	Test script returned non-zero exit code: 1
83:  deleting file 'autotest.tag'
83:  TODO.
83: 
83: ==============================================================================
83: TEST SUMMARY
83: ------------------------------------------------------------------------------
83: Match:
83:     None
83: 
83: Not run:
83:     hybrid/cluster/C60-nb
83: ------------------------------------------------------------------------------
83: Status: FAIL
 83/406 Test  #83: app/dftb+/hybrid/cluster/C60-nb ..................................***Failed    0.05 sec
hybrid/cluster/C60-nb:	Test script returned non-zero exit code: 1
 deleting file 'autotest.tag'
 TODO.

==============================================================================
TEST SUMMARY
------------------------------------------------------------------------------
Match:
    None

Not run:
    hybrid/cluster/C60-nb
------------------------------------------------------------------------------
Status: FAIL

test 84
        Start  84: app/dftb+/hybrid/cluster/C60-nb-cutoff

84: Test command: /home/users/ntu/c230179/Desktop/dftbplus-25.1/test/app/dftb+/bin/autotest2 "-r" "/home/users/ntu/c230179/Desktop/dftbplus-25.1/test/app/dftb+" "-w" "/home/users/ntu/c230179/Desktop/dftb_builds/dftb_gcc_Release/test/app/dftb+" "-d" "/home/users/ntu/c230179/Desktop/dftbplus-25.1/test/app/dftb+/bin/tagdiff" "-P" "env OMP_NUM_THREADS=1" "-p" "/home/users/ntu/c230179/Desktop/dftb_builds/dftb_gcc_Release/app/dftb+/dftb+" "-G" "/home/users/ntu/c230179/Desktop/dftbplus-25.1/test/app/dftb+/bin/globalpostrun.sh" "-s" "P,R,C,S" "hybrid/cluster/C60-nb-cutoff"
84: Environment variables: 
84:  DFTBPLUS_PARAM_DIR=/home/users/ntu/c230179/Desktop/dftbplus-25.1/external
84: Test timeout computed to be: 10000000
84: hybrid/cluster/C60-nb-cutoff:	Test script returned non-zero exit code: 1
84:  deleting file 'autotest.tag'
84:  TODO.
84: 
84: ==============================================================================
84: TEST SUMMARY
84: ------------------------------------------------------------------------------
84: Match:
84:     None
84: 
84: Not run:
84:     hybrid/cluster/C60-nb-cutoff
84: ------------------------------------------------------------------------------
84: Status: FAIL
 84/406 Test  #84: app/dftb+/hybrid/cluster/C60-nb-cutoff ...........................***Failed    0.06 sec
hybrid/cluster/C60-nb-cutoff:	Test script returned non-zero exit code: 1
 deleting file 'autotest.tag'
 TODO.

==============================================================================
TEST SUMMARY
------------------------------------------------------------------------------
Match:
    None

Not run:
    hybrid/cluster/C60-nb-cutoff
------------------------------------------------------------------------------
Status: FAIL

test 85
        Start  85: app/dftb+/hybrid/cluster/Thymine-T1-force

85: Test command: /home/users/ntu/c230179/Desktop/dftbplus-25.1/test/app/dftb+/bin/autotest2 "-r" "/home/users/ntu/c230179/Desktop/dftbplus-25.1/test/app/dftb+" "-w" "/home/users/ntu/c230179/Desktop/dftb_builds/dftb_gcc_Release/test/app/dftb+" "-d" "/home/users/ntu/c230179/Desktop/dftbplus-25.1/test/app/dftb+/bin/tagdiff" "-P" "env OMP_NUM_THREADS=1" "-p" "/home/users/ntu/c230179/Desktop/dftb_builds/dftb_gcc_Release/app/dftb+/dftb+" "-G" "/home/users/ntu/c230179/Desktop/dftbplus-25.1/test/app/dftb+/bin/globalpostrun.sh" "-s" "P,R,C,S" "hybrid/cluster/Thymine-T1-force"
85: Environment variables: 
85:  DFTBPLUS_PARAM_DIR=/home/users/ntu/c230179/Desktop/dftbplus-25.1/external
85: Test timeout computed to be: 10000000
85: hybrid/cluster/Thymine-T1-force:	Test script returned non-zero exit code: 1
85:  deleting file 'autotest.tag'
85:  TODO.
85: 
85: ==============================================================================
85: TEST SUMMARY
85: ------------------------------------------------------------------------------
85: Match:
85:     None
85: 
85: Not run:
85:     hybrid/cluster/Thymine-T1-force
85: ------------------------------------------------------------------------------
85: Status: FAIL
 85/406 Test  #85: app/dftb+/hybrid/cluster/Thymine-T1-force ........................***Failed    0.04 sec
hybrid/cluster/Thymine-T1-force:	Test script returned non-zero exit code: 1
 deleting file 'autotest.tag'
 TODO.

==============================================================================
TEST SUMMARY
------------------------------------------------------------------------------
Match:
    None

Not run:
    hybrid/cluster/Thymine-T1-force
------------------------------------------------------------------------------
Status: FAIL

test 86
        Start  86: app/dftb+/hybrid/cluster/cyclopropene_nb_restart

86: Test command: /home/users/ntu/c230179/Desktop/dftbplus-25.1/test/app/dftb+/bin/autotest2 "-r" "/home/users/ntu/c230179/Desktop/dftbplus-25.1/test/app/dftb+" "-w" "/home/users/ntu/c230179/Desktop/dftb_builds/dftb_gcc_Release/test/app/dftb+" "-d" "/home/users/ntu/c230179/Desktop/dftbplus-25.1/test/app/dftb+/bin/tagdiff" "-P" "env OMP_NUM_THREADS=1" "-p" "/home/users/ntu/c230179/Desktop/dftb_builds/dftb_gcc_Release/app/dftb+/dftb+" "-G" "/home/users/ntu/c230179/Desktop/dftbplus-25.1/test/app/dftb+/bin/globalpostrun.sh" "-s" "P,R,C,S" "hybrid/cluster/cyclopropene_nb_restart"
86: Environment variables: 
86:  DFTBPLUS_PARAM_DIR=/home/users/ntu/c230179/Desktop/dftbplus-25.1/external
86: Test timeout computed to be: 10000000
86: hybrid/cluster/cyclopropene_nb_restart:	Test script returned non-zero exit code: 1
86:  deleting file 'autotest.tag'
86:  TODO.
86: 
86: ==============================================================================
86: TEST SUMMARY
86: ------------------------------------------------------------------------------
86: Match:
86:     None
86: 
86: Not run:
86:     hybrid/cluster/cyclopropene_nb_rest
86: ------------------------------------------------------------------------------
86: Status: FAIL
 86/406 Test  #86: app/dftb+/hybrid/cluster/cyclopropene_nb_restart .................***Failed    0.06 sec
hybrid/cluster/cyclopropene_nb_restart:	Test script returned non-zero exit code: 1
 deleting file 'autotest.tag'
 TODO.

==============================================================================
TEST SUMMARY
------------------------------------------------------------------------------
Match:
    None

Not run:
    hybrid/cluster/cyclopropene_nb_rest
------------------------------------------------------------------------------
Status: FAIL

test 87
        Start  87: app/dftb+/hybrid/cluster/Thymine-spin-matrix-force-restart

87: Test command: /home/users/ntu/c230179/Desktop/dftbplus-25.1/test/app/dftb+/bin/autotest2 "-r" "/home/users/ntu/c230179/Desktop/dftbplus-25.1/test/app/dftb+" "-w" "/home/users/ntu/c230179/Desktop/dftb_builds/dftb_gcc_Release/test/app/dftb+" "-d" "/home/users/ntu/c230179/Desktop/dftbplus-25.1/test/app/dftb+/bin/tagdiff" "-P" "env OMP_NUM_THREADS=1" "-p" "/home/users/ntu/c230179/Desktop/dftb_builds/dftb_gcc_Release/app/dftb+/dftb+" "-G" "/home/users/ntu/c230179/Desktop/dftbplus-25.1/test/app/dftb+/bin/globalpostrun.sh" "-s" "P,R,C,S" "hybrid/cluster/Thymine-spin-matrix-force-restart"
87: Environment variables: 
87:  DFTBPLUS_PARAM_DIR=/home/users/ntu/c230179/Desktop/dftbplus-25.1/external
87: Test timeout computed to be: 10000000
87: hybrid/cluster/Thymine-spin-matrix-force-restart:	Test script returned non-zero exit code: 1
87:  deleting file 'autotest.tag'
87:  TODO.
87: 
87: ==============================================================================
87: TEST SUMMARY
87: ------------------------------------------------------------------------------
87: Match:
87:     None
87: 
87: Not run:
87:     hybrid/cluster/Thymine-spin-matrix-
87: ------------------------------------------------------------------------------
87: Status: FAIL
 87/406 Test  #87: app/dftb+/hybrid/cluster/Thymine-spin-matrix-force-restart .......***Failed    0.06 sec
hybrid/cluster/Thymine-spin-matrix-force-restart:	Test script returned non-zero exit code: 1
 deleting file 'autotest.tag'
 TODO.

==============================================================================
TEST SUMMARY
------------------------------------------------------------------------------
Match:
    None

Not run:
    hybrid/cluster/Thymine-spin-matrix-
------------------------------------------------------------------------------
Status: FAIL

test 88
        Start  88: app/dftb+/hybrid/cluster/C240_tn

88: Test command: /home/users/ntu/c230179/Desktop/dftbplus-25.1/test/app/dftb+/bin/autotest2 "-r" "/home/users/ntu/c230179/Desktop/dftbplus-25.1/test/app/dftb+" "-w" "/home/users/ntu/c230179/Desktop/dftb_builds/dftb_gcc_Release/test/app/dftb+" "-d" "/home/users/ntu/c230179/Desktop/dftbplus-25.1/test/app/dftb+/bin/tagdiff" "-P" "env OMP_NUM_THREADS=1" "-p" "/home/users/ntu/c230179/Desktop/dftb_builds/dftb_gcc_Release/app/dftb+/dftb+" "-G" "/home/users/ntu/c230179/Desktop/dftbplus-25.1/test/app/dftb+/bin/globalpostrun.sh" "-s" "P,R,C,S" "hybrid/cluster/C240_tn"
88: Environment variables: 
88:  DFTBPLUS_PARAM_DIR=/home/users/ntu/c230179/Desktop/dftbplus-25.1/external
88: Test timeout computed to be: 10000000
88: hybrid/cluster/C240_tn:	Test script returned non-zero exit code: 1
88:  deleting file 'autotest.tag'
88:  TODO.
88: 
88: ==============================================================================
88: TEST SUMMARY
88: ------------------------------------------------------------------------------
88: Match:
88:     None
88: 
88: Not run:
88:     hybrid/cluster/C240_tn
88: ------------------------------------------------------------------------------
88: Status: FAIL
 88/406 Test  #88: app/dftb+/hybrid/cluster/C240_tn .................................***Failed    0.05 sec
hybrid/cluster/C240_tn:	Test script returned non-zero exit code: 1
 deleting file 'autotest.tag'
 TODO.

==============================================================================
TEST SUMMARY
------------------------------------------------------------------------------
Match:
    None

Not run:
    hybrid/cluster/C240_tn
------------------------------------------------------------------------------
Status: FAIL

test 89
        Start  89: app/dftb+/hybrid/cluster/Thymine-T1_onsite

89: Test command: /home/users/ntu/c230179/Desktop/dftbplus-25.1/test/app/dftb+/bin/autotest2 "-r" "/home/users/ntu/c230179/Desktop/dftbplus-25.1/test/app/dftb+" "-w" "/home/users/ntu/c230179/Desktop/dftb_builds/dftb_gcc_Release/test/app/dftb+" "-d" "/home/users/ntu/c230179/Desktop/dftbplus-25.1/test/app/dftb+/bin/tagdiff" "-P" "env OMP_NUM_THREADS=1" "-p" "/home/users/ntu/c230179/Desktop/dftb_builds/dftb_gcc_Release/app/dftb+/dftb+" "-G" "/home/users/ntu/c230179/Desktop/dftbplus-25.1/test/app/dftb+/bin/globalpostrun.sh" "-s" "P,R,C,S" "hybrid/cluster/Thymine-T1_onsite"
89: Environment variables: 
89:  DFTBPLUS_PARAM_DIR=/home/users/ntu/c230179/Desktop/dftbplus-25.1/external
89: Test timeout computed to be: 10000000
89: hybrid/cluster/Thymine-T1_onsite:	Test script returned non-zero exit code: 1
89:  deleting file 'autotest.tag'
89:  TODO.
89: 
89: ==============================================================================
89: TEST SUMMARY
89: ------------------------------------------------------------------------------
89: Match:
89:     None
89: 
89: Not run:
89:     hybrid/cluster/Thymine-T1_onsite
89: ------------------------------------------------------------------------------
89: Status: FAIL
 89/406 Test  #89: app/dftb+/hybrid/cluster/Thymine-T1_onsite .......................***Failed    0.04 sec
hybrid/cluster/Thymine-T1_onsite:	Test script returned non-zero exit code: 1
 deleting file 'autotest.tag'
 TODO.

==============================================================================
TEST SUMMARY
------------------------------------------------------------------------------
Match:
    None

Not run:
    hybrid/cluster/Thymine-T1_onsite
------------------------------------------------------------------------------
Status: FAIL

test 90
        Start  90: app/dftb+/hybrid/cluster/Thymine-spin-matrix-force-mpi-grp1

90: Test command: /home/users/ntu/c230179/Desktop/dftbplus-25.1/test/app/dftb+/bin/autotest2 "-r" "/home/users/ntu/c230179/Desktop/dftbplus-25.1/test/app/dftb+" "-w" "/home/users/ntu/c230179/Desktop/dftb_builds/dftb_gcc_Release/test/app/dftb+" "-d" "/home/users/ntu/c230179/Desktop/dftbplus-25.1/test/app/dftb+/bin/tagdiff" "-P" "env OMP_NUM_THREADS=1" "-p" "/home/users/ntu/c230179/Desktop/dftb_builds/dftb_gcc_Release/app/dftb+/dftb+" "-G" "/home/users/ntu/c230179/Desktop/dftbplus-25.1/test/app/dftb+/bin/globalpostrun.sh" "-s" "P,R,C,S" "hybrid/cluster/Thymine-spin-matrix-force-mpi-grp1"
90: Environment variables: 
90:  DFTBPLUS_PARAM_DIR=/home/users/ntu/c230179/Desktop/dftbplus-25.1/external
90: Test timeout computed to be: 10000000
90: hybrid/cluster/Thymine-spin-matrix-force-mpi-grp1:	Test script returned non-zero exit code: 1
90:  deleting file 'autotest.tag'
90:  TODO.
90: 
90: ==============================================================================
90: TEST SUMMARY
90: ------------------------------------------------------------------------------
90: Match:
90:     None
90: 
90: Not run:
90:     hybrid/cluster/Thymine-spin-matrix-
90: ------------------------------------------------------------------------------
90: Status: FAIL
 90/406 Test  #90: app/dftb+/hybrid/cluster/Thymine-spin-matrix-force-mpi-grp1 ......***Failed    0.05 sec
hybrid/cluster/Thymine-spin-matrix-force-mpi-grp1:	Test script returned non-zero exit code: 1
 deleting file 'autotest.tag'
 TODO.

==============================================================================
TEST SUMMARY
------------------------------------------------------------------------------
Match:
    None

Not run:
    hybrid/cluster/Thymine-spin-matrix-
------------------------------------------------------------------------------
Status: FAIL

test 91
        Start  91: app/dftb+/hybrid/cluster/C4H6-Casida-S1-Force

91: Test command: /home/users/ntu/c230179/Desktop/dftbplus-25.1/test/app/dftb+/bin/autotest2 "-r" "/home/users/ntu/c230179/Desktop/dftbplus-25.1/test/app/dftb+" "-w" "/home/users/ntu/c230179/Desktop/dftb_builds/dftb_gcc_Release/test/app/dftb+" "-d" "/home/users/ntu/c230179/Desktop/dftbplus-25.1/test/app/dftb+/bin/tagdiff" "-P" "env OMP_NUM_THREADS=1" "-p" "/home/users/ntu/c230179/Desktop/dftb_builds/dftb_gcc_Release/app/dftb+/dftb+" "-G" "/home/users/ntu/c230179/Desktop/dftbplus-25.1/test/app/dftb+/bin/globalpostrun.sh" "-s" "P,R,C,S" "hybrid/cluster/C4H6-Casida-S1-Force"
91: Environment variables: 
91:  DFTBPLUS_PARAM_DIR=/home/users/ntu/c230179/Desktop/dftbplus-25.1/external
91: Test timeout computed to be: 10000000
91: hybrid/cluster/C4H6-Casida-S1-Force:	Test script returned non-zero exit code: 1
91:  deleting file 'autotest.tag'
91:  TODO.
91: 
91: ==============================================================================
91: TEST SUMMARY
91: ------------------------------------------------------------------------------
91: Match:
91:     None
91: 
91: Not run:
91:     hybrid/cluster/C4H6-Casida-S1-Force
91: ------------------------------------------------------------------------------
91: Status: FAIL
 91/406 Test  #91: app/dftb+/hybrid/cluster/C4H6-Casida-S1-Force ....................***Failed    0.05 sec
hybrid/cluster/C4H6-Casida-S1-Force:	Test script returned non-zero exit code: 1
 deleting file 'autotest.tag'
 TODO.

==============================================================================
TEST SUMMARY
------------------------------------------------------------------------------
Match:
    None

Not run:
    hybrid/cluster/C4H6-Casida-S1-Force
------------------------------------------------------------------------------
Status: FAIL

test 92
        Start  92: app/dftb+/hybrid/cluster/Benzene-Spinpol-matrix

92: Test command: /home/users/ntu/c230179/Desktop/dftbplus-25.1/test/app/dftb+/bin/autotest2 "-r" "/home/users/ntu/c230179/Desktop/dftbplus-25.1/test/app/dftb+" "-w" "/home/users/ntu/c230179/Desktop/dftb_builds/dftb_gcc_Release/test/app/dftb+" "-d" "/home/users/ntu/c230179/Desktop/dftbplus-25.1/test/app/dftb+/bin/tagdiff" "-P" "env OMP_NUM_THREADS=1" "-p" "/home/users/ntu/c230179/Desktop/dftb_builds/dftb_gcc_Release/app/dftb+/dftb+" "-G" "/home/users/ntu/c230179/Desktop/dftbplus-25.1/test/app/dftb+/bin/globalpostrun.sh" "-s" "P,R,C,S" "hybrid/cluster/Benzene-Spinpol-matrix"
92: Environment variables: 
92:  DFTBPLUS_PARAM_DIR=/home/users/ntu/c230179/Desktop/dftbplus-25.1/external
92: Test timeout computed to be: 10000000
92: hybrid/cluster/Benzene-Spinpol-matrix:	Test script returned non-zero exit code: 1
92:  deleting file 'autotest.tag'
92:  TODO.
92: 
92: ==============================================================================
92: TEST SUMMARY
92: ------------------------------------------------------------------------------
92: Match:
92:     None
92: 
92: Not run:
92:     hybrid/cluster/Benzene-Spinpol-matr
92: ------------------------------------------------------------------------------
92: Status: FAIL
 92/406 Test  #92: app/dftb+/hybrid/cluster/Benzene-Spinpol-matrix ..................***Failed    0.05 sec
hybrid/cluster/Benzene-Spinpol-matrix:	Test script returned non-zero exit code: 1
 deleting file 'autotest.tag'
 TODO.

==============================================================================
TEST SUMMARY
------------------------------------------------------------------------------
Match:
    None

Not run:
    hybrid/cluster/Benzene-Spinpol-matr
------------------------------------------------------------------------------
Status: FAIL

test 93
        Start  93: app/dftb+/hybrid/cluster/Benzene-Casida-S5-Force

93: Test command: /home/users/ntu/c230179/Desktop/dftbplus-25.1/test/app/dftb+/bin/autotest2 "-r" "/home/users/ntu/c230179/Desktop/dftbplus-25.1/test/app/dftb+" "-w" "/home/users/ntu/c230179/Desktop/dftb_builds/dftb_gcc_Release/test/app/dftb+" "-d" "/home/users/ntu/c230179/Desktop/dftbplus-25.1/test/app/dftb+/bin/tagdiff" "-P" "env OMP_NUM_THREADS=1" "-p" "/home/users/ntu/c230179/Desktop/dftb_builds/dftb_gcc_Release/app/dftb+/dftb+" "-G" "/home/users/ntu/c230179/Desktop/dftbplus-25.1/test/app/dftb+/bin/globalpostrun.sh" "-s" "P,R,C,S" "hybrid/cluster/Benzene-Casida-S5-Force"
93: Environment variables: 
93:  DFTBPLUS_PARAM_DIR=/home/users/ntu/c230179/Desktop/dftbplus-25.1/external
93: Test timeout computed to be: 10000000
93: hybrid/cluster/Benzene-Casida-S5-Force:	Test script returned non-zero exit code: 1
93:  deleting file 'autotest.tag'
93:  TODO.
93: 
93: ==============================================================================
93: TEST SUMMARY
93: ------------------------------------------------------------------------------
93: Match:
93:     None
93: 
93: Not run:
93:     hybrid/cluster/Benzene-Casida-S5-Fo
93: ------------------------------------------------------------------------------
93: Status: FAIL
 93/406 Test  #93: app/dftb+/hybrid/cluster/Benzene-Casida-S5-Force .................***Failed    0.05 sec
hybrid/cluster/Benzene-Casida-S5-Force:	Test script returned non-zero exit code: 1
 deleting file 'autotest.tag'
 TODO.

==============================================================================
TEST SUMMARY
------------------------------------------------------------------------------
Match:
    None

Not run:
    hybrid/cluster/Benzene-Casida-S5-Fo
------------------------------------------------------------------------------
Status: FAIL

test 94
        Start  94: app/dftb+/hybrid/cluster/C4H6-TD-LC-Triplet

94: Test command: /home/users/ntu/c230179/Desktop/dftbplus-25.1/test/app/dftb+/bin/autotest2 "-r" "/home/users/ntu/c230179/Desktop/dftbplus-25.1/test/app/dftb+" "-w" "/home/users/ntu/c230179/Desktop/dftb_builds/dftb_gcc_Release/test/app/dftb+" "-d" "/home/users/ntu/c230179/Desktop/dftbplus-25.1/test/app/dftb+/bin/tagdiff" "-P" "env OMP_NUM_THREADS=1" "-p" "/home/users/ntu/c230179/Desktop/dftb_builds/dftb_gcc_Release/app/dftb+/dftb+" "-G" "/home/users/ntu/c230179/Desktop/dftbplus-25.1/test/app/dftb+/bin/globalpostrun.sh" "-s" "P,R,C,S" "hybrid/cluster/C4H6-TD-LC-Triplet"
94: Environment variables: 
94:  DFTBPLUS_PARAM_DIR=/home/users/ntu/c230179/Desktop/dftbplus-25.1/external
94: Test timeout computed to be: 10000000
94: hybrid/cluster/C4H6-TD-LC-Triplet:	Test script returned non-zero exit code: 1
94:  deleting file 'autotest.tag'
94:  TODO.
94: 
94: ==============================================================================
94: TEST SUMMARY
94: ------------------------------------------------------------------------------
94: Match:
94:     None
94: 
94: Not run:
94:     hybrid/cluster/C4H6-TD-LC-Triplet
94: ------------------------------------------------------------------------------
94: Status: FAIL
 94/406 Test  #94: app/dftb+/hybrid/cluster/C4H6-TD-LC-Triplet ......................***Failed    0.04 sec
hybrid/cluster/C4H6-TD-LC-Triplet:	Test script returned non-zero exit code: 1
 deleting file 'autotest.tag'
 TODO.

==============================================================================
TEST SUMMARY
------------------------------------------------------------------------------
Match:
    None

Not run:
    hybrid/cluster/C4H6-TD-LC-Triplet
------------------------------------------------------------------------------
Status: FAIL

test 95
        Start  95: app/dftb+/hybrid/cluster/Benzene-TD-LC-Spinpol

95: Test command: /home/users/ntu/c230179/Desktop/dftbplus-25.1/test/app/dftb+/bin/autotest2 "-r" "/home/users/ntu/c230179/Desktop/dftbplus-25.1/test/app/dftb+" "-w" "/home/users/ntu/c230179/Desktop/dftb_builds/dftb_gcc_Release/test/app/dftb+" "-d" "/home/users/ntu/c230179/Desktop/dftbplus-25.1/test/app/dftb+/bin/tagdiff" "-P" "env OMP_NUM_THREADS=1" "-p" "/home/users/ntu/c230179/Desktop/dftb_builds/dftb_gcc_Release/app/dftb+/dftb+" "-G" "/home/users/ntu/c230179/Desktop/dftbplus-25.1/test/app/dftb+/bin/globalpostrun.sh" "-s" "P,R,C,S" "hybrid/cluster/Benzene-TD-LC-Spinpol"
95: Environment variables: 
95:  DFTBPLUS_PARAM_DIR=/home/users/ntu/c230179/Desktop/dftbplus-25.1/external
95: Test timeout computed to be: 10000000
95: hybrid/cluster/Benzene-TD-LC-Spinpol:	Test script returned non-zero exit code: 1
95:  deleting file 'autotest.tag'
95:  TODO.
95: 
95: ==============================================================================
95: TEST SUMMARY
95: ------------------------------------------------------------------------------
95: Match:
95:     None
95: 
95: Not run:
95:     hybrid/cluster/Benzene-TD-LC-Spinpo
95: ------------------------------------------------------------------------------
95: Status: FAIL
 95/406 Test  #95: app/dftb+/hybrid/cluster/Benzene-TD-LC-Spinpol ...................***Failed    0.04 sec
hybrid/cluster/Benzene-TD-LC-Spinpol:	Test script returned non-zero exit code: 1
 deleting file 'autotest.tag'
 TODO.

==============================================================================
TEST SUMMARY
------------------------------------------------------------------------------
Match:
    None

Not run:
    hybrid/cluster/Benzene-TD-LC-Spinpo
------------------------------------------------------------------------------
Status: FAIL

test 96
        Start  96: app/dftb+/hybrid/cluster/Benzene-TD-LC-Spinpol-Force

96: Test command: /home/users/ntu/c230179/Desktop/dftbplus-25.1/test/app/dftb+/bin/autotest2 "-r" "/home/users/ntu/c230179/Desktop/dftbplus-25.1/test/app/dftb+" "-w" "/home/users/ntu/c230179/Desktop/dftb_builds/dftb_gcc_Release/test/app/dftb+" "-d" "/home/users/ntu/c230179/Desktop/dftbplus-25.1/test/app/dftb+/bin/tagdiff" "-P" "env OMP_NUM_THREADS=1" "-p" "/home/users/ntu/c230179/Desktop/dftb_builds/dftb_gcc_Release/app/dftb+/dftb+" "-G" "/home/users/ntu/c230179/Desktop/dftbplus-25.1/test/app/dftb+/bin/globalpostrun.sh" "-s" "P,R,C,S" "hybrid/cluster/Benzene-TD-LC-Spinpol-Force"
96: Environment variables: 
96:  DFTBPLUS_PARAM_DIR=/home/users/ntu/c230179/Desktop/dftbplus-25.1/external
96: Test timeout computed to be: 10000000
96: hybrid/cluster/Benzene-TD-LC-Spinpol-Force:	Test script returned non-zero exit code: 1
96:  deleting file 'autotest.tag'
96:  TODO.
96: 
96: ==============================================================================
96: TEST SUMMARY
96: ------------------------------------------------------------------------------
96: Match:
96:     None
96: 
96: Not run:
96:     hybrid/cluster/Benzene-TD-LC-Spinpo
96: ------------------------------------------------------------------------------
96: Status: FAIL
 96/406 Test  #96: app/dftb+/hybrid/cluster/Benzene-TD-LC-Spinpol-Force .............***Failed    0.05 sec
hybrid/cluster/Benzene-TD-LC-Spinpol-Force:	Test script returned non-zero exit code: 1
 deleting file 'autotest.tag'
 TODO.

==============================================================================
TEST SUMMARY
------------------------------------------------------------------------------
Match:
    None

Not run:
    hybrid/cluster/Benzene-TD-LC-Spinpo
------------------------------------------------------------------------------
Status: FAIL

test 97
        Start  97: app/dftb+/hybrid/cluster/Benzene-TD-LC-Spinpol-Iter

97: Test command: /home/users/ntu/c230179/Desktop/dftbplus-25.1/test/app/dftb+/bin/autotest2 "-r" "/home/users/ntu/c230179/Desktop/dftbplus-25.1/test/app/dftb+" "-w" "/home/users/ntu/c230179/Desktop/dftb_builds/dftb_gcc_Release/test/app/dftb+" "-d" "/home/users/ntu/c230179/Desktop/dftbplus-25.1/test/app/dftb+/bin/tagdiff" "-P" "env OMP_NUM_THREADS=1" "-p" "/home/users/ntu/c230179/Desktop/dftb_builds/dftb_gcc_Release/app/dftb+/dftb+" "-G" "/home/users/ntu/c230179/Desktop/dftbplus-25.1/test/app/dftb+/bin/globalpostrun.sh" "-s" "P,R,C,S" "hybrid/cluster/Benzene-TD-LC-Spinpol-Iter"
97: Environment variables: 
97:  DFTBPLUS_PARAM_DIR=/home/users/ntu/c230179/Desktop/dftbplus-25.1/external
97: Test timeout computed to be: 10000000
97: hybrid/cluster/Benzene-TD-LC-Spinpol-Iter:	Test script returned non-zero exit code: 1
97:  deleting file 'autotest.tag'
97:  TODO.
97: 
97: ==============================================================================
97: TEST SUMMARY
97: ------------------------------------------------------------------------------
97: Match:
97:     None
97: 
97: Not run:
97:     hybrid/cluster/Benzene-TD-LC-Spinpo
97: ------------------------------------------------------------------------------
97: Status: FAIL
 97/406 Test  #97: app/dftb+/hybrid/cluster/Benzene-TD-LC-Spinpol-Iter ..............***Failed    0.05 sec
hybrid/cluster/Benzene-TD-LC-Spinpol-Iter:	Test script returned non-zero exit code: 1
 deleting file 'autotest.tag'
 TODO.

==============================================================================
TEST SUMMARY
------------------------------------------------------------------------------
Match:
    None

Not run:
    hybrid/cluster/Benzene-TD-LC-Spinpo
------------------------------------------------------------------------------
Status: FAIL

test 98
        Start  98: app/dftb+/hybrid/cluster/As

98: Test command: /home/users/ntu/c230179/Desktop/dftbplus-25.1/test/app/dftb+/bin/autotest2 "-r" "/home/users/ntu/c230179/Desktop/dftbplus-25.1/test/app/dftb+" "-w" "/home/users/ntu/c230179/Desktop/dftb_builds/dftb_gcc_Release/test/app/dftb+" "-d" "/home/users/ntu/c230179/Desktop/dftbplus-25.1/test/app/dftb+/bin/tagdiff" "-P" "env OMP_NUM_THREADS=1" "-p" "/home/users/ntu/c230179/Desktop/dftb_builds/dftb_gcc_Release/app/dftb+/dftb+" "-G" "/home/users/ntu/c230179/Desktop/dftbplus-25.1/test/app/dftb+/bin/globalpostrun.sh" "-s" "P,R,C,S" "hybrid/cluster/As"
98: Environment variables: 
98:  DFTBPLUS_PARAM_DIR=/home/users/ntu/c230179/Desktop/dftbplus-25.1/external
98: Test timeout computed to be: 10000000
98: hybrid/cluster/As:	Test script returned non-zero exit code: 1
98:  deleting file 'autotest.tag'
98:  TODO.
98: 
98: ==============================================================================
98: TEST SUMMARY
98: ------------------------------------------------------------------------------
98: Match:
98:     None
98: 
98: Not run:
98:     hybrid/cluster/As
98: ------------------------------------------------------------------------------
98: Status: FAIL
 98/406 Test  #98: app/dftb+/hybrid/cluster/As ......................................***Failed    0.05 sec
hybrid/cluster/As:	Test script returned non-zero exit code: 1
 deleting file 'autotest.tag'
 TODO.

==============================================================================
TEST SUMMARY
------------------------------------------------------------------------------
Match:
    None

Not run:
    hybrid/cluster/As
------------------------------------------------------------------------------
Status: FAIL

test 99
        Start  99: app/dftb+/hybrid/periodic/Acene-gamma-matrix-force-cam

99: Test command: /home/users/ntu/c230179/Desktop/dftbplus-25.1/test/app/dftb+/bin/autotest2 "-r" "/home/users/ntu/c230179/Desktop/dftbplus-25.1/test/app/dftb+" "-w" "/home/users/ntu/c230179/Desktop/dftb_builds/dftb_gcc_Release/test/app/dftb+" "-d" "/home/users/ntu/c230179/Desktop/dftbplus-25.1/test/app/dftb+/bin/tagdiff" "-P" "env OMP_NUM_THREADS=1" "-p" "/home/users/ntu/c230179/Desktop/dftb_builds/dftb_gcc_Release/app/dftb+/dftb+" "-G" "/home/users/ntu/c230179/Desktop/dftbplus-25.1/test/app/dftb+/bin/globalpostrun.sh" "-s" "P,R,C,S" "hybrid/periodic/Acene-gamma-matrix-force-cam"
99: Environment variables: 
99:  DFTBPLUS_PARAM_DIR=/home/users/ntu/c230179/Desktop/dftbplus-25.1/external
99: Test timeout computed to be: 10000000
99: hybrid/periodic/Acene-gamma-matrix-force-cam:	Test script returned non-zero exit code: 1
99:  deleting file 'autotest.tag'
99:  TODO.
99: 
99: ==============================================================================
99: TEST SUMMARY
99: ------------------------------------------------------------------------------
99: Match:
99:     None
99: 
99: Not run:
99:     hybrid/periodic/Acene-gamma-matrix-
99: ------------------------------------------------------------------------------
99: Status: FAIL
 99/406 Test  #99: app/dftb+/hybrid/periodic/Acene-gamma-matrix-force-cam ...........***Failed    0.05 sec
hybrid/periodic/Acene-gamma-matrix-force-cam:	Test script returned non-zero exit code: 1
 deleting file 'autotest.tag'
 TODO.

==============================================================================
TEST SUMMARY
------------------------------------------------------------------------------
Match:
    None

Not run:
    hybrid/periodic/Acene-gamma-matrix-
------------------------------------------------------------------------------
Status: FAIL

test 100
        Start 100: app/dftb+/hybrid/periodic/Acene-gamma-matrix-restart

100: Test command: /home/users/ntu/c230179/Desktop/dftbplus-25.1/test/app/dftb+/bin/autotest2 "-r" "/home/users/ntu/c230179/Desktop/dftbplus-25.1/test/app/dftb+" "-w" "/home/users/ntu/c230179/Desktop/dftb_builds/dftb_gcc_Release/test/app/dftb+" "-d" "/home/users/ntu/c230179/Desktop/dftbplus-25.1/test/app/dftb+/bin/tagdiff" "-P" "env OMP_NUM_THREADS=1" "-p" "/home/users/ntu/c230179/Desktop/dftb_builds/dftb_gcc_Release/app/dftb+/dftb+" "-G" "/home/users/ntu/c230179/Desktop/dftbplus-25.1/test/app/dftb+/bin/globalpostrun.sh" "-s" "P,R,C,S" "hybrid/periodic/Acene-gamma-matrix-restart"
100: Environment variables: 
100:  DFTBPLUS_PARAM_DIR=/home/users/ntu/c230179/Desktop/dftbplus-25.1/external
100: Test timeout computed to be: 10000000
100: hybrid/periodic/Acene-gamma-matrix-restart:	Test script returned non-zero exit code: 1
100:  deleting file 'autotest.tag'
100:  TODO.
100: 
100: ==============================================================================
100: TEST SUMMARY
100: ------------------------------------------------------------------------------
100: Match:
100:     None
100: 
100: Not run:
100:     hybrid/periodic/Acene-gamma-matrix-
100: ------------------------------------------------------------------------------
100: Status: FAIL
100/406 Test #100: app/dftb+/hybrid/periodic/Acene-gamma-matrix-restart .............***Failed    0.06 sec
hybrid/periodic/Acene-gamma-matrix-restart:	Test script returned non-zero exit code: 1
 deleting file 'autotest.tag'
 TODO.

==============================================================================
TEST SUMMARY
------------------------------------------------------------------------------
Match:
    None

Not run:
    hybrid/periodic/Acene-gamma-matrix-
------------------------------------------------------------------------------
Status: FAIL

test 101
        Start 101: app/dftb+/hybrid/periodic/Acene-gamma-matrix-restart-ascii

101: Test command: /home/users/ntu/c230179/Desktop/dftbplus-25.1/test/app/dftb+/bin/autotest2 "-r" "/home/users/ntu/c230179/Desktop/dftbplus-25.1/test/app/dftb+" "-w" "/home/users/ntu/c230179/Desktop/dftb_builds/dftb_gcc_Release/test/app/dftb+" "-d" "/home/users/ntu/c230179/Desktop/dftbplus-25.1/test/app/dftb+/bin/tagdiff" "-P" "env OMP_NUM_THREADS=1" "-p" "/home/users/ntu/c230179/Desktop/dftb_builds/dftb_gcc_Release/app/dftb+/dftb+" "-G" "/home/users/ntu/c230179/Desktop/dftbplus-25.1/test/app/dftb+/bin/globalpostrun.sh" "-s" "P,R,C,S" "hybrid/periodic/Acene-gamma-matrix-restart-ascii"
101: Environment variables: 
101:  DFTBPLUS_PARAM_DIR=/home/users/ntu/c230179/Desktop/dftbplus-25.1/external
101: Test timeout computed to be: 10000000
101: hybrid/periodic/Acene-gamma-matrix-restart-ascii:	Test script returned non-zero exit code: 1
101:  deleting file 'autotest.tag'
101:  TODO.
101: 
101: ==============================================================================
101: TEST SUMMARY
101: ------------------------------------------------------------------------------
101: Match:
101:     None
101: 
101: Not run:
101:     hybrid/periodic/Acene-gamma-matrix-
101: ------------------------------------------------------------------------------
101: Status: FAIL
101/406 Test #101: app/dftb+/hybrid/periodic/Acene-gamma-matrix-restart-ascii .......***Failed    0.06 sec
hybrid/periodic/Acene-gamma-matrix-restart-ascii:	Test script returned non-zero exit code: 1
 deleting file 'autotest.tag'
 TODO.

==============================================================================
TEST SUMMARY
------------------------------------------------------------------------------
Match:
    None

Not run:
    hybrid/periodic/Acene-gamma-matrix-
------------------------------------------------------------------------------
Status: FAIL

test 102
        Start 102: app/dftb+/hybrid/periodic/Acene-gamma-neigh-force-cam

102: Test command: /home/users/ntu/c230179/Desktop/dftbplus-25.1/test/app/dftb+/bin/autotest2 "-r" "/home/users/ntu/c230179/Desktop/dftbplus-25.1/test/app/dftb+" "-w" "/home/users/ntu/c230179/Desktop/dftb_builds/dftb_gcc_Release/test/app/dftb+" "-d" "/home/users/ntu/c230179/Desktop/dftbplus-25.1/test/app/dftb+/bin/tagdiff" "-P" "env OMP_NUM_THREADS=1" "-p" "/home/users/ntu/c230179/Desktop/dftb_builds/dftb_gcc_Release/app/dftb+/dftb+" "-G" "/home/users/ntu/c230179/Desktop/dftbplus-25.1/test/app/dftb+/bin/globalpostrun.sh" "-s" "P,R,C,S" "hybrid/periodic/Acene-gamma-neigh-force-cam"
102: Environment variables: 
102:  DFTBPLUS_PARAM_DIR=/home/users/ntu/c230179/Desktop/dftbplus-25.1/external
102: Test timeout computed to be: 10000000
102: hybrid/periodic/Acene-gamma-neigh-force-cam:	Test script returned non-zero exit code: 1
102:  deleting file 'autotest.tag'
102:  TODO.
102: 
102: ==============================================================================
102: TEST SUMMARY
102: ------------------------------------------------------------------------------
102: Match:
102:     None
102: 
102: Not run:
102:     hybrid/periodic/Acene-gamma-neigh-f
102: ------------------------------------------------------------------------------
102: Status: FAIL
102/406 Test #102: app/dftb+/hybrid/periodic/Acene-gamma-neigh-force-cam ............***Failed    0.04 sec
hybrid/periodic/Acene-gamma-neigh-force-cam:	Test script returned non-zero exit code: 1
 deleting file 'autotest.tag'
 TODO.

==============================================================================
TEST SUMMARY
------------------------------------------------------------------------------
Match:
    None

Not run:
    hybrid/periodic/Acene-gamma-neigh-f
------------------------------------------------------------------------------
Status: FAIL

test 103
        Start 103: app/dftb+/hybrid/periodic/Acene-gamma-neigh-force-hyb

103: Test command: /home/users/ntu/c230179/Desktop/dftbplus-25.1/test/app/dftb+/bin/autotest2 "-r" "/home/users/ntu/c230179/Desktop/dftbplus-25.1/test/app/dftb+" "-w" "/home/users/ntu/c230179/Desktop/dftb_builds/dftb_gcc_Release/test/app/dftb+" "-d" "/home/users/ntu/c230179/Desktop/dftbplus-25.1/test/app/dftb+/bin/tagdiff" "-P" "env OMP_NUM_THREADS=1" "-p" "/home/users/ntu/c230179/Desktop/dftb_builds/dftb_gcc_Release/app/dftb+/dftb+" "-G" "/home/users/ntu/c230179/Desktop/dftbplus-25.1/test/app/dftb+/bin/globalpostrun.sh" "-s" "P,R,C,S" "hybrid/periodic/Acene-gamma-neigh-force-hyb"
103: Environment variables: 
103:  DFTBPLUS_PARAM_DIR=/home/users/ntu/c230179/Desktop/dftbplus-25.1/external
103: Test timeout computed to be: 10000000
103: hybrid/periodic/Acene-gamma-neigh-force-hyb:	Test script returned non-zero exit code: 1
103:  deleting file 'autotest.tag'
103:  TODO.
103: 
103: ==============================================================================
103: TEST SUMMARY
103: ------------------------------------------------------------------------------
103: Match:
103:     None
103: 
103: Not run:
103:     hybrid/periodic/Acene-gamma-neigh-f
103: ------------------------------------------------------------------------------
103: Status: FAIL
103/406 Test #103: app/dftb+/hybrid/periodic/Acene-gamma-neigh-force-hyb ............***Failed    0.04 sec
hybrid/periodic/Acene-gamma-neigh-force-hyb:	Test script returned non-zero exit code: 1
 deleting file 'autotest.tag'
 TODO.

==============================================================================
TEST SUMMARY
------------------------------------------------------------------------------
Match:
    None

Not run:
    hybrid/periodic/Acene-gamma-neigh-f
------------------------------------------------------------------------------
Status: FAIL

test 104
        Start 104: app/dftb+/hybrid/periodic/Acene-gamma-neigh-force-lc

104: Test command: /home/users/ntu/c230179/Desktop/dftbplus-25.1/test/app/dftb+/bin/autotest2 "-r" "/home/users/ntu/c230179/Desktop/dftbplus-25.1/test/app/dftb+" "-w" "/home/users/ntu/c230179/Desktop/dftb_builds/dftb_gcc_Release/test/app/dftb+" "-d" "/home/users/ntu/c230179/Desktop/dftbplus-25.1/test/app/dftb+/bin/tagdiff" "-P" "env OMP_NUM_THREADS=1" "-p" "/home/users/ntu/c230179/Desktop/dftb_builds/dftb_gcc_Release/app/dftb+/dftb+" "-G" "/home/users/ntu/c230179/Desktop/dftbplus-25.1/test/app/dftb+/bin/globalpostrun.sh" "-s" "P,R,C,S" "hybrid/periodic/Acene-gamma-neigh-force-lc"
104: Environment variables: 
104:  DFTBPLUS_PARAM_DIR=/home/users/ntu/c230179/Desktop/dftbplus-25.1/external
104: Test timeout computed to be: 10000000
104: hybrid/periodic/Acene-gamma-neigh-force-lc:	Test script returned non-zero exit code: 1
104:  deleting file 'autotest.tag'
104:  TODO.
104: 
104: ==============================================================================
104: TEST SUMMARY
104: ------------------------------------------------------------------------------
104: Match:
104:     None
104: 
104: Not run:
104:     hybrid/periodic/Acene-gamma-neigh-f
104: ------------------------------------------------------------------------------
104: Status: FAIL
104/406 Test #104: app/dftb+/hybrid/periodic/Acene-gamma-neigh-force-lc .............***Failed    0.05 sec
hybrid/periodic/Acene-gamma-neigh-force-lc:	Test script returned non-zero exit code: 1
 deleting file 'autotest.tag'
 TODO.

==============================================================================
TEST SUMMARY
------------------------------------------------------------------------------
Match:
    None

Not run:
    hybrid/periodic/Acene-gamma-neigh-f
------------------------------------------------------------------------------
Status: FAIL

test 105
        Start 105: app/dftb+/hybrid/periodic/Acene-kpts-matrix-lc

105: Test command: /home/users/ntu/c230179/Desktop/dftbplus-25.1/test/app/dftb+/bin/autotest2 "-r" "/home/users/ntu/c230179/Desktop/dftbplus-25.1/test/app/dftb+" "-w" "/home/users/ntu/c230179/Desktop/dftb_builds/dftb_gcc_Release/test/app/dftb+" "-d" "/home/users/ntu/c230179/Desktop/dftbplus-25.1/test/app/dftb+/bin/tagdiff" "-P" "env OMP_NUM_THREADS=1" "-p" "/home/users/ntu/c230179/Desktop/dftb_builds/dftb_gcc_Release/app/dftb+/dftb+" "-G" "/home/users/ntu/c230179/Desktop/dftbplus-25.1/test/app/dftb+/bin/globalpostrun.sh" "-s" "P,R,C,S" "hybrid/periodic/Acene-kpts-matrix-lc"
105: Environment variables: 
105:  DFTBPLUS_PARAM_DIR=/home/users/ntu/c230179/Desktop/dftbplus-25.1/external
105: Test timeout computed to be: 10000000
105: hybrid/periodic/Acene-kpts-matrix-lc:	Test script returned non-zero exit code: 1
105:  deleting file 'autotest.tag'
105:  TODO.
105: 
105: ==============================================================================
105: TEST SUMMARY
105: ------------------------------------------------------------------------------
105: Match:
105:     None
105: 
105: Not run:
105:     hybrid/periodic/Acene-kpts-matrix-l
105: ------------------------------------------------------------------------------
105: Status: FAIL
105/406 Test #105: app/dftb+/hybrid/periodic/Acene-kpts-matrix-lc ...................***Failed    0.05 sec
hybrid/periodic/Acene-kpts-matrix-lc:	Test script returned non-zero exit code: 1
 deleting file 'autotest.tag'
 TODO.

==============================================================================
TEST SUMMARY
------------------------------------------------------------------------------
Match:
    None

Not run:
    hybrid/periodic/Acene-kpts-matrix-l
------------------------------------------------------------------------------
Status: FAIL

test 106
        Start 106: app/dftb+/hybrid/periodic/Acene-kpts-matrix-restart-I

106: Test command: /home/users/ntu/c230179/Desktop/dftbplus-25.1/test/app/dftb+/bin/autotest2 "-r" "/home/users/ntu/c230179/Desktop/dftbplus-25.1/test/app/dftb+" "-w" "/home/users/ntu/c230179/Desktop/dftb_builds/dftb_gcc_Release/test/app/dftb+" "-d" "/home/users/ntu/c230179/Desktop/dftbplus-25.1/test/app/dftb+/bin/tagdiff" "-P" "env OMP_NUM_THREADS=1" "-p" "/home/users/ntu/c230179/Desktop/dftb_builds/dftb_gcc_Release/app/dftb+/dftb+" "-G" "/home/users/ntu/c230179/Desktop/dftbplus-25.1/test/app/dftb+/bin/globalpostrun.sh" "-s" "P,R,C,S" "hybrid/periodic/Acene-kpts-matrix-restart-I"
106: Environment variables: 
106:  DFTBPLUS_PARAM_DIR=/home/users/ntu/c230179/Desktop/dftbplus-25.1/external
106: Test timeout computed to be: 10000000
106: hybrid/periodic/Acene-kpts-matrix-restart-I:	Test script returned non-zero exit code: 1
106:  deleting file 'autotest.tag'
106:  TODO.
106: 
106: ==============================================================================
106: TEST SUMMARY
106: ------------------------------------------------------------------------------
106: Match:
106:     None
106: 
106: Not run:
106:     hybrid/periodic/Acene-kpts-matrix-r
106: ------------------------------------------------------------------------------
106: Status: FAIL
106/406 Test #106: app/dftb+/hybrid/periodic/Acene-kpts-matrix-restart-I ............***Failed    0.06 sec
hybrid/periodic/Acene-kpts-matrix-restart-I:	Test script returned non-zero exit code: 1
 deleting file 'autotest.tag'
 TODO.

==============================================================================
TEST SUMMARY
------------------------------------------------------------------------------
Match:
    None

Not run:
    hybrid/periodic/Acene-kpts-matrix-r
------------------------------------------------------------------------------
Status: FAIL

test 107
        Start 107: app/dftb+/hybrid/periodic/Acene-kpts-matrix-restart-II

107: Test command: /home/users/ntu/c230179/Desktop/dftbplus-25.1/test/app/dftb+/bin/autotest2 "-r" "/home/users/ntu/c230179/Desktop/dftbplus-25.1/test/app/dftb+" "-w" "/home/users/ntu/c230179/Desktop/dftb_builds/dftb_gcc_Release/test/app/dftb+" "-d" "/home/users/ntu/c230179/Desktop/dftbplus-25.1/test/app/dftb+/bin/tagdiff" "-P" "env OMP_NUM_THREADS=1" "-p" "/home/users/ntu/c230179/Desktop/dftb_builds/dftb_gcc_Release/app/dftb+/dftb+" "-G" "/home/users/ntu/c230179/Desktop/dftbplus-25.1/test/app/dftb+/bin/globalpostrun.sh" "-s" "P,R,C,S" "hybrid/periodic/Acene-kpts-matrix-restart-II"
107: Environment variables: 
107:  DFTBPLUS_PARAM_DIR=/home/users/ntu/c230179/Desktop/dftbplus-25.1/external
107: Test timeout computed to be: 10000000
107: hybrid/periodic/Acene-kpts-matrix-restart-II:	Test script returned non-zero exit code: 1
107:  deleting file 'autotest.tag'
107:  TODO.
107: 
107: ==============================================================================
107: TEST SUMMARY
107: ------------------------------------------------------------------------------
107: Match:
107:     None
107: 
107: Not run:
107:     hybrid/periodic/Acene-kpts-matrix-r
107: ------------------------------------------------------------------------------
107: Status: FAIL
107/406 Test #107: app/dftb+/hybrid/periodic/Acene-kpts-matrix-restart-II ...........***Failed    0.06 sec
hybrid/periodic/Acene-kpts-matrix-restart-II:	Test script returned non-zero exit code: 1
 deleting file 'autotest.tag'
 TODO.

==============================================================================
TEST SUMMARY
------------------------------------------------------------------------------
Match:
    None

Not run:
    hybrid/periodic/Acene-kpts-matrix-r
------------------------------------------------------------------------------
Status: FAIL

test 108
        Start 108: app/dftb+/hybrid/periodic/Acene-kpts-matrix-restart-ascii

108: Test command: /home/users/ntu/c230179/Desktop/dftbplus-25.1/test/app/dftb+/bin/autotest2 "-r" "/home/users/ntu/c230179/Desktop/dftbplus-25.1/test/app/dftb+" "-w" "/home/users/ntu/c230179/Desktop/dftb_builds/dftb_gcc_Release/test/app/dftb+" "-d" "/home/users/ntu/c230179/Desktop/dftbplus-25.1/test/app/dftb+/bin/tagdiff" "-P" "env OMP_NUM_THREADS=1" "-p" "/home/users/ntu/c230179/Desktop/dftb_builds/dftb_gcc_Release/app/dftb+/dftb+" "-G" "/home/users/ntu/c230179/Desktop/dftbplus-25.1/test/app/dftb+/bin/globalpostrun.sh" "-s" "P,R,C,S" "hybrid/periodic/Acene-kpts-matrix-restart-ascii"
108: Environment variables: 
108:  DFTBPLUS_PARAM_DIR=/home/users/ntu/c230179/Desktop/dftbplus-25.1/external
108: Test timeout computed to be: 10000000
108: hybrid/periodic/Acene-kpts-matrix-restart-ascii:	Test script returned non-zero exit code: 1
108:  deleting file 'autotest.tag'
108:  TODO.
108: 
108: ==============================================================================
108: TEST SUMMARY
108: ------------------------------------------------------------------------------
108: Match:
108:     None
108: 
108: Not run:
108:     hybrid/periodic/Acene-kpts-matrix-r
108: ------------------------------------------------------------------------------
108: Status: FAIL
108/406 Test #108: app/dftb+/hybrid/periodic/Acene-kpts-matrix-restart-ascii ........***Failed    0.06 sec
hybrid/periodic/Acene-kpts-matrix-restart-ascii:	Test script returned non-zero exit code: 1
 deleting file 'autotest.tag'
 TODO.

==============================================================================
TEST SUMMARY
------------------------------------------------------------------------------
Match:
    None

Not run:
    hybrid/periodic/Acene-kpts-matrix-r
------------------------------------------------------------------------------
Status: FAIL

test 109
        Start 109: app/dftb+/hybrid/periodic/Acene-kpts-matrix-band

109: Test command: /home/users/ntu/c230179/Desktop/dftbplus-25.1/test/app/dftb+/bin/autotest2 "-r" "/home/users/ntu/c230179/Desktop/dftbplus-25.1/test/app/dftb+" "-w" "/home/users/ntu/c230179/Desktop/dftb_builds/dftb_gcc_Release/test/app/dftb+" "-d" "/home/users/ntu/c230179/Desktop/dftbplus-25.1/test/app/dftb+/bin/tagdiff" "-P" "env OMP_NUM_THREADS=1" "-p" "/home/users/ntu/c230179/Desktop/dftb_builds/dftb_gcc_Release/app/dftb+/dftb+" "-G" "/home/users/ntu/c230179/Desktop/dftbplus-25.1/test/app/dftb+/bin/globalpostrun.sh" "-s" "P,R,C,S" "hybrid/periodic/Acene-kpts-matrix-band"
109: Environment variables: 
109:  DFTBPLUS_PARAM_DIR=/home/users/ntu/c230179/Desktop/dftbplus-25.1/external
109: Test timeout computed to be: 10000000
109: hybrid/periodic/Acene-kpts-matrix-band:	Test script returned non-zero exit code: 1
109:  deleting file 'autotest.tag'
109:  TODO.
109: 
109: ==============================================================================
109: TEST SUMMARY
109: ------------------------------------------------------------------------------
109: Match:
109:     None
109: 
109: Not run:
109:     hybrid/periodic/Acene-kpts-matrix-b
109: ------------------------------------------------------------------------------
109: Status: FAIL
109/406 Test #109: app/dftb+/hybrid/periodic/Acene-kpts-matrix-band .................***Failed    0.06 sec
hybrid/periodic/Acene-kpts-matrix-band:	Test script returned non-zero exit code: 1
 deleting file 'autotest.tag'
 TODO.

==============================================================================
TEST SUMMARY
------------------------------------------------------------------------------
Match:
    None

Not run:
    hybrid/periodic/Acene-kpts-matrix-b
------------------------------------------------------------------------------
Status: FAIL

test 110
        Start 110: app/dftb+/hybrid/periodic/Acene-kpts-matrix-force-lc

110: Test command: /home/users/ntu/c230179/Desktop/dftbplus-25.1/test/app/dftb+/bin/autotest2 "-r" "/home/users/ntu/c230179/Desktop/dftbplus-25.1/test/app/dftb+" "-w" "/home/users/ntu/c230179/Desktop/dftb_builds/dftb_gcc_Release/test/app/dftb+" "-d" "/home/users/ntu/c230179/Desktop/dftbplus-25.1/test/app/dftb+/bin/tagdiff" "-P" "env OMP_NUM_THREADS=1" "-p" "/home/users/ntu/c230179/Desktop/dftb_builds/dftb_gcc_Release/app/dftb+/dftb+" "-G" "/home/users/ntu/c230179/Desktop/dftbplus-25.1/test/app/dftb+/bin/globalpostrun.sh" "-s" "P,R,C,S" "hybrid/periodic/Acene-kpts-matrix-force-lc"
110: Environment variables: 
110:  DFTBPLUS_PARAM_DIR=/home/users/ntu/c230179/Desktop/dftbplus-25.1/external
110: Test timeout computed to be: 10000000
110: hybrid/periodic/Acene-kpts-matrix-force-lc:	Test script returned non-zero exit code: 1
110:  deleting file 'autotest.tag'
110:  TODO.
110: 
110: ==============================================================================
110: TEST SUMMARY
110: ------------------------------------------------------------------------------
110: Match:
110:     None
110: 
110: Not run:
110:     hybrid/periodic/Acene-kpts-matrix-f
110: ------------------------------------------------------------------------------
110: Status: FAIL
110/406 Test #110: app/dftb+/hybrid/periodic/Acene-kpts-matrix-force-lc .............***Failed    0.04 sec
hybrid/periodic/Acene-kpts-matrix-force-lc:	Test script returned non-zero exit code: 1
 deleting file 'autotest.tag'
 TODO.

==============================================================================
TEST SUMMARY
------------------------------------------------------------------------------
Match:
    None

Not run:
    hybrid/periodic/Acene-kpts-matrix-f
------------------------------------------------------------------------------
Status: FAIL

test 111
        Start 111: app/dftb+/hybrid/periodic/Acene-kpts-neigh-band

111: Test command: /home/users/ntu/c230179/Desktop/dftbplus-25.1/test/app/dftb+/bin/autotest2 "-r" "/home/users/ntu/c230179/Desktop/dftbplus-25.1/test/app/dftb+" "-w" "/home/users/ntu/c230179/Desktop/dftb_builds/dftb_gcc_Release/test/app/dftb+" "-d" "/home/users/ntu/c230179/Desktop/dftbplus-25.1/test/app/dftb+/bin/tagdiff" "-P" "env OMP_NUM_THREADS=1" "-p" "/home/users/ntu/c230179/Desktop/dftb_builds/dftb_gcc_Release/app/dftb+/dftb+" "-G" "/home/users/ntu/c230179/Desktop/dftbplus-25.1/test/app/dftb+/bin/globalpostrun.sh" "-s" "P,R,C,S" "hybrid/periodic/Acene-kpts-neigh-band"
111: Environment variables: 
111:  DFTBPLUS_PARAM_DIR=/home/users/ntu/c230179/Desktop/dftbplus-25.1/external
111: Test timeout computed to be: 10000000
111: hybrid/periodic/Acene-kpts-neigh-band:	Test script returned non-zero exit code: 1
111:  deleting file 'autotest.tag'
111:  TODO.
111: 
111: ==============================================================================
111: TEST SUMMARY
111: ------------------------------------------------------------------------------
111: Match:
111:     None
111: 
111: Not run:
111:     hybrid/periodic/Acene-kpts-neigh-ba
111: ------------------------------------------------------------------------------
111: Status: FAIL
111/406 Test #111: app/dftb+/hybrid/periodic/Acene-kpts-neigh-band ..................***Failed    0.06 sec
hybrid/periodic/Acene-kpts-neigh-band:	Test script returned non-zero exit code: 1
 deleting file 'autotest.tag'
 TODO.

==============================================================================
TEST SUMMARY
------------------------------------------------------------------------------
Match:
    None

Not run:
    hybrid/periodic/Acene-kpts-neigh-ba
------------------------------------------------------------------------------
Status: FAIL

test 112
        Start 112: app/dftb+/hybrid/periodic/Acene-kpts-neigh-force-lc

112: Test command: /home/users/ntu/c230179/Desktop/dftbplus-25.1/test/app/dftb+/bin/autotest2 "-r" "/home/users/ntu/c230179/Desktop/dftbplus-25.1/test/app/dftb+" "-w" "/home/users/ntu/c230179/Desktop/dftb_builds/dftb_gcc_Release/test/app/dftb+" "-d" "/home/users/ntu/c230179/Desktop/dftbplus-25.1/test/app/dftb+/bin/tagdiff" "-P" "env OMP_NUM_THREADS=1" "-p" "/home/users/ntu/c230179/Desktop/dftb_builds/dftb_gcc_Release/app/dftb+/dftb+" "-G" "/home/users/ntu/c230179/Desktop/dftbplus-25.1/test/app/dftb+/bin/globalpostrun.sh" "-s" "P,R,C,S" "hybrid/periodic/Acene-kpts-neigh-force-lc"
112: Environment variables: 
112:  DFTBPLUS_PARAM_DIR=/home/users/ntu/c230179/Desktop/dftbplus-25.1/external
112: Test timeout computed to be: 10000000
112: hybrid/periodic/Acene-kpts-neigh-force-lc:	Test script returned non-zero exit code: 1
112:  deleting file 'autotest.tag'
112:  TODO.
112: 
112: ==============================================================================
112: TEST SUMMARY
112: ------------------------------------------------------------------------------
112: Match:
112:     None
112: 
112: Not run:
112:     hybrid/periodic/Acene-kpts-neigh-fo
112: ------------------------------------------------------------------------------
112: Status: FAIL
112/406 Test #112: app/dftb+/hybrid/periodic/Acene-kpts-neigh-force-lc ..............***Failed    0.04 sec
hybrid/periodic/Acene-kpts-neigh-force-lc:	Test script returned non-zero exit code: 1
 deleting file 'autotest.tag'
 TODO.

==============================================================================
TEST SUMMARY
------------------------------------------------------------------------------
Match:
    None

Not run:
    hybrid/periodic/Acene-kpts-neigh-fo
------------------------------------------------------------------------------
Status: FAIL

test 113
        Start 113: app/dftb+/hybrid/periodic/Acene-kpts-neigh-restart

113: Test command: /home/users/ntu/c230179/Desktop/dftbplus-25.1/test/app/dftb+/bin/autotest2 "-r" "/home/users/ntu/c230179/Desktop/dftbplus-25.1/test/app/dftb+" "-w" "/home/users/ntu/c230179/Desktop/dftb_builds/dftb_gcc_Release/test/app/dftb+" "-d" "/home/users/ntu/c230179/Desktop/dftbplus-25.1/test/app/dftb+/bin/tagdiff" "-P" "env OMP_NUM_THREADS=1" "-p" "/home/users/ntu/c230179/Desktop/dftb_builds/dftb_gcc_Release/app/dftb+/dftb+" "-G" "/home/users/ntu/c230179/Desktop/dftbplus-25.1/test/app/dftb+/bin/globalpostrun.sh" "-s" "P,R,C,S" "hybrid/periodic/Acene-kpts-neigh-restart"
113: Environment variables: 
113:  DFTBPLUS_PARAM_DIR=/home/users/ntu/c230179/Desktop/dftbplus-25.1/external
113: Test timeout computed to be: 10000000
113: hybrid/periodic/Acene-kpts-neigh-restart:	Test script returned non-zero exit code: 1
113:  deleting file 'autotest.tag'
113:  TODO.
113: 
113: ==============================================================================
113: TEST SUMMARY
113: ------------------------------------------------------------------------------
113: Match:
113:     None
113: 
113: Not run:
113:     hybrid/periodic/Acene-kpts-neigh-re
113: ------------------------------------------------------------------------------
113: Status: FAIL
113/406 Test #113: app/dftb+/hybrid/periodic/Acene-kpts-neigh-restart ...............***Failed    0.06 sec
hybrid/periodic/Acene-kpts-neigh-restart:	Test script returned non-zero exit code: 1
 deleting file 'autotest.tag'
 TODO.

==============================================================================
TEST SUMMARY
------------------------------------------------------------------------------
Match:
    None

Not run:
    hybrid/periodic/Acene-kpts-neigh-re
------------------------------------------------------------------------------
Status: FAIL

test 114
        Start 114: app/dftb+/hybrid/periodic/Acene-kpts-neigh-restart-ascii

114: Test command: /home/users/ntu/c230179/Desktop/dftbplus-25.1/test/app/dftb+/bin/autotest2 "-r" "/home/users/ntu/c230179/Desktop/dftbplus-25.1/test/app/dftb+" "-w" "/home/users/ntu/c230179/Desktop/dftb_builds/dftb_gcc_Release/test/app/dftb+" "-d" "/home/users/ntu/c230179/Desktop/dftbplus-25.1/test/app/dftb+/bin/tagdiff" "-P" "env OMP_NUM_THREADS=1" "-p" "/home/users/ntu/c230179/Desktop/dftb_builds/dftb_gcc_Release/app/dftb+/dftb+" "-G" "/home/users/ntu/c230179/Desktop/dftbplus-25.1/test/app/dftb+/bin/globalpostrun.sh" "-s" "P,R,C,S" "hybrid/periodic/Acene-kpts-neigh-restart-ascii"
114: Environment variables: 
114:  DFTBPLUS_PARAM_DIR=/home/users/ntu/c230179/Desktop/dftbplus-25.1/external
114: Test timeout computed to be: 10000000
114: hybrid/periodic/Acene-kpts-neigh-restart-ascii:	Test script returned non-zero exit code: 1
114:  deleting file 'autotest.tag'
114:  TODO.
114: 
114: ==============================================================================
114: TEST SUMMARY
114: ------------------------------------------------------------------------------
114: Match:
114:     None
114: 
114: Not run:
114:     hybrid/periodic/Acene-kpts-neigh-re
114: ------------------------------------------------------------------------------
114: Status: FAIL
114/406 Test #114: app/dftb+/hybrid/periodic/Acene-kpts-neigh-restart-ascii .........***Failed    0.06 sec
hybrid/periodic/Acene-kpts-neigh-restart-ascii:	Test script returned non-zero exit code: 1
 deleting file 'autotest.tag'
 TODO.

==============================================================================
TEST SUMMARY
------------------------------------------------------------------------------
Match:
    None

Not run:
    hybrid/periodic/Acene-kpts-neigh-re
------------------------------------------------------------------------------
Status: FAIL

test 115
        Start 115: app/dftb+/hybrid/periodic/Benzene-box-spin-matrix-ct-kpts

115: Test command: /home/users/ntu/c230179/Desktop/dftbplus-25.1/test/app/dftb+/bin/autotest2 "-r" "/home/users/ntu/c230179/Desktop/dftbplus-25.1/test/app/dftb+" "-w" "/home/users/ntu/c230179/Desktop/dftb_builds/dftb_gcc_Release/test/app/dftb+" "-d" "/home/users/ntu/c230179/Desktop/dftbplus-25.1/test/app/dftb+/bin/tagdiff" "-P" "env OMP_NUM_THREADS=1" "-p" "/home/users/ntu/c230179/Desktop/dftb_builds/dftb_gcc_Release/app/dftb+/dftb+" "-G" "/home/users/ntu/c230179/Desktop/dftbplus-25.1/test/app/dftb+/bin/globalpostrun.sh" "-s" "P,R,C,S" "hybrid/periodic/Benzene-box-spin-matrix-ct-kpts"
115: Environment variables: 
115:  DFTBPLUS_PARAM_DIR=/home/users/ntu/c230179/Desktop/dftbplus-25.1/external
115: Test timeout computed to be: 10000000
115: hybrid/periodic/Benzene-box-spin-matrix-ct-kpts:	Test script returned non-zero exit code: 1
115:  deleting file 'autotest.tag'
115:  TODO.
115: 
115: ==============================================================================
115: TEST SUMMARY
115: ------------------------------------------------------------------------------
115: Match:
115:     None
115: 
115: Not run:
115:     hybrid/periodic/Benzene-box-spin-ma
115: ------------------------------------------------------------------------------
115: Status: FAIL
115/406 Test #115: app/dftb+/hybrid/periodic/Benzene-box-spin-matrix-ct-kpts ........***Failed    0.04 sec
hybrid/periodic/Benzene-box-spin-matrix-ct-kpts:	Test script returned non-zero exit code: 1
 deleting file 'autotest.tag'
 TODO.

==============================================================================
TEST SUMMARY
------------------------------------------------------------------------------
Match:
    None

Not run:
    hybrid/periodic/Benzene-box-spin-ma
------------------------------------------------------------------------------
Status: FAIL

test 116
        Start 116: app/dftb+/hybrid/periodic/Benzene-box-spin-neigh-ct-kpts

116: Test command: /home/users/ntu/c230179/Desktop/dftbplus-25.1/test/app/dftb+/bin/autotest2 "-r" "/home/users/ntu/c230179/Desktop/dftbplus-25.1/test/app/dftb+" "-w" "/home/users/ntu/c230179/Desktop/dftb_builds/dftb_gcc_Release/test/app/dftb+" "-d" "/home/users/ntu/c230179/Desktop/dftbplus-25.1/test/app/dftb+/bin/tagdiff" "-P" "env OMP_NUM_THREADS=1" "-p" "/home/users/ntu/c230179/Desktop/dftb_builds/dftb_gcc_Release/app/dftb+/dftb+" "-G" "/home/users/ntu/c230179/Desktop/dftbplus-25.1/test/app/dftb+/bin/globalpostrun.sh" "-s" "P,R,C,S" "hybrid/periodic/Benzene-box-spin-neigh-ct-kpts"
116: Environment variables: 
116:  DFTBPLUS_PARAM_DIR=/home/users/ntu/c230179/Desktop/dftbplus-25.1/external
116: Test timeout computed to be: 10000000
116: hybrid/periodic/Benzene-box-spin-neigh-ct-kpts:	Test script returned non-zero exit code: 1
116:  deleting file 'autotest.tag'
116:  TODO.
116: 
116: ==============================================================================
116: TEST SUMMARY
116: ------------------------------------------------------------------------------
116: Match:
116:     None
116: 
116: Not run:
116:     hybrid/periodic/Benzene-box-spin-ne
116: ------------------------------------------------------------------------------
116: Status: FAIL
116/406 Test #116: app/dftb+/hybrid/periodic/Benzene-box-spin-neigh-ct-kpts .........***Failed    0.04 sec
hybrid/periodic/Benzene-box-spin-neigh-ct-kpts:	Test script returned non-zero exit code: 1
 deleting file 'autotest.tag'
 TODO.

==============================================================================
TEST SUMMARY
------------------------------------------------------------------------------
Match:
    None

Not run:
    hybrid/periodic/Benzene-box-spin-ne
------------------------------------------------------------------------------
Status: FAIL

test 117
        Start 117: app/dftb+/hybrid/periodic/Benzene-gamma-matrix-spin-force-grp1

117: Test command: /home/users/ntu/c230179/Desktop/dftbplus-25.1/test/app/dftb+/bin/autotest2 "-r" "/home/users/ntu/c230179/Desktop/dftbplus-25.1/test/app/dftb+" "-w" "/home/users/ntu/c230179/Desktop/dftb_builds/dftb_gcc_Release/test/app/dftb+" "-d" "/home/users/ntu/c230179/Desktop/dftbplus-25.1/test/app/dftb+/bin/tagdiff" "-P" "env OMP_NUM_THREADS=1" "-p" "/home/users/ntu/c230179/Desktop/dftb_builds/dftb_gcc_Release/app/dftb+/dftb+" "-G" "/home/users/ntu/c230179/Desktop/dftbplus-25.1/test/app/dftb+/bin/globalpostrun.sh" "-s" "P,R,C,S" "hybrid/periodic/Benzene-gamma-matrix-spin-force-grp1"
117: Environment variables: 
117:  DFTBPLUS_PARAM_DIR=/home/users/ntu/c230179/Desktop/dftbplus-25.1/external
117: Test timeout computed to be: 10000000
117: hybrid/periodic/Benzene-gamma-matrix-spin-force-grp1:	Test script returned non-zero exit code: 1
117:  deleting file 'autotest.tag'
117:  TODO.
117: 
117: ==============================================================================
117: TEST SUMMARY
117: ------------------------------------------------------------------------------
117: Match:
117:     None
117: 
117: Not run:
117:     hybrid/periodic/Benzene-gamma-matri
117: ------------------------------------------------------------------------------
117: Status: FAIL
117/406 Test #117: app/dftb+/hybrid/periodic/Benzene-gamma-matrix-spin-force-grp1 ...***Failed    0.05 sec
hybrid/periodic/Benzene-gamma-matrix-spin-force-grp1:	Test script returned non-zero exit code: 1
 deleting file 'autotest.tag'
 TODO.

==============================================================================
TEST SUMMARY
------------------------------------------------------------------------------
Match:
    None

Not run:
    hybrid/periodic/Benzene-gamma-matri
------------------------------------------------------------------------------
Status: FAIL

test 118
        Start 118: app/dftb+/hybrid/periodic/Benzene-gamma-neigh-spin-force

118: Test command: /home/users/ntu/c230179/Desktop/dftbplus-25.1/test/app/dftb+/bin/autotest2 "-r" "/home/users/ntu/c230179/Desktop/dftbplus-25.1/test/app/dftb+" "-w" "/home/users/ntu/c230179/Desktop/dftb_builds/dftb_gcc_Release/test/app/dftb+" "-d" "/home/users/ntu/c230179/Desktop/dftbplus-25.1/test/app/dftb+/bin/tagdiff" "-P" "env OMP_NUM_THREADS=1" "-p" "/home/users/ntu/c230179/Desktop/dftb_builds/dftb_gcc_Release/app/dftb+/dftb+" "-G" "/home/users/ntu/c230179/Desktop/dftbplus-25.1/test/app/dftb+/bin/globalpostrun.sh" "-s" "P,R,C,S" "hybrid/periodic/Benzene-gamma-neigh-spin-force"
118: Environment variables: 
118:  DFTBPLUS_PARAM_DIR=/home/users/ntu/c230179/Desktop/dftbplus-25.1/external
118: Test timeout computed to be: 10000000
118: hybrid/periodic/Benzene-gamma-neigh-spin-force:	Test script returned non-zero exit code: 1
118:  deleting file 'autotest.tag'
118:  TODO.
118: 
118: ==============================================================================
118: TEST SUMMARY
118: ------------------------------------------------------------------------------
118: Match:
118:     None
118: 
118: Not run:
118:     hybrid/periodic/Benzene-gamma-neigh
118: ------------------------------------------------------------------------------
118: Status: FAIL
118/406 Test #118: app/dftb+/hybrid/periodic/Benzene-gamma-neigh-spin-force .........***Failed    0.05 sec
hybrid/periodic/Benzene-gamma-neigh-spin-force:	Test script returned non-zero exit code: 1
 deleting file 'autotest.tag'
 TODO.

==============================================================================
TEST SUMMARY
------------------------------------------------------------------------------
Match:
    None

Not run:
    hybrid/periodic/Benzene-gamma-neigh
------------------------------------------------------------------------------
Status: FAIL

test 119
        Start 119: app/dftb+/hybrid/periodic/CN-chain_transl-inv-matrix-ct

119: Test command: /home/users/ntu/c230179/Desktop/dftbplus-25.1/test/app/dftb+/bin/autotest2 "-r" "/home/users/ntu/c230179/Desktop/dftbplus-25.1/test/app/dftb+" "-w" "/home/users/ntu/c230179/Desktop/dftb_builds/dftb_gcc_Release/test/app/dftb+" "-d" "/home/users/ntu/c230179/Desktop/dftbplus-25.1/test/app/dftb+/bin/tagdiff" "-P" "env OMP_NUM_THREADS=1" "-p" "/home/users/ntu/c230179/Desktop/dftb_builds/dftb_gcc_Release/app/dftb+/dftb+" "-G" "/home/users/ntu/c230179/Desktop/dftbplus-25.1/test/app/dftb+/bin/globalpostrun.sh" "-s" "P,R,C,S" "hybrid/periodic/CN-chain_transl-inv-matrix-ct"
119: Environment variables: 
119:  DFTBPLUS_PARAM_DIR=/home/users/ntu/c230179/Desktop/dftbplus-25.1/external
119: Test timeout computed to be: 10000000
119: hybrid/periodic/CN-chain_transl-inv-matrix-ct:	Test script returned non-zero exit code: 1
119:  deleting file 'autotest.tag'
119:  TODO.
119: 
119: ==============================================================================
119: TEST SUMMARY
119: ------------------------------------------------------------------------------
119: Match:
119:     None
119: 
119: Not run:
119:     hybrid/periodic/CN-chain_transl-inv
119: ------------------------------------------------------------------------------
119: Status: FAIL
119/406 Test #119: app/dftb+/hybrid/periodic/CN-chain_transl-inv-matrix-ct ..........***Failed    0.05 sec
hybrid/periodic/CN-chain_transl-inv-matrix-ct:	Test script returned non-zero exit code: 1
 deleting file 'autotest.tag'
 TODO.

==============================================================================
TEST SUMMARY
------------------------------------------------------------------------------
Match:
    None

Not run:
    hybrid/periodic/CN-chain_transl-inv
------------------------------------------------------------------------------
Status: FAIL

test 120
        Start 120: app/dftb+/hybrid/periodic/CN-chain_transl-inv-neigh-ct

120: Test command: /home/users/ntu/c230179/Desktop/dftbplus-25.1/test/app/dftb+/bin/autotest2 "-r" "/home/users/ntu/c230179/Desktop/dftbplus-25.1/test/app/dftb+" "-w" "/home/users/ntu/c230179/Desktop/dftb_builds/dftb_gcc_Release/test/app/dftb+" "-d" "/home/users/ntu/c230179/Desktop/dftbplus-25.1/test/app/dftb+/bin/tagdiff" "-P" "env OMP_NUM_THREADS=1" "-p" "/home/users/ntu/c230179/Desktop/dftb_builds/dftb_gcc_Release/app/dftb+/dftb+" "-G" "/home/users/ntu/c230179/Desktop/dftbplus-25.1/test/app/dftb+/bin/globalpostrun.sh" "-s" "P,R,C,S" "hybrid/periodic/CN-chain_transl-inv-neigh-ct"
120: Environment variables: 
120:  DFTBPLUS_PARAM_DIR=/home/users/ntu/c230179/Desktop/dftbplus-25.1/external
120: Test timeout computed to be: 10000000
120: hybrid/periodic/CN-chain_transl-inv-neigh-ct:	Test script returned non-zero exit code: 1
120:  deleting file 'autotest.tag'
120:  TODO.
120: 
120: ==============================================================================
120: TEST SUMMARY
120: ------------------------------------------------------------------------------
120: Match:
120:     None
120: 
120: Not run:
120:     hybrid/periodic/CN-chain_transl-inv
120: ------------------------------------------------------------------------------
120: Status: FAIL
120/406 Test #120: app/dftb+/hybrid/periodic/CN-chain_transl-inv-neigh-ct ...........***Failed    0.05 sec
hybrid/periodic/CN-chain_transl-inv-neigh-ct:	Test script returned non-zero exit code: 1
 deleting file 'autotest.tag'
 TODO.

==============================================================================
TEST SUMMARY
------------------------------------------------------------------------------
Match:
    None

Not run:
    hybrid/periodic/CN-chain_transl-inv
------------------------------------------------------------------------------
Status: FAIL

test 121
        Start 121: app/dftb+/hybrid/periodic/GaAs-gamma-matrix

121: Test command: /home/users/ntu/c230179/Desktop/dftbplus-25.1/test/app/dftb+/bin/autotest2 "-r" "/home/users/ntu/c230179/Desktop/dftbplus-25.1/test/app/dftb+" "-w" "/home/users/ntu/c230179/Desktop/dftb_builds/dftb_gcc_Release/test/app/dftb+" "-d" "/home/users/ntu/c230179/Desktop/dftbplus-25.1/test/app/dftb+/bin/tagdiff" "-P" "env OMP_NUM_THREADS=1" "-p" "/home/users/ntu/c230179/Desktop/dftb_builds/dftb_gcc_Release/app/dftb+/dftb+" "-G" "/home/users/ntu/c230179/Desktop/dftbplus-25.1/test/app/dftb+/bin/globalpostrun.sh" "-s" "P,R,C,S" "hybrid/periodic/GaAs-gamma-matrix"
121: Environment variables: 
121:  DFTBPLUS_PARAM_DIR=/home/users/ntu/c230179/Desktop/dftbplus-25.1/external
121: Test timeout computed to be: 10000000
121: hybrid/periodic/GaAs-gamma-matrix:	Test script returned non-zero exit code: 1
121:  deleting file 'autotest.tag'
121:  TODO.
121: 
121: ==============================================================================
121: TEST SUMMARY
121: ------------------------------------------------------------------------------
121: Match:
121:     None
121: 
121: Not run:
121:     hybrid/periodic/GaAs-gamma-matrix
121: ------------------------------------------------------------------------------
121: Status: FAIL
121/406 Test #121: app/dftb+/hybrid/periodic/GaAs-gamma-matrix ......................***Failed    0.04 sec
hybrid/periodic/GaAs-gamma-matrix:	Test script returned non-zero exit code: 1
 deleting file 'autotest.tag'
 TODO.

==============================================================================
TEST SUMMARY
------------------------------------------------------------------------------
Match:
    None

Not run:
    hybrid/periodic/GaAs-gamma-matrix
------------------------------------------------------------------------------
Status: FAIL

test 122
        Start 122: app/dftb+/hybrid/periodic/GaAs-gamma-neigh

122: Test command: /home/users/ntu/c230179/Desktop/dftbplus-25.1/test/app/dftb+/bin/autotest2 "-r" "/home/users/ntu/c230179/Desktop/dftbplus-25.1/test/app/dftb+" "-w" "/home/users/ntu/c230179/Desktop/dftb_builds/dftb_gcc_Release/test/app/dftb+" "-d" "/home/users/ntu/c230179/Desktop/dftbplus-25.1/test/app/dftb+/bin/tagdiff" "-P" "env OMP_NUM_THREADS=1" "-p" "/home/users/ntu/c230179/Desktop/dftb_builds/dftb_gcc_Release/app/dftb+/dftb+" "-G" "/home/users/ntu/c230179/Desktop/dftbplus-25.1/test/app/dftb+/bin/globalpostrun.sh" "-s" "P,R,C,S" "hybrid/periodic/GaAs-gamma-neigh"
122: Environment variables: 
122:  DFTBPLUS_PARAM_DIR=/home/users/ntu/c230179/Desktop/dftbplus-25.1/external
122: Test timeout computed to be: 10000000
122: hybrid/periodic/GaAs-gamma-neigh:	Test script returned non-zero exit code: 1
122:  deleting file 'autotest.tag'
122:  TODO.
122: 
122: ==============================================================================
122: TEST SUMMARY
122: ------------------------------------------------------------------------------
122: Match:
122:     None
122: 
122: Not run:
122:     hybrid/periodic/GaAs-gamma-neigh
122: ------------------------------------------------------------------------------
122: Status: FAIL
122/406 Test #122: app/dftb+/hybrid/periodic/GaAs-gamma-neigh .......................***Failed    0.04 sec
hybrid/periodic/GaAs-gamma-neigh:	Test script returned non-zero exit code: 1
 deleting file 'autotest.tag'
 TODO.

==============================================================================
TEST SUMMARY
------------------------------------------------------------------------------
Match:
    None

Not run:
    hybrid/periodic/GaAs-gamma-neigh
------------------------------------------------------------------------------
Status: FAIL

test 123
        Start 123: app/dftb+/hybrid/periodic/GaAs-gamma-restart

123: Test command: /home/users/ntu/c230179/Desktop/dftbplus-25.1/test/app/dftb+/bin/autotest2 "-r" "/home/users/ntu/c230179/Desktop/dftbplus-25.1/test/app/dftb+" "-w" "/home/users/ntu/c230179/Desktop/dftb_builds/dftb_gcc_Release/test/app/dftb+" "-d" "/home/users/ntu/c230179/Desktop/dftbplus-25.1/test/app/dftb+/bin/tagdiff" "-P" "env OMP_NUM_THREADS=1" "-p" "/home/users/ntu/c230179/Desktop/dftb_builds/dftb_gcc_Release/app/dftb+/dftb+" "-G" "/home/users/ntu/c230179/Desktop/dftbplus-25.1/test/app/dftb+/bin/globalpostrun.sh" "-s" "P,R,C,S" "hybrid/periodic/GaAs-gamma-restart"
123: Environment variables: 
123:  DFTBPLUS_PARAM_DIR=/home/users/ntu/c230179/Desktop/dftbplus-25.1/external
123: Test timeout computed to be: 10000000
123: hybrid/periodic/GaAs-gamma-restart:	Test script returned non-zero exit code: 1
123:  deleting file 'autotest.tag'
123:  TODO.
123: 
123: ==============================================================================
123: TEST SUMMARY
123: ------------------------------------------------------------------------------
123: Match:
123:     None
123: 
123: Not run:
123:     hybrid/periodic/GaAs-gamma-restart
123: ------------------------------------------------------------------------------
123: Status: FAIL
123/406 Test #123: app/dftb+/hybrid/periodic/GaAs-gamma-restart .....................***Failed    0.06 sec
hybrid/periodic/GaAs-gamma-restart:	Test script returned non-zero exit code: 1
 deleting file 'autotest.tag'
 TODO.

==============================================================================
TEST SUMMARY
------------------------------------------------------------------------------
Match:
    None

Not run:
    hybrid/periodic/GaAs-gamma-restart
------------------------------------------------------------------------------
Status: FAIL

test 124
        Start 124: app/dftb+/hybrid/periodic/GaAs-kpts-matrix-ct

124: Test command: /home/users/ntu/c230179/Desktop/dftbplus-25.1/test/app/dftb+/bin/autotest2 "-r" "/home/users/ntu/c230179/Desktop/dftbplus-25.1/test/app/dftb+" "-w" "/home/users/ntu/c230179/Desktop/dftb_builds/dftb_gcc_Release/test/app/dftb+" "-d" "/home/users/ntu/c230179/Desktop/dftbplus-25.1/test/app/dftb+/bin/tagdiff" "-P" "env OMP_NUM_THREADS=1" "-p" "/home/users/ntu/c230179/Desktop/dftb_builds/dftb_gcc_Release/app/dftb+/dftb+" "-G" "/home/users/ntu/c230179/Desktop/dftbplus-25.1/test/app/dftb+/bin/globalpostrun.sh" "-s" "P,R,C,S" "hybrid/periodic/GaAs-kpts-matrix-ct"
124: Environment variables: 
124:  DFTBPLUS_PARAM_DIR=/home/users/ntu/c230179/Desktop/dftbplus-25.1/external
124: Test timeout computed to be: 10000000
124: hybrid/periodic/GaAs-kpts-matrix-ct:	Test script returned non-zero exit code: 1
124:  deleting file 'autotest.tag'
124:  TODO.
124: 
124: ==============================================================================
124: TEST SUMMARY
124: ------------------------------------------------------------------------------
124: Match:
124:     None
124: 
124: Not run:
124:     hybrid/periodic/GaAs-kpts-matrix-ct
124: ------------------------------------------------------------------------------
124: Status: FAIL
124/406 Test #124: app/dftb+/hybrid/periodic/GaAs-kpts-matrix-ct ....................***Failed    0.04 sec
hybrid/periodic/GaAs-kpts-matrix-ct:	Test script returned non-zero exit code: 1
 deleting file 'autotest.tag'
 TODO.

==============================================================================
TEST SUMMARY
------------------------------------------------------------------------------
Match:
    None

Not run:
    hybrid/periodic/GaAs-kpts-matrix-ct
------------------------------------------------------------------------------
Status: FAIL

test 125
        Start 125: app/dftb+/hybrid/periodic/GaAs-kpts-matrix-ct-anderson

125: Test command: /home/users/ntu/c230179/Desktop/dftbplus-25.1/test/app/dftb+/bin/autotest2 "-r" "/home/users/ntu/c230179/Desktop/dftbplus-25.1/test/app/dftb+" "-w" "/home/users/ntu/c230179/Desktop/dftb_builds/dftb_gcc_Release/test/app/dftb+" "-d" "/home/users/ntu/c230179/Desktop/dftbplus-25.1/test/app/dftb+/bin/tagdiff" "-P" "env OMP_NUM_THREADS=1" "-p" "/home/users/ntu/c230179/Desktop/dftb_builds/dftb_gcc_Release/app/dftb+/dftb+" "-G" "/home/users/ntu/c230179/Desktop/dftbplus-25.1/test/app/dftb+/bin/globalpostrun.sh" "-s" "P,R,C,S" "hybrid/periodic/GaAs-kpts-matrix-ct-anderson"
125: Environment variables: 
125:  DFTBPLUS_PARAM_DIR=/home/users/ntu/c230179/Desktop/dftbplus-25.1/external
125: Test timeout computed to be: 10000000
125: hybrid/periodic/GaAs-kpts-matrix-ct-anderson:	Test script returned non-zero exit code: 1
125:  deleting file 'autotest.tag'
125:  TODO.
125: 
125: ==============================================================================
125: TEST SUMMARY
125: ------------------------------------------------------------------------------
125: Match:
125:     None
125: 
125: Not run:
125:     hybrid/periodic/GaAs-kpts-matrix-ct
125: ------------------------------------------------------------------------------
125: Status: FAIL
125/406 Test #125: app/dftb+/hybrid/periodic/GaAs-kpts-matrix-ct-anderson ...........***Failed    0.04 sec
hybrid/periodic/GaAs-kpts-matrix-ct-anderson:	Test script returned non-zero exit code: 1
 deleting file 'autotest.tag'
 TODO.

==============================================================================
TEST SUMMARY
------------------------------------------------------------------------------
Match:
    None

Not run:
    hybrid/periodic/GaAs-kpts-matrix-ct
------------------------------------------------------------------------------
Status: FAIL

test 126
        Start 126: app/dftb+/hybrid/periodic/GaAs-kpts-matrix-ct-diis

126: Test command: /home/users/ntu/c230179/Desktop/dftbplus-25.1/test/app/dftb+/bin/autotest2 "-r" "/home/users/ntu/c230179/Desktop/dftbplus-25.1/test/app/dftb+" "-w" "/home/users/ntu/c230179/Desktop/dftb_builds/dftb_gcc_Release/test/app/dftb+" "-d" "/home/users/ntu/c230179/Desktop/dftbplus-25.1/test/app/dftb+/bin/tagdiff" "-P" "env OMP_NUM_THREADS=1" "-p" "/home/users/ntu/c230179/Desktop/dftb_builds/dftb_gcc_Release/app/dftb+/dftb+" "-G" "/home/users/ntu/c230179/Desktop/dftbplus-25.1/test/app/dftb+/bin/globalpostrun.sh" "-s" "P,R,C,S" "hybrid/periodic/GaAs-kpts-matrix-ct-diis"
126: Environment variables: 
126:  DFTBPLUS_PARAM_DIR=/home/users/ntu/c230179/Desktop/dftbplus-25.1/external
126: Test timeout computed to be: 10000000
126: hybrid/periodic/GaAs-kpts-matrix-ct-diis:	Test script returned non-zero exit code: 1
126:  deleting file 'autotest.tag'
126:  TODO.
126: 
126: ==============================================================================
126: TEST SUMMARY
126: ------------------------------------------------------------------------------
126: Match:
126:     None
126: 
126: Not run:
126:     hybrid/periodic/GaAs-kpts-matrix-ct
126: ------------------------------------------------------------------------------
126: Status: FAIL
126/406 Test #126: app/dftb+/hybrid/periodic/GaAs-kpts-matrix-ct-diis ...............***Failed    0.04 sec
hybrid/periodic/GaAs-kpts-matrix-ct-diis:	Test script returned non-zero exit code: 1
 deleting file 'autotest.tag'
 TODO.

==============================================================================
TEST SUMMARY
------------------------------------------------------------------------------
Match:
    None

Not run:
    hybrid/periodic/GaAs-kpts-matrix-ct
------------------------------------------------------------------------------
Status: FAIL

test 127
        Start 127: app/dftb+/hybrid/periodic/GaAs-kpts-matrix-ct-simple

127: Test command: /home/users/ntu/c230179/Desktop/dftbplus-25.1/test/app/dftb+/bin/autotest2 "-r" "/home/users/ntu/c230179/Desktop/dftbplus-25.1/test/app/dftb+" "-w" "/home/users/ntu/c230179/Desktop/dftb_builds/dftb_gcc_Release/test/app/dftb+" "-d" "/home/users/ntu/c230179/Desktop/dftbplus-25.1/test/app/dftb+/bin/tagdiff" "-P" "env OMP_NUM_THREADS=1" "-p" "/home/users/ntu/c230179/Desktop/dftb_builds/dftb_gcc_Release/app/dftb+/dftb+" "-G" "/home/users/ntu/c230179/Desktop/dftbplus-25.1/test/app/dftb+/bin/globalpostrun.sh" "-s" "P,R,C,S" "hybrid/periodic/GaAs-kpts-matrix-ct-simple"
127: Environment variables: 
127:  DFTBPLUS_PARAM_DIR=/home/users/ntu/c230179/Desktop/dftbplus-25.1/external
127: Test timeout computed to be: 10000000
127: hybrid/periodic/GaAs-kpts-matrix-ct-simple:	Test script returned non-zero exit code: 1
127:  deleting file 'autotest.tag'
127:  TODO.
127: 
127: ==============================================================================
127: TEST SUMMARY
127: ------------------------------------------------------------------------------
127: Match:
127:     None
127: 
127: Not run:
127:     hybrid/periodic/GaAs-kpts-matrix-ct
127: ------------------------------------------------------------------------------
127: Status: FAIL
127/406 Test #127: app/dftb+/hybrid/periodic/GaAs-kpts-matrix-ct-simple .............***Failed    0.04 sec
hybrid/periodic/GaAs-kpts-matrix-ct-simple:	Test script returned non-zero exit code: 1
 deleting file 'autotest.tag'
 TODO.

==============================================================================
TEST SUMMARY
------------------------------------------------------------------------------
Match:
    None

Not run:
    hybrid/periodic/GaAs-kpts-matrix-ct
------------------------------------------------------------------------------
Status: FAIL

test 128
        Start 128: app/dftb+/hybrid/periodic/GaAs-kpts-neigh-ct

128: Test command: /home/users/ntu/c230179/Desktop/dftbplus-25.1/test/app/dftb+/bin/autotest2 "-r" "/home/users/ntu/c230179/Desktop/dftbplus-25.1/test/app/dftb+" "-w" "/home/users/ntu/c230179/Desktop/dftb_builds/dftb_gcc_Release/test/app/dftb+" "-d" "/home/users/ntu/c230179/Desktop/dftbplus-25.1/test/app/dftb+/bin/tagdiff" "-P" "env OMP_NUM_THREADS=1" "-p" "/home/users/ntu/c230179/Desktop/dftb_builds/dftb_gcc_Release/app/dftb+/dftb+" "-G" "/home/users/ntu/c230179/Desktop/dftbplus-25.1/test/app/dftb+/bin/globalpostrun.sh" "-s" "P,R,C,S" "hybrid/periodic/GaAs-kpts-neigh-ct"
128: Environment variables: 
128:  DFTBPLUS_PARAM_DIR=/home/users/ntu/c230179/Desktop/dftbplus-25.1/external
128: Test timeout computed to be: 10000000
128: hybrid/periodic/GaAs-kpts-neigh-ct:	Test script returned non-zero exit code: 1
128:  deleting file 'autotest.tag'
128:  TODO.
128: 
128: ==============================================================================
128: TEST SUMMARY
128: ------------------------------------------------------------------------------
128: Match:
128:     None
128: 
128: Not run:
128:     hybrid/periodic/GaAs-kpts-neigh-ct
128: ------------------------------------------------------------------------------
128: Status: FAIL
128/406 Test #128: app/dftb+/hybrid/periodic/GaAs-kpts-neigh-ct .....................***Failed    0.04 sec
hybrid/periodic/GaAs-kpts-neigh-ct:	Test script returned non-zero exit code: 1
 deleting file 'autotest.tag'
 TODO.

==============================================================================
TEST SUMMARY
------------------------------------------------------------------------------
Match:
    None

Not run:
    hybrid/periodic/GaAs-kpts-neigh-ct
------------------------------------------------------------------------------
Status: FAIL

test 129
        Start 129: app/dftb+/hybrid/periodic/GaAs-kpts-neigh-mic

129: Test command: /home/users/ntu/c230179/Desktop/dftbplus-25.1/test/app/dftb+/bin/autotest2 "-r" "/home/users/ntu/c230179/Desktop/dftbplus-25.1/test/app/dftb+" "-w" "/home/users/ntu/c230179/Desktop/dftb_builds/dftb_gcc_Release/test/app/dftb+" "-d" "/home/users/ntu/c230179/Desktop/dftbplus-25.1/test/app/dftb+/bin/tagdiff" "-P" "env OMP_NUM_THREADS=1" "-p" "/home/users/ntu/c230179/Desktop/dftb_builds/dftb_gcc_Release/app/dftb+/dftb+" "-G" "/home/users/ntu/c230179/Desktop/dftbplus-25.1/test/app/dftb+/bin/globalpostrun.sh" "-s" "P,R,C,S" "hybrid/periodic/GaAs-kpts-neigh-mic"
129: Environment variables: 
129:  DFTBPLUS_PARAM_DIR=/home/users/ntu/c230179/Desktop/dftbplus-25.1/external
129: Test timeout computed to be: 10000000
129: hybrid/periodic/GaAs-kpts-neigh-mic:	Test script returned non-zero exit code: 1
129:  deleting file 'autotest.tag'
129:  TODO.
129: 
129: ==============================================================================
129: TEST SUMMARY
129: ------------------------------------------------------------------------------
129: Match:
129:     None
129: 
129: Not run:
129:     hybrid/periodic/GaAs-kpts-neigh-mic
129: ------------------------------------------------------------------------------
129: Status: FAIL
129/406 Test #129: app/dftb+/hybrid/periodic/GaAs-kpts-neigh-mic ....................***Failed    0.04 sec
hybrid/periodic/GaAs-kpts-neigh-mic:	Test script returned non-zero exit code: 1
 deleting file 'autotest.tag'
 TODO.

==============================================================================
TEST SUMMARY
------------------------------------------------------------------------------
Match:
    None

Not run:
    hybrid/periodic/GaAs-kpts-neigh-mic
------------------------------------------------------------------------------
Status: FAIL

test 130
        Start 130: app/dftb+/reks/C2H4_3SSR_rangesep

130: Test command: /home/users/ntu/c230179/Desktop/dftbplus-25.1/test/app/dftb+/bin/autotest2 "-r" "/home/users/ntu/c230179/Desktop/dftbplus-25.1/test/app/dftb+" "-w" "/home/users/ntu/c230179/Desktop/dftb_builds/dftb_gcc_Release/test/app/dftb+" "-d" "/home/users/ntu/c230179/Desktop/dftbplus-25.1/test/app/dftb+/bin/tagdiff" "-P" "env OMP_NUM_THREADS=1" "-p" "/home/users/ntu/c230179/Desktop/dftb_builds/dftb_gcc_Release/app/dftb+/dftb+" "-G" "/home/users/ntu/c230179/Desktop/dftbplus-25.1/test/app/dftb+/bin/globalpostrun.sh" "-s" "P,R,C,S" "reks/C2H4_3SSR_rangesep"
130: Environment variables: 
130:  DFTBPLUS_PARAM_DIR=/home/users/ntu/c230179/Desktop/dftbplus-25.1/external
130: Test timeout computed to be: 10000000
130: reks/C2H4_3SSR_rangesep:	Test script returned non-zero exit code: 1
130:  deleting file 'autotest.tag'
130:  TODO.
130: 
130: ==============================================================================
130: TEST SUMMARY
130: ------------------------------------------------------------------------------
130: Match:
130:     None
130: 
130: Not run:
130:     reks/C2H4_3SSR_rangesep
130: ------------------------------------------------------------------------------
130: Status: FAIL
130/406 Test #130: app/dftb+/reks/C2H4_3SSR_rangesep ................................***Failed    0.04 sec
reks/C2H4_3SSR_rangesep:	Test script returned non-zero exit code: 1
 deleting file 'autotest.tag'
 TODO.

==============================================================================
TEST SUMMARY
------------------------------------------------------------------------------
Match:
    None

Not run:
    reks/C2H4_3SSR_rangesep
------------------------------------------------------------------------------
Status: FAIL

test 131
        Start 131: app/dftb+/reks/C2H4_direct

131: Test command: /home/users/ntu/c230179/Desktop/dftbplus-25.1/test/app/dftb+/bin/autotest2 "-r" "/home/users/ntu/c230179/Desktop/dftbplus-25.1/test/app/dftb+" "-w" "/home/users/ntu/c230179/Desktop/dftb_builds/dftb_gcc_Release/test/app/dftb+" "-d" "/home/users/ntu/c230179/Desktop/dftbplus-25.1/test/app/dftb+/bin/tagdiff" "-P" "env OMP_NUM_THREADS=1" "-p" "/home/users/ntu/c230179/Desktop/dftb_builds/dftb_gcc_Release/app/dftb+/dftb+" "-G" "/home/users/ntu/c230179/Desktop/dftbplus-25.1/test/app/dftb+/bin/globalpostrun.sh" "-s" "P,R,C,S" "reks/C2H4_direct"
131: Environment variables: 
131:  DFTBPLUS_PARAM_DIR=/home/users/ntu/c230179/Desktop/dftbplus-25.1/external
131: Test timeout computed to be: 10000000
131: reks/C2H4_direct:	Test script returned non-zero exit code: 1
131:  deleting file 'autotest.tag'
131:  TODO.
131: 
131: ==============================================================================
131: TEST SUMMARY
131: ------------------------------------------------------------------------------
131: Match:
131:     None
131: 
131: Not run:
131:     reks/C2H4_direct
131: ------------------------------------------------------------------------------
131: Status: FAIL
131/406 Test #131: app/dftb+/reks/C2H4_direct .......................................***Failed    0.04 sec
reks/C2H4_direct:	Test script returned non-zero exit code: 1
 deleting file 'autotest.tag'
 TODO.

==============================================================================
TEST SUMMARY
------------------------------------------------------------------------------
Match:
    None

Not run:
    reks/C2H4_direct
------------------------------------------------------------------------------
Status: FAIL

test 132
        Start 132: app/dftb+/reks/C2H4_nosave

132: Test command: /home/users/ntu/c230179/Desktop/dftbplus-25.1/test/app/dftb+/bin/autotest2 "-r" "/home/users/ntu/c230179/Desktop/dftbplus-25.1/test/app/dftb+" "-w" "/home/users/ntu/c230179/Desktop/dftb_builds/dftb_gcc_Release/test/app/dftb+" "-d" "/home/users/ntu/c230179/Desktop/dftbplus-25.1/test/app/dftb+/bin/tagdiff" "-P" "env OMP_NUM_THREADS=1" "-p" "/home/users/ntu/c230179/Desktop/dftb_builds/dftb_gcc_Release/app/dftb+/dftb+" "-G" "/home/users/ntu/c230179/Desktop/dftbplus-25.1/test/app/dftb+/bin/globalpostrun.sh" "-s" "P,R,C,S" "reks/C2H4_nosave"
132: Environment variables: 
132:  DFTBPLUS_PARAM_DIR=/home/users/ntu/c230179/Desktop/dftbplus-25.1/external
132: Test timeout computed to be: 10000000
132: reks/C2H4_nosave:	Test script returned non-zero exit code: 1
132:  deleting file 'autotest.tag'
132:  TODO.
132: 
132: ==============================================================================
132: TEST SUMMARY
132: ------------------------------------------------------------------------------
132: Match:
132:     None
132: 
132: Not run:
132:     reks/C2H4_nosave
132: ------------------------------------------------------------------------------
132: Status: FAIL
132/406 Test #132: app/dftb+/reks/C2H4_nosave .......................................***Failed    0.04 sec
reks/C2H4_nosave:	Test script returned non-zero exit code: 1
 deleting file 'autotest.tag'
 TODO.

==============================================================================
TEST SUMMARY
------------------------------------------------------------------------------
Match:
    None

Not run:
    reks/C2H4_nosave
------------------------------------------------------------------------------
Status: FAIL

test 133
        Start 133: app/dftb+/reks/C2H4_read_mo

133: Test command: /home/users/ntu/c230179/Desktop/dftbplus-25.1/test/app/dftb+/bin/autotest2 "-r" "/home/users/ntu/c230179/Desktop/dftbplus-25.1/test/app/dftb+" "-w" "/home/users/ntu/c230179/Desktop/dftb_builds/dftb_gcc_Release/test/app/dftb+" "-d" "/home/users/ntu/c230179/Desktop/dftbplus-25.1/test/app/dftb+/bin/tagdiff" "-P" "env OMP_NUM_THREADS=1" "-p" "/home/users/ntu/c230179/Desktop/dftb_builds/dftb_gcc_Release/app/dftb+/dftb+" "-G" "/home/users/ntu/c230179/Desktop/dftbplus-25.1/test/app/dftb+/bin/globalpostrun.sh" "-s" "P,R,C,S" "reks/C2H4_read_mo"
133: Environment variables: 
133:  DFTBPLUS_PARAM_DIR=/home/users/ntu/c230179/Desktop/dftbplus-25.1/external
133: Test timeout computed to be: 10000000
133: reks/C2H4_read_mo:	Test script returned non-zero exit code: 1
133:  deleting file 'autotest.tag'
133:  TODO.
133: 
133: ==============================================================================
133: TEST SUMMARY
133: ------------------------------------------------------------------------------
133: Match:
133:     None
133: 
133: Not run:
133:     reks/C2H4_read_mo
133: ------------------------------------------------------------------------------
133: Status: FAIL
133/406 Test #133: app/dftb+/reks/C2H4_read_mo ......................................***Failed    0.06 sec
reks/C2H4_read_mo:	Test script returned non-zero exit code: 1
 deleting file 'autotest.tag'
 TODO.

==============================================================================
TEST SUMMARY
------------------------------------------------------------------------------
Match:
    None

Not run:
    reks/C2H4_read_mo
------------------------------------------------------------------------------
Status: FAIL

test 134
        Start 134: app/dftb+/reks/C6H8_extchrg_periodic_nosave

134: Test command: /home/users/ntu/c230179/Desktop/dftbplus-25.1/test/app/dftb+/bin/autotest2 "-r" "/home/users/ntu/c230179/Desktop/dftbplus-25.1/test/app/dftb+" "-w" "/home/users/ntu/c230179/Desktop/dftb_builds/dftb_gcc_Release/test/app/dftb+" "-d" "/home/users/ntu/c230179/Desktop/dftbplus-25.1/test/app/dftb+/bin/tagdiff" "-P" "env OMP_NUM_THREADS=1" "-p" "/home/users/ntu/c230179/Desktop/dftb_builds/dftb_gcc_Release/app/dftb+/dftb+" "-G" "/home/users/ntu/c230179/Desktop/dftbplus-25.1/test/app/dftb+/bin/globalpostrun.sh" "-s" "P,R,C,S" "reks/C6H8_extchrg_periodic_nosave"
134: Environment variables: 
134:  DFTBPLUS_PARAM_DIR=/home/users/ntu/c230179/Desktop/dftbplus-25.1/external
134: Test timeout computed to be: 10000000
134: reks/C6H8_extchrg_periodic_nosave:	Test script returned non-zero exit code: 1
134:  deleting file 'autotest.tag'
134:  TODO.
134: 
134: ==============================================================================
134: TEST SUMMARY
134: ------------------------------------------------------------------------------
134: Match:
134:     None
134: 
134: Not run:
134:     reks/C6H8_extchrg_periodic_nosave
134: ------------------------------------------------------------------------------
134: Status: FAIL
134/406 Test #134: app/dftb+/reks/C6H8_extchrg_periodic_nosave ......................***Failed    0.05 sec
reks/C6H8_extchrg_periodic_nosave:	Test script returned non-zero exit code: 1
 deleting file 'autotest.tag'
 TODO.

==============================================================================
TEST SUMMARY
------------------------------------------------------------------------------
Match:
    None

Not run:
    reks/C6H8_extchrg_periodic_nosave
------------------------------------------------------------------------------
Status: FAIL

test 135
        Start 135: app/dftb+/reks/C6H8_rangesep_extchrg_nac

135: Test command: /home/users/ntu/c230179/Desktop/dftbplus-25.1/test/app/dftb+/bin/autotest2 "-r" "/home/users/ntu/c230179/Desktop/dftbplus-25.1/test/app/dftb+" "-w" "/home/users/ntu/c230179/Desktop/dftb_builds/dftb_gcc_Release/test/app/dftb+" "-d" "/home/users/ntu/c230179/Desktop/dftbplus-25.1/test/app/dftb+/bin/tagdiff" "-P" "env OMP_NUM_THREADS=1" "-p" "/home/users/ntu/c230179/Desktop/dftb_builds/dftb_gcc_Release/app/dftb+/dftb+" "-G" "/home/users/ntu/c230179/Desktop/dftbplus-25.1/test/app/dftb+/bin/globalpostrun.sh" "-s" "P,R,C,S" "reks/C6H8_rangesep_extchrg_nac"
135: Environment variables: 
135:  DFTBPLUS_PARAM_DIR=/home/users/ntu/c230179/Desktop/dftbplus-25.1/external
135: Test timeout computed to be: 10000000
135: reks/C6H8_rangesep_extchrg_nac:	Test script returned non-zero exit code: 1
135:  deleting file 'autotest.tag'
135:  TODO.
135: 
135: ==============================================================================
135: TEST SUMMARY
135: ------------------------------------------------------------------------------
135: Match:
135:     None
135: 
135: Not run:
135:     reks/C6H8_rangesep_extchrg_nac
135: ------------------------------------------------------------------------------
135: Status: FAIL
135/406 Test #135: app/dftb+/reks/C6H8_rangesep_extchrg_nac .........................***Failed    0.05 sec
reks/C6H8_rangesep_extchrg_nac:	Test script returned non-zero exit code: 1
 deleting file 'autotest.tag'
 TODO.

==============================================================================
TEST SUMMARY
------------------------------------------------------------------------------
Match:
    None

Not run:
    reks/C6H8_rangesep_extchrg_nac
------------------------------------------------------------------------------
Status: FAIL

test 136
        Start 136: app/dftb+/reks/C6H8_rangesep_extchrg_nosave

136: Test command: /home/users/ntu/c230179/Desktop/dftbplus-25.1/test/app/dftb+/bin/autotest2 "-r" "/home/users/ntu/c230179/Desktop/dftbplus-25.1/test/app/dftb+" "-w" "/home/users/ntu/c230179/Desktop/dftb_builds/dftb_gcc_Release/test/app/dftb+" "-d" "/home/users/ntu/c230179/Desktop/dftbplus-25.1/test/app/dftb+/bin/tagdiff" "-P" "env OMP_NUM_THREADS=1" "-p" "/home/users/ntu/c230179/Desktop/dftb_builds/dftb_gcc_Release/app/dftb+/dftb+" "-G" "/home/users/ntu/c230179/Desktop/dftbplus-25.1/test/app/dftb+/bin/globalpostrun.sh" "-s" "P,R,C,S" "reks/C6H8_rangesep_extchrg_nosave"
136: Environment variables: 
136:  DFTBPLUS_PARAM_DIR=/home/users/ntu/c230179/Desktop/dftbplus-25.1/external
136: Test timeout computed to be: 10000000
136: reks/C6H8_rangesep_extchrg_nosave:	Test script returned non-zero exit code: 1
136:  deleting file 'autotest.tag'
136:  TODO.
136: 
136: ==============================================================================
136: TEST SUMMARY
136: ------------------------------------------------------------------------------
136: Match:
136:     None
136: 
136: Not run:
136:     reks/C6H8_rangesep_extchrg_nosave
136: ------------------------------------------------------------------------------
136: Status: FAIL
136/406 Test #136: app/dftb+/reks/C6H8_rangesep_extchrg_nosave ......................***Failed    0.05 sec
reks/C6H8_rangesep_extchrg_nosave:	Test script returned non-zero exit code: 1
 deleting file 'autotest.tag'
 TODO.

==============================================================================
TEST SUMMARY
------------------------------------------------------------------------------
Match:
    None

Not run:
    reks/C6H8_rangesep_extchrg_nosave
------------------------------------------------------------------------------
Status: FAIL

test 137
        Start 137: app/dftb+/reks/CNH4+_dftd4

137: Test command: /home/users/ntu/c230179/Desktop/dftbplus-25.1/test/app/dftb+/bin/autotest2 "-r" "/home/users/ntu/c230179/Desktop/dftbplus-25.1/test/app/dftb+" "-w" "/home/users/ntu/c230179/Desktop/dftb_builds/dftb_gcc_Release/test/app/dftb+" "-d" "/home/users/ntu/c230179/Desktop/dftbplus-25.1/test/app/dftb+/bin/tagdiff" "-P" "env OMP_NUM_THREADS=1" "-p" "/home/users/ntu/c230179/Desktop/dftb_builds/dftb_gcc_Release/app/dftb+/dftb+" "-G" "/home/users/ntu/c230179/Desktop/dftbplus-25.1/test/app/dftb+/bin/globalpostrun.sh" "-s" "P,R,C,S" "reks/CNH4+_dftd4"
137: Environment variables: 
137:  DFTBPLUS_PARAM_DIR=/home/users/ntu/c230179/Desktop/dftbplus-25.1/external
137: Test timeout computed to be: 10000000
137: reks/CNH4+_dftd4:	Test script returned non-zero exit code: 1
137:  deleting file 'autotest.tag'
137:  TODO.
137: 
137: ==============================================================================
137: TEST SUMMARY
137: ------------------------------------------------------------------------------
137: Match:
137:     None
137: 
137: Not run:
137:     reks/CNH4+_dftd4
137: ------------------------------------------------------------------------------
137: Status: FAIL
137/406 Test #137: app/dftb+/reks/CNH4+_dftd4 .......................................***Failed    0.04 sec
reks/CNH4+_dftd4:	Test script returned non-zero exit code: 1
 deleting file 'autotest.tag'
 TODO.

==============================================================================
TEST SUMMARY
------------------------------------------------------------------------------
Match:
    None

Not run:
    reks/CNH4+_dftd4
------------------------------------------------------------------------------
Status: FAIL

test 138
        Start 138: app/dftb+/reks/CNH4+_dftd4_sc

138: Test command: /home/users/ntu/c230179/Desktop/dftbplus-25.1/test/app/dftb+/bin/autotest2 "-r" "/home/users/ntu/c230179/Desktop/dftbplus-25.1/test/app/dftb+" "-w" "/home/users/ntu/c230179/Desktop/dftb_builds/dftb_gcc_Release/test/app/dftb+" "-d" "/home/users/ntu/c230179/Desktop/dftbplus-25.1/test/app/dftb+/bin/tagdiff" "-P" "env OMP_NUM_THREADS=1" "-p" "/home/users/ntu/c230179/Desktop/dftb_builds/dftb_gcc_Release/app/dftb+/dftb+" "-G" "/home/users/ntu/c230179/Desktop/dftbplus-25.1/test/app/dftb+/bin/globalpostrun.sh" "-s" "P,R,C,S" "reks/CNH4+_dftd4_sc"
138: Environment variables: 
138:  DFTBPLUS_PARAM_DIR=/home/users/ntu/c230179/Desktop/dftbplus-25.1/external
138: Test timeout computed to be: 10000000
138: reks/CNH4+_dftd4_sc:	Test script returned non-zero exit code: 1
138:  deleting file 'autotest.tag'
138:  TODO.
138: 
138: ==============================================================================
138: TEST SUMMARY
138: ------------------------------------------------------------------------------
138: Match:
138:     None
138: 
138: Not run:
138:     reks/CNH4+_dftd4_sc
138: ------------------------------------------------------------------------------
138: Status: FAIL
138/406 Test #138: app/dftb+/reks/CNH4+_dftd4_sc ....................................***Failed    0.04 sec
reks/CNH4+_dftd4_sc:	Test script returned non-zero exit code: 1
 deleting file 'autotest.tag'
 TODO.

==============================================================================
TEST SUMMARY
------------------------------------------------------------------------------
Match:
    None

Not run:
    reks/CNH4+_dftd4_sc
------------------------------------------------------------------------------
Status: FAIL

test 139
        Start 139: app/dftb+/reks/CNH4+_dftd4_sc_rangesep

139: Test command: /home/users/ntu/c230179/Desktop/dftbplus-25.1/test/app/dftb+/bin/autotest2 "-r" "/home/users/ntu/c230179/Desktop/dftbplus-25.1/test/app/dftb+" "-w" "/home/users/ntu/c230179/Desktop/dftb_builds/dftb_gcc_Release/test/app/dftb+" "-d" "/home/users/ntu/c230179/Desktop/dftbplus-25.1/test/app/dftb+/bin/tagdiff" "-P" "env OMP_NUM_THREADS=1" "-p" "/home/users/ntu/c230179/Desktop/dftb_builds/dftb_gcc_Release/app/dftb+/dftb+" "-G" "/home/users/ntu/c230179/Desktop/dftbplus-25.1/test/app/dftb+/bin/globalpostrun.sh" "-s" "P,R,C,S" "reks/CNH4+_dftd4_sc_rangesep"
139: Environment variables: 
139:  DFTBPLUS_PARAM_DIR=/home/users/ntu/c230179/Desktop/dftbplus-25.1/external
139: Test timeout computed to be: 10000000
139: reks/CNH4+_dftd4_sc_rangesep:	Test script returned non-zero exit code: 1
139:  deleting file 'autotest.tag'
139:  TODO.
139: 
139: ==============================================================================
139: TEST SUMMARY
139: ------------------------------------------------------------------------------
139: Match:
139:     None
139: 
139: Not run:
139:     reks/CNH4+_dftd4_sc_rangesep
139: ------------------------------------------------------------------------------
139: Status: FAIL
139/406 Test #139: app/dftb+/reks/CNH4+_dftd4_sc_rangesep ...........................***Failed    0.04 sec
reks/CNH4+_dftd4_sc_rangesep:	Test script returned non-zero exit code: 1
 deleting file 'autotest.tag'
 TODO.

==============================================================================
TEST SUMMARY
------------------------------------------------------------------------------
Match:
    None

Not run:
    reks/CNH4+_dftd4_sc_rangesep
------------------------------------------------------------------------------
Status: FAIL

test 140
        Start 140: app/dftb+/reks/HBI+H2O_periodic_stress

140: Test command: /home/users/ntu/c230179/Desktop/dftbplus-25.1/test/app/dftb+/bin/autotest2 "-r" "/home/users/ntu/c230179/Desktop/dftbplus-25.1/test/app/dftb+" "-w" "/home/users/ntu/c230179/Desktop/dftb_builds/dftb_gcc_Release/test/app/dftb+" "-d" "/home/users/ntu/c230179/Desktop/dftbplus-25.1/test/app/dftb+/bin/tagdiff" "-P" "env OMP_NUM_THREADS=1" "-p" "/home/users/ntu/c230179/Desktop/dftb_builds/dftb_gcc_Release/app/dftb+/dftb+" "-G" "/home/users/ntu/c230179/Desktop/dftbplus-25.1/test/app/dftb+/bin/globalpostrun.sh" "-s" "P,R,C,S" "reks/HBI+H2O_periodic_stress"
140: Environment variables: 
140:  DFTBPLUS_PARAM_DIR=/home/users/ntu/c230179/Desktop/dftbplus-25.1/external
140: Test timeout computed to be: 10000000
140: reks/HBI+H2O_periodic_stress:	Test script returned non-zero exit code: 1
140:  deleting file 'autotest.tag'
140:  TODO.
140: 
140: ==============================================================================
140: TEST SUMMARY
140: ------------------------------------------------------------------------------
140: Match:
140:     None
140: 
140: Not run:
140:     reks/HBI+H2O_periodic_stress
140: ------------------------------------------------------------------------------
140: Status: FAIL
140/406 Test #140: app/dftb+/reks/HBI+H2O_periodic_stress ...........................***Failed    0.05 sec
reks/HBI+H2O_periodic_stress:	Test script returned non-zero exit code: 1
 deleting file 'autotest.tag'
 TODO.

==============================================================================
TEST SUMMARY
------------------------------------------------------------------------------
Match:
    None

Not run:
    reks/HBI+H2O_periodic_stress
------------------------------------------------------------------------------
Status: FAIL

test 141
        Start 141: app/dftb+/reks/HBI+H2O_periodic_stress_disp

141: Test command: /home/users/ntu/c230179/Desktop/dftbplus-25.1/test/app/dftb+/bin/autotest2 "-r" "/home/users/ntu/c230179/Desktop/dftbplus-25.1/test/app/dftb+" "-w" "/home/users/ntu/c230179/Desktop/dftb_builds/dftb_gcc_Release/test/app/dftb+" "-d" "/home/users/ntu/c230179/Desktop/dftbplus-25.1/test/app/dftb+/bin/tagdiff" "-P" "env OMP_NUM_THREADS=1" "-p" "/home/users/ntu/c230179/Desktop/dftb_builds/dftb_gcc_Release/app/dftb+/dftb+" "-G" "/home/users/ntu/c230179/Desktop/dftbplus-25.1/test/app/dftb+/bin/globalpostrun.sh" "-s" "P,R,C,S" "reks/HBI+H2O_periodic_stress_disp"
141: Environment variables: 
141:  DFTBPLUS_PARAM_DIR=/home/users/ntu/c230179/Desktop/dftbplus-25.1/external
141: Test timeout computed to be: 10000000
141: reks/HBI+H2O_periodic_stress_disp:	Test script returned non-zero exit code: 1
141:  deleting file 'autotest.tag'
141:  TODO.
141: 
141: ==============================================================================
141: TEST SUMMARY
141: ------------------------------------------------------------------------------
141: Match:
141:     None
141: 
141: Not run:
141:     reks/HBI+H2O_periodic_stress_disp
141: ------------------------------------------------------------------------------
141: Status: FAIL
141/406 Test #141: app/dftb+/reks/HBI+H2O_periodic_stress_disp ......................***Failed    0.05 sec
reks/HBI+H2O_periodic_stress_disp:	Test script returned non-zero exit code: 1
 deleting file 'autotest.tag'
 TODO.

==============================================================================
TEST SUMMARY
------------------------------------------------------------------------------
Match:
    None

Not run:
    reks/HBI+H2O_periodic_stress_disp
------------------------------------------------------------------------------
Status: FAIL

test 142
        Start 142: app/dftb+/reks/PSB3_2SSR

142: Test command: /home/users/ntu/c230179/Desktop/dftbplus-25.1/test/app/dftb+/bin/autotest2 "-r" "/home/users/ntu/c230179/Desktop/dftbplus-25.1/test/app/dftb+" "-w" "/home/users/ntu/c230179/Desktop/dftb_builds/dftb_gcc_Release/test/app/dftb+" "-d" "/home/users/ntu/c230179/Desktop/dftbplus-25.1/test/app/dftb+/bin/tagdiff" "-P" "env OMP_NUM_THREADS=1" "-p" "/home/users/ntu/c230179/Desktop/dftb_builds/dftb_gcc_Release/app/dftb+/dftb+" "-G" "/home/users/ntu/c230179/Desktop/dftbplus-25.1/test/app/dftb+/bin/globalpostrun.sh" "-s" "P,R,C,S" "reks/PSB3_2SSR"
142: Environment variables: 
142:  DFTBPLUS_PARAM_DIR=/home/users/ntu/c230179/Desktop/dftbplus-25.1/external
142: Test timeout computed to be: 10000000
142: reks/PSB3_2SSR:	Test script returned non-zero exit code: 1
142:  deleting file 'autotest.tag'
142:  TODO.
142: 
142: ==============================================================================
142: TEST SUMMARY
142: ------------------------------------------------------------------------------
142: Match:
142:     None
142: 
142: Not run:
142:     reks/PSB3_2SSR
142: ------------------------------------------------------------------------------
142: Status: FAIL
142/406 Test #142: app/dftb+/reks/PSB3_2SSR .........................................***Failed    0.04 sec
reks/PSB3_2SSR:	Test script returned non-zero exit code: 1
 deleting file 'autotest.tag'
 TODO.

==============================================================================
TEST SUMMARY
------------------------------------------------------------------------------
Match:
    None

Not run:
    reks/PSB3_2SSR
------------------------------------------------------------------------------
Status: FAIL

test 143
        Start 143: app/dftb+/reks/PSB3_2SSR_extchrg_periodic

143: Test command: /home/users/ntu/c230179/Desktop/dftbplus-25.1/test/app/dftb+/bin/autotest2 "-r" "/home/users/ntu/c230179/Desktop/dftbplus-25.1/test/app/dftb+" "-w" "/home/users/ntu/c230179/Desktop/dftb_builds/dftb_gcc_Release/test/app/dftb+" "-d" "/home/users/ntu/c230179/Desktop/dftbplus-25.1/test/app/dftb+/bin/tagdiff" "-P" "env OMP_NUM_THREADS=1" "-p" "/home/users/ntu/c230179/Desktop/dftb_builds/dftb_gcc_Release/app/dftb+/dftb+" "-G" "/home/users/ntu/c230179/Desktop/dftbplus-25.1/test/app/dftb+/bin/globalpostrun.sh" "-s" "P,R,C,S" "reks/PSB3_2SSR_extchrg_periodic"
143: Environment variables: 
143:  DFTBPLUS_PARAM_DIR=/home/users/ntu/c230179/Desktop/dftbplus-25.1/external
143: Test timeout computed to be: 10000000
143: reks/PSB3_2SSR_extchrg_periodic:	Test script returned non-zero exit code: 1
143:  deleting file 'autotest.tag'
143:  TODO.
143: 
143: ==============================================================================
143: TEST SUMMARY
143: ------------------------------------------------------------------------------
143: Match:
143:     None
143: 
143: Not run:
143:     reks/PSB3_2SSR_extchrg_periodic
143: ------------------------------------------------------------------------------
143: Status: FAIL
143/406 Test #143: app/dftb+/reks/PSB3_2SSR_extchrg_periodic ........................***Failed    0.04 sec
reks/PSB3_2SSR_extchrg_periodic:	Test script returned non-zero exit code: 1
 deleting file 'autotest.tag'
 TODO.

==============================================================================
TEST SUMMARY
------------------------------------------------------------------------------
Match:
    None

Not run:
    reks/PSB3_2SSR_extchrg_periodic
------------------------------------------------------------------------------
Status: FAIL

test 144
        Start 144: app/dftb+/reks/PSB3_2SSR_rangesep

144: Test command: /home/users/ntu/c230179/Desktop/dftbplus-25.1/test/app/dftb+/bin/autotest2 "-r" "/home/users/ntu/c230179/Desktop/dftbplus-25.1/test/app/dftb+" "-w" "/home/users/ntu/c230179/Desktop/dftb_builds/dftb_gcc_Release/test/app/dftb+" "-d" "/home/users/ntu/c230179/Desktop/dftbplus-25.1/test/app/dftb+/bin/tagdiff" "-P" "env OMP_NUM_THREADS=1" "-p" "/home/users/ntu/c230179/Desktop/dftb_builds/dftb_gcc_Release/app/dftb+/dftb+" "-G" "/home/users/ntu/c230179/Desktop/dftbplus-25.1/test/app/dftb+/bin/globalpostrun.sh" "-s" "P,R,C,S" "reks/PSB3_2SSR_rangesep"
144: Environment variables: 
144:  DFTBPLUS_PARAM_DIR=/home/users/ntu/c230179/Desktop/dftbplus-25.1/external
144: Test timeout computed to be: 10000000
144: reks/PSB3_2SSR_rangesep:	Test script returned non-zero exit code: 1
144:  deleting file 'autotest.tag'
144:  TODO.
144: 
144: ==============================================================================
144: TEST SUMMARY
144: ------------------------------------------------------------------------------
144: Match:
144:     None
144: 
144: Not run:
144:     reks/PSB3_2SSR_rangesep
144: ------------------------------------------------------------------------------
144: Status: FAIL
144/406 Test #144: app/dftb+/reks/PSB3_2SSR_rangesep ................................***Failed    0.04 sec
reks/PSB3_2SSR_rangesep:	Test script returned non-zero exit code: 1
 deleting file 'autotest.tag'
 TODO.

==============================================================================
TEST SUMMARY
------------------------------------------------------------------------------
Match:
    None

Not run:
    reks/PSB3_2SSR_rangesep
------------------------------------------------------------------------------
Status: FAIL

test 145
        Start 145: app/dftb+/reks/PSB3_2SSR_rangesep_extchrg

145: Test command: /home/users/ntu/c230179/Desktop/dftbplus-25.1/test/app/dftb+/bin/autotest2 "-r" "/home/users/ntu/c230179/Desktop/dftbplus-25.1/test/app/dftb+" "-w" "/home/users/ntu/c230179/Desktop/dftb_builds/dftb_gcc_Release/test/app/dftb+" "-d" "/home/users/ntu/c230179/Desktop/dftbplus-25.1/test/app/dftb+/bin/tagdiff" "-P" "env OMP_NUM_THREADS=1" "-p" "/home/users/ntu/c230179/Desktop/dftb_builds/dftb_gcc_Release/app/dftb+/dftb+" "-G" "/home/users/ntu/c230179/Desktop/dftbplus-25.1/test/app/dftb+/bin/globalpostrun.sh" "-s" "P,R,C,S" "reks/PSB3_2SSR_rangesep_extchrg"
145: Environment variables: 
145:  DFTBPLUS_PARAM_DIR=/home/users/ntu/c230179/Desktop/dftbplus-25.1/external
145: Test timeout computed to be: 10000000
145: reks/PSB3_2SSR_rangesep_extchrg:	Test script returned non-zero exit code: 1
145:  deleting file 'autotest.tag'
145:  TODO.
145: 
145: ==============================================================================
145: TEST SUMMARY
145: ------------------------------------------------------------------------------
145: Match:
145:     None
145: 
145: Not run:
145:     reks/PSB3_2SSR_rangesep_extchrg
145: ------------------------------------------------------------------------------
145: Status: FAIL
145/406 Test #145: app/dftb+/reks/PSB3_2SSR_rangesep_extchrg ........................***Failed    0.04 sec
reks/PSB3_2SSR_rangesep_extchrg:	Test script returned non-zero exit code: 1
 deleting file 'autotest.tag'
 TODO.

==============================================================================
TEST SUMMARY
------------------------------------------------------------------------------
Match:
    None

Not run:
    reks/PSB3_2SSR_rangesep_extchrg
------------------------------------------------------------------------------
Status: FAIL

test 146
        Start 146: app/dftb+/reks/PSB3_2SSR_rangesep_extchrg_blur

146: Test command: /home/users/ntu/c230179/Desktop/dftbplus-25.1/test/app/dftb+/bin/autotest2 "-r" "/home/users/ntu/c230179/Desktop/dftbplus-25.1/test/app/dftb+" "-w" "/home/users/ntu/c230179/Desktop/dftb_builds/dftb_gcc_Release/test/app/dftb+" "-d" "/home/users/ntu/c230179/Desktop/dftbplus-25.1/test/app/dftb+/bin/tagdiff" "-P" "env OMP_NUM_THREADS=1" "-p" "/home/users/ntu/c230179/Desktop/dftb_builds/dftb_gcc_Release/app/dftb+/dftb+" "-G" "/home/users/ntu/c230179/Desktop/dftbplus-25.1/test/app/dftb+/bin/globalpostrun.sh" "-s" "P,R,C,S" "reks/PSB3_2SSR_rangesep_extchrg_blur"
146: Environment variables: 
146:  DFTBPLUS_PARAM_DIR=/home/users/ntu/c230179/Desktop/dftbplus-25.1/external
146: Test timeout computed to be: 10000000
146: reks/PSB3_2SSR_rangesep_extchrg_blur:	Test script returned non-zero exit code: 1
146:  deleting file 'autotest.tag'
146:  TODO.
146: 
146: ==============================================================================
146: TEST SUMMARY
146: ------------------------------------------------------------------------------
146: Match:
146:     None
146: 
146: Not run:
146:     reks/PSB3_2SSR_rangesep_extchrg_blu
146: ------------------------------------------------------------------------------
146: Status: FAIL
146/406 Test #146: app/dftb+/reks/PSB3_2SSR_rangesep_extchrg_blur ...................***Failed    0.04 sec
reks/PSB3_2SSR_rangesep_extchrg_blur:	Test script returned non-zero exit code: 1
 deleting file 'autotest.tag'
 TODO.

==============================================================================
TEST SUMMARY
------------------------------------------------------------------------------
Match:
    None

Not run:
    reks/PSB3_2SSR_rangesep_extchrg_blu
------------------------------------------------------------------------------
Status: FAIL

test 147
        Start 147: app/dftb+/reks/PSB3_2SSR_rangesep_tuning

147: Test command: /home/users/ntu/c230179/Desktop/dftbplus-25.1/test/app/dftb+/bin/autotest2 "-r" "/home/users/ntu/c230179/Desktop/dftbplus-25.1/test/app/dftb+" "-w" "/home/users/ntu/c230179/Desktop/dftb_builds/dftb_gcc_Release/test/app/dftb+" "-d" "/home/users/ntu/c230179/Desktop/dftbplus-25.1/test/app/dftb+/bin/tagdiff" "-P" "env OMP_NUM_THREADS=1" "-p" "/home/users/ntu/c230179/Desktop/dftb_builds/dftb_gcc_Release/app/dftb+/dftb+" "-G" "/home/users/ntu/c230179/Desktop/dftbplus-25.1/test/app/dftb+/bin/globalpostrun.sh" "-s" "P,R,C,S" "reks/PSB3_2SSR_rangesep_tuning"
147: Environment variables: 
147:  DFTBPLUS_PARAM_DIR=/home/users/ntu/c230179/Desktop/dftbplus-25.1/external
147: Test timeout computed to be: 10000000
147: reks/PSB3_2SSR_rangesep_tuning:	Test script returned non-zero exit code: 1
147:  deleting file 'autotest.tag'
147:  TODO.
147: 
147: ==============================================================================
147: TEST SUMMARY
147: ------------------------------------------------------------------------------
147: Match:
147:     None
147: 
147: Not run:
147:     reks/PSB3_2SSR_rangesep_tuning
147: ------------------------------------------------------------------------------
147: Status: FAIL
147/406 Test #147: app/dftb+/reks/PSB3_2SSR_rangesep_tuning .........................***Failed    0.04 sec
reks/PSB3_2SSR_rangesep_tuning:	Test script returned non-zero exit code: 1
 deleting file 'autotest.tag'
 TODO.

==============================================================================
TEST SUMMARY
------------------------------------------------------------------------------
Match:
    None

Not run:
    reks/PSB3_2SSR_rangesep_tuning
------------------------------------------------------------------------------
Status: FAIL

test 148
        Start 148: app/dftb+/reks/PSB3_SA

148: Test command: /home/users/ntu/c230179/Desktop/dftbplus-25.1/test/app/dftb+/bin/autotest2 "-r" "/home/users/ntu/c230179/Desktop/dftbplus-25.1/test/app/dftb+" "-w" "/home/users/ntu/c230179/Desktop/dftb_builds/dftb_gcc_Release/test/app/dftb+" "-d" "/home/users/ntu/c230179/Desktop/dftbplus-25.1/test/app/dftb+/bin/tagdiff" "-P" "env OMP_NUM_THREADS=1" "-p" "/home/users/ntu/c230179/Desktop/dftb_builds/dftb_gcc_Release/app/dftb+/dftb+" "-G" "/home/users/ntu/c230179/Desktop/dftbplus-25.1/test/app/dftb+/bin/globalpostrun.sh" "-s" "P,R,C,S" "reks/PSB3_SA"
148: Environment variables: 
148:  DFTBPLUS_PARAM_DIR=/home/users/ntu/c230179/Desktop/dftbplus-25.1/external
148: Test timeout computed to be: 10000000
148: reks/PSB3_SA:	Test script returned non-zero exit code: 1
148:  deleting file 'autotest.tag'
148:  TODO.
148: 
148: ==============================================================================
148: TEST SUMMARY
148: ------------------------------------------------------------------------------
148: Match:
148:     None
148: 
148: Not run:
148:     reks/PSB3_SA
148: ------------------------------------------------------------------------------
148: Status: FAIL
148/406 Test #148: app/dftb+/reks/PSB3_SA ...........................................***Failed    0.04 sec
reks/PSB3_SA:	Test script returned non-zero exit code: 1
 deleting file 'autotest.tag'
 TODO.

==============================================================================
TEST SUMMARY
------------------------------------------------------------------------------
Match:
    None

Not run:
    reks/PSB3_SA
------------------------------------------------------------------------------
Status: FAIL

test 149
        Start 149: app/dftb+/reks/Thymine_3SSR

149: Test command: /home/users/ntu/c230179/Desktop/dftbplus-25.1/test/app/dftb+/bin/autotest2 "-r" "/home/users/ntu/c230179/Desktop/dftbplus-25.1/test/app/dftb+" "-w" "/home/users/ntu/c230179/Desktop/dftb_builds/dftb_gcc_Release/test/app/dftb+" "-d" "/home/users/ntu/c230179/Desktop/dftbplus-25.1/test/app/dftb+/bin/tagdiff" "-P" "env OMP_NUM_THREADS=1" "-p" "/home/users/ntu/c230179/Desktop/dftb_builds/dftb_gcc_Release/app/dftb+/dftb+" "-G" "/home/users/ntu/c230179/Desktop/dftbplus-25.1/test/app/dftb+/bin/globalpostrun.sh" "-s" "P,R,C,S" "reks/Thymine_3SSR"
149: Environment variables: 
149:  DFTBPLUS_PARAM_DIR=/home/users/ntu/c230179/Desktop/dftbplus-25.1/external
149: Test timeout computed to be: 10000000
149: reks/Thymine_3SSR:	Test script returned non-zero exit code: 1
149:  deleting file 'autotest.tag'
149:  TODO.
149: 
149: ==============================================================================
149: TEST SUMMARY
149: ------------------------------------------------------------------------------
149: Match:
149:     None
149: 
149: Not run:
149:     reks/Thymine_3SSR
149: ------------------------------------------------------------------------------
149: Status: FAIL
149/406 Test #149: app/dftb+/reks/Thymine_3SSR ......................................***Failed    0.04 sec
reks/Thymine_3SSR:	Test script returned non-zero exit code: 1
 deleting file 'autotest.tag'
 TODO.

==============================================================================
TEST SUMMARY
------------------------------------------------------------------------------
Match:
    None

Not run:
    reks/Thymine_3SSR
------------------------------------------------------------------------------
Status: FAIL

test 150
        Start 150: app/dftb+/reks/Thymine_single

150: Test command: /home/users/ntu/c230179/Desktop/dftbplus-25.1/test/app/dftb+/bin/autotest2 "-r" "/home/users/ntu/c230179/Desktop/dftbplus-25.1/test/app/dftb+" "-w" "/home/users/ntu/c230179/Desktop/dftb_builds/dftb_gcc_Release/test/app/dftb+" "-d" "/home/users/ntu/c230179/Desktop/dftbplus-25.1/test/app/dftb+/bin/tagdiff" "-P" "env OMP_NUM_THREADS=1" "-p" "/home/users/ntu/c230179/Desktop/dftb_builds/dftb_gcc_Release/app/dftb+/dftb+" "-G" "/home/users/ntu/c230179/Desktop/dftbplus-25.1/test/app/dftb+/bin/globalpostrun.sh" "-s" "P,R,C,S" "reks/Thymine_single"
150: Environment variables: 
150:  DFTBPLUS_PARAM_DIR=/home/users/ntu/c230179/Desktop/dftbplus-25.1/external
150: Test timeout computed to be: 10000000
150: reks/Thymine_single:	Test script returned non-zero exit code: 1
150:  deleting file 'autotest.tag'
150:  TODO.
150: 
150: ==============================================================================
150: TEST SUMMARY
150: ------------------------------------------------------------------------------
150: Match:
150:     None
150: 
150: Not run:
150:     reks/Thymine_single
150: ------------------------------------------------------------------------------
150: Status: FAIL
150/406 Test #150: app/dftb+/reks/Thymine_single ....................................***Failed    0.04 sec
reks/Thymine_single:	Test script returned non-zero exit code: 1
 deleting file 'autotest.tag'
 TODO.

==============================================================================
TEST SUMMARY
------------------------------------------------------------------------------
Match:
    None

Not run:
    reks/Thymine_single
------------------------------------------------------------------------------
Status: FAIL

test 151
        Start 151: app/dftb+/reks/Thymine_T1

151: Test command: /home/users/ntu/c230179/Desktop/dftbplus-25.1/test/app/dftb+/bin/autotest2 "-r" "/home/users/ntu/c230179/Desktop/dftbplus-25.1/test/app/dftb+" "-w" "/home/users/ntu/c230179/Desktop/dftb_builds/dftb_gcc_Release/test/app/dftb+" "-d" "/home/users/ntu/c230179/Desktop/dftbplus-25.1/test/app/dftb+/bin/tagdiff" "-P" "env OMP_NUM_THREADS=1" "-p" "/home/users/ntu/c230179/Desktop/dftb_builds/dftb_gcc_Release/app/dftb+/dftb+" "-G" "/home/users/ntu/c230179/Desktop/dftbplus-25.1/test/app/dftb+/bin/globalpostrun.sh" "-s" "P,R,C,S" "reks/Thymine_T1"
151: Environment variables: 
151:  DFTBPLUS_PARAM_DIR=/home/users/ntu/c230179/Desktop/dftbplus-25.1/external
151: Test timeout computed to be: 10000000
151: reks/Thymine_T1:	Test script returned non-zero exit code: 1
151:  deleting file 'autotest.tag'
151:  TODO.
151: 
151: ==============================================================================
151: TEST SUMMARY
151: ------------------------------------------------------------------------------
151: Match:
151:     None
151: 
151: Not run:
151:     reks/Thymine_T1
151: ------------------------------------------------------------------------------
151: Status: FAIL
151/406 Test #151: app/dftb+/reks/Thymine_T1 ........................................***Failed    0.04 sec
reks/Thymine_T1:	Test script returned non-zero exit code: 1
 deleting file 'autotest.tag'
 TODO.

==============================================================================
TEST SUMMARY
------------------------------------------------------------------------------
Match:
    None

Not run:
    reks/Thymine_T1
------------------------------------------------------------------------------
Status: FAIL

test 152
        Start 152: app/dftb+/reks/Thymine_T1_rangesep

152: Test command: /home/users/ntu/c230179/Desktop/dftbplus-25.1/test/app/dftb+/bin/autotest2 "-r" "/home/users/ntu/c230179/Desktop/dftbplus-25.1/test/app/dftb+" "-w" "/home/users/ntu/c230179/Desktop/dftb_builds/dftb_gcc_Release/test/app/dftb+" "-d" "/home/users/ntu/c230179/Desktop/dftbplus-25.1/test/app/dftb+/bin/tagdiff" "-P" "env OMP_NUM_THREADS=1" "-p" "/home/users/ntu/c230179/Desktop/dftb_builds/dftb_gcc_Release/app/dftb+/dftb+" "-G" "/home/users/ntu/c230179/Desktop/dftbplus-25.1/test/app/dftb+/bin/globalpostrun.sh" "-s" "P,R,C,S" "reks/Thymine_T1_rangesep"
152: Environment variables: 
152:  DFTBPLUS_PARAM_DIR=/home/users/ntu/c230179/Desktop/dftbplus-25.1/external
152: Test timeout computed to be: 10000000
152: reks/Thymine_T1_rangesep:	Test script returned non-zero exit code: 1
152:  deleting file 'autotest.tag'
152:  TODO.
152: 
152: ==============================================================================
152: TEST SUMMARY
152: ------------------------------------------------------------------------------
152: Match:
152:     None
152: 
152: Not run:
152:     reks/Thymine_T1_rangesep
152: ------------------------------------------------------------------------------
152: Status: FAIL
152/406 Test #152: app/dftb+/reks/Thymine_T1_rangesep ...............................***Failed    0.04 sec
reks/Thymine_T1_rangesep:	Test script returned non-zero exit code: 1
 deleting file 'autotest.tag'
 TODO.

==============================================================================
TEST SUMMARY
------------------------------------------------------------------------------
Match:
    None

Not run:
    reks/Thymine_T1_rangesep
------------------------------------------------------------------------------
Status: FAIL

test 153
        Start 153: app/dftb+/mdftb/2H2O

153: Test command: /home/users/ntu/c230179/Desktop/dftbplus-25.1/test/app/dftb+/bin/autotest2 "-r" "/home/users/ntu/c230179/Desktop/dftbplus-25.1/test/app/dftb+" "-w" "/home/users/ntu/c230179/Desktop/dftb_builds/dftb_gcc_Release/test/app/dftb+" "-d" "/home/users/ntu/c230179/Desktop/dftbplus-25.1/test/app/dftb+/bin/tagdiff" "-P" "env OMP_NUM_THREADS=1" "-p" "/home/users/ntu/c230179/Desktop/dftb_builds/dftb_gcc_Release/app/dftb+/dftb+" "-G" "/home/users/ntu/c230179/Desktop/dftbplus-25.1/test/app/dftb+/bin/globalpostrun.sh" "-s" "P,R,C,S" "mdftb/2H2O"
153: Environment variables: 
153:  DFTBPLUS_PARAM_DIR=/home/users/ntu/c230179/Desktop/dftbplus-25.1/external
153: Test timeout computed to be: 10000000
153: mdftb/2H2O:	Test script returned non-zero exit code: 1
153:  deleting file 'autotest.tag'
153:  TODO.
153: 
153: ==============================================================================
153: TEST SUMMARY
153: ------------------------------------------------------------------------------
153: Match:
153:     None
153: 
153: Not run:
153:     mdftb/2H2O
153: ------------------------------------------------------------------------------
153: Status: FAIL
153/406 Test #153: app/dftb+/mdftb/2H2O .............................................***Failed    0.04 sec
mdftb/2H2O:	Test script returned non-zero exit code: 1
 deleting file 'autotest.tag'
 TODO.

==============================================================================
TEST SUMMARY
------------------------------------------------------------------------------
Match:
    None

Not run:
    mdftb/2H2O
------------------------------------------------------------------------------
Status: FAIL

test 154
        Start 154: app/dftb+/mdftb/2H2O-extfield

154: Test command: /home/users/ntu/c230179/Desktop/dftbplus-25.1/test/app/dftb+/bin/autotest2 "-r" "/home/users/ntu/c230179/Desktop/dftbplus-25.1/test/app/dftb+" "-w" "/home/users/ntu/c230179/Desktop/dftb_builds/dftb_gcc_Release/test/app/dftb+" "-d" "/home/users/ntu/c230179/Desktop/dftbplus-25.1/test/app/dftb+/bin/tagdiff" "-P" "env OMP_NUM_THREADS=1" "-p" "/home/users/ntu/c230179/Desktop/dftb_builds/dftb_gcc_Release/app/dftb+/dftb+" "-G" "/home/users/ntu/c230179/Desktop/dftbplus-25.1/test/app/dftb+/bin/globalpostrun.sh" "-s" "P,R,C,S" "mdftb/2H2O-extfield"
154: Environment variables: 
154:  DFTBPLUS_PARAM_DIR=/home/users/ntu/c230179/Desktop/dftbplus-25.1/external
154: Test timeout computed to be: 10000000
154: mdftb/2H2O-extfield:	Test script returned non-zero exit code: 1
154:  deleting file 'autotest.tag'
154:  TODO.
154: 
154: ==============================================================================
154: TEST SUMMARY
154: ------------------------------------------------------------------------------
154: Match:
154:     None
154: 
154: Not run:
154:     mdftb/2H2O-extfield
154: ------------------------------------------------------------------------------
154: Status: FAIL
154/406 Test #154: app/dftb+/mdftb/2H2O-extfield ....................................***Failed    0.04 sec
mdftb/2H2O-extfield:	Test script returned non-zero exit code: 1
 deleting file 'autotest.tag'
 TODO.

==============================================================================
TEST SUMMARY
------------------------------------------------------------------------------
Match:
    None

Not run:
    mdftb/2H2O-extfield
------------------------------------------------------------------------------
Status: FAIL

test 155
        Start 155: app/dftb+/mdftb/32H2O

155: Test command: /home/users/ntu/c230179/Desktop/dftbplus-25.1/test/app/dftb+/bin/autotest2 "-r" "/home/users/ntu/c230179/Desktop/dftbplus-25.1/test/app/dftb+" "-w" "/home/users/ntu/c230179/Desktop/dftb_builds/dftb_gcc_Release/test/app/dftb+" "-d" "/home/users/ntu/c230179/Desktop/dftbplus-25.1/test/app/dftb+/bin/tagdiff" "-P" "env OMP_NUM_THREADS=1" "-p" "/home/users/ntu/c230179/Desktop/dftb_builds/dftb_gcc_Release/app/dftb+/dftb+" "-G" "/home/users/ntu/c230179/Desktop/dftbplus-25.1/test/app/dftb+/bin/globalpostrun.sh" "-s" "P,R,C,S" "mdftb/32H2O"
155: Environment variables: 
155:  DFTBPLUS_PARAM_DIR=/home/users/ntu/c230179/Desktop/dftbplus-25.1/external
155: Test timeout computed to be: 10000000
155: mdftb/32H2O:	Test script returned non-zero exit code: 1
155:  deleting file 'autotest.tag'
155:  TODO.
155: 
155: ==============================================================================
155: TEST SUMMARY
155: ------------------------------------------------------------------------------
155: Match:
155:     None
155: 
155: Not run:
155:     mdftb/32H2O
155: ------------------------------------------------------------------------------
155: Status: FAIL
155/406 Test #155: app/dftb+/mdftb/32H2O ............................................***Failed    0.04 sec
mdftb/32H2O:	Test script returned non-zero exit code: 1
 deleting file 'autotest.tag'
 TODO.

==============================================================================
TEST SUMMARY
------------------------------------------------------------------------------
Match:
    None

Not run:
    mdftb/32H2O
------------------------------------------------------------------------------
Status: FAIL

test 156
        Start 156: app/dftb+/mdftb/Glycine

156: Test command: /home/users/ntu/c230179/Desktop/dftbplus-25.1/test/app/dftb+/bin/autotest2 "-r" "/home/users/ntu/c230179/Desktop/dftbplus-25.1/test/app/dftb+" "-w" "/home/users/ntu/c230179/Desktop/dftb_builds/dftb_gcc_Release/test/app/dftb+" "-d" "/home/users/ntu/c230179/Desktop/dftbplus-25.1/test/app/dftb+/bin/tagdiff" "-P" "env OMP_NUM_THREADS=1" "-p" "/home/users/ntu/c230179/Desktop/dftb_builds/dftb_gcc_Release/app/dftb+/dftb+" "-G" "/home/users/ntu/c230179/Desktop/dftbplus-25.1/test/app/dftb+/bin/globalpostrun.sh" "-s" "P,R,C,S" "mdftb/Glycine"
156: Environment variables: 
156:  DFTBPLUS_PARAM_DIR=/home/users/ntu/c230179/Desktop/dftbplus-25.1/external
156: Test timeout computed to be: 10000000
156: mdftb/Glycine:	Test script returned non-zero exit code: 1
156:  deleting file 'autotest.tag'
156:  TODO.
156: 
156: ==============================================================================
156: TEST SUMMARY
156: ------------------------------------------------------------------------------
156: Match:
156:     None
156: 
156: Not run:
156:     mdftb/Glycine
156: ------------------------------------------------------------------------------
156: Status: FAIL
156/406 Test #156: app/dftb+/mdftb/Glycine ..........................................***Failed    0.04 sec
mdftb/Glycine:	Test script returned non-zero exit code: 1
 deleting file 'autotest.tag'
 TODO.

==============================================================================
TEST SUMMARY
------------------------------------------------------------------------------
Match:
    None

Not run:
    mdftb/Glycine
------------------------------------------------------------------------------
Status: FAIL

test 157
        Start 157: app/dftb+/mdftb/Glycine_mDFTBoff1

157: Test command: /home/users/ntu/c230179/Desktop/dftbplus-25.1/test/app/dftb+/bin/autotest2 "-r" "/home/users/ntu/c230179/Desktop/dftbplus-25.1/test/app/dftb+" "-w" "/home/users/ntu/c230179/Desktop/dftb_builds/dftb_gcc_Release/test/app/dftb+" "-d" "/home/users/ntu/c230179/Desktop/dftbplus-25.1/test/app/dftb+/bin/tagdiff" "-P" "env OMP_NUM_THREADS=1" "-p" "/home/users/ntu/c230179/Desktop/dftb_builds/dftb_gcc_Release/app/dftb+/dftb+" "-G" "/home/users/ntu/c230179/Desktop/dftbplus-25.1/test/app/dftb+/bin/globalpostrun.sh" "-s" "P,R,C,S" "mdftb/Glycine_mDFTBoff1"
157: Environment variables: 
157:  DFTBPLUS_PARAM_DIR=/home/users/ntu/c230179/Desktop/dftbplus-25.1/external
157: Test timeout computed to be: 10000000
157: mdftb/Glycine_mDFTBoff1:	Test script returned non-zero exit code: 1
157:  deleting file 'autotest.tag'
157:  TODO.
157: 
157: ==============================================================================
157: TEST SUMMARY
157: ------------------------------------------------------------------------------
157: Match:
157:     None
157: 
157: Not run:
157:     mdftb/Glycine_mDFTBoff1
157: ------------------------------------------------------------------------------
157: Status: FAIL
157/406 Test #157: app/dftb+/mdftb/Glycine_mDFTBoff1 ................................***Failed    0.04 sec
mdftb/Glycine_mDFTBoff1:	Test script returned non-zero exit code: 1
 deleting file 'autotest.tag'
 TODO.

==============================================================================
TEST SUMMARY
------------------------------------------------------------------------------
Match:
    None

Not run:
    mdftb/Glycine_mDFTBoff1
------------------------------------------------------------------------------
Status: FAIL

test 158
        Start 158: app/dftb+/mdftb/Glycine_mDFTBoff2

158: Test command: /home/users/ntu/c230179/Desktop/dftbplus-25.1/test/app/dftb+/bin/autotest2 "-r" "/home/users/ntu/c230179/Desktop/dftbplus-25.1/test/app/dftb+" "-w" "/home/users/ntu/c230179/Desktop/dftb_builds/dftb_gcc_Release/test/app/dftb+" "-d" "/home/users/ntu/c230179/Desktop/dftbplus-25.1/test/app/dftb+/bin/tagdiff" "-P" "env OMP_NUM_THREADS=1" "-p" "/home/users/ntu/c230179/Desktop/dftb_builds/dftb_gcc_Release/app/dftb+/dftb+" "-G" "/home/users/ntu/c230179/Desktop/dftbplus-25.1/test/app/dftb+/bin/globalpostrun.sh" "-s" "P,R,C,S" "mdftb/Glycine_mDFTBoff2"
158: Environment variables: 
158:  DFTBPLUS_PARAM_DIR=/home/users/ntu/c230179/Desktop/dftbplus-25.1/external
158: Test timeout computed to be: 10000000
158: mdftb/Glycine_mDFTBoff2:	Test script returned non-zero exit code: 1
158:  deleting file 'autotest.tag'
158:  TODO.
158: 
158: ==============================================================================
158: TEST SUMMARY
158: ------------------------------------------------------------------------------
158: Match:
158:     None
158: 
158: Not run:
158:     mdftb/Glycine_mDFTBoff2
158: ------------------------------------------------------------------------------
158: Status: FAIL
158/406 Test #158: app/dftb+/mdftb/Glycine_mDFTBoff2 ................................***Failed    0.04 sec
mdftb/Glycine_mDFTBoff2:	Test script returned non-zero exit code: 1
 deleting file 'autotest.tag'
 TODO.

==============================================================================
TEST SUMMARY
------------------------------------------------------------------------------
Match:
    None

Not run:
    mdftb/Glycine_mDFTBoff2
------------------------------------------------------------------------------
Status: FAIL

test 159
        Start 159: app/dftb+/mdftb/Glycine_mDFTBoff3

159: Test command: /home/users/ntu/c230179/Desktop/dftbplus-25.1/test/app/dftb+/bin/autotest2 "-r" "/home/users/ntu/c230179/Desktop/dftbplus-25.1/test/app/dftb+" "-w" "/home/users/ntu/c230179/Desktop/dftb_builds/dftb_gcc_Release/test/app/dftb+" "-d" "/home/users/ntu/c230179/Desktop/dftbplus-25.1/test/app/dftb+/bin/tagdiff" "-P" "env OMP_NUM_THREADS=1" "-p" "/home/users/ntu/c230179/Desktop/dftb_builds/dftb_gcc_Release/app/dftb+/dftb+" "-G" "/home/users/ntu/c230179/Desktop/dftbplus-25.1/test/app/dftb+/bin/globalpostrun.sh" "-s" "P,R,C,S" "mdftb/Glycine_mDFTBoff3"
159: Environment variables: 
159:  DFTBPLUS_PARAM_DIR=/home/users/ntu/c230179/Desktop/dftbplus-25.1/external
159: Test timeout computed to be: 10000000
159: mdftb/Glycine_mDFTBoff3:	Test script returned non-zero exit code: 1
159:  deleting file 'autotest.tag'
159:  TODO.
159: 
159: ==============================================================================
159: TEST SUMMARY
159: ------------------------------------------------------------------------------
159: Match:
159:     None
159: 
159: Not run:
159:     mdftb/Glycine_mDFTBoff3
159: ------------------------------------------------------------------------------
159: Status: FAIL
159/406 Test #159: app/dftb+/mdftb/Glycine_mDFTBoff3 ................................***Failed    0.04 sec
mdftb/Glycine_mDFTBoff3:	Test script returned non-zero exit code: 1
 deleting file 'autotest.tag'
 TODO.

==============================================================================
TEST SUMMARY
------------------------------------------------------------------------------
Match:
    None

Not run:
    mdftb/Glycine_mDFTBoff3
------------------------------------------------------------------------------
Status: FAIL

test 160
        Start 160: app/dftb+/mdftb/Glycine_Ordering

160: Test command: /home/users/ntu/c230179/Desktop/dftbplus-25.1/test/app/dftb+/bin/autotest2 "-r" "/home/users/ntu/c230179/Desktop/dftbplus-25.1/test/app/dftb+" "-w" "/home/users/ntu/c230179/Desktop/dftb_builds/dftb_gcc_Release/test/app/dftb+" "-d" "/home/users/ntu/c230179/Desktop/dftbplus-25.1/test/app/dftb+/bin/tagdiff" "-P" "env OMP_NUM_THREADS=1" "-p" "/home/users/ntu/c230179/Desktop/dftb_builds/dftb_gcc_Release/app/dftb+/dftb+" "-G" "/home/users/ntu/c230179/Desktop/dftbplus-25.1/test/app/dftb+/bin/globalpostrun.sh" "-s" "P,R,C,S" "mdftb/Glycine_Ordering"
160: Environment variables: 
160:  DFTBPLUS_PARAM_DIR=/home/users/ntu/c230179/Desktop/dftbplus-25.1/external
160: Test timeout computed to be: 10000000
160: mdftb/Glycine_Ordering:	Test script returned non-zero exit code: 1
160:  deleting file 'autotest.tag'
160:  TODO.
160: 
160: ==============================================================================
160: TEST SUMMARY
160: ------------------------------------------------------------------------------
160: Match:
160:     None
160: 
160: Not run:
160:     mdftb/Glycine_Ordering
160: ------------------------------------------------------------------------------
160: Status: FAIL
160/406 Test #160: app/dftb+/mdftb/Glycine_Ordering .................................***Failed    0.04 sec
mdftb/Glycine_Ordering:	Test script returned non-zero exit code: 1
 deleting file 'autotest.tag'
 TODO.

==============================================================================
TEST SUMMARY
------------------------------------------------------------------------------
Match:
    None

Not run:
    mdftb/Glycine_Ordering
------------------------------------------------------------------------------
Status: FAIL

test 161
        Start 161: app/dftb+/mdftb/Glycine_RotTran1

161: Test command: /home/users/ntu/c230179/Desktop/dftbplus-25.1/test/app/dftb+/bin/autotest2 "-r" "/home/users/ntu/c230179/Desktop/dftbplus-25.1/test/app/dftb+" "-w" "/home/users/ntu/c230179/Desktop/dftb_builds/dftb_gcc_Release/test/app/dftb+" "-d" "/home/users/ntu/c230179/Desktop/dftbplus-25.1/test/app/dftb+/bin/tagdiff" "-P" "env OMP_NUM_THREADS=1" "-p" "/home/users/ntu/c230179/Desktop/dftb_builds/dftb_gcc_Release/app/dftb+/dftb+" "-G" "/home/users/ntu/c230179/Desktop/dftbplus-25.1/test/app/dftb+/bin/globalpostrun.sh" "-s" "P,R,C,S" "mdftb/Glycine_RotTran1"
161: Environment variables: 
161:  DFTBPLUS_PARAM_DIR=/home/users/ntu/c230179/Desktop/dftbplus-25.1/external
161: Test timeout computed to be: 10000000
161: mdftb/Glycine_RotTran1:	Test script returned non-zero exit code: 1
161:  deleting file 'autotest.tag'
161:  TODO.
161: 
161: ==============================================================================
161: TEST SUMMARY
161: ------------------------------------------------------------------------------
161: Match:
161:     None
161: 
161: Not run:
161:     mdftb/Glycine_RotTran1
161: ------------------------------------------------------------------------------
161: Status: FAIL
161/406 Test #161: app/dftb+/mdftb/Glycine_RotTran1 .................................***Failed    0.04 sec
mdftb/Glycine_RotTran1:	Test script returned non-zero exit code: 1
 deleting file 'autotest.tag'
 TODO.

==============================================================================
TEST SUMMARY
------------------------------------------------------------------------------
Match:
    None

Not run:
    mdftb/Glycine_RotTran1
------------------------------------------------------------------------------
Status: FAIL

test 162
        Start 162: app/dftb+/mdftb/Glycine_RotTran2

162: Test command: /home/users/ntu/c230179/Desktop/dftbplus-25.1/test/app/dftb+/bin/autotest2 "-r" "/home/users/ntu/c230179/Desktop/dftbplus-25.1/test/app/dftb+" "-w" "/home/users/ntu/c230179/Desktop/dftb_builds/dftb_gcc_Release/test/app/dftb+" "-d" "/home/users/ntu/c230179/Desktop/dftbplus-25.1/test/app/dftb+/bin/tagdiff" "-P" "env OMP_NUM_THREADS=1" "-p" "/home/users/ntu/c230179/Desktop/dftb_builds/dftb_gcc_Release/app/dftb+/dftb+" "-G" "/home/users/ntu/c230179/Desktop/dftbplus-25.1/test/app/dftb+/bin/globalpostrun.sh" "-s" "P,R,C,S" "mdftb/Glycine_RotTran2"
162: Environment variables: 
162:  DFTBPLUS_PARAM_DIR=/home/users/ntu/c230179/Desktop/dftbplus-25.1/external
162: Test timeout computed to be: 10000000
162: mdftb/Glycine_RotTran2:	Test script returned non-zero exit code: 1
162:  deleting file 'autotest.tag'
162:  TODO.
162: 
162: ==============================================================================
162: TEST SUMMARY
162: ------------------------------------------------------------------------------
162: Match:
162:     None
162: 
162: Not run:
162:     mdftb/Glycine_RotTran2
162: ------------------------------------------------------------------------------
162: Status: FAIL
162/406 Test #162: app/dftb+/mdftb/Glycine_RotTran2 .................................***Failed    0.04 sec
mdftb/Glycine_RotTran2:	Test script returned non-zero exit code: 1
 deleting file 'autotest.tag'
 TODO.

==============================================================================
TEST SUMMARY
------------------------------------------------------------------------------
Match:
    None

Not run:
    mdftb/Glycine_RotTran2
------------------------------------------------------------------------------
Status: FAIL

test 163
        Start 163: app/dftb+/mdftb/Glycine_RotTran3

163: Test command: /home/users/ntu/c230179/Desktop/dftbplus-25.1/test/app/dftb+/bin/autotest2 "-r" "/home/users/ntu/c230179/Desktop/dftbplus-25.1/test/app/dftb+" "-w" "/home/users/ntu/c230179/Desktop/dftb_builds/dftb_gcc_Release/test/app/dftb+" "-d" "/home/users/ntu/c230179/Desktop/dftbplus-25.1/test/app/dftb+/bin/tagdiff" "-P" "env OMP_NUM_THREADS=1" "-p" "/home/users/ntu/c230179/Desktop/dftb_builds/dftb_gcc_Release/app/dftb+/dftb+" "-G" "/home/users/ntu/c230179/Desktop/dftbplus-25.1/test/app/dftb+/bin/globalpostrun.sh" "-s" "P,R,C,S" "mdftb/Glycine_RotTran3"
163: Environment variables: 
163:  DFTBPLUS_PARAM_DIR=/home/users/ntu/c230179/Desktop/dftbplus-25.1/external
163: Test timeout computed to be: 10000000
163: mdftb/Glycine_RotTran3:	Test script returned non-zero exit code: 1
163:  deleting file 'autotest.tag'
163:  TODO.
163: 
163: ==============================================================================
163: TEST SUMMARY
163: ------------------------------------------------------------------------------
163: Match:
163:     None
163: 
163: Not run:
163:     mdftb/Glycine_RotTran3
163: ------------------------------------------------------------------------------
163: Status: FAIL
163/406 Test #163: app/dftb+/mdftb/Glycine_RotTran3 .................................***Failed    0.04 sec
mdftb/Glycine_RotTran3:	Test script returned non-zero exit code: 1
 deleting file 'autotest.tag'
 TODO.

==============================================================================
TEST SUMMARY
------------------------------------------------------------------------------
Match:
    None

Not run:
    mdftb/Glycine_RotTran3
------------------------------------------------------------------------------
Status: FAIL

test 164
        Start 164: app/dftb+/mdftb/OH-H2O

164: Test command: /home/users/ntu/c230179/Desktop/dftbplus-25.1/test/app/dftb+/bin/autotest2 "-r" "/home/users/ntu/c230179/Desktop/dftbplus-25.1/test/app/dftb+" "-w" "/home/users/ntu/c230179/Desktop/dftb_builds/dftb_gcc_Release/test/app/dftb+" "-d" "/home/users/ntu/c230179/Desktop/dftbplus-25.1/test/app/dftb+/bin/tagdiff" "-P" "env OMP_NUM_THREADS=1" "-p" "/home/users/ntu/c230179/Desktop/dftb_builds/dftb_gcc_Release/app/dftb+/dftb+" "-G" "/home/users/ntu/c230179/Desktop/dftbplus-25.1/test/app/dftb+/bin/globalpostrun.sh" "-s" "P,R,C,S" "mdftb/OH-H2O"
164: Environment variables: 
164:  DFTBPLUS_PARAM_DIR=/home/users/ntu/c230179/Desktop/dftbplus-25.1/external
164: Test timeout computed to be: 10000000
164: mdftb/OH-H2O:	Test script returned non-zero exit code: 1
164:  deleting file 'autotest.tag'
164:  TODO.
164: 
164: ==============================================================================
164: TEST SUMMARY
164: ------------------------------------------------------------------------------
164: Match:
164:     None
164: 
164: Not run:
164:     mdftb/OH-H2O
164: ------------------------------------------------------------------------------
164: Status: FAIL
164/406 Test #164: app/dftb+/mdftb/OH-H2O ...........................................***Failed    0.04 sec
mdftb/OH-H2O:	Test script returned non-zero exit code: 1
 deleting file 'autotest.tag'
 TODO.

==============================================================================
TEST SUMMARY
------------------------------------------------------------------------------
Match:
    None

Not run:
    mdftb/OH-H2O
------------------------------------------------------------------------------
Status: FAIL

test 165
        Start 165: app/dftb+/mdftb/OH-H2O_RotTran1

165: Test command: /home/users/ntu/c230179/Desktop/dftbplus-25.1/test/app/dftb+/bin/autotest2 "-r" "/home/users/ntu/c230179/Desktop/dftbplus-25.1/test/app/dftb+" "-w" "/home/users/ntu/c230179/Desktop/dftb_builds/dftb_gcc_Release/test/app/dftb+" "-d" "/home/users/ntu/c230179/Desktop/dftbplus-25.1/test/app/dftb+/bin/tagdiff" "-P" "env OMP_NUM_THREADS=1" "-p" "/home/users/ntu/c230179/Desktop/dftb_builds/dftb_gcc_Release/app/dftb+/dftb+" "-G" "/home/users/ntu/c230179/Desktop/dftbplus-25.1/test/app/dftb+/bin/globalpostrun.sh" "-s" "P,R,C,S" "mdftb/OH-H2O_RotTran1"
165: Environment variables: 
165:  DFTBPLUS_PARAM_DIR=/home/users/ntu/c230179/Desktop/dftbplus-25.1/external
165: Test timeout computed to be: 10000000
165: mdftb/OH-H2O_RotTran1:	Test script returned non-zero exit code: 1
165:  deleting file 'autotest.tag'
165:  TODO.
165: 
165: ==============================================================================
165: TEST SUMMARY
165: ------------------------------------------------------------------------------
165: Match:
165:     None
165: 
165: Not run:
165:     mdftb/OH-H2O_RotTran1
165: ------------------------------------------------------------------------------
165: Status: FAIL
165/406 Test #165: app/dftb+/mdftb/OH-H2O_RotTran1 ..................................***Failed    0.04 sec
mdftb/OH-H2O_RotTran1:	Test script returned non-zero exit code: 1
 deleting file 'autotest.tag'
 TODO.

==============================================================================
TEST SUMMARY
------------------------------------------------------------------------------
Match:
    None

Not run:
    mdftb/OH-H2O_RotTran1
------------------------------------------------------------------------------
Status: FAIL

test 166
        Start 166: app/dftb+/mdftb/OH-H2O_RotTran2

166: Test command: /home/users/ntu/c230179/Desktop/dftbplus-25.1/test/app/dftb+/bin/autotest2 "-r" "/home/users/ntu/c230179/Desktop/dftbplus-25.1/test/app/dftb+" "-w" "/home/users/ntu/c230179/Desktop/dftb_builds/dftb_gcc_Release/test/app/dftb+" "-d" "/home/users/ntu/c230179/Desktop/dftbplus-25.1/test/app/dftb+/bin/tagdiff" "-P" "env OMP_NUM_THREADS=1" "-p" "/home/users/ntu/c230179/Desktop/dftb_builds/dftb_gcc_Release/app/dftb+/dftb+" "-G" "/home/users/ntu/c230179/Desktop/dftbplus-25.1/test/app/dftb+/bin/globalpostrun.sh" "-s" "P,R,C,S" "mdftb/OH-H2O_RotTran2"
166: Environment variables: 
166:  DFTBPLUS_PARAM_DIR=/home/users/ntu/c230179/Desktop/dftbplus-25.1/external
166: Test timeout computed to be: 10000000
166: mdftb/OH-H2O_RotTran2:	Test script returned non-zero exit code: 1
166:  deleting file 'autotest.tag'
166:  TODO.
166: 
166: ==============================================================================
166: TEST SUMMARY
166: ------------------------------------------------------------------------------
166: Match:
166:     None
166: 
166: Not run:
166:     mdftb/OH-H2O_RotTran2
166: ------------------------------------------------------------------------------
166: Status: FAIL
166/406 Test #166: app/dftb+/mdftb/OH-H2O_RotTran2 ..................................***Failed    0.04 sec
mdftb/OH-H2O_RotTran2:	Test script returned non-zero exit code: 1
 deleting file 'autotest.tag'
 TODO.

==============================================================================
TEST SUMMARY
------------------------------------------------------------------------------
Match:
    None

Not run:
    mdftb/OH-H2O_RotTran2
------------------------------------------------------------------------------
Status: FAIL

test 167
        Start 167: app/dftb+/mdftb/OH-H2O_RotTran3

167: Test command: /home/users/ntu/c230179/Desktop/dftbplus-25.1/test/app/dftb+/bin/autotest2 "-r" "/home/users/ntu/c230179/Desktop/dftbplus-25.1/test/app/dftb+" "-w" "/home/users/ntu/c230179/Desktop/dftb_builds/dftb_gcc_Release/test/app/dftb+" "-d" "/home/users/ntu/c230179/Desktop/dftbplus-25.1/test/app/dftb+/bin/tagdiff" "-P" "env OMP_NUM_THREADS=1" "-p" "/home/users/ntu/c230179/Desktop/dftb_builds/dftb_gcc_Release/app/dftb+/dftb+" "-G" "/home/users/ntu/c230179/Desktop/dftbplus-25.1/test/app/dftb+/bin/globalpostrun.sh" "-s" "P,R,C,S" "mdftb/OH-H2O_RotTran3"
167: Environment variables: 
167:  DFTBPLUS_PARAM_DIR=/home/users/ntu/c230179/Desktop/dftbplus-25.1/external
167: Test timeout computed to be: 10000000
167: mdftb/OH-H2O_RotTran3:	Test script returned non-zero exit code: 1
167:  deleting file 'autotest.tag'
167:  TODO.
167: 
167: ==============================================================================
167: TEST SUMMARY
167: ------------------------------------------------------------------------------
167: Match:
167:     None
167: 
167: Not run:
167:     mdftb/OH-H2O_RotTran3
167: ------------------------------------------------------------------------------
167: Status: FAIL
167/406 Test #167: app/dftb+/mdftb/OH-H2O_RotTran3 ..................................***Failed    0.04 sec
mdftb/OH-H2O_RotTran3:	Test script returned non-zero exit code: 1
 deleting file 'autotest.tag'
 TODO.

==============================================================================
TEST SUMMARY
------------------------------------------------------------------------------
Match:
    None

Not run:
    mdftb/OH-H2O_RotTran3
------------------------------------------------------------------------------
Status: FAIL

test 168
        Start 168: app/dftb+/mdftb/NH4+H2O

168: Test command: /home/users/ntu/c230179/Desktop/dftbplus-25.1/test/app/dftb+/bin/autotest2 "-r" "/home/users/ntu/c230179/Desktop/dftbplus-25.1/test/app/dftb+" "-w" "/home/users/ntu/c230179/Desktop/dftb_builds/dftb_gcc_Release/test/app/dftb+" "-d" "/home/users/ntu/c230179/Desktop/dftbplus-25.1/test/app/dftb+/bin/tagdiff" "-P" "env OMP_NUM_THREADS=1" "-p" "/home/users/ntu/c230179/Desktop/dftb_builds/dftb_gcc_Release/app/dftb+/dftb+" "-G" "/home/users/ntu/c230179/Desktop/dftbplus-25.1/test/app/dftb+/bin/globalpostrun.sh" "-s" "P,R,C,S" "mdftb/NH4+H2O"
168: Environment variables: 
168:  DFTBPLUS_PARAM_DIR=/home/users/ntu/c230179/Desktop/dftbplus-25.1/external
168: Test timeout computed to be: 10000000
168: mdftb/NH4+H2O:	Test script returned non-zero exit code: 1
168:  deleting file 'autotest.tag'
168:  TODO.
168: 
168: ==============================================================================
168: TEST SUMMARY
168: ------------------------------------------------------------------------------
168: Match:
168:     None
168: 
168: Not run:
168:     mdftb/NH4+H2O
168: ------------------------------------------------------------------------------
168: Status: FAIL
168/406 Test #168: app/dftb+/mdftb/NH4+H2O ..........................................***Failed    0.04 sec
mdftb/NH4+H2O:	Test script returned non-zero exit code: 1
 deleting file 'autotest.tag'
 TODO.

==============================================================================
TEST SUMMARY
------------------------------------------------------------------------------
Match:
    None

Not run:
    mdftb/NH4+H2O
------------------------------------------------------------------------------
Status: FAIL

test 169
        Start 169: app/dftb+/mdftb/NH4+H2O_RotTran1

169: Test command: /home/users/ntu/c230179/Desktop/dftbplus-25.1/test/app/dftb+/bin/autotest2 "-r" "/home/users/ntu/c230179/Desktop/dftbplus-25.1/test/app/dftb+" "-w" "/home/users/ntu/c230179/Desktop/dftb_builds/dftb_gcc_Release/test/app/dftb+" "-d" "/home/users/ntu/c230179/Desktop/dftbplus-25.1/test/app/dftb+/bin/tagdiff" "-P" "env OMP_NUM_THREADS=1" "-p" "/home/users/ntu/c230179/Desktop/dftb_builds/dftb_gcc_Release/app/dftb+/dftb+" "-G" "/home/users/ntu/c230179/Desktop/dftbplus-25.1/test/app/dftb+/bin/globalpostrun.sh" "-s" "P,R,C,S" "mdftb/NH4+H2O_RotTran1"
169: Environment variables: 
169:  DFTBPLUS_PARAM_DIR=/home/users/ntu/c230179/Desktop/dftbplus-25.1/external
169: Test timeout computed to be: 10000000
169: mdftb/NH4+H2O_RotTran1:	Test script returned non-zero exit code: 1
169:  deleting file 'autotest.tag'
169:  TODO.
169: 
169: ==============================================================================
169: TEST SUMMARY
169: ------------------------------------------------------------------------------
169: Match:
169:     None
169: 
169: Not run:
169:     mdftb/NH4+H2O_RotTran1
169: ------------------------------------------------------------------------------
169: Status: FAIL
169/406 Test #169: app/dftb+/mdftb/NH4+H2O_RotTran1 .................................***Failed    0.04 sec
mdftb/NH4+H2O_RotTran1:	Test script returned non-zero exit code: 1
 deleting file 'autotest.tag'
 TODO.

==============================================================================
TEST SUMMARY
------------------------------------------------------------------------------
Match:
    None

Not run:
    mdftb/NH4+H2O_RotTran1
------------------------------------------------------------------------------
Status: FAIL

test 170
        Start 170: app/dftb+/mdftb/NH4+H2O_RotTran2

170: Test command: /home/users/ntu/c230179/Desktop/dftbplus-25.1/test/app/dftb+/bin/autotest2 "-r" "/home/users/ntu/c230179/Desktop/dftbplus-25.1/test/app/dftb+" "-w" "/home/users/ntu/c230179/Desktop/dftb_builds/dftb_gcc_Release/test/app/dftb+" "-d" "/home/users/ntu/c230179/Desktop/dftbplus-25.1/test/app/dftb+/bin/tagdiff" "-P" "env OMP_NUM_THREADS=1" "-p" "/home/users/ntu/c230179/Desktop/dftb_builds/dftb_gcc_Release/app/dftb+/dftb+" "-G" "/home/users/ntu/c230179/Desktop/dftbplus-25.1/test/app/dftb+/bin/globalpostrun.sh" "-s" "P,R,C,S" "mdftb/NH4+H2O_RotTran2"
170: Environment variables: 
170:  DFTBPLUS_PARAM_DIR=/home/users/ntu/c230179/Desktop/dftbplus-25.1/external
170: Test timeout computed to be: 10000000
170: mdftb/NH4+H2O_RotTran2:	Test script returned non-zero exit code: 1
170:  deleting file 'autotest.tag'
170:  TODO.
170: 
170: ==============================================================================
170: TEST SUMMARY
170: ------------------------------------------------------------------------------
170: Match:
170:     None
170: 
170: Not run:
170:     mdftb/NH4+H2O_RotTran2
170: ------------------------------------------------------------------------------
170: Status: FAIL
170/406 Test #170: app/dftb+/mdftb/NH4+H2O_RotTran2 .................................***Failed    0.04 sec
mdftb/NH4+H2O_RotTran2:	Test script returned non-zero exit code: 1
 deleting file 'autotest.tag'
 TODO.

==============================================================================
TEST SUMMARY
------------------------------------------------------------------------------
Match:
    None

Not run:
    mdftb/NH4+H2O_RotTran2
------------------------------------------------------------------------------
Status: FAIL

test 171
        Start 171: app/dftb+/mdftb/NH4+H2O_RotTran3

171: Test command: /home/users/ntu/c230179/Desktop/dftbplus-25.1/test/app/dftb+/bin/autotest2 "-r" "/home/users/ntu/c230179/Desktop/dftbplus-25.1/test/app/dftb+" "-w" "/home/users/ntu/c230179/Desktop/dftb_builds/dftb_gcc_Release/test/app/dftb+" "-d" "/home/users/ntu/c230179/Desktop/dftbplus-25.1/test/app/dftb+/bin/tagdiff" "-P" "env OMP_NUM_THREADS=1" "-p" "/home/users/ntu/c230179/Desktop/dftb_builds/dftb_gcc_Release/app/dftb+/dftb+" "-G" "/home/users/ntu/c230179/Desktop/dftbplus-25.1/test/app/dftb+/bin/globalpostrun.sh" "-s" "P,R,C,S" "mdftb/NH4+H2O_RotTran3"
171: Environment variables: 
171:  DFTBPLUS_PARAM_DIR=/home/users/ntu/c230179/Desktop/dftbplus-25.1/external
171: Test timeout computed to be: 10000000
171: mdftb/NH4+H2O_RotTran3:	Test script returned non-zero exit code: 1
171:  deleting file 'autotest.tag'
171:  TODO.
171: 
171: ==============================================================================
171: TEST SUMMARY
171: ------------------------------------------------------------------------------
171: Match:
171:     None
171: 
171: Not run:
171:     mdftb/NH4+H2O_RotTran3
171: ------------------------------------------------------------------------------
171: Status: FAIL
171/406 Test #171: app/dftb+/mdftb/NH4+H2O_RotTran3 .................................***Failed    0.04 sec
mdftb/NH4+H2O_RotTran3:	Test script returned non-zero exit code: 1
 deleting file 'autotest.tag'
 TODO.

==============================================================================
TEST SUMMARY
------------------------------------------------------------------------------
Match:
    None

Not run:
    mdftb/NH4+H2O_RotTran3
------------------------------------------------------------------------------
Status: FAIL

test 172
        Start 172: app/dftb+/derivatives/Si_2_Delta

172: Test command: /home/users/ntu/c230179/Desktop/dftbplus-25.1/test/app/dftb+/bin/autotest2 "-r" "/home/users/ntu/c230179/Desktop/dftbplus-25.1/test/app/dftb+" "-w" "/home/users/ntu/c230179/Desktop/dftb_builds/dftb_gcc_Release/test/app/dftb+" "-d" "/home/users/ntu/c230179/Desktop/dftbplus-25.1/test/app/dftb+/bin/tagdiff" "-P" "env OMP_NUM_THREADS=1" "-p" "/home/users/ntu/c230179/Desktop/dftb_builds/dftb_gcc_Release/app/dftb+/dftb+" "-G" "/home/users/ntu/c230179/Desktop/dftbplus-25.1/test/app/dftb+/bin/globalpostrun.sh" "-s" "P,R,C,S" "derivatives/Si_2_Delta"
172: Environment variables: 
172:  DFTBPLUS_PARAM_DIR=/home/users/ntu/c230179/Desktop/dftbplus-25.1/external
172: Test timeout computed to be: 10000000
172: cp: cannot stat 'derivatives/Si_2_Delta/Si-Si.skf': No such file or directory
172: derivatives/Si_2_Delta:	Test script returned non-zero exit code: 1
172:  deleting file 'autotest.tag'
172:  TODO.
172: 
172: ==============================================================================
172: TEST SUMMARY
172: ------------------------------------------------------------------------------
172: Match:
172:     None
172: 
172: Not run:
172:     derivatives/Si_2_Delta
172: ------------------------------------------------------------------------------
172: Status: FAIL
172/406 Test #172: app/dftb+/derivatives/Si_2_Delta .................................***Failed    0.05 sec
cp: cannot stat 'derivatives/Si_2_Delta/Si-Si.skf': No such file or directory
derivatives/Si_2_Delta:	Test script returned non-zero exit code: 1
 deleting file 'autotest.tag'
 TODO.

==============================================================================
TEST SUMMARY
------------------------------------------------------------------------------
Match:
    None

Not run:
    derivatives/Si_2_Delta
------------------------------------------------------------------------------
Status: FAIL

test 173
        Start 173: app/dftb+/derivatives/CH3nonsccPol

173: Test command: /home/users/ntu/c230179/Desktop/dftbplus-25.1/test/app/dftb+/bin/autotest2 "-r" "/home/users/ntu/c230179/Desktop/dftbplus-25.1/test/app/dftb+" "-w" "/home/users/ntu/c230179/Desktop/dftb_builds/dftb_gcc_Release/test/app/dftb+" "-d" "/home/users/ntu/c230179/Desktop/dftbplus-25.1/test/app/dftb+/bin/tagdiff" "-P" "env OMP_NUM_THREADS=1" "-p" "/home/users/ntu/c230179/Desktop/dftb_builds/dftb_gcc_Release/app/dftb+/dftb+" "-G" "/home/users/ntu/c230179/Desktop/dftbplus-25.1/test/app/dftb+/bin/globalpostrun.sh" "-s" "P,R,C,S" "derivatives/CH3nonsccPol"
173: Environment variables: 
173:  DFTBPLUS_PARAM_DIR=/home/users/ntu/c230179/Desktop/dftbplus-25.1/external
173: Test timeout computed to be: 10000000
173: derivatives/CH3nonsccPol:	Test script returned non-zero exit code: 1
173:  deleting file 'autotest.tag'
173:  TODO.
173: 
173: ==============================================================================
173: TEST SUMMARY
173: ------------------------------------------------------------------------------
173: Match:
173:     None
173: 
173: Not run:
173:     derivatives/CH3nonsccPol
173: ------------------------------------------------------------------------------
173: Status: FAIL
173/406 Test #173: app/dftb+/derivatives/CH3nonsccPol ...............................***Failed    0.04 sec
derivatives/CH3nonsccPol:	Test script returned non-zero exit code: 1
 deleting file 'autotest.tag'
 TODO.

==============================================================================
TEST SUMMARY
------------------------------------------------------------------------------
Match:
    None

Not run:
    derivatives/CH3nonsccPol
------------------------------------------------------------------------------
Status: FAIL

test 174
        Start 174: app/dftb+/derivatives/CH3sccPol

174: Test command: /home/users/ntu/c230179/Desktop/dftbplus-25.1/test/app/dftb+/bin/autotest2 "-r" "/home/users/ntu/c230179/Desktop/dftbplus-25.1/test/app/dftb+" "-w" "/home/users/ntu/c230179/Desktop/dftb_builds/dftb_gcc_Release/test/app/dftb+" "-d" "/home/users/ntu/c230179/Desktop/dftbplus-25.1/test/app/dftb+/bin/tagdiff" "-P" "env OMP_NUM_THREADS=1" "-p" "/home/users/ntu/c230179/Desktop/dftb_builds/dftb_gcc_Release/app/dftb+/dftb+" "-G" "/home/users/ntu/c230179/Desktop/dftbplus-25.1/test/app/dftb+/bin/globalpostrun.sh" "-s" "P,R,C,S" "derivatives/CH3sccPol"
174: Environment variables: 
174:  DFTBPLUS_PARAM_DIR=/home/users/ntu/c230179/Desktop/dftbplus-25.1/external
174: Test timeout computed to be: 10000000
174: derivatives/CH3sccPol:	Test script returned non-zero exit code: 1
174:  deleting file 'autotest.tag'
174:  TODO.
174: 
174: ==============================================================================
174: TEST SUMMARY
174: ------------------------------------------------------------------------------
174: Match:
174:     None
174: 
174: Not run:
174:     derivatives/CH3sccPol
174: ------------------------------------------------------------------------------
174: Status: FAIL
174/406 Test #174: app/dftb+/derivatives/CH3sccPol ..................................***Failed    0.04 sec
derivatives/CH3sccPol:	Test script returned non-zero exit code: 1
 deleting file 'autotest.tag'
 TODO.

==============================================================================
TEST SUMMARY
------------------------------------------------------------------------------
Match:
    None

Not run:
    derivatives/CH3sccPol
------------------------------------------------------------------------------
Status: FAIL

test 175
        Start 175: app/dftb+/derivatives/CH3spin3rdOnsPol

175: Test command: /home/users/ntu/c230179/Desktop/dftbplus-25.1/test/app/dftb+/bin/autotest2 "-r" "/home/users/ntu/c230179/Desktop/dftbplus-25.1/test/app/dftb+" "-w" "/home/users/ntu/c230179/Desktop/dftb_builds/dftb_gcc_Release/test/app/dftb+" "-d" "/home/users/ntu/c230179/Desktop/dftbplus-25.1/test/app/dftb+/bin/tagdiff" "-P" "env OMP_NUM_THREADS=1" "-p" "/home/users/ntu/c230179/Desktop/dftb_builds/dftb_gcc_Release/app/dftb+/dftb+" "-G" "/home/users/ntu/c230179/Desktop/dftbplus-25.1/test/app/dftb+/bin/globalpostrun.sh" "-s" "P,R,C,S" "derivatives/CH3spin3rdOnsPol"
175: Environment variables: 
175:  DFTBPLUS_PARAM_DIR=/home/users/ntu/c230179/Desktop/dftbplus-25.1/external
175: Test timeout computed to be: 10000000
175: derivatives/CH3spin3rdOnsPol:	Test script returned non-zero exit code: 1
175:  deleting file 'autotest.tag'
175:  TODO.
175: 
175: ==============================================================================
175: TEST SUMMARY
175: ------------------------------------------------------------------------------
175: Match:
175:     None
175: 
175: Not run:
175:     derivatives/CH3spin3rdOnsPol
175: ------------------------------------------------------------------------------
175: Status: FAIL
175/406 Test #175: app/dftb+/derivatives/CH3spin3rdOnsPol ...........................***Failed    0.04 sec
derivatives/CH3spin3rdOnsPol:	Test script returned non-zero exit code: 1
 deleting file 'autotest.tag'
 TODO.

==============================================================================
TEST SUMMARY
------------------------------------------------------------------------------
Match:
    None

Not run:
    derivatives/CH3spin3rdOnsPol
------------------------------------------------------------------------------
Status: FAIL

test 176
        Start 176: app/dftb+/derivatives/CH3_U_noncol

176: Test command: /home/users/ntu/c230179/Desktop/dftbplus-25.1/test/app/dftb+/bin/autotest2 "-r" "/home/users/ntu/c230179/Desktop/dftbplus-25.1/test/app/dftb+" "-w" "/home/users/ntu/c230179/Desktop/dftb_builds/dftb_gcc_Release/test/app/dftb+" "-d" "/home/users/ntu/c230179/Desktop/dftbplus-25.1/test/app/dftb+/bin/tagdiff" "-P" "env OMP_NUM_THREADS=1" "-p" "/home/users/ntu/c230179/Desktop/dftb_builds/dftb_gcc_Release/app/dftb+/dftb+" "-G" "/home/users/ntu/c230179/Desktop/dftbplus-25.1/test/app/dftb+/bin/globalpostrun.sh" "-s" "P,R,C,S" "derivatives/CH3_U_noncol"
176: Environment variables: 
176:  DFTBPLUS_PARAM_DIR=/home/users/ntu/c230179/Desktop/dftbplus-25.1/external
176: Test timeout computed to be: 10000000
176: derivatives/CH3_U_noncol:	Test script returned non-zero exit code: 1
176:  deleting file 'autotest.tag'
176:  TODO.
176: 
176: ==============================================================================
176: TEST SUMMARY
176: ------------------------------------------------------------------------------
176: Match:
176:     None
176: 
176: Not run:
176:     derivatives/CH3_U_noncol
176: ------------------------------------------------------------------------------
176: Status: FAIL
176/406 Test #176: app/dftb+/derivatives/CH3_U_noncol ...............................***Failed    0.04 sec
derivatives/CH3_U_noncol:	Test script returned non-zero exit code: 1
 deleting file 'autotest.tag'
 TODO.

==============================================================================
TEST SUMMARY
------------------------------------------------------------------------------
Match:
    None

Not run:
    derivatives/CH3_U_noncol
------------------------------------------------------------------------------
Status: FAIL

test 177
        Start 177: app/dftb+/derivatives/Au2_LSmetalPol

177: Test command: /home/users/ntu/c230179/Desktop/dftbplus-25.1/test/app/dftb+/bin/autotest2 "-r" "/home/users/ntu/c230179/Desktop/dftbplus-25.1/test/app/dftb+" "-w" "/home/users/ntu/c230179/Desktop/dftb_builds/dftb_gcc_Release/test/app/dftb+" "-d" "/home/users/ntu/c230179/Desktop/dftbplus-25.1/test/app/dftb+/bin/tagdiff" "-P" "env OMP_NUM_THREADS=1" "-p" "/home/users/ntu/c230179/Desktop/dftb_builds/dftb_gcc_Release/app/dftb+/dftb+" "-G" "/home/users/ntu/c230179/Desktop/dftbplus-25.1/test/app/dftb+/bin/globalpostrun.sh" "-s" "P,R,C,S" "derivatives/Au2_LSmetalPol"
177: Environment variables: 
177:  DFTBPLUS_PARAM_DIR=/home/users/ntu/c230179/Desktop/dftbplus-25.1/external
177: Test timeout computed to be: 10000000
177: cp: cannot stat 'derivatives/Au2_LSmetalPol/Au-Au.skf': No such file or directory
177: derivatives/Au2_LSmetalPol:	Test script returned non-zero exit code: 1
177:  deleting file 'autotest.tag'
177:  TODO.
177: 
177: ==============================================================================
177: TEST SUMMARY
177: ------------------------------------------------------------------------------
177: Match:
177:     None
177: 
177: Not run:
177:     derivatives/Au2_LSmetalPol
177: ------------------------------------------------------------------------------
177: Status: FAIL
177/406 Test #177: app/dftb+/derivatives/Au2_LSmetalPol .............................***Failed    0.04 sec
cp: cannot stat 'derivatives/Au2_LSmetalPol/Au-Au.skf': No such file or directory
derivatives/Au2_LSmetalPol:	Test script returned non-zero exit code: 1
 deleting file 'autotest.tag'
 TODO.

==============================================================================
TEST SUMMARY
------------------------------------------------------------------------------
Match:
    None

Not run:
    derivatives/Au2_LSmetalPol
------------------------------------------------------------------------------
Status: FAIL

test 178
        Start 178: app/dftb+/derivatives/C18H12_rangesepPol

178: Test command: /home/users/ntu/c230179/Desktop/dftbplus-25.1/test/app/dftb+/bin/autotest2 "-r" "/home/users/ntu/c230179/Desktop/dftbplus-25.1/test/app/dftb+" "-w" "/home/users/ntu/c230179/Desktop/dftb_builds/dftb_gcc_Release/test/app/dftb+" "-d" "/home/users/ntu/c230179/Desktop/dftbplus-25.1/test/app/dftb+/bin/tagdiff" "-P" "env OMP_NUM_THREADS=1" "-p" "/home/users/ntu/c230179/Desktop/dftb_builds/dftb_gcc_Release/app/dftb+/dftb+" "-G" "/home/users/ntu/c230179/Desktop/dftbplus-25.1/test/app/dftb+/bin/globalpostrun.sh" "-s" "P,R,C,S" "derivatives/C18H12_rangesepPol"
178: Environment variables: 
178:  DFTBPLUS_PARAM_DIR=/home/users/ntu/c230179/Desktop/dftbplus-25.1/external
178: Test timeout computed to be: 10000000
178: cp: cannot stat 'derivatives/C18H12_rangesepPol/C-C.skf': No such file or directory
178: cp: cannot stat 'derivatives/C18H12_rangesepPol/C-H.skf': No such file or directory
178: cp: cannot stat 'derivatives/C18H12_rangesepPol/H-C.skf': No such file or directory
178: cp: cannot stat 'derivatives/C18H12_rangesepPol/H-H.skf': No such file or directory
178: derivatives/C18H12_rangesepPol:	Test script returned non-zero exit code: 1
178:  deleting file 'autotest.tag'
178:  TODO.
178: 
178: ==============================================================================
178: TEST SUMMARY
178: ------------------------------------------------------------------------------
178: Match:
178:     None
178: 
178: Not run:
178:     derivatives/C18H12_rangesepPol
178: ------------------------------------------------------------------------------
178: Status: FAIL
178/406 Test #178: app/dftb+/derivatives/C18H12_rangesepPol .........................***Failed    0.05 sec
cp: cannot stat 'derivatives/C18H12_rangesepPol/C-C.skf': No such file or directory
cp: cannot stat 'derivatives/C18H12_rangesepPol/C-H.skf': No such file or directory
cp: cannot stat 'derivatives/C18H12_rangesepPol/H-C.skf': No such file or directory
cp: cannot stat 'derivatives/C18H12_rangesepPol/H-H.skf': No such file or directory
derivatives/C18H12_rangesepPol:	Test script returned non-zero exit code: 1
 deleting file 'autotest.tag'
 TODO.

==============================================================================
TEST SUMMARY
------------------------------------------------------------------------------
Match:
    None

Not run:
    derivatives/C18H12_rangesepPol
------------------------------------------------------------------------------
Status: FAIL

test 179
        Start 179: app/dftb+/derivatives/C60

179: Test command: /home/users/ntu/c230179/Desktop/dftbplus-25.1/test/app/dftb+/bin/autotest2 "-r" "/home/users/ntu/c230179/Desktop/dftbplus-25.1/test/app/dftb+" "-w" "/home/users/ntu/c230179/Desktop/dftb_builds/dftb_gcc_Release/test/app/dftb+" "-d" "/home/users/ntu/c230179/Desktop/dftbplus-25.1/test/app/dftb+/bin/tagdiff" "-P" "env OMP_NUM_THREADS=1" "-p" "/home/users/ntu/c230179/Desktop/dftb_builds/dftb_gcc_Release/app/dftb+/dftb+" "-G" "/home/users/ntu/c230179/Desktop/dftbplus-25.1/test/app/dftb+/bin/globalpostrun.sh" "-s" "P,R,C,S" "derivatives/C60"
179: Environment variables: 
179:  DFTBPLUS_PARAM_DIR=/home/users/ntu/c230179/Desktop/dftbplus-25.1/external
179: Test timeout computed to be: 10000000
179: cp: cannot stat 'derivatives/C60/C-C.skf': No such file or directory
179: derivatives/C60:	Test script returned non-zero exit code: 1
179:  deleting file 'autotest.tag'
179:  TODO.
179: 
179: ==============================================================================
179: TEST SUMMARY
179: ------------------------------------------------------------------------------
179: Match:
179:     None
179: 
179: Not run:
179:     derivatives/C60
179: ------------------------------------------------------------------------------
179: Status: FAIL
179/406 Test #179: app/dftb+/derivatives/C60 ........................................***Failed    0.04 sec
cp: cannot stat 'derivatives/C60/C-C.skf': No such file or directory
derivatives/C60:	Test script returned non-zero exit code: 1
 deleting file 'autotest.tag'
 TODO.

==============================================================================
TEST SUMMARY
------------------------------------------------------------------------------
Match:
    None

Not run:
    derivatives/C60
------------------------------------------------------------------------------
Status: FAIL

test 180
        Start 180: app/dftb+/derivatives/C60+

180: Test command: /home/users/ntu/c230179/Desktop/dftbplus-25.1/test/app/dftb+/bin/autotest2 "-r" "/home/users/ntu/c230179/Desktop/dftbplus-25.1/test/app/dftb+" "-w" "/home/users/ntu/c230179/Desktop/dftb_builds/dftb_gcc_Release/test/app/dftb+" "-d" "/home/users/ntu/c230179/Desktop/dftbplus-25.1/test/app/dftb+/bin/tagdiff" "-P" "env OMP_NUM_THREADS=1" "-p" "/home/users/ntu/c230179/Desktop/dftb_builds/dftb_gcc_Release/app/dftb+/dftb+" "-G" "/home/users/ntu/c230179/Desktop/dftbplus-25.1/test/app/dftb+/bin/globalpostrun.sh" "-s" "P,R,C,S" "derivatives/C60+"
180: Environment variables: 
180:  DFTBPLUS_PARAM_DIR=/home/users/ntu/c230179/Desktop/dftbplus-25.1/external
180: Test timeout computed to be: 10000000
180: cp: cannot stat 'derivatives/C60+/C-C.skf': No such file or directory
180: derivatives/C60+:	Test script returned non-zero exit code: 1
180:  deleting file 'autotest.tag'
180:  TODO.
180: 
180: ==============================================================================
180: TEST SUMMARY
180: ------------------------------------------------------------------------------
180: Match:
180:     None
180: 
180: Not run:
180:     derivatives/C60+
180: ------------------------------------------------------------------------------
180: Status: FAIL
180/406 Test #180: app/dftb+/derivatives/C60+ .......................................***Failed    0.05 sec
cp: cannot stat 'derivatives/C60+/C-C.skf': No such file or directory
derivatives/C60+:	Test script returned non-zero exit code: 1
 deleting file 'autotest.tag'
 TODO.

==============================================================================
TEST SUMMARY
------------------------------------------------------------------------------
Match:
    None

Not run:
    derivatives/C60+
------------------------------------------------------------------------------
Status: FAIL

test 181
        Start 181: app/dftb+/derivatives/CH4_onsite

181: Test command: /home/users/ntu/c230179/Desktop/dftbplus-25.1/test/app/dftb+/bin/autotest2 "-r" "/home/users/ntu/c230179/Desktop/dftbplus-25.1/test/app/dftb+" "-w" "/home/users/ntu/c230179/Desktop/dftb_builds/dftb_gcc_Release/test/app/dftb+" "-d" "/home/users/ntu/c230179/Desktop/dftbplus-25.1/test/app/dftb+/bin/tagdiff" "-P" "env OMP_NUM_THREADS=1" "-p" "/home/users/ntu/c230179/Desktop/dftb_builds/dftb_gcc_Release/app/dftb+/dftb+" "-G" "/home/users/ntu/c230179/Desktop/dftbplus-25.1/test/app/dftb+/bin/globalpostrun.sh" "-s" "P,R,C,S" "derivatives/CH4_onsite"
181: Environment variables: 
181:  DFTBPLUS_PARAM_DIR=/home/users/ntu/c230179/Desktop/dftbplus-25.1/external
181: Test timeout computed to be: 10000000
181: cp: cannot stat 'derivatives/CH4_onsite/C-C.skf': No such file or directory
181: cp: cannot stat 'derivatives/CH4_onsite/C-H.skf': No such file or directory
181: cp: cannot stat 'derivatives/CH4_onsite/H-C.skf': No such file or directory
181: cp: cannot stat 'derivatives/CH4_onsite/H-H.skf': No such file or directory
181: derivatives/CH4_onsite:	Test script returned non-zero exit code: 1
181:  deleting file 'autotest.tag'
181:  TODO.
181: 
181: ==============================================================================
181: TEST SUMMARY
181: ------------------------------------------------------------------------------
181: Match:
181:     None
181: 
181: Not run:
181:     derivatives/CH4_onsite
181: ------------------------------------------------------------------------------
181: Status: FAIL
181/406 Test #181: app/dftb+/derivatives/CH4_onsite .................................***Failed    0.05 sec
cp: cannot stat 'derivatives/CH4_onsite/C-C.skf': No such file or directory
cp: cannot stat 'derivatives/CH4_onsite/C-H.skf': No such file or directory
cp: cannot stat 'derivatives/CH4_onsite/H-C.skf': No such file or directory
cp: cannot stat 'derivatives/CH4_onsite/H-H.skf': No such file or directory
derivatives/CH4_onsite:	Test script returned non-zero exit code: 1
 deleting file 'autotest.tag'
 TODO.

==============================================================================
TEST SUMMARY
------------------------------------------------------------------------------
Match:
    None

Not run:
    derivatives/CH4_onsite
------------------------------------------------------------------------------
Status: FAIL

test 182
        Start 182: app/dftb+/derivatives/CH4_kpt_ons

182: Test command: /home/users/ntu/c230179/Desktop/dftbplus-25.1/test/app/dftb+/bin/autotest2 "-r" "/home/users/ntu/c230179/Desktop/dftbplus-25.1/test/app/dftb+" "-w" "/home/users/ntu/c230179/Desktop/dftb_builds/dftb_gcc_Release/test/app/dftb+" "-d" "/home/users/ntu/c230179/Desktop/dftbplus-25.1/test/app/dftb+/bin/tagdiff" "-P" "env OMP_NUM_THREADS=1" "-p" "/home/users/ntu/c230179/Desktop/dftb_builds/dftb_gcc_Release/app/dftb+/dftb+" "-G" "/home/users/ntu/c230179/Desktop/dftbplus-25.1/test/app/dftb+/bin/globalpostrun.sh" "-s" "P,R,C,S" "derivatives/CH4_kpt_ons"
182: Environment variables: 
182:  DFTBPLUS_PARAM_DIR=/home/users/ntu/c230179/Desktop/dftbplus-25.1/external
182: Test timeout computed to be: 10000000
182: cp: cannot stat 'derivatives/CH4_kpt_ons/C-C.skf': No such file or directory
182: cp: cannot stat 'derivatives/CH4_kpt_ons/C-H.skf': No such file or directory
182: cp: cannot stat 'derivatives/CH4_kpt_ons/H-C.skf': No such file or directory
182: cp: cannot stat 'derivatives/CH4_kpt_ons/H-H.skf': No such file or directory
182: derivatives/CH4_kpt_ons:	Test script returned non-zero exit code: 1
182:  deleting file 'autotest.tag'
182:  TODO.
182: 
182: ==============================================================================
182: TEST SUMMARY
182: ------------------------------------------------------------------------------
182: Match:
182:     None
182: 
182: Not run:
182:     derivatives/CH4_kpt_ons
182: ------------------------------------------------------------------------------
182: Status: FAIL
182/406 Test #182: app/dftb+/derivatives/CH4_kpt_ons ................................***Failed    0.05 sec
cp: cannot stat 'derivatives/CH4_kpt_ons/C-C.skf': No such file or directory
cp: cannot stat 'derivatives/CH4_kpt_ons/C-H.skf': No such file or directory
cp: cannot stat 'derivatives/CH4_kpt_ons/H-C.skf': No such file or directory
cp: cannot stat 'derivatives/CH4_kpt_ons/H-H.skf': No such file or directory
derivatives/CH4_kpt_ons:	Test script returned non-zero exit code: 1
 deleting file 'autotest.tag'
 TODO.

==============================================================================
TEST SUMMARY
------------------------------------------------------------------------------
Match:
    None

Not run:
    derivatives/CH4_kpt_ons
------------------------------------------------------------------------------
Status: FAIL

test 183
        Start 183: app/dftb+/derivatives/As4S4_LS_ons

183: Test command: /home/users/ntu/c230179/Desktop/dftbplus-25.1/test/app/dftb+/bin/autotest2 "-r" "/home/users/ntu/c230179/Desktop/dftbplus-25.1/test/app/dftb+" "-w" "/home/users/ntu/c230179/Desktop/dftb_builds/dftb_gcc_Release/test/app/dftb+" "-d" "/home/users/ntu/c230179/Desktop/dftbplus-25.1/test/app/dftb+/bin/tagdiff" "-P" "env OMP_NUM_THREADS=1" "-p" "/home/users/ntu/c230179/Desktop/dftb_builds/dftb_gcc_Release/app/dftb+/dftb+" "-G" "/home/users/ntu/c230179/Desktop/dftbplus-25.1/test/app/dftb+/bin/globalpostrun.sh" "-s" "P,R,C,S" "derivatives/As4S4_LS_ons"
183: Environment variables: 
183:  DFTBPLUS_PARAM_DIR=/home/users/ntu/c230179/Desktop/dftbplus-25.1/external
183: Test timeout computed to be: 10000000
183: cp: cannot stat 'derivatives/As4S4_LS_ons/As-As.skf': No such file or directory
183: cp: cannot stat 'derivatives/As4S4_LS_ons/As-S.skf': No such file or directory
183: cp: cannot stat 'derivatives/As4S4_LS_ons/S-As.skf': No such file or directory
183: cp: cannot stat 'derivatives/As4S4_LS_ons/S-S.skf': No such file or directory
183: derivatives/As4S4_LS_ons:	Test script returned non-zero exit code: 1
183:  deleting file 'autotest.tag'
183:  TODO.
183: 
183: ==============================================================================
183: TEST SUMMARY
183: ------------------------------------------------------------------------------
183: Match:
183:     None
183: 
183: Not run:
183:     derivatives/As4S4_LS_ons
183: ------------------------------------------------------------------------------
183: Status: FAIL
183/406 Test #183: app/dftb+/derivatives/As4S4_LS_ons ...............................***Failed    0.05 sec
cp: cannot stat 'derivatives/As4S4_LS_ons/As-As.skf': No such file or directory
cp: cannot stat 'derivatives/As4S4_LS_ons/As-S.skf': No such file or directory
cp: cannot stat 'derivatives/As4S4_LS_ons/S-As.skf': No such file or directory
cp: cannot stat 'derivatives/As4S4_LS_ons/S-S.skf': No such file or directory
derivatives/As4S4_LS_ons:	Test script returned non-zero exit code: 1
 deleting file 'autotest.tag'
 TODO.

==============================================================================
TEST SUMMARY
------------------------------------------------------------------------------
Match:
    None

Not run:
    derivatives/As4S4_LS_ons
------------------------------------------------------------------------------
Status: FAIL

test 184
        Start 184: app/dftb+/derivatives/10-0Ctube_onsite

184: Test command: /home/users/ntu/c230179/Desktop/dftbplus-25.1/test/app/dftb+/bin/autotest2 "-r" "/home/users/ntu/c230179/Desktop/dftbplus-25.1/test/app/dftb+" "-w" "/home/users/ntu/c230179/Desktop/dftb_builds/dftb_gcc_Release/test/app/dftb+" "-d" "/home/users/ntu/c230179/Desktop/dftbplus-25.1/test/app/dftb+/bin/tagdiff" "-P" "env OMP_NUM_THREADS=1" "-p" "/home/users/ntu/c230179/Desktop/dftb_builds/dftb_gcc_Release/app/dftb+/dftb+" "-G" "/home/users/ntu/c230179/Desktop/dftbplus-25.1/test/app/dftb+/bin/globalpostrun.sh" "-s" "P,R,C,S" "derivatives/10-0Ctube_onsite"
184: Environment variables: 
184:  DFTBPLUS_PARAM_DIR=/home/users/ntu/c230179/Desktop/dftbplus-25.1/external
184: Test timeout computed to be: 10000000
184: cp: cannot stat 'derivatives/10-0Ctube_onsite/C-C.skf': No such file or directory
184: derivatives/10-0Ctube_onsite:	Test script returned non-zero exit code: 1
184:  deleting file 'autotest.tag'
184:  TODO.
184: 
184: ==============================================================================
184: TEST SUMMARY
184: ------------------------------------------------------------------------------
184: Match:
184:     None
184: 
184: Not run:
184:     derivatives/10-0Ctube_onsite
184: ------------------------------------------------------------------------------
184: Status: FAIL
184/406 Test #184: app/dftb+/derivatives/10-0Ctube_onsite ...........................***Failed    0.04 sec
cp: cannot stat 'derivatives/10-0Ctube_onsite/C-C.skf': No such file or directory
derivatives/10-0Ctube_onsite:	Test script returned non-zero exit code: 1
 deleting file 'autotest.tag'
 TODO.

==============================================================================
TEST SUMMARY
------------------------------------------------------------------------------
Match:
    None

Not run:
    derivatives/10-0Ctube_onsite
------------------------------------------------------------------------------
Status: FAIL

test 185
        Start 185: app/dftb+/derivatives/C6H6_onsite

185: Test command: /home/users/ntu/c230179/Desktop/dftbplus-25.1/test/app/dftb+/bin/autotest2 "-r" "/home/users/ntu/c230179/Desktop/dftbplus-25.1/test/app/dftb+" "-w" "/home/users/ntu/c230179/Desktop/dftb_builds/dftb_gcc_Release/test/app/dftb+" "-d" "/home/users/ntu/c230179/Desktop/dftbplus-25.1/test/app/dftb+/bin/tagdiff" "-P" "env OMP_NUM_THREADS=1" "-p" "/home/users/ntu/c230179/Desktop/dftb_builds/dftb_gcc_Release/app/dftb+/dftb+" "-G" "/home/users/ntu/c230179/Desktop/dftbplus-25.1/test/app/dftb+/bin/globalpostrun.sh" "-s" "P,R,C,S" "derivatives/C6H6_onsite"
185: Environment variables: 
185:  DFTBPLUS_PARAM_DIR=/home/users/ntu/c230179/Desktop/dftbplus-25.1/external
185: Test timeout computed to be: 10000000
185: cp: cannot stat 'derivatives/C6H6_onsite/C-C.skf': No such file or directory
185: cp: cannot stat 'derivatives/C6H6_onsite/C-H.skf': No such file or directory
185: cp: cannot stat 'derivatives/C6H6_onsite/H-C.skf': No such file or directory
185: cp: cannot stat 'derivatives/C6H6_onsite/H-H.skf': No such file or directory
185: derivatives/C6H6_onsite:	Test script returned non-zero exit code: 1
185:  deleting file 'autotest.tag'
185:  TODO.
185: 
185: ==============================================================================
185: TEST SUMMARY
185: ------------------------------------------------------------------------------
185: Match:
185:     None
185: 
185: Not run:
185:     derivatives/C6H6_onsite
185: ------------------------------------------------------------------------------
185: Status: FAIL
185/406 Test #185: app/dftb+/derivatives/C6H6_onsite ................................***Failed    0.05 sec
cp: cannot stat 'derivatives/C6H6_onsite/C-C.skf': No such file or directory
cp: cannot stat 'derivatives/C6H6_onsite/C-H.skf': No such file or directory
cp: cannot stat 'derivatives/C6H6_onsite/H-C.skf': No such file or directory
cp: cannot stat 'derivatives/C6H6_onsite/H-H.skf': No such file or directory
derivatives/C6H6_onsite:	Test script returned non-zero exit code: 1
 deleting file 'autotest.tag'
 TODO.

==============================================================================
TEST SUMMARY
------------------------------------------------------------------------------
Match:
    None

Not run:
    derivatives/C6H6_onsite
------------------------------------------------------------------------------
Status: FAIL

test 186
        Start 186: app/dftb+/derivatives/C6H6_partial

186: Test command: /home/users/ntu/c230179/Desktop/dftbplus-25.1/test/app/dftb+/bin/autotest2 "-r" "/home/users/ntu/c230179/Desktop/dftbplus-25.1/test/app/dftb+" "-w" "/home/users/ntu/c230179/Desktop/dftb_builds/dftb_gcc_Release/test/app/dftb+" "-d" "/home/users/ntu/c230179/Desktop/dftbplus-25.1/test/app/dftb+/bin/tagdiff" "-P" "env OMP_NUM_THREADS=1" "-p" "/home/users/ntu/c230179/Desktop/dftb_builds/dftb_gcc_Release/app/dftb+/dftb+" "-G" "/home/users/ntu/c230179/Desktop/dftbplus-25.1/test/app/dftb+/bin/globalpostrun.sh" "-s" "P,R,C,S" "derivatives/C6H6_partial"
186: Environment variables: 
186:  DFTBPLUS_PARAM_DIR=/home/users/ntu/c230179/Desktop/dftbplus-25.1/external
186: Test timeout computed to be: 10000000
186: derivatives/C6H6_partial:	Test script returned non-zero exit code: 1
186:  deleting file 'autotest.tag'
186:  TODO.
186: 
186: ==============================================================================
186: TEST SUMMARY
186: ------------------------------------------------------------------------------
186: Match:
186:     None
186: 
186: Not run:
186:     derivatives/C6H6_partial
186: ------------------------------------------------------------------------------
186: Status: FAIL
186/406 Test #186: app/dftb+/derivatives/C6H6_partial ...............................***Failed    0.04 sec
derivatives/C6H6_partial:	Test script returned non-zero exit code: 1
 deleting file 'autotest.tag'
 TODO.

==============================================================================
TEST SUMMARY
------------------------------------------------------------------------------
Match:
    None

Not run:
    derivatives/C6H6_partial
------------------------------------------------------------------------------
Status: FAIL

test 187
        Start 187: app/dftb+/derivatives/CH4_RPA

187: Test command: /home/users/ntu/c230179/Desktop/dftbplus-25.1/test/app/dftb+/bin/autotest2 "-r" "/home/users/ntu/c230179/Desktop/dftbplus-25.1/test/app/dftb+" "-w" "/home/users/ntu/c230179/Desktop/dftb_builds/dftb_gcc_Release/test/app/dftb+" "-d" "/home/users/ntu/c230179/Desktop/dftbplus-25.1/test/app/dftb+/bin/tagdiff" "-P" "env OMP_NUM_THREADS=1" "-p" "/home/users/ntu/c230179/Desktop/dftb_builds/dftb_gcc_Release/app/dftb+/dftb+" "-G" "/home/users/ntu/c230179/Desktop/dftbplus-25.1/test/app/dftb+/bin/globalpostrun.sh" "-s" "P,R,C,S" "derivatives/CH4_RPA"
187: Environment variables: 
187:  DFTBPLUS_PARAM_DIR=/home/users/ntu/c230179/Desktop/dftbplus-25.1/external
187: Test timeout computed to be: 10000000
187: cp: cannot stat 'derivatives/CH4_RPA/C-C.skf': No such file or directory
187: cp: cannot stat 'derivatives/CH4_RPA/C-H.skf': No such file or directory
187: cp: cannot stat 'derivatives/CH4_RPA/H-C.skf': No such file or directory
187: cp: cannot stat 'derivatives/CH4_RPA/H-H.skf': No such file or directory
187: derivatives/CH4_RPA:	Test script returned non-zero exit code: 1
187:  deleting file 'autotest.tag'
187:  TODO.
187: 
187: ==============================================================================
187: TEST SUMMARY
187: ------------------------------------------------------------------------------
187: Match:
187:     None
187: 
187: Not run:
187:     derivatives/CH4_RPA
187: ------------------------------------------------------------------------------
187: Status: FAIL
187/406 Test #187: app/dftb+/derivatives/CH4_RPA ....................................***Failed    0.05 sec
cp: cannot stat 'derivatives/CH4_RPA/C-C.skf': No such file or directory
cp: cannot stat 'derivatives/CH4_RPA/C-H.skf': No such file or directory
cp: cannot stat 'derivatives/CH4_RPA/H-C.skf': No such file or directory
cp: cannot stat 'derivatives/CH4_RPA/H-H.skf': No such file or directory
derivatives/CH4_RPA:	Test script returned non-zero exit code: 1
 deleting file 'autotest.tag'
 TODO.

==============================================================================
TEST SUMMARY
------------------------------------------------------------------------------
Match:
    None

Not run:
    derivatives/CH4_RPA
------------------------------------------------------------------------------
Status: FAIL

test 188
        Start 188: app/dftb+/derivatives/Au2_Polfreq

188: Test command: /home/users/ntu/c230179/Desktop/dftbplus-25.1/test/app/dftb+/bin/autotest2 "-r" "/home/users/ntu/c230179/Desktop/dftbplus-25.1/test/app/dftb+" "-w" "/home/users/ntu/c230179/Desktop/dftb_builds/dftb_gcc_Release/test/app/dftb+" "-d" "/home/users/ntu/c230179/Desktop/dftbplus-25.1/test/app/dftb+/bin/tagdiff" "-P" "env OMP_NUM_THREADS=1" "-p" "/home/users/ntu/c230179/Desktop/dftb_builds/dftb_gcc_Release/app/dftb+/dftb+" "-G" "/home/users/ntu/c230179/Desktop/dftbplus-25.1/test/app/dftb+/bin/globalpostrun.sh" "-s" "P,R,C,S" "derivatives/Au2_Polfreq"
188: Environment variables: 
188:  DFTBPLUS_PARAM_DIR=/home/users/ntu/c230179/Desktop/dftbplus-25.1/external
188: Test timeout computed to be: 10000000
188: cp: cannot stat 'derivatives/Au2_Polfreq/Au-Au.skf': No such file or directory
188: derivatives/Au2_Polfreq:	Test script returned non-zero exit code: 1
188:  deleting file 'autotest.tag'
188:  TODO.
188: 
188: ==============================================================================
188: TEST SUMMARY
188: ------------------------------------------------------------------------------
188: Match:
188:     None
188: 
188: Not run:
188:     derivatives/Au2_Polfreq
188: ------------------------------------------------------------------------------
188: Status: FAIL
188/406 Test #188: app/dftb+/derivatives/Au2_Polfreq ................................***Failed    0.04 sec
cp: cannot stat 'derivatives/Au2_Polfreq/Au-Au.skf': No such file or directory
derivatives/Au2_Polfreq:	Test script returned non-zero exit code: 1
 deleting file 'autotest.tag'
 TODO.

==============================================================================
TEST SUMMARY
------------------------------------------------------------------------------
Match:
    None

Not run:
    derivatives/Au2_Polfreq
------------------------------------------------------------------------------
Status: FAIL

test 189
        Start 189: app/dftb+/derivatives/C60_Polfreq

189: Test command: /home/users/ntu/c230179/Desktop/dftbplus-25.1/test/app/dftb+/bin/autotest2 "-r" "/home/users/ntu/c230179/Desktop/dftbplus-25.1/test/app/dftb+" "-w" "/home/users/ntu/c230179/Desktop/dftb_builds/dftb_gcc_Release/test/app/dftb+" "-d" "/home/users/ntu/c230179/Desktop/dftbplus-25.1/test/app/dftb+/bin/tagdiff" "-P" "env OMP_NUM_THREADS=1" "-p" "/home/users/ntu/c230179/Desktop/dftb_builds/dftb_gcc_Release/app/dftb+/dftb+" "-G" "/home/users/ntu/c230179/Desktop/dftbplus-25.1/test/app/dftb+/bin/globalpostrun.sh" "-s" "P,R,C,S" "derivatives/C60_Polfreq"
189: Environment variables: 
189:  DFTBPLUS_PARAM_DIR=/home/users/ntu/c230179/Desktop/dftbplus-25.1/external
189: Test timeout computed to be: 10000000
189: derivatives/C60_Polfreq:	Test script returned non-zero exit code: 1
189:  deleting file 'autotest.tag'
189:  TODO.
189: 
189: ==============================================================================
189: TEST SUMMARY
189: ------------------------------------------------------------------------------
189: Match:
189:     None
189: 
189: Not run:
189:     derivatives/C60_Polfreq
189: ------------------------------------------------------------------------------
189: Status: FAIL
189/406 Test #189: app/dftb+/derivatives/C60_Polfreq ................................***Failed    0.04 sec
derivatives/C60_Polfreq:	Test script returned non-zero exit code: 1
 deleting file 'autotest.tag'
 TODO.

==============================================================================
TEST SUMMARY
------------------------------------------------------------------------------
Match:
    None

Not run:
    derivatives/C60_Polfreq
------------------------------------------------------------------------------
Status: FAIL

test 190
        Start 190: app/dftb+/derivatives/CH4_freq

190: Test command: /home/users/ntu/c230179/Desktop/dftbplus-25.1/test/app/dftb+/bin/autotest2 "-r" "/home/users/ntu/c230179/Desktop/dftbplus-25.1/test/app/dftb+" "-w" "/home/users/ntu/c230179/Desktop/dftb_builds/dftb_gcc_Release/test/app/dftb+" "-d" "/home/users/ntu/c230179/Desktop/dftbplus-25.1/test/app/dftb+/bin/tagdiff" "-P" "env OMP_NUM_THREADS=1" "-p" "/home/users/ntu/c230179/Desktop/dftb_builds/dftb_gcc_Release/app/dftb+/dftb+" "-G" "/home/users/ntu/c230179/Desktop/dftbplus-25.1/test/app/dftb+/bin/globalpostrun.sh" "-s" "P,R,C,S" "derivatives/CH4_freq"
190: Environment variables: 
190:  DFTBPLUS_PARAM_DIR=/home/users/ntu/c230179/Desktop/dftbplus-25.1/external
190: Test timeout computed to be: 10000000
190: derivatives/CH4_freq:	Test script returned non-zero exit code: 1
190:  deleting file 'autotest.tag'
190:  TODO.
190: 
190: ==============================================================================
190: TEST SUMMARY
190: ------------------------------------------------------------------------------
190: Match:
190:     None
190: 
190: Not run:
190:     derivatives/CH4_freq
190: ------------------------------------------------------------------------------
190: Status: FAIL
190/406 Test #190: app/dftb+/derivatives/CH4_freq ...................................***Failed    0.04 sec
derivatives/CH4_freq:	Test script returned non-zero exit code: 1
 deleting file 'autotest.tag'
 TODO.

==============================================================================
TEST SUMMARY
------------------------------------------------------------------------------
Match:
    None

Not run:
    derivatives/CH4_freq
------------------------------------------------------------------------------
Status: FAIL

test 191
        Start 191: app/dftb+/derivatives/CH4_kpt_freq

191: Test command: /home/users/ntu/c230179/Desktop/dftbplus-25.1/test/app/dftb+/bin/autotest2 "-r" "/home/users/ntu/c230179/Desktop/dftbplus-25.1/test/app/dftb+" "-w" "/home/users/ntu/c230179/Desktop/dftb_builds/dftb_gcc_Release/test/app/dftb+" "-d" "/home/users/ntu/c230179/Desktop/dftbplus-25.1/test/app/dftb+/bin/tagdiff" "-P" "env OMP_NUM_THREADS=1" "-p" "/home/users/ntu/c230179/Desktop/dftb_builds/dftb_gcc_Release/app/dftb+/dftb+" "-G" "/home/users/ntu/c230179/Desktop/dftbplus-25.1/test/app/dftb+/bin/globalpostrun.sh" "-s" "P,R,C,S" "derivatives/CH4_kpt_freq"
191: Environment variables: 
191:  DFTBPLUS_PARAM_DIR=/home/users/ntu/c230179/Desktop/dftbplus-25.1/external
191: Test timeout computed to be: 10000000
191: derivatives/CH4_kpt_freq:	Test script returned non-zero exit code: 1
191:  deleting file 'autotest.tag'
191:  TODO.
191: 
191: ==============================================================================
191: TEST SUMMARY
191: ------------------------------------------------------------------------------
191: Match:
191:     None
191: 
191: Not run:
191:     derivatives/CH4_kpt_freq
191: ------------------------------------------------------------------------------
191: Status: FAIL
191/406 Test #191: app/dftb+/derivatives/CH4_kpt_freq ...............................***Failed    0.04 sec
derivatives/CH4_kpt_freq:	Test script returned non-zero exit code: 1
 deleting file 'autotest.tag'
 TODO.

==============================================================================
TEST SUMMARY
------------------------------------------------------------------------------
Match:
    None

Not run:
    derivatives/CH4_kpt_freq
------------------------------------------------------------------------------
Status: FAIL

test 192
        Start 192: app/dftb+/derivatives/Au2_LSmetalPolfreq

192: Test command: /home/users/ntu/c230179/Desktop/dftbplus-25.1/test/app/dftb+/bin/autotest2 "-r" "/home/users/ntu/c230179/Desktop/dftbplus-25.1/test/app/dftb+" "-w" "/home/users/ntu/c230179/Desktop/dftb_builds/dftb_gcc_Release/test/app/dftb+" "-d" "/home/users/ntu/c230179/Desktop/dftbplus-25.1/test/app/dftb+/bin/tagdiff" "-P" "env OMP_NUM_THREADS=1" "-p" "/home/users/ntu/c230179/Desktop/dftb_builds/dftb_gcc_Release/app/dftb+/dftb+" "-G" "/home/users/ntu/c230179/Desktop/dftbplus-25.1/test/app/dftb+/bin/globalpostrun.sh" "-s" "P,R,C,S" "derivatives/Au2_LSmetalPolfreq"
192: Environment variables: 
192:  DFTBPLUS_PARAM_DIR=/home/users/ntu/c230179/Desktop/dftbplus-25.1/external
192: Test timeout computed to be: 10000000
192: cp: cannot stat 'derivatives/Au2_LSmetalPolfreq/Au-Au.skf': No such file or directory
192: derivatives/Au2_LSmetalPolfreq:	Test script returned non-zero exit code: 1
192:  deleting file 'autotest.tag'
192:  TODO.
192: 
192: ==============================================================================
192: TEST SUMMARY
192: ------------------------------------------------------------------------------
192: Match:
192:     None
192: 
192: Not run:
192:     derivatives/Au2_LSmetalPolfreq
192: ------------------------------------------------------------------------------
192: Status: FAIL
192/406 Test #192: app/dftb+/derivatives/Au2_LSmetalPolfreq .........................***Failed    0.04 sec
cp: cannot stat 'derivatives/Au2_LSmetalPolfreq/Au-Au.skf': No such file or directory
derivatives/Au2_LSmetalPolfreq:	Test script returned non-zero exit code: 1
 deleting file 'autotest.tag'
 TODO.

==============================================================================
TEST SUMMARY
------------------------------------------------------------------------------
Match:
    None

Not run:
    derivatives/Au2_LSmetalPolfreq
------------------------------------------------------------------------------
Status: FAIL

test 193
        Start 193: app/dftb+/derivatives/C2H4_dx

193: Test command: /home/users/ntu/c230179/Desktop/dftbplus-25.1/test/app/dftb+/bin/autotest2 "-r" "/home/users/ntu/c230179/Desktop/dftbplus-25.1/test/app/dftb+" "-w" "/home/users/ntu/c230179/Desktop/dftb_builds/dftb_gcc_Release/test/app/dftb+" "-d" "/home/users/ntu/c230179/Desktop/dftbplus-25.1/test/app/dftb+/bin/tagdiff" "-P" "env OMP_NUM_THREADS=1" "-p" "/home/users/ntu/c230179/Desktop/dftb_builds/dftb_gcc_Release/app/dftb+/dftb+" "-G" "/home/users/ntu/c230179/Desktop/dftbplus-25.1/test/app/dftb+/bin/globalpostrun.sh" "-s" "P,R,C,S" "derivatives/C2H4_dx"
193: Environment variables: 
193:  DFTBPLUS_PARAM_DIR=/home/users/ntu/c230179/Desktop/dftbplus-25.1/external
193: Test timeout computed to be: 10000000
193: derivatives/C2H4_dx:	Test script returned non-zero exit code: 1
193:  deleting file 'autotest.tag'
193:  TODO.
193: 
193: ==============================================================================
193: TEST SUMMARY
193: ------------------------------------------------------------------------------
193: Match:
193:     None
193: 
193: Not run:
193:     derivatives/C2H4_dx
193: ------------------------------------------------------------------------------
193: Status: FAIL
193/406 Test #193: app/dftb+/derivatives/C2H4_dx ....................................***Failed    0.04 sec
derivatives/C2H4_dx:	Test script returned non-zero exit code: 1
 deleting file 'autotest.tag'
 TODO.

==============================================================================
TEST SUMMARY
------------------------------------------------------------------------------
Match:
    None

Not run:
    derivatives/C2H4_dx
------------------------------------------------------------------------------
Status: FAIL

test 194
        Start 194: app/dftb+/derivatives/C2H4_scc_dx

194: Test command: /home/users/ntu/c230179/Desktop/dftbplus-25.1/test/app/dftb+/bin/autotest2 "-r" "/home/users/ntu/c230179/Desktop/dftbplus-25.1/test/app/dftb+" "-w" "/home/users/ntu/c230179/Desktop/dftb_builds/dftb_gcc_Release/test/app/dftb+" "-d" "/home/users/ntu/c230179/Desktop/dftbplus-25.1/test/app/dftb+/bin/tagdiff" "-P" "env OMP_NUM_THREADS=1" "-p" "/home/users/ntu/c230179/Desktop/dftb_builds/dftb_gcc_Release/app/dftb+/dftb+" "-G" "/home/users/ntu/c230179/Desktop/dftbplus-25.1/test/app/dftb+/bin/globalpostrun.sh" "-s" "P,R,C,S" "derivatives/C2H4_scc_dx"
194: Environment variables: 
194:  DFTBPLUS_PARAM_DIR=/home/users/ntu/c230179/Desktop/dftbplus-25.1/external
194: Test timeout computed to be: 10000000
194: derivatives/C2H4_scc_dx:	Test script returned non-zero exit code: 1
194:  deleting file 'autotest.tag'
194:  TODO.
194: 
194: ==============================================================================
194: TEST SUMMARY
194: ------------------------------------------------------------------------------
194: Match:
194:     None
194: 
194: Not run:
194:     derivatives/C2H4_scc_dx
194: ------------------------------------------------------------------------------
194: Status: FAIL
194/406 Test #194: app/dftb+/derivatives/C2H4_scc_dx ................................***Failed    0.04 sec
derivatives/C2H4_scc_dx:	Test script returned non-zero exit code: 1
 deleting file 'autotest.tag'
 TODO.

==============================================================================
TEST SUMMARY
------------------------------------------------------------------------------
Match:
    None

Not run:
    derivatives/C2H4_scc_dx
------------------------------------------------------------------------------
Status: FAIL

test 195
        Start 195: app/dftb+/legacy/Si2_oldSKinterp

195: Test command: /home/users/ntu/c230179/Desktop/dftbplus-25.1/test/app/dftb+/bin/autotest2 "-r" "/home/users/ntu/c230179/Desktop/dftbplus-25.1/test/app/dftb+" "-w" "/home/users/ntu/c230179/Desktop/dftb_builds/dftb_gcc_Release/test/app/dftb+" "-d" "/home/users/ntu/c230179/Desktop/dftbplus-25.1/test/app/dftb+/bin/tagdiff" "-P" "env OMP_NUM_THREADS=1" "-p" "/home/users/ntu/c230179/Desktop/dftb_builds/dftb_gcc_Release/app/dftb+/dftb+" "-G" "/home/users/ntu/c230179/Desktop/dftbplus-25.1/test/app/dftb+/bin/globalpostrun.sh" "-s" "P,R,C,S" "legacy/Si2_oldSKinterp"
195: Environment variables: 
195:  DFTBPLUS_PARAM_DIR=/home/users/ntu/c230179/Desktop/dftbplus-25.1/external
195: Test timeout computed to be: 10000000
195: cp: cannot stat 'legacy/Si2_oldSKinterp/Si-Si.skf': No such file or directory
195: legacy/Si2_oldSKinterp:	Test script returned non-zero exit code: 1
195:  deleting file 'autotest.tag'
195:  TODO.
195: 
195: ==============================================================================
195: TEST SUMMARY
195: ------------------------------------------------------------------------------
195: Match:
195:     None
195: 
195: Not run:
195:     legacy/Si2_oldSKinterp
195: ------------------------------------------------------------------------------
195: Status: FAIL
195/406 Test #195: app/dftb+/legacy/Si2_oldSKinterp .................................***Failed    0.04 sec
cp: cannot stat 'legacy/Si2_oldSKinterp/Si-Si.skf': No such file or directory
legacy/Si2_oldSKinterp:	Test script returned non-zero exit code: 1
 deleting file 'autotest.tag'
 TODO.

==============================================================================
TEST SUMMARY
------------------------------------------------------------------------------
Match:
    None

Not run:
    legacy/Si2_oldSKinterp
------------------------------------------------------------------------------
Status: FAIL

test 196
        Start 196: app/dftb+/legacy/Si2_polyRep

196: Test command: /home/users/ntu/c230179/Desktop/dftbplus-25.1/test/app/dftb+/bin/autotest2 "-r" "/home/users/ntu/c230179/Desktop/dftbplus-25.1/test/app/dftb+" "-w" "/home/users/ntu/c230179/Desktop/dftb_builds/dftb_gcc_Release/test/app/dftb+" "-d" "/home/users/ntu/c230179/Desktop/dftbplus-25.1/test/app/dftb+/bin/tagdiff" "-P" "env OMP_NUM_THREADS=1" "-p" "/home/users/ntu/c230179/Desktop/dftb_builds/dftb_gcc_Release/app/dftb+/dftb+" "-G" "/home/users/ntu/c230179/Desktop/dftbplus-25.1/test/app/dftb+/bin/globalpostrun.sh" "-s" "P,R,C,S" "legacy/Si2_polyRep"
196: Environment variables: 
196:  DFTBPLUS_PARAM_DIR=/home/users/ntu/c230179/Desktop/dftbplus-25.1/external
196: Test timeout computed to be: 10000000
196: cp: cannot stat 'legacy/Si2_polyRep/Si-Si.skf': No such file or directory
196: legacy/Si2_polyRep:	Test script returned non-zero exit code: 1
196:  deleting file 'autotest.tag'
196:  TODO.
196: 
196: ==============================================================================
196: TEST SUMMARY
196: ------------------------------------------------------------------------------
196: Match:
196:     None
196: 
196: Not run:
196:     legacy/Si2_polyRep
196: ------------------------------------------------------------------------------
196: Status: FAIL
196/406 Test #196: app/dftb+/legacy/Si2_polyRep .....................................***Failed    0.04 sec
cp: cannot stat 'legacy/Si2_polyRep/Si-Si.skf': No such file or directory
legacy/Si2_polyRep:	Test script returned non-zero exit code: 1
 deleting file 'autotest.tag'
 TODO.

==============================================================================
TEST SUMMARY
------------------------------------------------------------------------------
Match:
    None

Not run:
    legacy/Si2_polyRep
------------------------------------------------------------------------------
Status: FAIL

test 197
        Start 197: app/dftb+/legacy/file_access

197: Test command: /home/users/ntu/c230179/Desktop/dftbplus-25.1/test/app/dftb+/bin/autotest2 "-r" "/home/users/ntu/c230179/Desktop/dftbplus-25.1/test/app/dftb+" "-w" "/home/users/ntu/c230179/Desktop/dftb_builds/dftb_gcc_Release/test/app/dftb+" "-d" "/home/users/ntu/c230179/Desktop/dftbplus-25.1/test/app/dftb+/bin/tagdiff" "-P" "env OMP_NUM_THREADS=1" "-p" "/home/users/ntu/c230179/Desktop/dftb_builds/dftb_gcc_Release/app/dftb+/dftb+" "-G" "/home/users/ntu/c230179/Desktop/dftbplus-25.1/test/app/dftb+/bin/globalpostrun.sh" "-s" "P,R,C,S" "legacy/file_access"
197: Environment variables: 
197:  DFTBPLUS_PARAM_DIR=/home/users/ntu/c230179/Desktop/dftbplus-25.1/external
197: Test timeout computed to be: 10000000
197: legacy/file_access:	Test script returned non-zero exit code: 1
197:  deleting file 'autotest.tag'
197:  TODO.
197: 
197: ==============================================================================
197: TEST SUMMARY
197: ------------------------------------------------------------------------------
197: Match:
197:     None
197: 
197: Not run:
197:     legacy/file_access
197: ------------------------------------------------------------------------------
197: Status: FAIL
197/406 Test #197: app/dftb+/legacy/file_access .....................................***Failed    0.08 sec
legacy/file_access:	Test script returned non-zero exit code: 1
 deleting file 'autotest.tag'
 TODO.

==============================================================================
TEST SUMMARY
------------------------------------------------------------------------------
Match:
    None

Not run:
    legacy/file_access
------------------------------------------------------------------------------
Status: FAIL

test 198
        Start 198: app/dftb+/non-scc/Si_2

198: Test command: /home/users/ntu/c230179/Desktop/dftbplus-25.1/test/app/dftb+/bin/autotest2 "-r" "/home/users/ntu/c230179/Desktop/dftbplus-25.1/test/app/dftb+" "-w" "/home/users/ntu/c230179/Desktop/dftb_builds/dftb_gcc_Release/test/app/dftb+" "-d" "/home/users/ntu/c230179/Desktop/dftbplus-25.1/test/app/dftb+/bin/tagdiff" "-P" "env OMP_NUM_THREADS=1" "-p" "/home/users/ntu/c230179/Desktop/dftb_builds/dftb_gcc_Release/app/dftb+/dftb+" "-G" "/home/users/ntu/c230179/Desktop/dftbplus-25.1/test/app/dftb+/bin/globalpostrun.sh" "-s" "P,R,C,S" "non-scc/Si_2"
198: Environment variables: 
198:  DFTBPLUS_PARAM_DIR=/home/users/ntu/c230179/Desktop/dftbplus-25.1/external
198: Test timeout computed to be: 10000000
198: non-scc/Si_2:	Test script returned non-zero exit code: 1
198:  deleting file 'autotest.tag'
198:  TODO.
198: 
198: ==============================================================================
198: TEST SUMMARY
198: ------------------------------------------------------------------------------
198: Match:
198:     None
198: 
198: Not run:
198:     non-scc/Si_2
198: ------------------------------------------------------------------------------
198: Status: FAIL
198/406 Test #198: app/dftb+/non-scc/Si_2 ...........................................***Failed    0.04 sec
non-scc/Si_2:	Test script returned non-zero exit code: 1
 deleting file 'autotest.tag'
 TODO.

==============================================================================
TEST SUMMARY
------------------------------------------------------------------------------
Match:
    None

Not run:
    non-scc/Si_2
------------------------------------------------------------------------------
Status: FAIL

test 199
        Start 199: app/dftb+/non-scc/Si_2_origin

199: Test command: /home/users/ntu/c230179/Desktop/dftbplus-25.1/test/app/dftb+/bin/autotest2 "-r" "/home/users/ntu/c230179/Desktop/dftbplus-25.1/test/app/dftb+" "-w" "/home/users/ntu/c230179/Desktop/dftb_builds/dftb_gcc_Release/test/app/dftb+" "-d" "/home/users/ntu/c230179/Desktop/dftbplus-25.1/test/app/dftb+/bin/tagdiff" "-P" "env OMP_NUM_THREADS=1" "-p" "/home/users/ntu/c230179/Desktop/dftb_builds/dftb_gcc_Release/app/dftb+/dftb+" "-G" "/home/users/ntu/c230179/Desktop/dftbplus-25.1/test/app/dftb+/bin/globalpostrun.sh" "-s" "P,R,C,S" "non-scc/Si_2_origin"
199: Environment variables: 
199:  DFTBPLUS_PARAM_DIR=/home/users/ntu/c230179/Desktop/dftbplus-25.1/external
199: Test timeout computed to be: 10000000
199: cp: cannot stat 'non-scc/Si_2_origin/Si-Si.skf': No such file or directory
199: non-scc/Si_2_origin:	Test script returned non-zero exit code: 1
199:  deleting file 'autotest.tag'
199:  TODO.
199: 
199: ==============================================================================
199: TEST SUMMARY
199: ------------------------------------------------------------------------------
199: Match:
199:     None
199: 
199: Not run:
199:     non-scc/Si_2_origin
199: ------------------------------------------------------------------------------
199: Status: FAIL
199/406 Test #199: app/dftb+/non-scc/Si_2_origin ....................................***Failed    0.04 sec
cp: cannot stat 'non-scc/Si_2_origin/Si-Si.skf': No such file or directory
non-scc/Si_2_origin:	Test script returned non-zero exit code: 1
 deleting file 'autotest.tag'
 TODO.

==============================================================================
TEST SUMMARY
------------------------------------------------------------------------------
Match:
    None

Not run:
    non-scc/Si_2_origin
------------------------------------------------------------------------------
Status: FAIL

test 200
        Start 200: app/dftb+/non-scc/Si_2_originF

200: Test command: /home/users/ntu/c230179/Desktop/dftbplus-25.1/test/app/dftb+/bin/autotest2 "-r" "/home/users/ntu/c230179/Desktop/dftbplus-25.1/test/app/dftb+" "-w" "/home/users/ntu/c230179/Desktop/dftb_builds/dftb_gcc_Release/test/app/dftb+" "-d" "/home/users/ntu/c230179/Desktop/dftbplus-25.1/test/app/dftb+/bin/tagdiff" "-P" "env OMP_NUM_THREADS=1" "-p" "/home/users/ntu/c230179/Desktop/dftb_builds/dftb_gcc_Release/app/dftb+/dftb+" "-G" "/home/users/ntu/c230179/Desktop/dftbplus-25.1/test/app/dftb+/bin/globalpostrun.sh" "-s" "P,R,C,S" "non-scc/Si_2_originF"
200: Environment variables: 
200:  DFTBPLUS_PARAM_DIR=/home/users/ntu/c230179/Desktop/dftbplus-25.1/external
200: Test timeout computed to be: 10000000
200: cp: cannot stat 'non-scc/Si_2_originF/Si-Si.skf': No such file or directory
200: non-scc/Si_2_originF:	Test script returned non-zero exit code: 1
200:  deleting file 'autotest.tag'
200:  TODO.
200: 
200: ==============================================================================
200: TEST SUMMARY
200: ------------------------------------------------------------------------------
200: Match:
200:     None
200: 
200: Not run:
200:     non-scc/Si_2_originF
200: ------------------------------------------------------------------------------
200: Status: FAIL
200/406 Test #200: app/dftb+/non-scc/Si_2_originF ...................................***Failed    0.04 sec
cp: cannot stat 'non-scc/Si_2_originF/Si-Si.skf': No such file or directory
non-scc/Si_2_originF:	Test script returned non-zero exit code: 1
 deleting file 'autotest.tag'
 TODO.

==============================================================================
TEST SUMMARY
------------------------------------------------------------------------------
Match:
    None

Not run:
    non-scc/Si_2_originF
------------------------------------------------------------------------------
Status: FAIL

test 201
        Start 201: app/dftb+/non-scc/Si_2_independentk

201: Test command: /home/users/ntu/c230179/Desktop/dftbplus-25.1/test/app/dftb+/bin/autotest2 "-r" "/home/users/ntu/c230179/Desktop/dftbplus-25.1/test/app/dftb+" "-w" "/home/users/ntu/c230179/Desktop/dftb_builds/dftb_gcc_Release/test/app/dftb+" "-d" "/home/users/ntu/c230179/Desktop/dftbplus-25.1/test/app/dftb+/bin/tagdiff" "-P" "env OMP_NUM_THREADS=1" "-p" "/home/users/ntu/c230179/Desktop/dftb_builds/dftb_gcc_Release/app/dftb+/dftb+" "-G" "/home/users/ntu/c230179/Desktop/dftbplus-25.1/test/app/dftb+/bin/globalpostrun.sh" "-s" "P,R,C,S" "non-scc/Si_2_independentk"
201: Environment variables: 
201:  DFTBPLUS_PARAM_DIR=/home/users/ntu/c230179/Desktop/dftbplus-25.1/external
201: Test timeout computed to be: 10000000
201: cp: cannot stat 'non-scc/Si_2_independentk/Si-Si.skf': No such file or directory
201: non-scc/Si_2_independentk:	Test script returned non-zero exit code: 1
201:  deleting file 'autotest.tag'
201:  TODO.
201: 
201: ==============================================================================
201: TEST SUMMARY
201: ------------------------------------------------------------------------------
201: Match:
201:     None
201: 
201: Not run:
201:     non-scc/Si_2_independentk
201: ------------------------------------------------------------------------------
201: Status: FAIL
201/406 Test #201: app/dftb+/non-scc/Si_2_independentk ..............................***Failed    0.04 sec
cp: cannot stat 'non-scc/Si_2_independentk/Si-Si.skf': No such file or directory
non-scc/Si_2_independentk:	Test script returned non-zero exit code: 1
 deleting file 'autotest.tag'
 TODO.

==============================================================================
TEST SUMMARY
------------------------------------------------------------------------------
Match:
    None

Not run:
    non-scc/Si_2_independentk
------------------------------------------------------------------------------
Status: FAIL

test 202
        Start 202: app/dftb+/scc/H2O2_3rdfull-damp

202: Test command: /home/users/ntu/c230179/Desktop/dftbplus-25.1/test/app/dftb+/bin/autotest2 "-r" "/home/users/ntu/c230179/Desktop/dftbplus-25.1/test/app/dftb+" "-w" "/home/users/ntu/c230179/Desktop/dftb_builds/dftb_gcc_Release/test/app/dftb+" "-d" "/home/users/ntu/c230179/Desktop/dftbplus-25.1/test/app/dftb+/bin/tagdiff" "-P" "env OMP_NUM_THREADS=1" "-p" "/home/users/ntu/c230179/Desktop/dftb_builds/dftb_gcc_Release/app/dftb+/dftb+" "-G" "/home/users/ntu/c230179/Desktop/dftbplus-25.1/test/app/dftb+/bin/globalpostrun.sh" "-s" "P,R,C,S" "scc/H2O2_3rdfull-damp"
202: Environment variables: 
202:  DFTBPLUS_PARAM_DIR=/home/users/ntu/c230179/Desktop/dftbplus-25.1/external
202: Test timeout computed to be: 10000000
202: scc/H2O2_3rdfull-damp:	Test script returned non-zero exit code: 1
202:  deleting file 'autotest.tag'
202:  TODO.
202: 
202: ==============================================================================
202: TEST SUMMARY
202: ------------------------------------------------------------------------------
202: Match:
202:     None
202: 
202: Not run:
202:     scc/H2O2_3rdfull-damp
202: ------------------------------------------------------------------------------
202: Status: FAIL
202/406 Test #202: app/dftb+/scc/H2O2_3rdfull-damp ..................................***Failed    0.04 sec
scc/H2O2_3rdfull-damp:	Test script returned non-zero exit code: 1
 deleting file 'autotest.tag'
 TODO.

==============================================================================
TEST SUMMARY
------------------------------------------------------------------------------
Match:
    None

Not run:
    scc/H2O2_3rdfull-damp
------------------------------------------------------------------------------
Status: FAIL

test 203
        Start 203: app/dftb+/scc/H3

203: Test command: /home/users/ntu/c230179/Desktop/dftbplus-25.1/test/app/dftb+/bin/autotest2 "-r" "/home/users/ntu/c230179/Desktop/dftbplus-25.1/test/app/dftb+" "-w" "/home/users/ntu/c230179/Desktop/dftb_builds/dftb_gcc_Release/test/app/dftb+" "-d" "/home/users/ntu/c230179/Desktop/dftbplus-25.1/test/app/dftb+/bin/tagdiff" "-P" "env OMP_NUM_THREADS=1" "-p" "/home/users/ntu/c230179/Desktop/dftb_builds/dftb_gcc_Release/app/dftb+/dftb+" "-G" "/home/users/ntu/c230179/Desktop/dftbplus-25.1/test/app/dftb+/bin/globalpostrun.sh" "-s" "P,R,C,S" "scc/H3"
203: Environment variables: 
203:  DFTBPLUS_PARAM_DIR=/home/users/ntu/c230179/Desktop/dftbplus-25.1/external
203: Test timeout computed to be: 10000000
203: scc/H3:	Test script returned non-zero exit code: 1
203:  deleting file 'autotest.tag'
203:  TODO.
203: 
203: ==============================================================================
203: TEST SUMMARY
203: ------------------------------------------------------------------------------
203: Match:
203:     None
203: 
203: Not run:
203:     scc/H3
203: ------------------------------------------------------------------------------
203: Status: FAIL
203/406 Test #203: app/dftb+/scc/H3 .................................................***Failed    0.04 sec
scc/H3:	Test script returned non-zero exit code: 1
 deleting file 'autotest.tag'
 TODO.

==============================================================================
TEST SUMMARY
------------------------------------------------------------------------------
Match:
    None

Not run:
    scc/H3
------------------------------------------------------------------------------
Status: FAIL

test 204
        Start 204: app/dftb+/scc/H3_skipcheck

204: Test command: /home/users/ntu/c230179/Desktop/dftbplus-25.1/test/app/dftb+/bin/autotest2 "-r" "/home/users/ntu/c230179/Desktop/dftbplus-25.1/test/app/dftb+" "-w" "/home/users/ntu/c230179/Desktop/dftb_builds/dftb_gcc_Release/test/app/dftb+" "-d" "/home/users/ntu/c230179/Desktop/dftbplus-25.1/test/app/dftb+/bin/tagdiff" "-P" "env OMP_NUM_THREADS=1" "-p" "/home/users/ntu/c230179/Desktop/dftb_builds/dftb_gcc_Release/app/dftb+/dftb+" "-G" "/home/users/ntu/c230179/Desktop/dftbplus-25.1/test/app/dftb+/bin/globalpostrun.sh" "-s" "P,R,C,S" "scc/H3_skipcheck"
204: Environment variables: 
204:  DFTBPLUS_PARAM_DIR=/home/users/ntu/c230179/Desktop/dftbplus-25.1/external
204: Test timeout computed to be: 10000000
204: scc/H3_skipcheck:	Test script returned non-zero exit code: 1
204:  deleting file 'autotest.tag'
204:  TODO.
204: 
204: ==============================================================================
204: TEST SUMMARY
204: ------------------------------------------------------------------------------
204: Match:
204:     None
204: 
204: Not run:
204:     scc/H3_skipcheck
204: ------------------------------------------------------------------------------
204: Status: FAIL
204/406 Test #204: app/dftb+/scc/H3_skipcheck .......................................***Failed    0.04 sec
scc/H3_skipcheck:	Test script returned non-zero exit code: 1
 deleting file 'autotest.tag'
 TODO.

==============================================================================
TEST SUMMARY
------------------------------------------------------------------------------
Match:
    None

Not run:
    scc/H3_skipcheck
------------------------------------------------------------------------------
Status: FAIL

test 205
        Start 205: app/dftb+/spin/H2

205: Test command: /home/users/ntu/c230179/Desktop/dftbplus-25.1/test/app/dftb+/bin/autotest2 "-r" "/home/users/ntu/c230179/Desktop/dftbplus-25.1/test/app/dftb+" "-w" "/home/users/ntu/c230179/Desktop/dftb_builds/dftb_gcc_Release/test/app/dftb+" "-d" "/home/users/ntu/c230179/Desktop/dftbplus-25.1/test/app/dftb+/bin/tagdiff" "-P" "env OMP_NUM_THREADS=1" "-p" "/home/users/ntu/c230179/Desktop/dftb_builds/dftb_gcc_Release/app/dftb+/dftb+" "-G" "/home/users/ntu/c230179/Desktop/dftbplus-25.1/test/app/dftb+/bin/globalpostrun.sh" "-s" "P,R,C,S" "spin/H2"
205: Environment variables: 
205:  DFTBPLUS_PARAM_DIR=/home/users/ntu/c230179/Desktop/dftbplus-25.1/external
205: Test timeout computed to be: 10000000
205: cp: cannot stat 'spin/H2/H-H.skf': No such file or directory
205: spin/H2:	Test script returned non-zero exit code: 1
205:  deleting file 'autotest.tag'
205:  TODO.
205: 
205: ==============================================================================
205: TEST SUMMARY
205: ------------------------------------------------------------------------------
205: Match:
205:     None
205: 
205: Not run:
205:     spin/H2
205: ------------------------------------------------------------------------------
205: Status: FAIL
205/406 Test #205: app/dftb+/spin/H2 ................................................***Failed    0.04 sec
cp: cannot stat 'spin/H2/H-H.skf': No such file or directory
spin/H2:	Test script returned non-zero exit code: 1
 deleting file 'autotest.tag'
 TODO.

==============================================================================
TEST SUMMARY
------------------------------------------------------------------------------
Match:
    None

Not run:
    spin/H2
------------------------------------------------------------------------------
Status: FAIL

test 206
        Start 206: app/dftb+/scc/CH4_nonconverged

206: Test command: /home/users/ntu/c230179/Desktop/dftbplus-25.1/test/app/dftb+/bin/autotest2 "-r" "/home/users/ntu/c230179/Desktop/dftbplus-25.1/test/app/dftb+" "-w" "/home/users/ntu/c230179/Desktop/dftb_builds/dftb_gcc_Release/test/app/dftb+" "-d" "/home/users/ntu/c230179/Desktop/dftbplus-25.1/test/app/dftb+/bin/tagdiff" "-P" "env OMP_NUM_THREADS=1" "-p" "/home/users/ntu/c230179/Desktop/dftb_builds/dftb_gcc_Release/app/dftb+/dftb+" "-G" "/home/users/ntu/c230179/Desktop/dftbplus-25.1/test/app/dftb+/bin/globalpostrun.sh" "-s" "P,R,C,S" "scc/CH4_nonconverged"
206: Environment variables: 
206:  DFTBPLUS_PARAM_DIR=/home/users/ntu/c230179/Desktop/dftbplus-25.1/external
206: Test timeout computed to be: 10000000
206: scc/CH4_nonconverged:	Test script returned non-zero exit code: 1
206:  deleting file 'autotest.tag'
206:  TODO.
206: 
206: ==============================================================================
206: TEST SUMMARY
206: ------------------------------------------------------------------------------
206: Match:
206:     None
206: 
206: Not run:
206:     scc/CH4_nonconverged
206: ------------------------------------------------------------------------------
206: Status: FAIL
206/406 Test #206: app/dftb+/scc/CH4_nonconverged ...................................***Failed    0.04 sec
scc/CH4_nonconverged:	Test script returned non-zero exit code: 1
 deleting file 'autotest.tag'
 TODO.

==============================================================================
TEST SUMMARY
------------------------------------------------------------------------------
Match:
    None

Not run:
    scc/CH4_nonconverged
------------------------------------------------------------------------------
Status: FAIL

test 207
        Start 207: app/dftb+/analysis/C2H4_localise

207: Test command: /home/users/ntu/c230179/Desktop/dftbplus-25.1/test/app/dftb+/bin/autotest2 "-r" "/home/users/ntu/c230179/Desktop/dftbplus-25.1/test/app/dftb+" "-w" "/home/users/ntu/c230179/Desktop/dftb_builds/dftb_gcc_Release/test/app/dftb+" "-d" "/home/users/ntu/c230179/Desktop/dftbplus-25.1/test/app/dftb+/bin/tagdiff" "-P" "env OMP_NUM_THREADS=1" "-p" "/home/users/ntu/c230179/Desktop/dftb_builds/dftb_gcc_Release/app/dftb+/dftb+" "-G" "/home/users/ntu/c230179/Desktop/dftbplus-25.1/test/app/dftb+/bin/globalpostrun.sh" "-s" "P,R,C,S" "analysis/C2H4_localise"
207: Environment variables: 
207:  DFTBPLUS_PARAM_DIR=/home/users/ntu/c230179/Desktop/dftbplus-25.1/external
207: Test timeout computed to be: 10000000
207: analysis/C2H4_localise:	Test script returned non-zero exit code: 1
207:  deleting file 'autotest.tag'
207:  TODO.
207: 
207: ==============================================================================
207: TEST SUMMARY
207: ------------------------------------------------------------------------------
207: Match:
207:     None
207: 
207: Not run:
207:     analysis/C2H4_localise
207: ------------------------------------------------------------------------------
207: Status: FAIL
207/406 Test #207: app/dftb+/analysis/C2H4_localise .................................***Failed    0.04 sec
analysis/C2H4_localise:	Test script returned non-zero exit code: 1
 deleting file 'autotest.tag'
 TODO.

==============================================================================
TEST SUMMARY
------------------------------------------------------------------------------
Match:
    None

Not run:
    analysis/C2H4_localise
------------------------------------------------------------------------------
Status: FAIL

test 208
        Start 208: app/dftb+/analysis/graphene_localise

208: Test command: /home/users/ntu/c230179/Desktop/dftbplus-25.1/test/app/dftb+/bin/autotest2 "-r" "/home/users/ntu/c230179/Desktop/dftbplus-25.1/test/app/dftb+" "-w" "/home/users/ntu/c230179/Desktop/dftb_builds/dftb_gcc_Release/test/app/dftb+" "-d" "/home/users/ntu/c230179/Desktop/dftbplus-25.1/test/app/dftb+/bin/tagdiff" "-P" "env OMP_NUM_THREADS=1" "-p" "/home/users/ntu/c230179/Desktop/dftb_builds/dftb_gcc_Release/app/dftb+/dftb+" "-G" "/home/users/ntu/c230179/Desktop/dftbplus-25.1/test/app/dftb+/bin/globalpostrun.sh" "-s" "P,R,C,S" "analysis/graphene_localise"
208: Environment variables: 
208:  DFTBPLUS_PARAM_DIR=/home/users/ntu/c230179/Desktop/dftbplus-25.1/external
208: Test timeout computed to be: 10000000
208: analysis/graphene_localise:	Test script returned non-zero exit code: 1
208:  deleting file 'autotest.tag'
208:  TODO.
208: 
208: ==============================================================================
208: TEST SUMMARY
208: ------------------------------------------------------------------------------
208: Match:
208:     None
208: 
208: Not run:
208:     analysis/graphene_localise
208: ------------------------------------------------------------------------------
208: Status: FAIL
208/406 Test #208: app/dftb+/analysis/graphene_localise .............................***Failed    0.04 sec
analysis/graphene_localise:	Test script returned non-zero exit code: 1
 deleting file 'autotest.tag'
 TODO.

==============================================================================
TEST SUMMARY
------------------------------------------------------------------------------
Match:
    None

Not run:
    analysis/graphene_localise
------------------------------------------------------------------------------
Status: FAIL

test 209
        Start 209: app/dftb+/onsite/H2O

209: Test command: /home/users/ntu/c230179/Desktop/dftbplus-25.1/test/app/dftb+/bin/autotest2 "-r" "/home/users/ntu/c230179/Desktop/dftbplus-25.1/test/app/dftb+" "-w" "/home/users/ntu/c230179/Desktop/dftb_builds/dftb_gcc_Release/test/app/dftb+" "-d" "/home/users/ntu/c230179/Desktop/dftbplus-25.1/test/app/dftb+/bin/tagdiff" "-P" "env OMP_NUM_THREADS=1" "-p" "/home/users/ntu/c230179/Desktop/dftb_builds/dftb_gcc_Release/app/dftb+/dftb+" "-G" "/home/users/ntu/c230179/Desktop/dftbplus-25.1/test/app/dftb+/bin/globalpostrun.sh" "-s" "P,R,C,S" "onsite/H2O"
209: Environment variables: 
209:  DFTBPLUS_PARAM_DIR=/home/users/ntu/c230179/Desktop/dftbplus-25.1/external
209: Test timeout computed to be: 10000000
209: onsite/H2O:	Test script returned non-zero exit code: 1
209:  deleting file 'autotest.tag'
209:  TODO.
209: 
209: ==============================================================================
209: TEST SUMMARY
209: ------------------------------------------------------------------------------
209: Match:
209:     None
209: 
209: Not run:
209:     onsite/H2O
209: ------------------------------------------------------------------------------
209: Status: FAIL
209/406 Test #209: app/dftb+/onsite/H2O .............................................***Failed    0.05 sec
onsite/H2O:	Test script returned non-zero exit code: 1
 deleting file 'autotest.tag'
 TODO.

==============================================================================
TEST SUMMARY
------------------------------------------------------------------------------
Match:
    None

Not run:
    onsite/H2O
------------------------------------------------------------------------------
Status: FAIL

test 210
        Start 210: app/dftb+/dftb+u/CH3

210: Test command: /home/users/ntu/c230179/Desktop/dftbplus-25.1/test/app/dftb+/bin/autotest2 "-r" "/home/users/ntu/c230179/Desktop/dftbplus-25.1/test/app/dftb+" "-w" "/home/users/ntu/c230179/Desktop/dftb_builds/dftb_gcc_Release/test/app/dftb+" "-d" "/home/users/ntu/c230179/Desktop/dftbplus-25.1/test/app/dftb+/bin/tagdiff" "-P" "env OMP_NUM_THREADS=1" "-p" "/home/users/ntu/c230179/Desktop/dftb_builds/dftb_gcc_Release/app/dftb+/dftb+" "-G" "/home/users/ntu/c230179/Desktop/dftbplus-25.1/test/app/dftb+/bin/globalpostrun.sh" "-s" "P,R,C,S" "dftb+u/CH3"
210: Environment variables: 
210:  DFTBPLUS_PARAM_DIR=/home/users/ntu/c230179/Desktop/dftbplus-25.1/external
210: Test timeout computed to be: 10000000
210: dftb+u/CH3:	Test script returned non-zero exit code: 1
210:  deleting file 'autotest.tag'
210:  TODO.
210: 
210: ==============================================================================
210: TEST SUMMARY
210: ------------------------------------------------------------------------------
210: Match:
210:     None
210: 
210: Not run:
210:     dftb+u/CH3
210: ------------------------------------------------------------------------------
210: Status: FAIL
210/406 Test #210: app/dftb+/dftb+u/CH3 .............................................***Failed    0.04 sec
dftb+u/CH3:	Test script returned non-zero exit code: 1
 deleting file 'autotest.tag'
 TODO.

==============================================================================
TEST SUMMARY
------------------------------------------------------------------------------
Match:
    None

Not run:
    dftb+u/CH3
------------------------------------------------------------------------------
Status: FAIL

test 211
        Start 211: app/dftb+/dispersion/2H2O

211: Test command: /home/users/ntu/c230179/Desktop/dftbplus-25.1/test/app/dftb+/bin/autotest2 "-r" "/home/users/ntu/c230179/Desktop/dftbplus-25.1/test/app/dftb+" "-w" "/home/users/ntu/c230179/Desktop/dftb_builds/dftb_gcc_Release/test/app/dftb+" "-d" "/home/users/ntu/c230179/Desktop/dftbplus-25.1/test/app/dftb+/bin/tagdiff" "-P" "env OMP_NUM_THREADS=1" "-p" "/home/users/ntu/c230179/Desktop/dftb_builds/dftb_gcc_Release/app/dftb+/dftb+" "-G" "/home/users/ntu/c230179/Desktop/dftbplus-25.1/test/app/dftb+/bin/globalpostrun.sh" "-s" "P,R,C,S" "dispersion/2H2O"
211: Environment variables: 
211:  DFTBPLUS_PARAM_DIR=/home/users/ntu/c230179/Desktop/dftbplus-25.1/external
211: Test timeout computed to be: 10000000
211: dispersion/2H2O:	Test script returned non-zero exit code: 1
211:  deleting file 'autotest.tag'
211:  TODO.
211: 
211: ==============================================================================
211: TEST SUMMARY
211: ------------------------------------------------------------------------------
211: Match:
211:     None
211: 
211: Not run:
211:     dispersion/2H2O
211: ------------------------------------------------------------------------------
211: Status: FAIL
211/406 Test #211: app/dftb+/dispersion/2H2O ........................................***Failed    0.04 sec
dispersion/2H2O:	Test script returned non-zero exit code: 1
 deleting file 'autotest.tag'
 TODO.

==============================================================================
TEST SUMMARY
------------------------------------------------------------------------------
Match:
    None

Not run:
    dispersion/2H2O
------------------------------------------------------------------------------
Status: FAIL

test 212
        Start 212: app/dftb+/dispersion/2H2O_uff

212: Test command: /home/users/ntu/c230179/Desktop/dftbplus-25.1/test/app/dftb+/bin/autotest2 "-r" "/home/users/ntu/c230179/Desktop/dftbplus-25.1/test/app/dftb+" "-w" "/home/users/ntu/c230179/Desktop/dftb_builds/dftb_gcc_Release/test/app/dftb+" "-d" "/home/users/ntu/c230179/Desktop/dftbplus-25.1/test/app/dftb+/bin/tagdiff" "-P" "env OMP_NUM_THREADS=1" "-p" "/home/users/ntu/c230179/Desktop/dftb_builds/dftb_gcc_Release/app/dftb+/dftb+" "-G" "/home/users/ntu/c230179/Desktop/dftbplus-25.1/test/app/dftb+/bin/globalpostrun.sh" "-s" "P,R,C,S" "dispersion/2H2O_uff"
212: Environment variables: 
212:  DFTBPLUS_PARAM_DIR=/home/users/ntu/c230179/Desktop/dftbplus-25.1/external
212: Test timeout computed to be: 10000000
212: dispersion/2H2O_uff:	Test script returned non-zero exit code: 1
212:  deleting file 'autotest.tag'
212:  TODO.
212: 
212: ==============================================================================
212: TEST SUMMARY
212: ------------------------------------------------------------------------------
212: Match:
212:     None
212: 
212: Not run:
212:     dispersion/2H2O_uff
212: ------------------------------------------------------------------------------
212: Status: FAIL
212/406 Test #212: app/dftb+/dispersion/2H2O_uff ....................................***Failed    0.04 sec
dispersion/2H2O_uff:	Test script returned non-zero exit code: 1
 deleting file 'autotest.tag'
 TODO.

==============================================================================
TEST SUMMARY
------------------------------------------------------------------------------
Match:
    None

Not run:
    dispersion/2H2O_uff
------------------------------------------------------------------------------
Status: FAIL

test 213
        Start 213: app/dftb+/dispersion/GaAs_sdftd3

213: Test command: /home/users/ntu/c230179/Desktop/dftbplus-25.1/test/app/dftb+/bin/autotest2 "-r" "/home/users/ntu/c230179/Desktop/dftbplus-25.1/test/app/dftb+" "-w" "/home/users/ntu/c230179/Desktop/dftb_builds/dftb_gcc_Release/test/app/dftb+" "-d" "/home/users/ntu/c230179/Desktop/dftbplus-25.1/test/app/dftb+/bin/tagdiff" "-P" "env OMP_NUM_THREADS=1" "-p" "/home/users/ntu/c230179/Desktop/dftb_builds/dftb_gcc_Release/app/dftb+/dftb+" "-G" "/home/users/ntu/c230179/Desktop/dftbplus-25.1/test/app/dftb+/bin/globalpostrun.sh" "-s" "P,R,C,S" "dispersion/GaAs_sdftd3"
213: Environment variables: 
213:  DFTBPLUS_PARAM_DIR=/home/users/ntu/c230179/Desktop/dftbplus-25.1/external
213: Test timeout computed to be: 10000000
213: dispersion/GaAs_sdftd3:	Test script returned non-zero exit code: 1
213:  deleting file 'autotest.tag'
213:  TODO.
213: 
213: ==============================================================================
213: TEST SUMMARY
213: ------------------------------------------------------------------------------
213: Match:
213:     None
213: 
213: Not run:
213:     dispersion/GaAs_sdftd3
213: ------------------------------------------------------------------------------
213: Status: FAIL
213/406 Test #213: app/dftb+/dispersion/GaAs_sdftd3 .................................***Failed    0.05 sec
dispersion/GaAs_sdftd3:	Test script returned non-zero exit code: 1
 deleting file 'autotest.tag'
 TODO.

==============================================================================
TEST SUMMARY
------------------------------------------------------------------------------
Match:
    None

Not run:
    dispersion/GaAs_sdftd3
------------------------------------------------------------------------------
Status: FAIL

test 214
        Start 214: app/dftb+/dispersion/2H2O_sdftd3

214: Test command: /home/users/ntu/c230179/Desktop/dftbplus-25.1/test/app/dftb+/bin/autotest2 "-r" "/home/users/ntu/c230179/Desktop/dftbplus-25.1/test/app/dftb+" "-w" "/home/users/ntu/c230179/Desktop/dftb_builds/dftb_gcc_Release/test/app/dftb+" "-d" "/home/users/ntu/c230179/Desktop/dftbplus-25.1/test/app/dftb+/bin/tagdiff" "-P" "env OMP_NUM_THREADS=1" "-p" "/home/users/ntu/c230179/Desktop/dftb_builds/dftb_gcc_Release/app/dftb+/dftb+" "-G" "/home/users/ntu/c230179/Desktop/dftbplus-25.1/test/app/dftb+/bin/globalpostrun.sh" "-s" "P,R,C,S" "dispersion/2H2O_sdftd3"
214: Environment variables: 
214:  DFTBPLUS_PARAM_DIR=/home/users/ntu/c230179/Desktop/dftbplus-25.1/external
214: Test timeout computed to be: 10000000
214: dispersion/2H2O_sdftd3:	Test script returned non-zero exit code: 1
214:  deleting file 'autotest.tag'
214:  TODO.
214: 
214: ==============================================================================
214: TEST SUMMARY
214: ------------------------------------------------------------------------------
214: Match:
214:     None
214: 
214: Not run:
214:     dispersion/2H2O_sdftd3
214: ------------------------------------------------------------------------------
214: Status: FAIL
214/406 Test #214: app/dftb+/dispersion/2H2O_sdftd3 .................................***Failed    0.04 sec
dispersion/2H2O_sdftd3:	Test script returned non-zero exit code: 1
 deleting file 'autotest.tag'
 TODO.

==============================================================================
TEST SUMMARY
------------------------------------------------------------------------------
Match:
    None

Not run:
    dispersion/2H2O_sdftd3
------------------------------------------------------------------------------
Status: FAIL

test 215
        Start 215: app/dftb+/dispersion/2H2O_dftd4

215: Test command: /home/users/ntu/c230179/Desktop/dftbplus-25.1/test/app/dftb+/bin/autotest2 "-r" "/home/users/ntu/c230179/Desktop/dftbplus-25.1/test/app/dftb+" "-w" "/home/users/ntu/c230179/Desktop/dftb_builds/dftb_gcc_Release/test/app/dftb+" "-d" "/home/users/ntu/c230179/Desktop/dftbplus-25.1/test/app/dftb+/bin/tagdiff" "-P" "env OMP_NUM_THREADS=1" "-p" "/home/users/ntu/c230179/Desktop/dftb_builds/dftb_gcc_Release/app/dftb+/dftb+" "-G" "/home/users/ntu/c230179/Desktop/dftbplus-25.1/test/app/dftb+/bin/globalpostrun.sh" "-s" "P,R,C,S" "dispersion/2H2O_dftd4"
215: Environment variables: 
215:  DFTBPLUS_PARAM_DIR=/home/users/ntu/c230179/Desktop/dftbplus-25.1/external
215: Test timeout computed to be: 10000000
215: dispersion/2H2O_dftd4:	Test script returned non-zero exit code: 1
215:  deleting file 'autotest.tag'
215:  TODO.
215: 
215: ==============================================================================
215: TEST SUMMARY
215: ------------------------------------------------------------------------------
215: Match:
215:     None
215: 
215: Not run:
215:     dispersion/2H2O_dftd4
215: ------------------------------------------------------------------------------
215: Status: FAIL
215/406 Test #215: app/dftb+/dispersion/2H2O_dftd4 ..................................***Failed    0.04 sec
dispersion/2H2O_dftd4:	Test script returned non-zero exit code: 1
 deleting file 'autotest.tag'
 TODO.

==============================================================================
TEST SUMMARY
------------------------------------------------------------------------------
Match:
    None

Not run:
    dispersion/2H2O_dftd4
------------------------------------------------------------------------------
Status: FAIL

test 216
        Start 216: app/dftb+/dispersion/specieslist_dftd4

216: Test command: /home/users/ntu/c230179/Desktop/dftbplus-25.1/test/app/dftb+/bin/autotest2 "-r" "/home/users/ntu/c230179/Desktop/dftbplus-25.1/test/app/dftb+" "-w" "/home/users/ntu/c230179/Desktop/dftb_builds/dftb_gcc_Release/test/app/dftb+" "-d" "/home/users/ntu/c230179/Desktop/dftbplus-25.1/test/app/dftb+/bin/tagdiff" "-P" "env OMP_NUM_THREADS=1" "-p" "/home/users/ntu/c230179/Desktop/dftb_builds/dftb_gcc_Release/app/dftb+/dftb+" "-G" "/home/users/ntu/c230179/Desktop/dftbplus-25.1/test/app/dftb+/bin/globalpostrun.sh" "-s" "P,R,C,S" "dispersion/specieslist_dftd4"
216: Environment variables: 
216:  DFTBPLUS_PARAM_DIR=/home/users/ntu/c230179/Desktop/dftbplus-25.1/external
216: Test timeout computed to be: 10000000
216: cp: cannot stat 'dispersion/specieslist_dftd4/D-D.skf': No such file or directory
216: cp: cannot stat 'dispersion/specieslist_dftd4/D-O.skf': No such file or directory
216: cp: cannot stat 'dispersion/specieslist_dftd4/O-D.skf': No such file or directory
216: cp: cannot stat 'dispersion/specieslist_dftd4/O-O.skf': No such file or directory
216: dispersion/specieslist_dftd4:	Test script returned non-zero exit code: 1
216:  deleting file 'autotest.tag'
216:  TODO.
216: 
216: ==============================================================================
216: TEST SUMMARY
216: ------------------------------------------------------------------------------
216: Match:
216:     None
216: 
216: Not run:
216:     dispersion/specieslist_dftd4
216: ------------------------------------------------------------------------------
216: Status: FAIL
216/406 Test #216: app/dftb+/dispersion/specieslist_dftd4 ...........................***Failed    0.05 sec
cp: cannot stat 'dispersion/specieslist_dftd4/D-D.skf': No such file or directory
cp: cannot stat 'dispersion/specieslist_dftd4/D-O.skf': No such file or directory
cp: cannot stat 'dispersion/specieslist_dftd4/O-D.skf': No such file or directory
cp: cannot stat 'dispersion/specieslist_dftd4/O-O.skf': No such file or directory
dispersion/specieslist_dftd4:	Test script returned non-zero exit code: 1
 deleting file 'autotest.tag'
 TODO.

==============================================================================
TEST SUMMARY
------------------------------------------------------------------------------
Match:
    None

Not run:
    dispersion/specieslist_dftd4
------------------------------------------------------------------------------
Status: FAIL

test 217
        Start 217: app/dftb+/dispersion/charged_dftd4

217: Test command: /home/users/ntu/c230179/Desktop/dftbplus-25.1/test/app/dftb+/bin/autotest2 "-r" "/home/users/ntu/c230179/Desktop/dftbplus-25.1/test/app/dftb+" "-w" "/home/users/ntu/c230179/Desktop/dftb_builds/dftb_gcc_Release/test/app/dftb+" "-d" "/home/users/ntu/c230179/Desktop/dftbplus-25.1/test/app/dftb+/bin/tagdiff" "-P" "env OMP_NUM_THREADS=1" "-p" "/home/users/ntu/c230179/Desktop/dftb_builds/dftb_gcc_Release/app/dftb+/dftb+" "-G" "/home/users/ntu/c230179/Desktop/dftbplus-25.1/test/app/dftb+/bin/globalpostrun.sh" "-s" "P,R,C,S" "dispersion/charged_dftd4"
217: Environment variables: 
217:  DFTBPLUS_PARAM_DIR=/home/users/ntu/c230179/Desktop/dftbplus-25.1/external
217: Test timeout computed to be: 10000000
217: dispersion/charged_dftd4:	Test script returned non-zero exit code: 1
217:  deleting file 'autotest.tag'
217:  TODO.
217: 
217: ==============================================================================
217: TEST SUMMARY
217: ------------------------------------------------------------------------------
217: Match:
217:     None
217: 
217: Not run:
217:     dispersion/charged_dftd4
217: ------------------------------------------------------------------------------
217: Status: FAIL
217/406 Test #217: app/dftb+/dispersion/charged_dftd4 ...............................***Failed    0.05 sec
dispersion/charged_dftd4:	Test script returned non-zero exit code: 1
 deleting file 'autotest.tag'
 TODO.

==============================================================================
TEST SUMMARY
------------------------------------------------------------------------------
Match:
    None

Not run:
    dispersion/charged_dftd4
------------------------------------------------------------------------------
Status: FAIL

test 218
        Start 218: app/dftb+/dispersion/diamond_dftd4

218: Test command: /home/users/ntu/c230179/Desktop/dftbplus-25.1/test/app/dftb+/bin/autotest2 "-r" "/home/users/ntu/c230179/Desktop/dftbplus-25.1/test/app/dftb+" "-w" "/home/users/ntu/c230179/Desktop/dftb_builds/dftb_gcc_Release/test/app/dftb+" "-d" "/home/users/ntu/c230179/Desktop/dftbplus-25.1/test/app/dftb+/bin/tagdiff" "-P" "env OMP_NUM_THREADS=1" "-p" "/home/users/ntu/c230179/Desktop/dftb_builds/dftb_gcc_Release/app/dftb+/dftb+" "-G" "/home/users/ntu/c230179/Desktop/dftbplus-25.1/test/app/dftb+/bin/globalpostrun.sh" "-s" "P,R,C,S" "dispersion/diamond_dftd4"
218: Environment variables: 
218:  DFTBPLUS_PARAM_DIR=/home/users/ntu/c230179/Desktop/dftbplus-25.1/external
218: Test timeout computed to be: 10000000
218: dispersion/diamond_dftd4:	Test script returned non-zero exit code: 1
218:  deleting file 'autotest.tag'
218:  TODO.
218: 
218: ==============================================================================
218: TEST SUMMARY
218: ------------------------------------------------------------------------------
218: Match:
218:     None
218: 
218: Not run:
218:     dispersion/diamond_dftd4
218: ------------------------------------------------------------------------------
218: Status: FAIL
218/406 Test #218: app/dftb+/dispersion/diamond_dftd4 ...............................***Failed    0.04 sec
dispersion/diamond_dftd4:	Test script returned non-zero exit code: 1
 deleting file 'autotest.tag'
 TODO.

==============================================================================
TEST SUMMARY
------------------------------------------------------------------------------
Match:
    None

Not run:
    dispersion/diamond_dftd4
------------------------------------------------------------------------------
Status: FAIL

test 219
        Start 219: app/dftb+/dispersion/GaAs_dftd4

219: Test command: /home/users/ntu/c230179/Desktop/dftbplus-25.1/test/app/dftb+/bin/autotest2 "-r" "/home/users/ntu/c230179/Desktop/dftbplus-25.1/test/app/dftb+" "-w" "/home/users/ntu/c230179/Desktop/dftb_builds/dftb_gcc_Release/test/app/dftb+" "-d" "/home/users/ntu/c230179/Desktop/dftbplus-25.1/test/app/dftb+/bin/tagdiff" "-P" "env OMP_NUM_THREADS=1" "-p" "/home/users/ntu/c230179/Desktop/dftb_builds/dftb_gcc_Release/app/dftb+/dftb+" "-G" "/home/users/ntu/c230179/Desktop/dftbplus-25.1/test/app/dftb+/bin/globalpostrun.sh" "-s" "P,R,C,S" "dispersion/GaAs_dftd4"
219: Environment variables: 
219:  DFTBPLUS_PARAM_DIR=/home/users/ntu/c230179/Desktop/dftbplus-25.1/external
219: Test timeout computed to be: 10000000
219: dispersion/GaAs_dftd4:	Test script returned non-zero exit code: 1
219:  deleting file 'autotest.tag'
219:  TODO.
219: 
219: ==============================================================================
219: TEST SUMMARY
219: ------------------------------------------------------------------------------
219: Match:
219:     None
219: 
219: Not run:
219:     dispersion/GaAs_dftd4
219: ------------------------------------------------------------------------------
219: Status: FAIL
219/406 Test #219: app/dftb+/dispersion/GaAs_dftd4 ..................................***Failed    0.05 sec
dispersion/GaAs_dftd4:	Test script returned non-zero exit code: 1
 deleting file 'autotest.tag'
 TODO.

==============================================================================
TEST SUMMARY
------------------------------------------------------------------------------
Match:
    None

Not run:
    dispersion/GaAs_dftd4
------------------------------------------------------------------------------
Status: FAIL

test 220
        Start 220: app/dftb+/dispersion/2H2O_dftd4_sc

220: Test command: /home/users/ntu/c230179/Desktop/dftbplus-25.1/test/app/dftb+/bin/autotest2 "-r" "/home/users/ntu/c230179/Desktop/dftbplus-25.1/test/app/dftb+" "-w" "/home/users/ntu/c230179/Desktop/dftb_builds/dftb_gcc_Release/test/app/dftb+" "-d" "/home/users/ntu/c230179/Desktop/dftbplus-25.1/test/app/dftb+/bin/tagdiff" "-P" "env OMP_NUM_THREADS=1" "-p" "/home/users/ntu/c230179/Desktop/dftb_builds/dftb_gcc_Release/app/dftb+/dftb+" "-G" "/home/users/ntu/c230179/Desktop/dftbplus-25.1/test/app/dftb+/bin/globalpostrun.sh" "-s" "P,R,C,S" "dispersion/2H2O_dftd4_sc"
220: Environment variables: 
220:  DFTBPLUS_PARAM_DIR=/home/users/ntu/c230179/Desktop/dftbplus-25.1/external
220: Test timeout computed to be: 10000000
220: dispersion/2H2O_dftd4_sc:	Test script returned non-zero exit code: 1
220:  deleting file 'autotest.tag'
220:  TODO.
220: 
220: ==============================================================================
220: TEST SUMMARY
220: ------------------------------------------------------------------------------
220: Match:
220:     None
220: 
220: Not run:
220:     dispersion/2H2O_dftd4_sc
220: ------------------------------------------------------------------------------
220: Status: FAIL
220/406 Test #220: app/dftb+/dispersion/2H2O_dftd4_sc ...............................***Failed    0.04 sec
dispersion/2H2O_dftd4_sc:	Test script returned non-zero exit code: 1
 deleting file 'autotest.tag'
 TODO.

==============================================================================
TEST SUMMARY
------------------------------------------------------------------------------
Match:
    None

Not run:
    dispersion/2H2O_dftd4_sc
------------------------------------------------------------------------------
Status: FAIL

test 221
        Start 221: app/dftb+/dispersion/diamond_dftd4_sc

221: Test command: /home/users/ntu/c230179/Desktop/dftbplus-25.1/test/app/dftb+/bin/autotest2 "-r" "/home/users/ntu/c230179/Desktop/dftbplus-25.1/test/app/dftb+" "-w" "/home/users/ntu/c230179/Desktop/dftb_builds/dftb_gcc_Release/test/app/dftb+" "-d" "/home/users/ntu/c230179/Desktop/dftbplus-25.1/test/app/dftb+/bin/tagdiff" "-P" "env OMP_NUM_THREADS=1" "-p" "/home/users/ntu/c230179/Desktop/dftb_builds/dftb_gcc_Release/app/dftb+/dftb+" "-G" "/home/users/ntu/c230179/Desktop/dftbplus-25.1/test/app/dftb+/bin/globalpostrun.sh" "-s" "P,R,C,S" "dispersion/diamond_dftd4_sc"
221: Environment variables: 
221:  DFTBPLUS_PARAM_DIR=/home/users/ntu/c230179/Desktop/dftbplus-25.1/external
221: Test timeout computed to be: 10000000
221: dispersion/diamond_dftd4_sc:	Test script returned non-zero exit code: 1
221:  deleting file 'autotest.tag'
221:  TODO.
221: 
221: ==============================================================================
221: TEST SUMMARY
221: ------------------------------------------------------------------------------
221: Match:
221:     None
221: 
221: Not run:
221:     dispersion/diamond_dftd4_sc
221: ------------------------------------------------------------------------------
221: Status: FAIL
221/406 Test #221: app/dftb+/dispersion/diamond_dftd4_sc ............................***Failed    0.04 sec
dispersion/diamond_dftd4_sc:	Test script returned non-zero exit code: 1
 deleting file 'autotest.tag'
 TODO.

==============================================================================
TEST SUMMARY
------------------------------------------------------------------------------
Match:
    None

Not run:
    dispersion/diamond_dftd4_sc
------------------------------------------------------------------------------
Status: FAIL

test 222
        Start 222: app/dftb+/dispersion/GaAs_dftd4_sc

222: Test command: /home/users/ntu/c230179/Desktop/dftbplus-25.1/test/app/dftb+/bin/autotest2 "-r" "/home/users/ntu/c230179/Desktop/dftbplus-25.1/test/app/dftb+" "-w" "/home/users/ntu/c230179/Desktop/dftb_builds/dftb_gcc_Release/test/app/dftb+" "-d" "/home/users/ntu/c230179/Desktop/dftbplus-25.1/test/app/dftb+/bin/tagdiff" "-P" "env OMP_NUM_THREADS=1" "-p" "/home/users/ntu/c230179/Desktop/dftb_builds/dftb_gcc_Release/app/dftb+/dftb+" "-G" "/home/users/ntu/c230179/Desktop/dftbplus-25.1/test/app/dftb+/bin/globalpostrun.sh" "-s" "P,R,C,S" "dispersion/GaAs_dftd4_sc"
222: Environment variables: 
222:  DFTBPLUS_PARAM_DIR=/home/users/ntu/c230179/Desktop/dftbplus-25.1/external
222: Test timeout computed to be: 10000000
222: dispersion/GaAs_dftd4_sc:	Test script returned non-zero exit code: 1
222:  deleting file 'autotest.tag'
222:  TODO.
222: 
222: ==============================================================================
222: TEST SUMMARY
222: ------------------------------------------------------------------------------
222: Match:
222:     None
222: 
222: Not run:
222:     dispersion/GaAs_dftd4_sc
222: ------------------------------------------------------------------------------
222: Status: FAIL
222/406 Test #222: app/dftb+/dispersion/GaAs_dftd4_sc ...............................***Failed    0.05 sec
dispersion/GaAs_dftd4_sc:	Test script returned non-zero exit code: 1
 deleting file 'autotest.tag'
 TODO.

==============================================================================
TEST SUMMARY
------------------------------------------------------------------------------
Match:
    None

Not run:
    dispersion/GaAs_dftd4_sc
------------------------------------------------------------------------------
Status: FAIL

test 223
        Start 223: app/dftb+/geoopt/H2O-nonscc

223: Test command: /home/users/ntu/c230179/Desktop/dftbplus-25.1/test/app/dftb+/bin/autotest2 "-r" "/home/users/ntu/c230179/Desktop/dftbplus-25.1/test/app/dftb+" "-w" "/home/users/ntu/c230179/Desktop/dftb_builds/dftb_gcc_Release/test/app/dftb+" "-d" "/home/users/ntu/c230179/Desktop/dftbplus-25.1/test/app/dftb+/bin/tagdiff" "-P" "env OMP_NUM_THREADS=1" "-p" "/home/users/ntu/c230179/Desktop/dftb_builds/dftb_gcc_Release/app/dftb+/dftb+" "-G" "/home/users/ntu/c230179/Desktop/dftbplus-25.1/test/app/dftb+/bin/globalpostrun.sh" "-s" "P,R,C,S" "geoopt/H2O-nonscc"
223: Environment variables: 
223:  DFTBPLUS_PARAM_DIR=/home/users/ntu/c230179/Desktop/dftbplus-25.1/external
223: Test timeout computed to be: 10000000
223: cp: cannot stat 'geoopt/H2O-nonscc/H-H.skf': No such file or directory
223: cp: cannot stat 'geoopt/H2O-nonscc/H-O.skf': No such file or directory
223: cp: cannot stat 'geoopt/H2O-nonscc/O-H.skf': No such file or directory
223: cp: cannot stat 'geoopt/H2O-nonscc/O-O.skf': No such file or directory
223: geoopt/H2O-nonscc:	Test script returned non-zero exit code: 1
223:  deleting file 'autotest.tag'
223:  TODO.
223: 
223: ==============================================================================
223: TEST SUMMARY
223: ------------------------------------------------------------------------------
223: Match:
223:     None
223: 
223: Not run:
223:     geoopt/H2O-nonscc
223: ------------------------------------------------------------------------------
223: Status: FAIL
223/406 Test #223: app/dftb+/geoopt/H2O-nonscc ......................................***Failed    0.05 sec
cp: cannot stat 'geoopt/H2O-nonscc/H-H.skf': No such file or directory
cp: cannot stat 'geoopt/H2O-nonscc/H-O.skf': No such file or directory
cp: cannot stat 'geoopt/H2O-nonscc/O-H.skf': No such file or directory
cp: cannot stat 'geoopt/H2O-nonscc/O-O.skf': No such file or directory
geoopt/H2O-nonscc:	Test script returned non-zero exit code: 1
 deleting file 'autotest.tag'
 TODO.

==============================================================================
TEST SUMMARY
------------------------------------------------------------------------------
Match:
    None

Not run:
    geoopt/H2O-nonscc
------------------------------------------------------------------------------
Status: FAIL

test 224
        Start 224: app/dftb+/geoopt/H2O_sd

224: Test command: /home/users/ntu/c230179/Desktop/dftbplus-25.1/test/app/dftb+/bin/autotest2 "-r" "/home/users/ntu/c230179/Desktop/dftbplus-25.1/test/app/dftb+" "-w" "/home/users/ntu/c230179/Desktop/dftb_builds/dftb_gcc_Release/test/app/dftb+" "-d" "/home/users/ntu/c230179/Desktop/dftbplus-25.1/test/app/dftb+/bin/tagdiff" "-P" "env OMP_NUM_THREADS=1" "-p" "/home/users/ntu/c230179/Desktop/dftb_builds/dftb_gcc_Release/app/dftb+/dftb+" "-G" "/home/users/ntu/c230179/Desktop/dftbplus-25.1/test/app/dftb+/bin/globalpostrun.sh" "-s" "P,R,C,S" "geoopt/H2O_sd"
224: Environment variables: 
224:  DFTBPLUS_PARAM_DIR=/home/users/ntu/c230179/Desktop/dftbplus-25.1/external
224: Test timeout computed to be: 10000000
224: geoopt/H2O_sd:	Test script returned non-zero exit code: 1
224:  deleting file 'autotest.tag'
224:  TODO.
224: 
224: ==============================================================================
224: TEST SUMMARY
224: ------------------------------------------------------------------------------
224: Match:
224:     None
224: 
224: Not run:
224:     geoopt/H2O_sd
224: ------------------------------------------------------------------------------
224: Status: FAIL
224/406 Test #224: app/dftb+/geoopt/H2O_sd ..........................................***Failed    0.04 sec
geoopt/H2O_sd:	Test script returned non-zero exit code: 1
 deleting file 'autotest.tag'
 TODO.

==============================================================================
TEST SUMMARY
------------------------------------------------------------------------------
Match:
    None

Not run:
    geoopt/H2O_sd
------------------------------------------------------------------------------
Status: FAIL

test 225
        Start 225: app/dftb+/geoopt/H2O_sd_old

225: Test command: /home/users/ntu/c230179/Desktop/dftbplus-25.1/test/app/dftb+/bin/autotest2 "-r" "/home/users/ntu/c230179/Desktop/dftbplus-25.1/test/app/dftb+" "-w" "/home/users/ntu/c230179/Desktop/dftb_builds/dftb_gcc_Release/test/app/dftb+" "-d" "/home/users/ntu/c230179/Desktop/dftbplus-25.1/test/app/dftb+/bin/tagdiff" "-P" "env OMP_NUM_THREADS=1" "-p" "/home/users/ntu/c230179/Desktop/dftb_builds/dftb_gcc_Release/app/dftb+/dftb+" "-G" "/home/users/ntu/c230179/Desktop/dftbplus-25.1/test/app/dftb+/bin/globalpostrun.sh" "-s" "P,R,C,S" "geoopt/H2O_sd_old"
225: Environment variables: 
225:  DFTBPLUS_PARAM_DIR=/home/users/ntu/c230179/Desktop/dftbplus-25.1/external
225: Test timeout computed to be: 10000000
225: geoopt/H2O_sd_old:	Test script returned non-zero exit code: 1
225:  deleting file 'autotest.tag'
225:  TODO.
225: 
225: ==============================================================================
225: TEST SUMMARY
225: ------------------------------------------------------------------------------
225: Match:
225:     None
225: 
225: Not run:
225:     geoopt/H2O_sd_old
225: ------------------------------------------------------------------------------
225: Status: FAIL
225/406 Test #225: app/dftb+/geoopt/H2O_sd_old ......................................***Failed    0.04 sec
geoopt/H2O_sd_old:	Test script returned non-zero exit code: 1
 deleting file 'autotest.tag'
 TODO.

==============================================================================
TEST SUMMARY
------------------------------------------------------------------------------
Match:
    None

Not run:
    geoopt/H2O_sd_old
------------------------------------------------------------------------------
Status: FAIL

test 226
        Start 226: app/dftb+/non-scc/CH4

226: Test command: /home/users/ntu/c230179/Desktop/dftbplus-25.1/test/app/dftb+/bin/autotest2 "-r" "/home/users/ntu/c230179/Desktop/dftbplus-25.1/test/app/dftb+" "-w" "/home/users/ntu/c230179/Desktop/dftb_builds/dftb_gcc_Release/test/app/dftb+" "-d" "/home/users/ntu/c230179/Desktop/dftbplus-25.1/test/app/dftb+/bin/tagdiff" "-P" "env OMP_NUM_THREADS=1" "-p" "/home/users/ntu/c230179/Desktop/dftb_builds/dftb_gcc_Release/app/dftb+/dftb+" "-G" "/home/users/ntu/c230179/Desktop/dftbplus-25.1/test/app/dftb+/bin/globalpostrun.sh" "-s" "P,R,C,S" "non-scc/CH4"
226: Environment variables: 
226:  DFTBPLUS_PARAM_DIR=/home/users/ntu/c230179/Desktop/dftbplus-25.1/external
226: Test timeout computed to be: 10000000
226: non-scc/CH4:	Test script returned non-zero exit code: 1
226:  deleting file 'autotest.tag'
226:  TODO.
226: 
226: ==============================================================================
226: TEST SUMMARY
226: ------------------------------------------------------------------------------
226: Match:
226:     None
226: 
226: Not run:
226:     non-scc/CH4
226: ------------------------------------------------------------------------------
226: Status: FAIL
226/406 Test #226: app/dftb+/non-scc/CH4 ............................................***Failed    0.04 sec
non-scc/CH4:	Test script returned non-zero exit code: 1
 deleting file 'autotest.tag'
 TODO.

==============================================================================
TEST SUMMARY
------------------------------------------------------------------------------
Match:
    None

Not run:
    non-scc/CH4
------------------------------------------------------------------------------
Status: FAIL

test 227
        Start 227: app/dftb+/non-scc/decapentaene

227: Test command: /home/users/ntu/c230179/Desktop/dftbplus-25.1/test/app/dftb+/bin/autotest2 "-r" "/home/users/ntu/c230179/Desktop/dftbplus-25.1/test/app/dftb+" "-w" "/home/users/ntu/c230179/Desktop/dftb_builds/dftb_gcc_Release/test/app/dftb+" "-d" "/home/users/ntu/c230179/Desktop/dftbplus-25.1/test/app/dftb+/bin/tagdiff" "-P" "env OMP_NUM_THREADS=1" "-p" "/home/users/ntu/c230179/Desktop/dftb_builds/dftb_gcc_Release/app/dftb+/dftb+" "-G" "/home/users/ntu/c230179/Desktop/dftbplus-25.1/test/app/dftb+/bin/globalpostrun.sh" "-s" "P,R,C,S" "non-scc/decapentaene"
227: Environment variables: 
227:  DFTBPLUS_PARAM_DIR=/home/users/ntu/c230179/Desktop/dftbplus-25.1/external
227: Test timeout computed to be: 10000000
227: non-scc/decapentaene:	Test script returned non-zero exit code: 1
227:  deleting file 'autotest.tag'
227:  TODO.
227: 
227: ==============================================================================
227: TEST SUMMARY
227: ------------------------------------------------------------------------------
227: Match:
227:     None
227: 
227: Not run:
227:     non-scc/decapentaene
227: ------------------------------------------------------------------------------
227: Status: FAIL
227/406 Test #227: app/dftb+/non-scc/decapentaene ...................................***Failed    0.04 sec
non-scc/decapentaene:	Test script returned non-zero exit code: 1
 deleting file 'autotest.tag'
 TODO.

==============================================================================
TEST SUMMARY
------------------------------------------------------------------------------
Match:
    None

Not run:
    non-scc/decapentaene
------------------------------------------------------------------------------
Status: FAIL

test 228
        Start 228: app/dftb+/scc/2H2O-3rdorder

228: Test command: /home/users/ntu/c230179/Desktop/dftbplus-25.1/test/app/dftb+/bin/autotest2 "-r" "/home/users/ntu/c230179/Desktop/dftbplus-25.1/test/app/dftb+" "-w" "/home/users/ntu/c230179/Desktop/dftb_builds/dftb_gcc_Release/test/app/dftb+" "-d" "/home/users/ntu/c230179/Desktop/dftbplus-25.1/test/app/dftb+/bin/tagdiff" "-P" "env OMP_NUM_THREADS=1" "-p" "/home/users/ntu/c230179/Desktop/dftb_builds/dftb_gcc_Release/app/dftb+/dftb+" "-G" "/home/users/ntu/c230179/Desktop/dftbplus-25.1/test/app/dftb+/bin/globalpostrun.sh" "-s" "P,R,C,S" "scc/2H2O-3rdorder"
228: Environment variables: 
228:  DFTBPLUS_PARAM_DIR=/home/users/ntu/c230179/Desktop/dftbplus-25.1/external
228: Test timeout computed to be: 10000000
228: scc/2H2O-3rdorder:	Test script returned non-zero exit code: 1
228:  deleting file 'autotest.tag'
228:  TODO.
228: 
228: ==============================================================================
228: TEST SUMMARY
228: ------------------------------------------------------------------------------
228: Match:
228:     None
228: 
228: Not run:
228:     scc/2H2O-3rdorder
228: ------------------------------------------------------------------------------
228: Status: FAIL
228/406 Test #228: app/dftb+/scc/2H2O-3rdorder ......................................***Failed    0.04 sec
scc/2H2O-3rdorder:	Test script returned non-zero exit code: 1
 deleting file 'autotest.tag'
 TODO.

==============================================================================
TEST SUMMARY
------------------------------------------------------------------------------
Match:
    None

Not run:
    scc/2H2O-3rdorder
------------------------------------------------------------------------------
Status: FAIL

test 229
        Start 229: app/dftb+/scc/2H2O-3rdorder_read

229: Test command: /home/users/ntu/c230179/Desktop/dftbplus-25.1/test/app/dftb+/bin/autotest2 "-r" "/home/users/ntu/c230179/Desktop/dftbplus-25.1/test/app/dftb+" "-w" "/home/users/ntu/c230179/Desktop/dftb_builds/dftb_gcc_Release/test/app/dftb+" "-d" "/home/users/ntu/c230179/Desktop/dftbplus-25.1/test/app/dftb+/bin/tagdiff" "-P" "env OMP_NUM_THREADS=1" "-p" "/home/users/ntu/c230179/Desktop/dftb_builds/dftb_gcc_Release/app/dftb+/dftb+" "-G" "/home/users/ntu/c230179/Desktop/dftbplus-25.1/test/app/dftb+/bin/globalpostrun.sh" "-s" "P,R,C,S" "scc/2H2O-3rdorder_read"
229: Environment variables: 
229:  DFTBPLUS_PARAM_DIR=/home/users/ntu/c230179/Desktop/dftbplus-25.1/external
229: Test timeout computed to be: 10000000
229: scc/2H2O-3rdorder_read:	Test script returned non-zero exit code: 1
229:  deleting file 'autotest.tag'
229:  TODO.
229: 
229: ==============================================================================
229: TEST SUMMARY
229: ------------------------------------------------------------------------------
229: Match:
229:     None
229: 
229: Not run:
229:     scc/2H2O-3rdorder_read
229: ------------------------------------------------------------------------------
229: Status: FAIL
229/406 Test #229: app/dftb+/scc/2H2O-3rdorder_read .................................***Failed    0.04 sec
scc/2H2O-3rdorder_read:	Test script returned non-zero exit code: 1
 deleting file 'autotest.tag'
 TODO.

==============================================================================
TEST SUMMARY
------------------------------------------------------------------------------
Match:
    None

Not run:
    scc/2H2O-3rdorder_read
------------------------------------------------------------------------------
Status: FAIL

test 230
        Start 230: app/dftb+/scc/C2H6_3rdfull

230: Test command: /home/users/ntu/c230179/Desktop/dftbplus-25.1/test/app/dftb+/bin/autotest2 "-r" "/home/users/ntu/c230179/Desktop/dftbplus-25.1/test/app/dftb+" "-w" "/home/users/ntu/c230179/Desktop/dftb_builds/dftb_gcc_Release/test/app/dftb+" "-d" "/home/users/ntu/c230179/Desktop/dftbplus-25.1/test/app/dftb+/bin/tagdiff" "-P" "env OMP_NUM_THREADS=1" "-p" "/home/users/ntu/c230179/Desktop/dftb_builds/dftb_gcc_Release/app/dftb+/dftb+" "-G" "/home/users/ntu/c230179/Desktop/dftbplus-25.1/test/app/dftb+/bin/globalpostrun.sh" "-s" "P,R,C,S" "scc/C2H6_3rdfull"
230: Environment variables: 
230:  DFTBPLUS_PARAM_DIR=/home/users/ntu/c230179/Desktop/dftbplus-25.1/external
230: Test timeout computed to be: 10000000
230: scc/C2H6_3rdfull:	Test script returned non-zero exit code: 1
230:  deleting file 'autotest.tag'
230:  TODO.
230: 
230: ==============================================================================
230: TEST SUMMARY
230: ------------------------------------------------------------------------------
230: Match:
230:     None
230: 
230: Not run:
230:     scc/C2H6_3rdfull
230: ------------------------------------------------------------------------------
230: Status: FAIL
230/406 Test #230: app/dftb+/scc/C2H6_3rdfull .......................................***Failed    0.04 sec
scc/C2H6_3rdfull:	Test script returned non-zero exit code: 1
 deleting file 'autotest.tag'
 TODO.

==============================================================================
TEST SUMMARY
------------------------------------------------------------------------------
Match:
    None

Not run:
    scc/C2H6_3rdfull
------------------------------------------------------------------------------
Status: FAIL

test 231
        Start 231: app/dftb+/scc/C2H6_3rdfull-damp

231: Test command: /home/users/ntu/c230179/Desktop/dftbplus-25.1/test/app/dftb+/bin/autotest2 "-r" "/home/users/ntu/c230179/Desktop/dftbplus-25.1/test/app/dftb+" "-w" "/home/users/ntu/c230179/Desktop/dftb_builds/dftb_gcc_Release/test/app/dftb+" "-d" "/home/users/ntu/c230179/Desktop/dftbplus-25.1/test/app/dftb+/bin/tagdiff" "-P" "env OMP_NUM_THREADS=1" "-p" "/home/users/ntu/c230179/Desktop/dftb_builds/dftb_gcc_Release/app/dftb+/dftb+" "-G" "/home/users/ntu/c230179/Desktop/dftbplus-25.1/test/app/dftb+/bin/globalpostrun.sh" "-s" "P,R,C,S" "scc/C2H6_3rdfull-damp"
231: Environment variables: 
231:  DFTBPLUS_PARAM_DIR=/home/users/ntu/c230179/Desktop/dftbplus-25.1/external
231: Test timeout computed to be: 10000000
231: scc/C2H6_3rdfull-damp:	Test script returned non-zero exit code: 1
231:  deleting file 'autotest.tag'
231:  TODO.
231: 
231: ==============================================================================
231: TEST SUMMARY
231: ------------------------------------------------------------------------------
231: Match:
231:     None
231: 
231: Not run:
231:     scc/C2H6_3rdfull-damp
231: ------------------------------------------------------------------------------
231: Status: FAIL
231/406 Test #231: app/dftb+/scc/C2H6_3rdfull-damp ..................................***Failed    0.04 sec
scc/C2H6_3rdfull-damp:	Test script returned non-zero exit code: 1
 deleting file 'autotest.tag'
 TODO.

==============================================================================
TEST SUMMARY
------------------------------------------------------------------------------
Match:
    None

Not run:
    scc/C2H6_3rdfull-damp
------------------------------------------------------------------------------
Status: FAIL

test 232
        Start 232: app/dftb+/scc/H2O2_3rdfull

232: Test command: /home/users/ntu/c230179/Desktop/dftbplus-25.1/test/app/dftb+/bin/autotest2 "-r" "/home/users/ntu/c230179/Desktop/dftbplus-25.1/test/app/dftb+" "-w" "/home/users/ntu/c230179/Desktop/dftb_builds/dftb_gcc_Release/test/app/dftb+" "-d" "/home/users/ntu/c230179/Desktop/dftbplus-25.1/test/app/dftb+/bin/tagdiff" "-P" "env OMP_NUM_THREADS=1" "-p" "/home/users/ntu/c230179/Desktop/dftb_builds/dftb_gcc_Release/app/dftb+/dftb+" "-G" "/home/users/ntu/c230179/Desktop/dftbplus-25.1/test/app/dftb+/bin/globalpostrun.sh" "-s" "P,R,C,S" "scc/H2O2_3rdfull"
232: Environment variables: 
232:  DFTBPLUS_PARAM_DIR=/home/users/ntu/c230179/Desktop/dftbplus-25.1/external
232: Test timeout computed to be: 10000000
232: scc/H2O2_3rdfull:	Test script returned non-zero exit code: 1
232:  deleting file 'autotest.tag'
232:  TODO.
232: 
232: ==============================================================================
232: TEST SUMMARY
232: ------------------------------------------------------------------------------
232: Match:
232:     None
232: 
232: Not run:
232:     scc/H2O2_3rdfull
232: ------------------------------------------------------------------------------
232: Status: FAIL
232/406 Test #232: app/dftb+/scc/H2O2_3rdfull .......................................***Failed    0.04 sec
scc/H2O2_3rdfull:	Test script returned non-zero exit code: 1
 deleting file 'autotest.tag'
 TODO.

==============================================================================
TEST SUMMARY
------------------------------------------------------------------------------
Match:
    None

Not run:
    scc/H2O2_3rdfull
------------------------------------------------------------------------------
Status: FAIL

test 233
        Start 233: app/dftb+/scc/H2O2-3rdfull-ldep

233: Test command: /home/users/ntu/c230179/Desktop/dftbplus-25.1/test/app/dftb+/bin/autotest2 "-r" "/home/users/ntu/c230179/Desktop/dftbplus-25.1/test/app/dftb+" "-w" "/home/users/ntu/c230179/Desktop/dftb_builds/dftb_gcc_Release/test/app/dftb+" "-d" "/home/users/ntu/c230179/Desktop/dftbplus-25.1/test/app/dftb+/bin/tagdiff" "-P" "env OMP_NUM_THREADS=1" "-p" "/home/users/ntu/c230179/Desktop/dftb_builds/dftb_gcc_Release/app/dftb+/dftb+" "-G" "/home/users/ntu/c230179/Desktop/dftbplus-25.1/test/app/dftb+/bin/globalpostrun.sh" "-s" "P,R,C,S" "scc/H2O2-3rdfull-ldep"
233: Environment variables: 
233:  DFTBPLUS_PARAM_DIR=/home/users/ntu/c230179/Desktop/dftbplus-25.1/external
233: Test timeout computed to be: 10000000
233: scc/H2O2-3rdfull-ldep:	Test script returned non-zero exit code: 1
233:  deleting file 'autotest.tag'
233:  TODO.
233: 
233: ==============================================================================
233: TEST SUMMARY
233: ------------------------------------------------------------------------------
233: Match:
233:     None
233: 
233: Not run:
233:     scc/H2O2-3rdfull-ldep
233: ------------------------------------------------------------------------------
233: Status: FAIL
233/406 Test #233: app/dftb+/scc/H2O2-3rdfull-ldep ..................................***Failed    0.04 sec
scc/H2O2-3rdfull-ldep:	Test script returned non-zero exit code: 1
 deleting file 'autotest.tag'
 TODO.

==============================================================================
TEST SUMMARY
------------------------------------------------------------------------------
Match:
    None

Not run:
    scc/H2O2-3rdfull-ldep
------------------------------------------------------------------------------
Status: FAIL

test 234
        Start 234: app/dftb+/scc/H2O-extchrg

234: Test command: /home/users/ntu/c230179/Desktop/dftbplus-25.1/test/app/dftb+/bin/autotest2 "-r" "/home/users/ntu/c230179/Desktop/dftbplus-25.1/test/app/dftb+" "-w" "/home/users/ntu/c230179/Desktop/dftb_builds/dftb_gcc_Release/test/app/dftb+" "-d" "/home/users/ntu/c230179/Desktop/dftbplus-25.1/test/app/dftb+/bin/tagdiff" "-P" "env OMP_NUM_THREADS=1" "-p" "/home/users/ntu/c230179/Desktop/dftb_builds/dftb_gcc_Release/app/dftb+/dftb+" "-G" "/home/users/ntu/c230179/Desktop/dftbplus-25.1/test/app/dftb+/bin/globalpostrun.sh" "-s" "P,R,C,S" "scc/H2O-extchrg"
234: Environment variables: 
234:  DFTBPLUS_PARAM_DIR=/home/users/ntu/c230179/Desktop/dftbplus-25.1/external
234: Test timeout computed to be: 10000000
234: scc/H2O-extchrg:	Test script returned non-zero exit code: 1
234:  deleting file 'autotest.tag'
234:  TODO.
234: 
234: ==============================================================================
234: TEST SUMMARY
234: ------------------------------------------------------------------------------
234: Match:
234:     None
234: 
234: Not run:
234:     scc/H2O-extchrg
234: ------------------------------------------------------------------------------
234: Status: FAIL
234/406 Test #234: app/dftb+/scc/H2O-extchrg ........................................***Failed    0.04 sec
scc/H2O-extchrg:	Test script returned non-zero exit code: 1
 deleting file 'autotest.tag'
 TODO.

==============================================================================
TEST SUMMARY
------------------------------------------------------------------------------
Match:
    None

Not run:
    scc/H2O-extchrg
------------------------------------------------------------------------------
Status: FAIL

test 235
        Start 235: app/dftb+/scc/H2O-extchrg-blur

235: Test command: /home/users/ntu/c230179/Desktop/dftbplus-25.1/test/app/dftb+/bin/autotest2 "-r" "/home/users/ntu/c230179/Desktop/dftbplus-25.1/test/app/dftb+" "-w" "/home/users/ntu/c230179/Desktop/dftb_builds/dftb_gcc_Release/test/app/dftb+" "-d" "/home/users/ntu/c230179/Desktop/dftbplus-25.1/test/app/dftb+/bin/tagdiff" "-P" "env OMP_NUM_THREADS=1" "-p" "/home/users/ntu/c230179/Desktop/dftb_builds/dftb_gcc_Release/app/dftb+/dftb+" "-G" "/home/users/ntu/c230179/Desktop/dftbplus-25.1/test/app/dftb+/bin/globalpostrun.sh" "-s" "P,R,C,S" "scc/H2O-extchrg-blur"
235: Environment variables: 
235:  DFTBPLUS_PARAM_DIR=/home/users/ntu/c230179/Desktop/dftbplus-25.1/external
235: Test timeout computed to be: 10000000
235: scc/H2O-extchrg-blur:	Test script returned non-zero exit code: 1
235:  deleting file 'autotest.tag'
235:  TODO.
235: 
235: ==============================================================================
235: TEST SUMMARY
235: ------------------------------------------------------------------------------
235: Match:
235:     None
235: 
235: Not run:
235:     scc/H2O-extchrg-blur
235: ------------------------------------------------------------------------------
235: Status: FAIL
235/406 Test #235: app/dftb+/scc/H2O-extchrg-blur ...................................***Failed    0.04 sec
scc/H2O-extchrg-blur:	Test script returned non-zero exit code: 1
 deleting file 'autotest.tag'
 TODO.

==============================================================================
TEST SUMMARY
------------------------------------------------------------------------------
Match:
    None

Not run:
    scc/H2O-extchrg-blur
------------------------------------------------------------------------------
Status: FAIL

test 236
        Start 236: app/dftb+/scc/H2O-extchrg-direct

236: Test command: /home/users/ntu/c230179/Desktop/dftbplus-25.1/test/app/dftb+/bin/autotest2 "-r" "/home/users/ntu/c230179/Desktop/dftbplus-25.1/test/app/dftb+" "-w" "/home/users/ntu/c230179/Desktop/dftb_builds/dftb_gcc_Release/test/app/dftb+" "-d" "/home/users/ntu/c230179/Desktop/dftbplus-25.1/test/app/dftb+/bin/tagdiff" "-P" "env OMP_NUM_THREADS=1" "-p" "/home/users/ntu/c230179/Desktop/dftb_builds/dftb_gcc_Release/app/dftb+/dftb+" "-G" "/home/users/ntu/c230179/Desktop/dftbplus-25.1/test/app/dftb+/bin/globalpostrun.sh" "-s" "P,R,C,S" "scc/H2O-extchrg-direct"
236: Environment variables: 
236:  DFTBPLUS_PARAM_DIR=/home/users/ntu/c230179/Desktop/dftbplus-25.1/external
236: Test timeout computed to be: 10000000
236: scc/H2O-extchrg-direct:	Test script returned non-zero exit code: 1
236:  deleting file 'autotest.tag'
236:  TODO.
236: 
236: ==============================================================================
236: TEST SUMMARY
236: ------------------------------------------------------------------------------
236: Match:
236:     None
236: 
236: Not run:
236:     scc/H2O-extchrg-direct
236: ------------------------------------------------------------------------------
236: Status: FAIL
236/406 Test #236: app/dftb+/scc/H2O-extchrg-direct .................................***Failed    0.04 sec
scc/H2O-extchrg-direct:	Test script returned non-zero exit code: 1
 deleting file 'autotest.tag'
 TODO.

==============================================================================
TEST SUMMARY
------------------------------------------------------------------------------
Match:
    None

Not run:
    scc/H2O-extchrg-direct
------------------------------------------------------------------------------
Status: FAIL

test 237
        Start 237: app/dftb+/scc/H2O-extchrg-periodic

237: Test command: /home/users/ntu/c230179/Desktop/dftbplus-25.1/test/app/dftb+/bin/autotest2 "-r" "/home/users/ntu/c230179/Desktop/dftbplus-25.1/test/app/dftb+" "-w" "/home/users/ntu/c230179/Desktop/dftb_builds/dftb_gcc_Release/test/app/dftb+" "-d" "/home/users/ntu/c230179/Desktop/dftbplus-25.1/test/app/dftb+/bin/tagdiff" "-P" "env OMP_NUM_THREADS=1" "-p" "/home/users/ntu/c230179/Desktop/dftb_builds/dftb_gcc_Release/app/dftb+/dftb+" "-G" "/home/users/ntu/c230179/Desktop/dftbplus-25.1/test/app/dftb+/bin/globalpostrun.sh" "-s" "P,R,C,S" "scc/H2O-extchrg-periodic"
237: Environment variables: 
237:  DFTBPLUS_PARAM_DIR=/home/users/ntu/c230179/Desktop/dftbplus-25.1/external
237: Test timeout computed to be: 10000000
237: scc/H2O-extchrg-periodic:	Test script returned non-zero exit code: 1
237:  deleting file 'autotest.tag'
237:  TODO.
237: 
237: ==============================================================================
237: TEST SUMMARY
237: ------------------------------------------------------------------------------
237: Match:
237:     None
237: 
237: Not run:
237:     scc/H2O-extchrg-periodic
237: ------------------------------------------------------------------------------
237: Status: FAIL
237/406 Test #237: app/dftb+/scc/H2O-extchrg-periodic ...............................***Failed    0.04 sec
scc/H2O-extchrg-periodic:	Test script returned non-zero exit code: 1
 deleting file 'autotest.tag'
 TODO.

==============================================================================
TEST SUMMARY
------------------------------------------------------------------------------
Match:
    None

Not run:
    scc/H2O-extchrg-periodic
------------------------------------------------------------------------------
Status: FAIL

test 238
        Start 238: app/dftb+/scc/H2O-extfield

238: Test command: /home/users/ntu/c230179/Desktop/dftbplus-25.1/test/app/dftb+/bin/autotest2 "-r" "/home/users/ntu/c230179/Desktop/dftbplus-25.1/test/app/dftb+" "-w" "/home/users/ntu/c230179/Desktop/dftb_builds/dftb_gcc_Release/test/app/dftb+" "-d" "/home/users/ntu/c230179/Desktop/dftbplus-25.1/test/app/dftb+/bin/tagdiff" "-P" "env OMP_NUM_THREADS=1" "-p" "/home/users/ntu/c230179/Desktop/dftb_builds/dftb_gcc_Release/app/dftb+/dftb+" "-G" "/home/users/ntu/c230179/Desktop/dftbplus-25.1/test/app/dftb+/bin/globalpostrun.sh" "-s" "P,R,C,S" "scc/H2O-extfield"
238: Environment variables: 
238:  DFTBPLUS_PARAM_DIR=/home/users/ntu/c230179/Desktop/dftbplus-25.1/external
238: Test timeout computed to be: 10000000
238: scc/H2O-extfield:	Test script returned non-zero exit code: 1
238:  deleting file 'autotest.tag'
238:  TODO.
238: 
238: ==============================================================================
238: TEST SUMMARY
238: ------------------------------------------------------------------------------
238: Match:
238:     None
238: 
238: Not run:
238:     scc/H2O-extfield
238: ------------------------------------------------------------------------------
238: Status: FAIL
238/406 Test #238: app/dftb+/scc/H2O-extfield .......................................***Failed    0.04 sec
scc/H2O-extfield:	Test script returned non-zero exit code: 1
 deleting file 'autotest.tag'
 TODO.

==============================================================================
TEST SUMMARY
------------------------------------------------------------------------------
Match:
    None

Not run:
    scc/H2O-extfield
------------------------------------------------------------------------------
Status: FAIL

test 239
        Start 239: app/dftb+/spin/H2O-periodic

239: Test command: /home/users/ntu/c230179/Desktop/dftbplus-25.1/test/app/dftb+/bin/autotest2 "-r" "/home/users/ntu/c230179/Desktop/dftbplus-25.1/test/app/dftb+" "-w" "/home/users/ntu/c230179/Desktop/dftb_builds/dftb_gcc_Release/test/app/dftb+" "-d" "/home/users/ntu/c230179/Desktop/dftbplus-25.1/test/app/dftb+/bin/tagdiff" "-P" "env OMP_NUM_THREADS=1" "-p" "/home/users/ntu/c230179/Desktop/dftb_builds/dftb_gcc_Release/app/dftb+/dftb+" "-G" "/home/users/ntu/c230179/Desktop/dftbplus-25.1/test/app/dftb+/bin/globalpostrun.sh" "-s" "P,R,C,S" "spin/H2O-periodic"
239: Environment variables: 
239:  DFTBPLUS_PARAM_DIR=/home/users/ntu/c230179/Desktop/dftbplus-25.1/external
239: Test timeout computed to be: 10000000
239: spin/H2O-periodic:	Test script returned non-zero exit code: 1
239:  deleting file 'autotest.tag'
239:  TODO.
239: 
239: ==============================================================================
239: TEST SUMMARY
239: ------------------------------------------------------------------------------
239: Match:
239:     None
239: 
239: Not run:
239:     spin/H2O-periodic
239: ------------------------------------------------------------------------------
239: Status: FAIL
239/406 Test #239: app/dftb+/spin/H2O-periodic ......................................***Failed    0.04 sec
spin/H2O-periodic:	Test script returned non-zero exit code: 1
 deleting file 'autotest.tag'
 TODO.

==============================================================================
TEST SUMMARY
------------------------------------------------------------------------------
Match:
    None

Not run:
    spin/H2O-periodic
------------------------------------------------------------------------------
Status: FAIL

test 240
        Start 240: app/dftb+/spin/OH_commonFermi

240: Test command: /home/users/ntu/c230179/Desktop/dftbplus-25.1/test/app/dftb+/bin/autotest2 "-r" "/home/users/ntu/c230179/Desktop/dftbplus-25.1/test/app/dftb+" "-w" "/home/users/ntu/c230179/Desktop/dftb_builds/dftb_gcc_Release/test/app/dftb+" "-d" "/home/users/ntu/c230179/Desktop/dftbplus-25.1/test/app/dftb+/bin/tagdiff" "-P" "env OMP_NUM_THREADS=1" "-p" "/home/users/ntu/c230179/Desktop/dftb_builds/dftb_gcc_Release/app/dftb+/dftb+" "-G" "/home/users/ntu/c230179/Desktop/dftbplus-25.1/test/app/dftb+/bin/globalpostrun.sh" "-s" "P,R,C,S" "spin/OH_commonFermi"
240: Environment variables: 
240:  DFTBPLUS_PARAM_DIR=/home/users/ntu/c230179/Desktop/dftbplus-25.1/external
240: Test timeout computed to be: 10000000
240: spin/OH_commonFermi:	Test script returned non-zero exit code: 1
240:  deleting file 'autotest.tag'
240:  TODO.
240: 
240: ==============================================================================
240: TEST SUMMARY
240: ------------------------------------------------------------------------------
240: Match:
240:     None
240: 
240: Not run:
240:     spin/OH_commonFermi
240: ------------------------------------------------------------------------------
240: Status: FAIL
240/406 Test #240: app/dftb+/spin/OH_commonFermi ....................................***Failed    0.04 sec
spin/OH_commonFermi:	Test script returned non-zero exit code: 1
 deleting file 'autotest.tag'
 TODO.

==============================================================================
TEST SUMMARY
------------------------------------------------------------------------------
Match:
    None

Not run:
    spin/OH_commonFermi
------------------------------------------------------------------------------
Status: FAIL

test 241
        Start 241: app/dftb+/derivatives/Si_2_Richardson

241: Test command: /home/users/ntu/c230179/Desktop/dftbplus-25.1/test/app/dftb+/bin/autotest2 "-r" "/home/users/ntu/c230179/Desktop/dftbplus-25.1/test/app/dftb+" "-w" "/home/users/ntu/c230179/Desktop/dftb_builds/dftb_gcc_Release/test/app/dftb+" "-d" "/home/users/ntu/c230179/Desktop/dftbplus-25.1/test/app/dftb+/bin/tagdiff" "-P" "env OMP_NUM_THREADS=1" "-p" "/home/users/ntu/c230179/Desktop/dftb_builds/dftb_gcc_Release/app/dftb+/dftb+" "-G" "/home/users/ntu/c230179/Desktop/dftbplus-25.1/test/app/dftb+/bin/globalpostrun.sh" "-s" "P,R,C,S" "derivatives/Si_2_Richardson"
241: Environment variables: 
241:  DFTBPLUS_PARAM_DIR=/home/users/ntu/c230179/Desktop/dftbplus-25.1/external
241: Test timeout computed to be: 10000000
241: cp: cannot stat 'derivatives/Si_2_Richardson/Si-Si.skf': No such file or directory
241: derivatives/Si_2_Richardson:	Test script returned non-zero exit code: 1
241:  deleting file 'autotest.tag'
241:  TODO.
241: 
241: ==============================================================================
241: TEST SUMMARY
241: ------------------------------------------------------------------------------
241: Match:
241:     None
241: 
241: Not run:
241:     derivatives/Si_2_Richardson
241: ------------------------------------------------------------------------------
241: Status: FAIL
241/406 Test #241: app/dftb+/derivatives/Si_2_Richardson ............................***Failed    0.04 sec
cp: cannot stat 'derivatives/Si_2_Richardson/Si-Si.skf': No such file or directory
derivatives/Si_2_Richardson:	Test script returned non-zero exit code: 1
 deleting file 'autotest.tag'
 TODO.

==============================================================================
TEST SUMMARY
------------------------------------------------------------------------------
Match:
    None

Not run:
    derivatives/Si_2_Richardson
------------------------------------------------------------------------------
Status: FAIL

test 242
        Start 242: app/dftb+/geoopt/H2O-constr

242: Test command: /home/users/ntu/c230179/Desktop/dftbplus-25.1/test/app/dftb+/bin/autotest2 "-r" "/home/users/ntu/c230179/Desktop/dftbplus-25.1/test/app/dftb+" "-w" "/home/users/ntu/c230179/Desktop/dftb_builds/dftb_gcc_Release/test/app/dftb+" "-d" "/home/users/ntu/c230179/Desktop/dftbplus-25.1/test/app/dftb+/bin/tagdiff" "-P" "env OMP_NUM_THREADS=1" "-p" "/home/users/ntu/c230179/Desktop/dftb_builds/dftb_gcc_Release/app/dftb+/dftb+" "-G" "/home/users/ntu/c230179/Desktop/dftbplus-25.1/test/app/dftb+/bin/globalpostrun.sh" "-s" "P,R,C,S" "geoopt/H2O-constr"
242: Environment variables: 
242:  DFTBPLUS_PARAM_DIR=/home/users/ntu/c230179/Desktop/dftbplus-25.1/external
242: Test timeout computed to be: 10000000
242: cp: cannot stat 'geoopt/H2O-constr/H-H.skf': No such file or directory
242: cp: cannot stat 'geoopt/H2O-constr/H-O.skf': No such file or directory
242: cp: cannot stat 'geoopt/H2O-constr/O-H.skf': No such file or directory
242: cp: cannot stat 'geoopt/H2O-constr/O-O.skf': No such file or directory
242: geoopt/H2O-constr:	Test script returned non-zero exit code: 1
242:  deleting file 'autotest.tag'
242:  TODO.
242: 
242: ==============================================================================
242: TEST SUMMARY
242: ------------------------------------------------------------------------------
242: Match:
242:     None
242: 
242: Not run:
242:     geoopt/H2O-constr
242: ------------------------------------------------------------------------------
242: Status: FAIL
242/406 Test #242: app/dftb+/geoopt/H2O-constr ......................................***Failed    0.05 sec
cp: cannot stat 'geoopt/H2O-constr/H-H.skf': No such file or directory
cp: cannot stat 'geoopt/H2O-constr/H-O.skf': No such file or directory
cp: cannot stat 'geoopt/H2O-constr/O-H.skf': No such file or directory
cp: cannot stat 'geoopt/H2O-constr/O-O.skf': No such file or directory
geoopt/H2O-constr:	Test script returned non-zero exit code: 1
 deleting file 'autotest.tag'
 TODO.

==============================================================================
TEST SUMMARY
------------------------------------------------------------------------------
Match:
    None

Not run:
    geoopt/H2O-constr
------------------------------------------------------------------------------
Status: FAIL

test 243
        Start 243: app/dftb+/legacy/SiC_polyRep

243: Test command: /home/users/ntu/c230179/Desktop/dftbplus-25.1/test/app/dftb+/bin/autotest2 "-r" "/home/users/ntu/c230179/Desktop/dftbplus-25.1/test/app/dftb+" "-w" "/home/users/ntu/c230179/Desktop/dftb_builds/dftb_gcc_Release/test/app/dftb+" "-d" "/home/users/ntu/c230179/Desktop/dftbplus-25.1/test/app/dftb+/bin/tagdiff" "-P" "env OMP_NUM_THREADS=1" "-p" "/home/users/ntu/c230179/Desktop/dftb_builds/dftb_gcc_Release/app/dftb+/dftb+" "-G" "/home/users/ntu/c230179/Desktop/dftbplus-25.1/test/app/dftb+/bin/globalpostrun.sh" "-s" "P,R,C,S" "legacy/SiC_polyRep"
243: Environment variables: 
243:  DFTBPLUS_PARAM_DIR=/home/users/ntu/c230179/Desktop/dftbplus-25.1/external
243: Test timeout computed to be: 10000000
243: cp: cannot stat 'legacy/SiC_polyRep/C-C.skf': No such file or directory
243: cp: cannot stat 'legacy/SiC_polyRep/C-Si.skf': No such file or directory
243: cp: cannot stat 'legacy/SiC_polyRep/Si-C.skf': No such file or directory
243: cp: cannot stat 'legacy/SiC_polyRep/Si-Si.skf': No such file or directory
243: legacy/SiC_polyRep:	Test script returned non-zero exit code: 1
243:  deleting file 'autotest.tag'
243:  TODO.
243: 
243: ==============================================================================
243: TEST SUMMARY
243: ------------------------------------------------------------------------------
243: Match:
243:     None
243: 
243: Not run:
243:     legacy/SiC_polyRep
243: ------------------------------------------------------------------------------
243: Status: FAIL
243/406 Test #243: app/dftb+/legacy/SiC_polyRep .....................................***Failed    0.05 sec
cp: cannot stat 'legacy/SiC_polyRep/C-C.skf': No such file or directory
cp: cannot stat 'legacy/SiC_polyRep/C-Si.skf': No such file or directory
cp: cannot stat 'legacy/SiC_polyRep/Si-C.skf': No such file or directory
cp: cannot stat 'legacy/SiC_polyRep/Si-Si.skf': No such file or directory
legacy/SiC_polyRep:	Test script returned non-zero exit code: 1
 deleting file 'autotest.tag'
 TODO.

==============================================================================
TEST SUMMARY
------------------------------------------------------------------------------
Match:
    None

Not run:
    legacy/SiC_polyRep
------------------------------------------------------------------------------
Status: FAIL

test 244
        Start 244: app/dftb+/md/SiH-surface_restart

244: Test command: /home/users/ntu/c230179/Desktop/dftbplus-25.1/test/app/dftb+/bin/autotest2 "-r" "/home/users/ntu/c230179/Desktop/dftbplus-25.1/test/app/dftb+" "-w" "/home/users/ntu/c230179/Desktop/dftb_builds/dftb_gcc_Release/test/app/dftb+" "-d" "/home/users/ntu/c230179/Desktop/dftbplus-25.1/test/app/dftb+/bin/tagdiff" "-P" "env OMP_NUM_THREADS=1" "-p" "/home/users/ntu/c230179/Desktop/dftb_builds/dftb_gcc_Release/app/dftb+/dftb+" "-G" "/home/users/ntu/c230179/Desktop/dftbplus-25.1/test/app/dftb+/bin/globalpostrun.sh" "-s" "P,R,C,S" "md/SiH-surface_restart"
244: Environment variables: 
244:  DFTBPLUS_PARAM_DIR=/home/users/ntu/c230179/Desktop/dftbplus-25.1/external
244: Test timeout computed to be: 10000000
244: md/SiH-surface_restart:	Test script returned non-zero exit code: 1
244:  deleting file 'autotest.tag'
244:  TODO.
244: 
244: ==============================================================================
244: TEST SUMMARY
244: ------------------------------------------------------------------------------
244: Match:
244:     None
244: 
244: Not run:
244:     md/SiH-surface_restart
244: ------------------------------------------------------------------------------
244: Status: FAIL
244/406 Test #244: app/dftb+/md/SiH-surface_restart .................................***Failed    0.06 sec
md/SiH-surface_restart:	Test script returned non-zero exit code: 1
 deleting file 'autotest.tag'
 TODO.

==============================================================================
TEST SUMMARY
------------------------------------------------------------------------------
Match:
    None

Not run:
    md/SiH-surface_restart
------------------------------------------------------------------------------
Status: FAIL

test 245
        Start 245: app/dftb+/scc/C4H8_3rdfull

245: Test command: /home/users/ntu/c230179/Desktop/dftbplus-25.1/test/app/dftb+/bin/autotest2 "-r" "/home/users/ntu/c230179/Desktop/dftbplus-25.1/test/app/dftb+" "-w" "/home/users/ntu/c230179/Desktop/dftb_builds/dftb_gcc_Release/test/app/dftb+" "-d" "/home/users/ntu/c230179/Desktop/dftbplus-25.1/test/app/dftb+/bin/tagdiff" "-P" "env OMP_NUM_THREADS=1" "-p" "/home/users/ntu/c230179/Desktop/dftb_builds/dftb_gcc_Release/app/dftb+/dftb+" "-G" "/home/users/ntu/c230179/Desktop/dftbplus-25.1/test/app/dftb+/bin/globalpostrun.sh" "-s" "P,R,C,S" "scc/C4H8_3rdfull"
245: Environment variables: 
245:  DFTBPLUS_PARAM_DIR=/home/users/ntu/c230179/Desktop/dftbplus-25.1/external
245: Test timeout computed to be: 10000000
245: scc/C4H8_3rdfull:	Test script returned non-zero exit code: 1
245:  deleting file 'autotest.tag'
245:  TODO.
245: 
245: ==============================================================================
245: TEST SUMMARY
245: ------------------------------------------------------------------------------
245: Match:
245:     None
245: 
245: Not run:
245:     scc/C4H8_3rdfull
245: ------------------------------------------------------------------------------
245: Status: FAIL
245/406 Test #245: app/dftb+/scc/C4H8_3rdfull .......................................***Failed    0.04 sec
scc/C4H8_3rdfull:	Test script returned non-zero exit code: 1
 deleting file 'autotest.tag'
 TODO.

==============================================================================
TEST SUMMARY
------------------------------------------------------------------------------
Match:
    None

Not run:
    scc/C4H8_3rdfull
------------------------------------------------------------------------------
Status: FAIL

test 246
        Start 246: app/dftb+/scc/C4H8_3rdfull-damp

246: Test command: /home/users/ntu/c230179/Desktop/dftbplus-25.1/test/app/dftb+/bin/autotest2 "-r" "/home/users/ntu/c230179/Desktop/dftbplus-25.1/test/app/dftb+" "-w" "/home/users/ntu/c230179/Desktop/dftb_builds/dftb_gcc_Release/test/app/dftb+" "-d" "/home/users/ntu/c230179/Desktop/dftbplus-25.1/test/app/dftb+/bin/tagdiff" "-P" "env OMP_NUM_THREADS=1" "-p" "/home/users/ntu/c230179/Desktop/dftb_builds/dftb_gcc_Release/app/dftb+/dftb+" "-G" "/home/users/ntu/c230179/Desktop/dftbplus-25.1/test/app/dftb+/bin/globalpostrun.sh" "-s" "P,R,C,S" "scc/C4H8_3rdfull-damp"
246: Environment variables: 
246:  DFTBPLUS_PARAM_DIR=/home/users/ntu/c230179/Desktop/dftbplus-25.1/external
246: Test timeout computed to be: 10000000
246: scc/C4H8_3rdfull-damp:	Test script returned non-zero exit code: 1
246:  deleting file 'autotest.tag'
246:  TODO.
246: 
246: ==============================================================================
246: TEST SUMMARY
246: ------------------------------------------------------------------------------
246: Match:
246:     None
246: 
246: Not run:
246:     scc/C4H8_3rdfull-damp
246: ------------------------------------------------------------------------------
246: Status: FAIL
246/406 Test #246: app/dftb+/scc/C4H8_3rdfull-damp ..................................***Failed    0.04 sec
scc/C4H8_3rdfull-damp:	Test script returned non-zero exit code: 1
 deleting file 'autotest.tag'
 TODO.

==============================================================================
TEST SUMMARY
------------------------------------------------------------------------------
Match:
    None

Not run:
    scc/C4H8_3rdfull-damp
------------------------------------------------------------------------------
Status: FAIL

test 247
        Start 247: app/dftb+/scc/CH2_n_3rdfull

247: Test command: /home/users/ntu/c230179/Desktop/dftbplus-25.1/test/app/dftb+/bin/autotest2 "-r" "/home/users/ntu/c230179/Desktop/dftbplus-25.1/test/app/dftb+" "-w" "/home/users/ntu/c230179/Desktop/dftb_builds/dftb_gcc_Release/test/app/dftb+" "-d" "/home/users/ntu/c230179/Desktop/dftbplus-25.1/test/app/dftb+/bin/tagdiff" "-P" "env OMP_NUM_THREADS=1" "-p" "/home/users/ntu/c230179/Desktop/dftb_builds/dftb_gcc_Release/app/dftb+/dftb+" "-G" "/home/users/ntu/c230179/Desktop/dftbplus-25.1/test/app/dftb+/bin/globalpostrun.sh" "-s" "P,R,C,S" "scc/CH2_n_3rdfull"
247: Environment variables: 
247:  DFTBPLUS_PARAM_DIR=/home/users/ntu/c230179/Desktop/dftbplus-25.1/external
247: Test timeout computed to be: 10000000
247: scc/CH2_n_3rdfull:	Test script returned non-zero exit code: 1
247:  deleting file 'autotest.tag'
247:  TODO.
247: 
247: ==============================================================================
247: TEST SUMMARY
247: ------------------------------------------------------------------------------
247: Match:
247:     None
247: 
247: Not run:
247:     scc/CH2_n_3rdfull
247: ------------------------------------------------------------------------------
247: Status: FAIL
247/406 Test #247: app/dftb+/scc/CH2_n_3rdfull ......................................***Failed    0.04 sec
scc/CH2_n_3rdfull:	Test script returned non-zero exit code: 1
 deleting file 'autotest.tag'
 TODO.

==============================================================================
TEST SUMMARY
------------------------------------------------------------------------------
Match:
    None

Not run:
    scc/CH2_n_3rdfull
------------------------------------------------------------------------------
Status: FAIL

test 248
        Start 248: app/dftb+/scc/CH2_n_3rdfull_damp

248: Test command: /home/users/ntu/c230179/Desktop/dftbplus-25.1/test/app/dftb+/bin/autotest2 "-r" "/home/users/ntu/c230179/Desktop/dftbplus-25.1/test/app/dftb+" "-w" "/home/users/ntu/c230179/Desktop/dftb_builds/dftb_gcc_Release/test/app/dftb+" "-d" "/home/users/ntu/c230179/Desktop/dftbplus-25.1/test/app/dftb+/bin/tagdiff" "-P" "env OMP_NUM_THREADS=1" "-p" "/home/users/ntu/c230179/Desktop/dftb_builds/dftb_gcc_Release/app/dftb+/dftb+" "-G" "/home/users/ntu/c230179/Desktop/dftbplus-25.1/test/app/dftb+/bin/globalpostrun.sh" "-s" "P,R,C,S" "scc/CH2_n_3rdfull_damp"
248: Environment variables: 
248:  DFTBPLUS_PARAM_DIR=/home/users/ntu/c230179/Desktop/dftbplus-25.1/external
248: Test timeout computed to be: 10000000
248: scc/CH2_n_3rdfull_damp:	Test script returned non-zero exit code: 1
248:  deleting file 'autotest.tag'
248:  TODO.
248: 
248: ==============================================================================
248: TEST SUMMARY
248: ------------------------------------------------------------------------------
248: Match:
248:     None
248: 
248: Not run:
248:     scc/CH2_n_3rdfull_damp
248: ------------------------------------------------------------------------------
248: Status: FAIL
248/406 Test #248: app/dftb+/scc/CH2_n_3rdfull_damp .................................***Failed    0.04 sec
scc/CH2_n_3rdfull_damp:	Test script returned non-zero exit code: 1
 deleting file 'autotest.tag'
 TODO.

==============================================================================
TEST SUMMARY
------------------------------------------------------------------------------
Match:
    None

Not run:
    scc/CH2_n_3rdfull_damp
------------------------------------------------------------------------------
Status: FAIL

test 249
        Start 249: app/dftb+/scc/GaAs_2_restart

249: Test command: /home/users/ntu/c230179/Desktop/dftbplus-25.1/test/app/dftb+/bin/autotest2 "-r" "/home/users/ntu/c230179/Desktop/dftbplus-25.1/test/app/dftb+" "-w" "/home/users/ntu/c230179/Desktop/dftb_builds/dftb_gcc_Release/test/app/dftb+" "-d" "/home/users/ntu/c230179/Desktop/dftbplus-25.1/test/app/dftb+/bin/tagdiff" "-P" "env OMP_NUM_THREADS=1" "-p" "/home/users/ntu/c230179/Desktop/dftb_builds/dftb_gcc_Release/app/dftb+/dftb+" "-G" "/home/users/ntu/c230179/Desktop/dftbplus-25.1/test/app/dftb+/bin/globalpostrun.sh" "-s" "P,R,C,S" "scc/GaAs_2_restart"
249: Environment variables: 
249:  DFTBPLUS_PARAM_DIR=/home/users/ntu/c230179/Desktop/dftbplus-25.1/external
249: Test timeout computed to be: 10000000
249: scc/GaAs_2_restart:	Test script returned non-zero exit code: 1
249:  deleting file 'autotest.tag'
249:  TODO.
249: 
249: ==============================================================================
249: TEST SUMMARY
249: ------------------------------------------------------------------------------
249: Match:
249:     None
249: 
249: Not run:
249:     scc/GaAs_2_restart
249: ------------------------------------------------------------------------------
249: Status: FAIL
249/406 Test #249: app/dftb+/scc/GaAs_2_restart .....................................***Failed    0.07 sec
scc/GaAs_2_restart:	Test script returned non-zero exit code: 1
 deleting file 'autotest.tag'
 TODO.

==============================================================================
TEST SUMMARY
------------------------------------------------------------------------------
Match:
    None

Not run:
    scc/GaAs_2_restart
------------------------------------------------------------------------------
Status: FAIL

test 250
        Start 250: app/dftb+/scc/SiH_custom-ref

250: Test command: /home/users/ntu/c230179/Desktop/dftbplus-25.1/test/app/dftb+/bin/autotest2 "-r" "/home/users/ntu/c230179/Desktop/dftbplus-25.1/test/app/dftb+" "-w" "/home/users/ntu/c230179/Desktop/dftb_builds/dftb_gcc_Release/test/app/dftb+" "-d" "/home/users/ntu/c230179/Desktop/dftbplus-25.1/test/app/dftb+/bin/tagdiff" "-P" "env OMP_NUM_THREADS=1" "-p" "/home/users/ntu/c230179/Desktop/dftb_builds/dftb_gcc_Release/app/dftb+/dftb+" "-G" "/home/users/ntu/c230179/Desktop/dftbplus-25.1/test/app/dftb+/bin/globalpostrun.sh" "-s" "P,R,C,S" "scc/SiH_custom-ref"
250: Environment variables: 
250:  DFTBPLUS_PARAM_DIR=/home/users/ntu/c230179/Desktop/dftbplus-25.1/external
250: Test timeout computed to be: 10000000
250: scc/SiH_custom-ref:	Test script returned non-zero exit code: 1
250:  deleting file 'autotest.tag'
250:  TODO.
250: 
250: ==============================================================================
250: TEST SUMMARY
250: ------------------------------------------------------------------------------
250: Match:
250:     None
250: 
250: Not run:
250:     scc/SiH_custom-ref
250: ------------------------------------------------------------------------------
250: Status: FAIL
250/406 Test #250: app/dftb+/scc/SiH_custom-ref .....................................***Failed    0.05 sec
scc/SiH_custom-ref:	Test script returned non-zero exit code: 1
 deleting file 'autotest.tag'
 TODO.

==============================================================================
TEST SUMMARY
------------------------------------------------------------------------------
Match:
    None

Not run:
    scc/SiH_custom-ref
------------------------------------------------------------------------------
Status: FAIL

test 251
        Start 251: app/dftb+/scc/HH_custom-ref

251: Test command: /home/users/ntu/c230179/Desktop/dftbplus-25.1/test/app/dftb+/bin/autotest2 "-r" "/home/users/ntu/c230179/Desktop/dftbplus-25.1/test/app/dftb+" "-w" "/home/users/ntu/c230179/Desktop/dftb_builds/dftb_gcc_Release/test/app/dftb+" "-d" "/home/users/ntu/c230179/Desktop/dftbplus-25.1/test/app/dftb+/bin/tagdiff" "-P" "env OMP_NUM_THREADS=1" "-p" "/home/users/ntu/c230179/Desktop/dftb_builds/dftb_gcc_Release/app/dftb+/dftb+" "-G" "/home/users/ntu/c230179/Desktop/dftbplus-25.1/test/app/dftb+/bin/globalpostrun.sh" "-s" "P,R,C,S" "scc/HH_custom-ref"
251: Environment variables: 
251:  DFTBPLUS_PARAM_DIR=/home/users/ntu/c230179/Desktop/dftbplus-25.1/external
251: Test timeout computed to be: 10000000
251: scc/HH_custom-ref:	Test script returned non-zero exit code: 1
251:  deleting file 'autotest.tag'
251:  TODO.
251: 
251: ==============================================================================
251: TEST SUMMARY
251: ------------------------------------------------------------------------------
251: Match:
251:     None
251: 
251: Not run:
251:     scc/HH_custom-ref
251: ------------------------------------------------------------------------------
251: Status: FAIL
251/406 Test #251: app/dftb+/scc/HH_custom-ref ......................................***Failed    0.04 sec
scc/HH_custom-ref:	Test script returned non-zero exit code: 1
 deleting file 'autotest.tag'
 TODO.

==============================================================================
TEST SUMMARY
------------------------------------------------------------------------------
Match:
    None

Not run:
    scc/HH_custom-ref
------------------------------------------------------------------------------
Status: FAIL

test 252
        Start 252: app/dftb+/spin/Fe4

252: Test command: /home/users/ntu/c230179/Desktop/dftbplus-25.1/test/app/dftb+/bin/autotest2 "-r" "/home/users/ntu/c230179/Desktop/dftbplus-25.1/test/app/dftb+" "-w" "/home/users/ntu/c230179/Desktop/dftb_builds/dftb_gcc_Release/test/app/dftb+" "-d" "/home/users/ntu/c230179/Desktop/dftbplus-25.1/test/app/dftb+/bin/tagdiff" "-P" "env OMP_NUM_THREADS=1" "-p" "/home/users/ntu/c230179/Desktop/dftb_builds/dftb_gcc_Release/app/dftb+/dftb+" "-G" "/home/users/ntu/c230179/Desktop/dftbplus-25.1/test/app/dftb+/bin/globalpostrun.sh" "-s" "P,R,C,S" "spin/Fe4"
252: Environment variables: 
252:  DFTBPLUS_PARAM_DIR=/home/users/ntu/c230179/Desktop/dftbplus-25.1/external
252: Test timeout computed to be: 10000000
252: cp: cannot stat 'spin/Fe4/Fe-Fe.skf': No such file or directory
252: spin/Fe4:	Test script returned non-zero exit code: 1
252:  deleting file 'autotest.tag'
252:  TODO.
252: 
252: ==============================================================================
252: TEST SUMMARY
252: ------------------------------------------------------------------------------
252: Match:
252:     None
252: 
252: Not run:
252:     spin/Fe4
252: ------------------------------------------------------------------------------
252: Status: FAIL
252/406 Test #252: app/dftb+/spin/Fe4 ...............................................***Failed    0.04 sec
cp: cannot stat 'spin/Fe4/Fe-Fe.skf': No such file or directory
spin/Fe4:	Test script returned non-zero exit code: 1
 deleting file 'autotest.tag'
 TODO.

==============================================================================
TEST SUMMARY
------------------------------------------------------------------------------
Match:
    None

Not run:
    spin/Fe4
------------------------------------------------------------------------------
Status: FAIL

test 253
        Start 253: app/dftb+/spin/Fe4_commonFermi

253: Test command: /home/users/ntu/c230179/Desktop/dftbplus-25.1/test/app/dftb+/bin/autotest2 "-r" "/home/users/ntu/c230179/Desktop/dftbplus-25.1/test/app/dftb+" "-w" "/home/users/ntu/c230179/Desktop/dftb_builds/dftb_gcc_Release/test/app/dftb+" "-d" "/home/users/ntu/c230179/Desktop/dftbplus-25.1/test/app/dftb+/bin/tagdiff" "-P" "env OMP_NUM_THREADS=1" "-p" "/home/users/ntu/c230179/Desktop/dftb_builds/dftb_gcc_Release/app/dftb+/dftb+" "-G" "/home/users/ntu/c230179/Desktop/dftbplus-25.1/test/app/dftb+/bin/globalpostrun.sh" "-s" "P,R,C,S" "spin/Fe4_commonFermi"
253: Environment variables: 
253:  DFTBPLUS_PARAM_DIR=/home/users/ntu/c230179/Desktop/dftbplus-25.1/external
253: Test timeout computed to be: 10000000
253: cp: cannot stat 'spin/Fe4_commonFermi/Fe-Fe.skf': No such file or directory
253: spin/Fe4_commonFermi:	Test script returned non-zero exit code: 1
253:  deleting file 'autotest.tag'
253:  TODO.
253: 
253: ==============================================================================
253: TEST SUMMARY
253: ------------------------------------------------------------------------------
253: Match:
253:     None
253: 
253: Not run:
253:     spin/Fe4_commonFermi
253: ------------------------------------------------------------------------------
253: Status: FAIL
253/406 Test #253: app/dftb+/spin/Fe4_commonFermi ...................................***Failed    0.04 sec
cp: cannot stat 'spin/Fe4_commonFermi/Fe-Fe.skf': No such file or directory
spin/Fe4_commonFermi:	Test script returned non-zero exit code: 1
 deleting file 'autotest.tag'
 TODO.

==============================================================================
TEST SUMMARY
------------------------------------------------------------------------------
Match:
    None

Not run:
    spin/Fe4_commonFermi
------------------------------------------------------------------------------
Status: FAIL

test 254
        Start 254: app/dftb+/solvation/sasa_i10e

254: Test command: /home/users/ntu/c230179/Desktop/dftbplus-25.1/test/app/dftb+/bin/autotest2 "-r" "/home/users/ntu/c230179/Desktop/dftbplus-25.1/test/app/dftb+" "-w" "/home/users/ntu/c230179/Desktop/dftb_builds/dftb_gcc_Release/test/app/dftb+" "-d" "/home/users/ntu/c230179/Desktop/dftbplus-25.1/test/app/dftb+/bin/tagdiff" "-P" "env OMP_NUM_THREADS=1" "-p" "/home/users/ntu/c230179/Desktop/dftb_builds/dftb_gcc_Release/app/dftb+/dftb+" "-G" "/home/users/ntu/c230179/Desktop/dftbplus-25.1/test/app/dftb+/bin/globalpostrun.sh" "-s" "P,R,C,S" "solvation/sasa_i10e"
254: Environment variables: 
254:  DFTBPLUS_PARAM_DIR=/home/users/ntu/c230179/Desktop/dftbplus-25.1/external
254: Test timeout computed to be: 10000000
254: solvation/sasa_i10e:	Test script returned non-zero exit code: 1
254:  deleting file 'autotest.tag'
254:  TODO.
254: 
254: ==============================================================================
254: TEST SUMMARY
254: ------------------------------------------------------------------------------
254: Match:
254:     None
254: 
254: Not run:
254:     solvation/sasa_i10e
254: ------------------------------------------------------------------------------
254: Status: FAIL
254/406 Test #254: app/dftb+/solvation/sasa_i10e ....................................***Failed    0.05 sec
solvation/sasa_i10e:	Test script returned non-zero exit code: 1
 deleting file 'autotest.tag'
 TODO.

==============================================================================
TEST SUMMARY
------------------------------------------------------------------------------
Match:
    None

Not run:
    solvation/sasa_i10e
------------------------------------------------------------------------------
Status: FAIL

test 255
        Start 255: app/dftb+/solvation/gb_ionpair

255: Test command: /home/users/ntu/c230179/Desktop/dftbplus-25.1/test/app/dftb+/bin/autotest2 "-r" "/home/users/ntu/c230179/Desktop/dftbplus-25.1/test/app/dftb+" "-w" "/home/users/ntu/c230179/Desktop/dftb_builds/dftb_gcc_Release/test/app/dftb+" "-d" "/home/users/ntu/c230179/Desktop/dftbplus-25.1/test/app/dftb+/bin/tagdiff" "-P" "env OMP_NUM_THREADS=1" "-p" "/home/users/ntu/c230179/Desktop/dftb_builds/dftb_gcc_Release/app/dftb+/dftb+" "-G" "/home/users/ntu/c230179/Desktop/dftbplus-25.1/test/app/dftb+/bin/globalpostrun.sh" "-s" "P,R,C,S" "solvation/gb_ionpair"
255: Environment variables: 
255:  DFTBPLUS_PARAM_DIR=/home/users/ntu/c230179/Desktop/dftbplus-25.1/external
255: Test timeout computed to be: 10000000
255: solvation/gb_ionpair:	Test script returned non-zero exit code: 1
255:  deleting file 'autotest.tag'
255:  TODO.
255: 
255: ==============================================================================
255: TEST SUMMARY
255: ------------------------------------------------------------------------------
255: Match:
255:     None
255: 
255: Not run:
255:     solvation/gb_ionpair
255: ------------------------------------------------------------------------------
255: Status: FAIL
255/406 Test #255: app/dftb+/solvation/gb_ionpair ...................................***Failed    0.04 sec
solvation/gb_ionpair:	Test script returned non-zero exit code: 1
 deleting file 'autotest.tag'
 TODO.

==============================================================================
TEST SUMMARY
------------------------------------------------------------------------------
Match:
    None

Not run:
    solvation/gb_ionpair
------------------------------------------------------------------------------
Status: FAIL

test 256
        Start 256: app/dftb+/solvation/gb_reference

256: Test command: /home/users/ntu/c230179/Desktop/dftbplus-25.1/test/app/dftb+/bin/autotest2 "-r" "/home/users/ntu/c230179/Desktop/dftbplus-25.1/test/app/dftb+" "-w" "/home/users/ntu/c230179/Desktop/dftb_builds/dftb_gcc_Release/test/app/dftb+" "-d" "/home/users/ntu/c230179/Desktop/dftbplus-25.1/test/app/dftb+/bin/tagdiff" "-P" "env OMP_NUM_THREADS=1" "-p" "/home/users/ntu/c230179/Desktop/dftb_builds/dftb_gcc_Release/app/dftb+/dftb+" "-G" "/home/users/ntu/c230179/Desktop/dftbplus-25.1/test/app/dftb+/bin/globalpostrun.sh" "-s" "P,R,C,S" "solvation/gb_reference"
256: Environment variables: 
256:  DFTBPLUS_PARAM_DIR=/home/users/ntu/c230179/Desktop/dftbplus-25.1/external
256: Test timeout computed to be: 10000000
256: solvation/gb_reference:	Test script returned non-zero exit code: 1
256:  deleting file 'autotest.tag'
256:  TODO.
256: 
256: ==============================================================================
256: TEST SUMMARY
256: ------------------------------------------------------------------------------
256: Match:
256:     None
256: 
256: Not run:
256:     solvation/gb_reference
256: ------------------------------------------------------------------------------
256: Status: FAIL
256/406 Test #256: app/dftb+/solvation/gb_reference .................................***Failed    0.04 sec
solvation/gb_reference:	Test script returned non-zero exit code: 1
 deleting file 'autotest.tag'
 TODO.

==============================================================================
TEST SUMMARY
------------------------------------------------------------------------------
Match:
    None

Not run:
    solvation/gb_reference
------------------------------------------------------------------------------
Status: FAIL

test 257
        Start 257: app/dftb+/solvation/gb_mol1bar

257: Test command: /home/users/ntu/c230179/Desktop/dftbplus-25.1/test/app/dftb+/bin/autotest2 "-r" "/home/users/ntu/c230179/Desktop/dftbplus-25.1/test/app/dftb+" "-w" "/home/users/ntu/c230179/Desktop/dftb_builds/dftb_gcc_Release/test/app/dftb+" "-d" "/home/users/ntu/c230179/Desktop/dftbplus-25.1/test/app/dftb+/bin/tagdiff" "-P" "env OMP_NUM_THREADS=1" "-p" "/home/users/ntu/c230179/Desktop/dftb_builds/dftb_gcc_Release/app/dftb+/dftb+" "-G" "/home/users/ntu/c230179/Desktop/dftbplus-25.1/test/app/dftb+/bin/globalpostrun.sh" "-s" "P,R,C,S" "solvation/gb_mol1bar"
257: Environment variables: 
257:  DFTBPLUS_PARAM_DIR=/home/users/ntu/c230179/Desktop/dftbplus-25.1/external
257: Test timeout computed to be: 10000000
257: solvation/gb_mol1bar:	Test script returned non-zero exit code: 1
257:  deleting file 'autotest.tag'
257:  TODO.
257: 
257: ==============================================================================
257: TEST SUMMARY
257: ------------------------------------------------------------------------------
257: Match:
257:     None
257: 
257: Not run:
257:     solvation/gb_mol1bar
257: ------------------------------------------------------------------------------
257: Status: FAIL
257/406 Test #257: app/dftb+/solvation/gb_mol1bar ...................................***Failed    0.04 sec
solvation/gb_mol1bar:	Test script returned non-zero exit code: 1
 deleting file 'autotest.tag'
 TODO.

==============================================================================
TEST SUMMARY
------------------------------------------------------------------------------
Match:
    None

Not run:
    solvation/gb_mol1bar
------------------------------------------------------------------------------
Status: FAIL

test 258
        Start 258: app/dftb+/solvation/gb_cm5

258: Test command: /home/users/ntu/c230179/Desktop/dftbplus-25.1/test/app/dftb+/bin/autotest2 "-r" "/home/users/ntu/c230179/Desktop/dftbplus-25.1/test/app/dftb+" "-w" "/home/users/ntu/c230179/Desktop/dftb_builds/dftb_gcc_Release/test/app/dftb+" "-d" "/home/users/ntu/c230179/Desktop/dftbplus-25.1/test/app/dftb+/bin/tagdiff" "-P" "env OMP_NUM_THREADS=1" "-p" "/home/users/ntu/c230179/Desktop/dftb_builds/dftb_gcc_Release/app/dftb+/dftb+" "-G" "/home/users/ntu/c230179/Desktop/dftbplus-25.1/test/app/dftb+/bin/globalpostrun.sh" "-s" "P,R,C,S" "solvation/gb_cm5"
258: Environment variables: 
258:  DFTBPLUS_PARAM_DIR=/home/users/ntu/c230179/Desktop/dftbplus-25.1/external
258: Test timeout computed to be: 10000000
258: solvation/gb_cm5:	Test script returned non-zero exit code: 1
258:  deleting file 'autotest.tag'
258:  TODO.
258: 
258: ==============================================================================
258: TEST SUMMARY
258: ------------------------------------------------------------------------------
258: Match:
258:     None
258: 
258: Not run:
258:     solvation/gb_cm5
258: ------------------------------------------------------------------------------
258: Status: FAIL
258/406 Test #258: app/dftb+/solvation/gb_cm5 .......................................***Failed    0.05 sec
solvation/gb_cm5:	Test script returned non-zero exit code: 1
 deleting file 'autotest.tag'
 TODO.

==============================================================================
TEST SUMMARY
------------------------------------------------------------------------------
Match:
    None

Not run:
    solvation/gb_cm5
------------------------------------------------------------------------------
Status: FAIL

test 259
        Start 259: app/dftb+/solvation/gb_specieslist

259: Test command: /home/users/ntu/c230179/Desktop/dftbplus-25.1/test/app/dftb+/bin/autotest2 "-r" "/home/users/ntu/c230179/Desktop/dftbplus-25.1/test/app/dftb+" "-w" "/home/users/ntu/c230179/Desktop/dftb_builds/dftb_gcc_Release/test/app/dftb+" "-d" "/home/users/ntu/c230179/Desktop/dftbplus-25.1/test/app/dftb+/bin/tagdiff" "-P" "env OMP_NUM_THREADS=1" "-p" "/home/users/ntu/c230179/Desktop/dftb_builds/dftb_gcc_Release/app/dftb+/dftb+" "-G" "/home/users/ntu/c230179/Desktop/dftbplus-25.1/test/app/dftb+/bin/globalpostrun.sh" "-s" "P,R,C,S" "solvation/gb_specieslist"
259: Environment variables: 
259:  DFTBPLUS_PARAM_DIR=/home/users/ntu/c230179/Desktop/dftbplus-25.1/external
259: Test timeout computed to be: 10000000
259: cp: cannot stat 'solvation/gb_specieslist/D-D.skf': No such file or directory
259: cp: cannot stat 'solvation/gb_specieslist/D-O.skf': No such file or directory
259: cp: cannot stat 'solvation/gb_specieslist/O-D.skf': No such file or directory
259: cp: cannot stat 'solvation/gb_specieslist/O-O.skf': No such file or directory
259: solvation/gb_specieslist:	Test script returned non-zero exit code: 1
259:  deleting file 'autotest.tag'
259:  TODO.
259: 
259: ==============================================================================
259: TEST SUMMARY
259: ------------------------------------------------------------------------------
259: Match:
259:     None
259: 
259: Not run:
259:     solvation/gb_specieslist
259: ------------------------------------------------------------------------------
259: Status: FAIL
259/406 Test #259: app/dftb+/solvation/gb_specieslist ...............................***Failed    0.05 sec
cp: cannot stat 'solvation/gb_specieslist/D-D.skf': No such file or directory
cp: cannot stat 'solvation/gb_specieslist/D-O.skf': No such file or directory
cp: cannot stat 'solvation/gb_specieslist/O-D.skf': No such file or directory
cp: cannot stat 'solvation/gb_specieslist/O-O.skf': No such file or directory
solvation/gb_specieslist:	Test script returned non-zero exit code: 1
 deleting file 'autotest.tag'
 TODO.

==============================================================================
TEST SUMMARY
------------------------------------------------------------------------------
Match:
    None

Not run:
    solvation/gb_specieslist
------------------------------------------------------------------------------
Status: FAIL

test 260
        Start 260: app/dftb+/solvation/gb_p16

260: Test command: /home/users/ntu/c230179/Desktop/dftbplus-25.1/test/app/dftb+/bin/autotest2 "-r" "/home/users/ntu/c230179/Desktop/dftbplus-25.1/test/app/dftb+" "-w" "/home/users/ntu/c230179/Desktop/dftb_builds/dftb_gcc_Release/test/app/dftb+" "-d" "/home/users/ntu/c230179/Desktop/dftbplus-25.1/test/app/dftb+/bin/tagdiff" "-P" "env OMP_NUM_THREADS=1" "-p" "/home/users/ntu/c230179/Desktop/dftb_builds/dftb_gcc_Release/app/dftb+/dftb+" "-G" "/home/users/ntu/c230179/Desktop/dftbplus-25.1/test/app/dftb+/bin/globalpostrun.sh" "-s" "P,R,C,S" "solvation/gb_p16"
260: Environment variables: 
260:  DFTBPLUS_PARAM_DIR=/home/users/ntu/c230179/Desktop/dftbplus-25.1/external
260: Test timeout computed to be: 10000000
260: solvation/gb_p16:	Test script returned non-zero exit code: 1
260:  deleting file 'autotest.tag'
260:  TODO.
260: 
260: ==============================================================================
260: TEST SUMMARY
260: ------------------------------------------------------------------------------
260: Match:
260:     None
260: 
260: Not run:
260:     solvation/gb_p16
260: ------------------------------------------------------------------------------
260: Status: FAIL
260/406 Test #260: app/dftb+/solvation/gb_p16 .......................................***Failed    0.04 sec
solvation/gb_p16:	Test script returned non-zero exit code: 1
 deleting file 'autotest.tag'
 TODO.

==============================================================================
TEST SUMMARY
------------------------------------------------------------------------------
Match:
    None

Not run:
    solvation/gb_p16
------------------------------------------------------------------------------
Status: FAIL

test 261
        Start 261: app/dftb+/solvation/gb_inf

261: Test command: /home/users/ntu/c230179/Desktop/dftbplus-25.1/test/app/dftb+/bin/autotest2 "-r" "/home/users/ntu/c230179/Desktop/dftbplus-25.1/test/app/dftb+" "-w" "/home/users/ntu/c230179/Desktop/dftb_builds/dftb_gcc_Release/test/app/dftb+" "-d" "/home/users/ntu/c230179/Desktop/dftbplus-25.1/test/app/dftb+/bin/tagdiff" "-P" "env OMP_NUM_THREADS=1" "-p" "/home/users/ntu/c230179/Desktop/dftb_builds/dftb_gcc_Release/app/dftb+/dftb+" "-G" "/home/users/ntu/c230179/Desktop/dftbplus-25.1/test/app/dftb+/bin/globalpostrun.sh" "-s" "P,R,C,S" "solvation/gb_inf"
261: Environment variables: 
261:  DFTBPLUS_PARAM_DIR=/home/users/ntu/c230179/Desktop/dftbplus-25.1/external
261: Test timeout computed to be: 10000000
261: solvation/gb_inf:	Test script returned non-zero exit code: 1
261:  deleting file 'autotest.tag'
261:  TODO.
261: 
261: ==============================================================================
261: TEST SUMMARY
261: ------------------------------------------------------------------------------
261: Match:
261:     None
261: 
261: Not run:
261:     solvation/gb_inf
261: ------------------------------------------------------------------------------
261: Status: FAIL
261/406 Test #261: app/dftb+/solvation/gb_inf .......................................***Failed    0.05 sec
solvation/gb_inf:	Test script returned non-zero exit code: 1
 deleting file 'autotest.tag'
 TODO.

==============================================================================
TEST SUMMARY
------------------------------------------------------------------------------
Match:
    None

Not run:
    solvation/gb_inf
------------------------------------------------------------------------------
Status: FAIL

test 262
        Start 262: app/dftb+/solvation/gbsa_e35

262: Test command: /home/users/ntu/c230179/Desktop/dftbplus-25.1/test/app/dftb+/bin/autotest2 "-r" "/home/users/ntu/c230179/Desktop/dftbplus-25.1/test/app/dftb+" "-w" "/home/users/ntu/c230179/Desktop/dftb_builds/dftb_gcc_Release/test/app/dftb+" "-d" "/home/users/ntu/c230179/Desktop/dftbplus-25.1/test/app/dftb+/bin/tagdiff" "-P" "env OMP_NUM_THREADS=1" "-p" "/home/users/ntu/c230179/Desktop/dftb_builds/dftb_gcc_Release/app/dftb+/dftb+" "-G" "/home/users/ntu/c230179/Desktop/dftbplus-25.1/test/app/dftb+/bin/globalpostrun.sh" "-s" "P,R,C,S" "solvation/gbsa_e35"
262: Environment variables: 
262:  DFTBPLUS_PARAM_DIR=/home/users/ntu/c230179/Desktop/dftbplus-25.1/external
262: Test timeout computed to be: 10000000
262: solvation/gbsa_e35:	Test script returned non-zero exit code: 1
262:  deleting file 'autotest.tag'
262:  TODO.
262: 
262: ==============================================================================
262: TEST SUMMARY
262: ------------------------------------------------------------------------------
262: Match:
262:     None
262: 
262: Not run:
262:     solvation/gbsa_e35
262: ------------------------------------------------------------------------------
262: Status: FAIL
262/406 Test #262: app/dftb+/solvation/gbsa_e35 .....................................***Failed    0.05 sec
solvation/gbsa_e35:	Test script returned non-zero exit code: 1
 deleting file 'autotest.tag'
 TODO.

==============================================================================
TEST SUMMARY
------------------------------------------------------------------------------
Match:
    None

Not run:
    solvation/gbsa_e35
------------------------------------------------------------------------------
Status: FAIL

test 263
        Start 263: app/dftb+/solvation/gbsa_caffeine

263: Test command: /home/users/ntu/c230179/Desktop/dftbplus-25.1/test/app/dftb+/bin/autotest2 "-r" "/home/users/ntu/c230179/Desktop/dftbplus-25.1/test/app/dftb+" "-w" "/home/users/ntu/c230179/Desktop/dftb_builds/dftb_gcc_Release/test/app/dftb+" "-d" "/home/users/ntu/c230179/Desktop/dftbplus-25.1/test/app/dftb+/bin/tagdiff" "-P" "env OMP_NUM_THREADS=1" "-p" "/home/users/ntu/c230179/Desktop/dftb_builds/dftb_gcc_Release/app/dftb+/dftb+" "-G" "/home/users/ntu/c230179/Desktop/dftbplus-25.1/test/app/dftb+/bin/globalpostrun.sh" "-s" "P,R,C,S" "solvation/gbsa_caffeine"
263: Environment variables: 
263:  DFTBPLUS_PARAM_DIR=/home/users/ntu/c230179/Desktop/dftbplus-25.1/external
263: Test timeout computed to be: 10000000
263: solvation/gbsa_caffeine:	Test script returned non-zero exit code: 1
263:  deleting file 'autotest.tag'
263:  TODO.
263: 
263: ==============================================================================
263: TEST SUMMARY
263: ------------------------------------------------------------------------------
263: Match:
263:     None
263: 
263: Not run:
263:     solvation/gbsa_caffeine
263: ------------------------------------------------------------------------------
263: Status: FAIL
263/406 Test #263: app/dftb+/solvation/gbsa_caffeine ................................***Failed    0.04 sec
solvation/gbsa_caffeine:	Test script returned non-zero exit code: 1
 deleting file 'autotest.tag'
 TODO.

==============================================================================
TEST SUMMARY
------------------------------------------------------------------------------
Match:
    None

Not run:
    solvation/gbsa_caffeine
------------------------------------------------------------------------------
Status: FAIL

test 264
        Start 264: app/dftb+/solvation/gbsa_p16

264: Test command: /home/users/ntu/c230179/Desktop/dftbplus-25.1/test/app/dftb+/bin/autotest2 "-r" "/home/users/ntu/c230179/Desktop/dftbplus-25.1/test/app/dftb+" "-w" "/home/users/ntu/c230179/Desktop/dftb_builds/dftb_gcc_Release/test/app/dftb+" "-d" "/home/users/ntu/c230179/Desktop/dftbplus-25.1/test/app/dftb+/bin/tagdiff" "-P" "env OMP_NUM_THREADS=1" "-p" "/home/users/ntu/c230179/Desktop/dftb_builds/dftb_gcc_Release/app/dftb+/dftb+" "-G" "/home/users/ntu/c230179/Desktop/dftbplus-25.1/test/app/dftb+/bin/globalpostrun.sh" "-s" "P,R,C,S" "solvation/gbsa_p16"
264: Environment variables: 
264:  DFTBPLUS_PARAM_DIR=/home/users/ntu/c230179/Desktop/dftbplus-25.1/external
264: Test timeout computed to be: 10000000
264: solvation/gbsa_p16:	Test script returned non-zero exit code: 1
264:  deleting file 'autotest.tag'
264:  TODO.
264: 
264: ==============================================================================
264: TEST SUMMARY
264: ------------------------------------------------------------------------------
264: Match:
264:     None
264: 
264: Not run:
264:     solvation/gbsa_p16
264: ------------------------------------------------------------------------------
264: Status: FAIL
264/406 Test #264: app/dftb+/solvation/gbsa_p16 .....................................***Failed    0.04 sec
solvation/gbsa_p16:	Test script returned non-zero exit code: 1
 deleting file 'autotest.tag'
 TODO.

==============================================================================
TEST SUMMARY
------------------------------------------------------------------------------
Match:
    None

Not run:
    solvation/gbsa_p16
------------------------------------------------------------------------------
Status: FAIL

test 265
        Start 265: app/dftb+/solvation/gbsa_param1

265: Test command: /home/users/ntu/c230179/Desktop/dftbplus-25.1/test/app/dftb+/bin/autotest2 "-r" "/home/users/ntu/c230179/Desktop/dftbplus-25.1/test/app/dftb+" "-w" "/home/users/ntu/c230179/Desktop/dftb_builds/dftb_gcc_Release/test/app/dftb+" "-d" "/home/users/ntu/c230179/Desktop/dftbplus-25.1/test/app/dftb+/bin/tagdiff" "-P" "env OMP_NUM_THREADS=1" "-p" "/home/users/ntu/c230179/Desktop/dftb_builds/dftb_gcc_Release/app/dftb+/dftb+" "-G" "/home/users/ntu/c230179/Desktop/dftbplus-25.1/test/app/dftb+/bin/globalpostrun.sh" "-s" "P,R,C,S" "solvation/gbsa_param1"
265: Environment variables: 
265:  DFTBPLUS_PARAM_DIR=/home/users/ntu/c230179/Desktop/dftbplus-25.1/external
265: Test timeout computed to be: 10000000
265: cp: cannot stat 'solvation/gbsa_param1/param_gbsa_methanol.txt': No such file or directory
265: solvation/gbsa_param1:	Test script returned non-zero exit code: 1
265:  deleting file 'autotest.tag'
265:  TODO.
265: 
265: ==============================================================================
265: TEST SUMMARY
265: ------------------------------------------------------------------------------
265: Match:
265:     None
265: 
265: Not run:
265:     solvation/gbsa_param1
265: ------------------------------------------------------------------------------
265: Status: FAIL
265/406 Test #265: app/dftb+/solvation/gbsa_param1 ..................................***Failed    0.05 sec
cp: cannot stat 'solvation/gbsa_param1/param_gbsa_methanol.txt': No such file or directory
solvation/gbsa_param1:	Test script returned non-zero exit code: 1
 deleting file 'autotest.tag'
 TODO.

==============================================================================
TEST SUMMARY
------------------------------------------------------------------------------
Match:
    None

Not run:
    solvation/gbsa_param1
------------------------------------------------------------------------------
Status: FAIL

test 266
        Start 266: app/dftb+/solvation/gbsa_param2

266: Test command: /home/users/ntu/c230179/Desktop/dftbplus-25.1/test/app/dftb+/bin/autotest2 "-r" "/home/users/ntu/c230179/Desktop/dftbplus-25.1/test/app/dftb+" "-w" "/home/users/ntu/c230179/Desktop/dftb_builds/dftb_gcc_Release/test/app/dftb+" "-d" "/home/users/ntu/c230179/Desktop/dftbplus-25.1/test/app/dftb+/bin/tagdiff" "-P" "env OMP_NUM_THREADS=1" "-p" "/home/users/ntu/c230179/Desktop/dftb_builds/dftb_gcc_Release/app/dftb+/dftb+" "-G" "/home/users/ntu/c230179/Desktop/dftbplus-25.1/test/app/dftb+/bin/globalpostrun.sh" "-s" "P,R,C,S" "solvation/gbsa_param2"
266: Environment variables: 
266:  DFTBPLUS_PARAM_DIR=/home/users/ntu/c230179/Desktop/dftbplus-25.1/external
266: Test timeout computed to be: 10000000
266: cp: cannot stat 'solvation/gbsa_param2/param_gbsa_ch2cl2.txt': No such file or directory
266: solvation/gbsa_param2:	Test script returned non-zero exit code: 1
266:  deleting file 'autotest.tag'
266:  TODO.
266: 
266: ==============================================================================
266: TEST SUMMARY
266: ------------------------------------------------------------------------------
266: Match:
266:     None
266: 
266: Not run:
266:     solvation/gbsa_param2
266: ------------------------------------------------------------------------------
266: Status: FAIL
266/406 Test #266: app/dftb+/solvation/gbsa_param2 ..................................***Failed    0.05 sec
cp: cannot stat 'solvation/gbsa_param2/param_gbsa_ch2cl2.txt': No such file or directory
solvation/gbsa_param2:	Test script returned non-zero exit code: 1
 deleting file 'autotest.tag'
 TODO.

==============================================================================
TEST SUMMARY
------------------------------------------------------------------------------
Match:
    None

Not run:
    solvation/gbsa_param2
------------------------------------------------------------------------------
Status: FAIL

test 267
        Start 267: app/dftb+/solvation/gbsa_param3

267: Test command: /home/users/ntu/c230179/Desktop/dftbplus-25.1/test/app/dftb+/bin/autotest2 "-r" "/home/users/ntu/c230179/Desktop/dftbplus-25.1/test/app/dftb+" "-w" "/home/users/ntu/c230179/Desktop/dftb_builds/dftb_gcc_Release/test/app/dftb+" "-d" "/home/users/ntu/c230179/Desktop/dftbplus-25.1/test/app/dftb+/bin/tagdiff" "-P" "env OMP_NUM_THREADS=1" "-p" "/home/users/ntu/c230179/Desktop/dftb_builds/dftb_gcc_Release/app/dftb+/dftb+" "-G" "/home/users/ntu/c230179/Desktop/dftbplus-25.1/test/app/dftb+/bin/globalpostrun.sh" "-s" "P,R,C,S" "solvation/gbsa_param3"
267: Environment variables: 
267:  DFTBPLUS_PARAM_DIR=/home/users/ntu/c230179/Desktop/dftbplus-25.1/external
267: Test timeout computed to be: 10000000
267: cp: cannot stat 'solvation/gbsa_param3/C-C.skf': No such file or directory
267: cp: cannot stat 'solvation/gbsa_param3/C-D.skf': No such file or directory
267: cp: cannot stat 'solvation/gbsa_param3/C-N.skf': No such file or directory
267: cp: cannot stat 'solvation/gbsa_param3/C-O.skf': No such file or directory
267: cp: cannot stat 'solvation/gbsa_param3/D-C.skf': No such file or directory
267: cp: cannot stat 'solvation/gbsa_param3/D-D.skf': No such file or directory
267: cp: cannot stat 'solvation/gbsa_param3/D-N.skf': No such file or directory
267: cp: cannot stat 'solvation/gbsa_param3/D-O.skf': No such file or directory
267: cp: cannot stat 'solvation/gbsa_param3/N-C.skf': No such file or directory
267: cp: cannot stat 'solvation/gbsa_param3/N-D.skf': No such file or directory
267: cp: cannot stat 'solvation/gbsa_param3/N-N.skf': No such file or directory
267: cp: cannot stat 'solvation/gbsa_param3/N-O.skf': No such file or directory
267: cp: cannot stat 'solvation/gbsa_param3/O-C.skf': No such file or directory
267: cp: cannot stat 'solvation/gbsa_param3/O-D.skf': No such file or directory
267: cp: cannot stat 'solvation/gbsa_param3/O-N.skf': No such file or directory
267: cp: cannot stat 'solvation/gbsa_param3/O-O.skf': No such file or directory
267: cp: cannot stat 'solvation/gbsa_param3/param_gbsa_dmso.txt': No such file or directory
267: solvation/gbsa_param3:	Test script returned non-zero exit code: 1
267:  deleting file 'autotest.tag'
267:  TODO.
267: 
267: ==============================================================================
267: TEST SUMMARY
267: ------------------------------------------------------------------------------
267: Match:
267:     None
267: 
267: Not run:
267:     solvation/gbsa_param3
267: ------------------------------------------------------------------------------
267: Status: FAIL
267/406 Test #267: app/dftb+/solvation/gbsa_param3 ..................................***Failed    0.07 sec
cp: cannot stat 'solvation/gbsa_param3/C-C.skf': No such file or directory
cp: cannot stat 'solvation/gbsa_param3/C-D.skf': No such file or directory
cp: cannot stat 'solvation/gbsa_param3/C-N.skf': No such file or directory
cp: cannot stat 'solvation/gbsa_param3/C-O.skf': No such file or directory
cp: cannot stat 'solvation/gbsa_param3/D-C.skf': No such file or directory
cp: cannot stat 'solvation/gbsa_param3/D-D.skf': No such file or directory
cp: cannot stat 'solvation/gbsa_param3/D-N.skf': No such file or directory
cp: cannot stat 'solvation/gbsa_param3/D-O.skf': No such file or directory
cp: cannot stat 'solvation/gbsa_param3/N-C.skf': No such file or directory
cp: cannot stat 'solvation/gbsa_param3/N-D.skf': No such file or directory
cp: cannot stat 'solvation/gbsa_param3/N-N.skf': No such file or directory
cp: cannot stat 'solvation/gbsa_param3/N-O.skf': No such file or directory
cp: cannot stat 'solvation/gbsa_param3/O-C.skf': No such file or directory
cp: cannot stat 'solvation/gbsa_param3/O-D.skf': No such file or directory
cp: cannot stat 'solvation/gbsa_param3/O-N.skf': No such file or directory
cp: cannot stat 'solvation/gbsa_param3/O-O.skf': No such file or directory
cp: cannot stat 'solvation/gbsa_param3/param_gbsa_dmso.txt': No such file or directory
solvation/gbsa_param3:	Test script returned non-zero exit code: 1
 deleting file 'autotest.tag'
 TODO.

==============================================================================
TEST SUMMARY
------------------------------------------------------------------------------
Match:
    None

Not run:
    solvation/gbsa_param3
------------------------------------------------------------------------------
Status: FAIL

test 268
        Start 268: app/dftb+/solvation/alpb_cation

268: Test command: /home/users/ntu/c230179/Desktop/dftbplus-25.1/test/app/dftb+/bin/autotest2 "-r" "/home/users/ntu/c230179/Desktop/dftbplus-25.1/test/app/dftb+" "-w" "/home/users/ntu/c230179/Desktop/dftb_builds/dftb_gcc_Release/test/app/dftb+" "-d" "/home/users/ntu/c230179/Desktop/dftbplus-25.1/test/app/dftb+/bin/tagdiff" "-P" "env OMP_NUM_THREADS=1" "-p" "/home/users/ntu/c230179/Desktop/dftb_builds/dftb_gcc_Release/app/dftb+/dftb+" "-G" "/home/users/ntu/c230179/Desktop/dftbplus-25.1/test/app/dftb+/bin/globalpostrun.sh" "-s" "P,R,C,S" "solvation/alpb_cation"
268: Environment variables: 
268:  DFTBPLUS_PARAM_DIR=/home/users/ntu/c230179/Desktop/dftbplus-25.1/external
268: Test timeout computed to be: 10000000
268: solvation/alpb_cation:	Test script returned non-zero exit code: 1
268:  deleting file 'autotest.tag'
268:  TODO.
268: 
268: ==============================================================================
268: TEST SUMMARY
268: ------------------------------------------------------------------------------
268: Match:
268:     None
268: 
268: Not run:
268:     solvation/alpb_cation
268: ------------------------------------------------------------------------------
268: Status: FAIL
268/406 Test #268: app/dftb+/solvation/alpb_cation ..................................***Failed    0.04 sec
solvation/alpb_cation:	Test script returned non-zero exit code: 1
 deleting file 'autotest.tag'
 TODO.

==============================================================================
TEST SUMMARY
------------------------------------------------------------------------------
Match:
    None

Not run:
    solvation/alpb_cation
------------------------------------------------------------------------------
Status: FAIL

test 269
        Start 269: app/dftb+/solvation/alpb_anion

269: Test command: /home/users/ntu/c230179/Desktop/dftbplus-25.1/test/app/dftb+/bin/autotest2 "-r" "/home/users/ntu/c230179/Desktop/dftbplus-25.1/test/app/dftb+" "-w" "/home/users/ntu/c230179/Desktop/dftb_builds/dftb_gcc_Release/test/app/dftb+" "-d" "/home/users/ntu/c230179/Desktop/dftbplus-25.1/test/app/dftb+/bin/tagdiff" "-P" "env OMP_NUM_THREADS=1" "-p" "/home/users/ntu/c230179/Desktop/dftb_builds/dftb_gcc_Release/app/dftb+/dftb+" "-G" "/home/users/ntu/c230179/Desktop/dftbplus-25.1/test/app/dftb+/bin/globalpostrun.sh" "-s" "P,R,C,S" "solvation/alpb_anion"
269: Environment variables: 
269:  DFTBPLUS_PARAM_DIR=/home/users/ntu/c230179/Desktop/dftbplus-25.1/external
269: Test timeout computed to be: 10000000
269: solvation/alpb_anion:	Test script returned non-zero exit code: 1
269:  deleting file 'autotest.tag'
269:  TODO.
269: 
269: ==============================================================================
269: TEST SUMMARY
269: ------------------------------------------------------------------------------
269: Match:
269:     None
269: 
269: Not run:
269:     solvation/alpb_anion
269: ------------------------------------------------------------------------------
269: Status: FAIL
269/406 Test #269: app/dftb+/solvation/alpb_anion ...................................***Failed    0.05 sec
solvation/alpb_anion:	Test script returned non-zero exit code: 1
 deleting file 'autotest.tag'
 TODO.

==============================================================================
TEST SUMMARY
------------------------------------------------------------------------------
Match:
    None

Not run:
    solvation/alpb_anion
------------------------------------------------------------------------------
Status: FAIL

test 270
        Start 270: app/dftb+/solvation/alpb_p16

270: Test command: /home/users/ntu/c230179/Desktop/dftbplus-25.1/test/app/dftb+/bin/autotest2 "-r" "/home/users/ntu/c230179/Desktop/dftbplus-25.1/test/app/dftb+" "-w" "/home/users/ntu/c230179/Desktop/dftb_builds/dftb_gcc_Release/test/app/dftb+" "-d" "/home/users/ntu/c230179/Desktop/dftbplus-25.1/test/app/dftb+/bin/tagdiff" "-P" "env OMP_NUM_THREADS=1" "-p" "/home/users/ntu/c230179/Desktop/dftb_builds/dftb_gcc_Release/app/dftb+/dftb+" "-G" "/home/users/ntu/c230179/Desktop/dftbplus-25.1/test/app/dftb+/bin/globalpostrun.sh" "-s" "P,R,C,S" "solvation/alpb_p16"
270: Environment variables: 
270:  DFTBPLUS_PARAM_DIR=/home/users/ntu/c230179/Desktop/dftbplus-25.1/external
270: Test timeout computed to be: 10000000
270: solvation/alpb_p16:	Test script returned non-zero exit code: 1
270:  deleting file 'autotest.tag'
270:  TODO.
270: 
270: ==============================================================================
270: TEST SUMMARY
270: ------------------------------------------------------------------------------
270: Match:
270:     None
270: 
270: Not run:
270:     solvation/alpb_p16
270: ------------------------------------------------------------------------------
270: Status: FAIL
270/406 Test #270: app/dftb+/solvation/alpb_p16 .....................................***Failed    0.05 sec
solvation/alpb_p16:	Test script returned non-zero exit code: 1
 deleting file 'autotest.tag'
 TODO.

==============================================================================
TEST SUMMARY
------------------------------------------------------------------------------
Match:
    None

Not run:
    solvation/alpb_p16
------------------------------------------------------------------------------
Status: FAIL

test 271
        Start 271: app/dftb+/solvation/cosmo_g1

271: Test command: /home/users/ntu/c230179/Desktop/dftbplus-25.1/test/app/dftb+/bin/autotest2 "-r" "/home/users/ntu/c230179/Desktop/dftbplus-25.1/test/app/dftb+" "-w" "/home/users/ntu/c230179/Desktop/dftb_builds/dftb_gcc_Release/test/app/dftb+" "-d" "/home/users/ntu/c230179/Desktop/dftbplus-25.1/test/app/dftb+/bin/tagdiff" "-P" "env OMP_NUM_THREADS=1" "-p" "/home/users/ntu/c230179/Desktop/dftb_builds/dftb_gcc_Release/app/dftb+/dftb+" "-G" "/home/users/ntu/c230179/Desktop/dftbplus-25.1/test/app/dftb+/bin/globalpostrun.sh" "-s" "P,R,C,S" "solvation/cosmo_g1"
271: Environment variables: 
271:  DFTBPLUS_PARAM_DIR=/home/users/ntu/c230179/Desktop/dftbplus-25.1/external
271: Test timeout computed to be: 10000000
271: solvation/cosmo_g1:	Test script returned non-zero exit code: 1
271:  deleting file 'autotest.tag'
271:  TODO.
271: 
271: ==============================================================================
271: TEST SUMMARY
271: ------------------------------------------------------------------------------
271: Match:
271:     None
271: 
271: Not run:
271:     solvation/cosmo_g1
271: ------------------------------------------------------------------------------
271: Status: FAIL
271/406 Test #271: app/dftb+/solvation/cosmo_g1 .....................................***Failed    0.04 sec
solvation/cosmo_g1:	Test script returned non-zero exit code: 1
 deleting file 'autotest.tag'
 TODO.

==============================================================================
TEST SUMMARY
------------------------------------------------------------------------------
Match:
    None

Not run:
    solvation/cosmo_g1
------------------------------------------------------------------------------
Status: FAIL

test 272
        Start 272: app/dftb+/solvation/cosmo_b33

272: Test command: /home/users/ntu/c230179/Desktop/dftbplus-25.1/test/app/dftb+/bin/autotest2 "-r" "/home/users/ntu/c230179/Desktop/dftbplus-25.1/test/app/dftb+" "-w" "/home/users/ntu/c230179/Desktop/dftb_builds/dftb_gcc_Release/test/app/dftb+" "-d" "/home/users/ntu/c230179/Desktop/dftbplus-25.1/test/app/dftb+/bin/tagdiff" "-P" "env OMP_NUM_THREADS=1" "-p" "/home/users/ntu/c230179/Desktop/dftb_builds/dftb_gcc_Release/app/dftb+/dftb+" "-G" "/home/users/ntu/c230179/Desktop/dftbplus-25.1/test/app/dftb+/bin/globalpostrun.sh" "-s" "P,R,C,S" "solvation/cosmo_b33"
272: Environment variables: 
272:  DFTBPLUS_PARAM_DIR=/home/users/ntu/c230179/Desktop/dftbplus-25.1/external
272: Test timeout computed to be: 10000000
272: solvation/cosmo_b33:	Test script returned non-zero exit code: 1
272:  deleting file 'autotest.tag'
272:  TODO.
272: 
272: ==============================================================================
272: TEST SUMMARY
272: ------------------------------------------------------------------------------
272: Match:
272:     None
272: 
272: Not run:
272:     solvation/cosmo_b33
272: ------------------------------------------------------------------------------
272: Status: FAIL
272/406 Test #272: app/dftb+/solvation/cosmo_b33 ....................................***Failed    0.04 sec
solvation/cosmo_b33:	Test script returned non-zero exit code: 1
 deleting file 'autotest.tag'
 TODO.

==============================================================================
TEST SUMMARY
------------------------------------------------------------------------------
Match:
    None

Not run:
    solvation/cosmo_b33
------------------------------------------------------------------------------
Status: FAIL

test 273
        Start 273: app/dftb+/solvation/cosmo_i8e

273: Test command: /home/users/ntu/c230179/Desktop/dftbplus-25.1/test/app/dftb+/bin/autotest2 "-r" "/home/users/ntu/c230179/Desktop/dftbplus-25.1/test/app/dftb+" "-w" "/home/users/ntu/c230179/Desktop/dftb_builds/dftb_gcc_Release/test/app/dftb+" "-d" "/home/users/ntu/c230179/Desktop/dftbplus-25.1/test/app/dftb+/bin/tagdiff" "-P" "env OMP_NUM_THREADS=1" "-p" "/home/users/ntu/c230179/Desktop/dftb_builds/dftb_gcc_Release/app/dftb+/dftb+" "-G" "/home/users/ntu/c230179/Desktop/dftbplus-25.1/test/app/dftb+/bin/globalpostrun.sh" "-s" "P,R,C,S" "solvation/cosmo_i8e"
273: Environment variables: 
273:  DFTBPLUS_PARAM_DIR=/home/users/ntu/c230179/Desktop/dftbplus-25.1/external
273: Test timeout computed to be: 10000000
273: solvation/cosmo_i8e:	Test script returned non-zero exit code: 1
273:  deleting file 'autotest.tag'
273:  TODO.
273: 
273: ==============================================================================
273: TEST SUMMARY
273: ------------------------------------------------------------------------------
273: Match:
273:     None
273: 
273: Not run:
273:     solvation/cosmo_i8e
273: ------------------------------------------------------------------------------
273: Status: FAIL
273/406 Test #273: app/dftb+/solvation/cosmo_i8e ....................................***Failed    0.04 sec
solvation/cosmo_i8e:	Test script returned non-zero exit code: 1
 deleting file 'autotest.tag'
 TODO.

==============================================================================
TEST SUMMARY
------------------------------------------------------------------------------
Match:
    None

Not run:
    solvation/cosmo_i8e
------------------------------------------------------------------------------
Status: FAIL

test 274
        Start 274: app/dftb+/solvation/cosmo_444

274: Test command: /home/users/ntu/c230179/Desktop/dftbplus-25.1/test/app/dftb+/bin/autotest2 "-r" "/home/users/ntu/c230179/Desktop/dftbplus-25.1/test/app/dftb+" "-w" "/home/users/ntu/c230179/Desktop/dftb_builds/dftb_gcc_Release/test/app/dftb+" "-d" "/home/users/ntu/c230179/Desktop/dftbplus-25.1/test/app/dftb+/bin/tagdiff" "-P" "env OMP_NUM_THREADS=1" "-p" "/home/users/ntu/c230179/Desktop/dftb_builds/dftb_gcc_Release/app/dftb+/dftb+" "-G" "/home/users/ntu/c230179/Desktop/dftbplus-25.1/test/app/dftb+/bin/globalpostrun.sh" "-s" "P,R,C,S" "solvation/cosmo_444"
274: Environment variables: 
274:  DFTBPLUS_PARAM_DIR=/home/users/ntu/c230179/Desktop/dftbplus-25.1/external
274: Test timeout computed to be: 10000000
274: solvation/cosmo_444:	Test script returned non-zero exit code: 1
274:  deleting file 'autotest.tag'
274:  TODO.
274: 
274: ==============================================================================
274: TEST SUMMARY
274: ------------------------------------------------------------------------------
274: Match:
274:     None
274: 
274: Not run:
274:     solvation/cosmo_444
274: ------------------------------------------------------------------------------
274: Status: FAIL
274/406 Test #274: app/dftb+/solvation/cosmo_444 ....................................***Failed    0.05 sec
solvation/cosmo_444:	Test script returned non-zero exit code: 1
 deleting file 'autotest.tag'
 TODO.

==============================================================================
TEST SUMMARY
------------------------------------------------------------------------------
Match:
    None

Not run:
    solvation/cosmo_444
------------------------------------------------------------------------------
Status: FAIL

test 275
        Start 275: app/dftb+/solvation/cosmo_inf

275: Test command: /home/users/ntu/c230179/Desktop/dftbplus-25.1/test/app/dftb+/bin/autotest2 "-r" "/home/users/ntu/c230179/Desktop/dftbplus-25.1/test/app/dftb+" "-w" "/home/users/ntu/c230179/Desktop/dftb_builds/dftb_gcc_Release/test/app/dftb+" "-d" "/home/users/ntu/c230179/Desktop/dftbplus-25.1/test/app/dftb+/bin/tagdiff" "-P" "env OMP_NUM_THREADS=1" "-p" "/home/users/ntu/c230179/Desktop/dftb_builds/dftb_gcc_Release/app/dftb+/dftb+" "-G" "/home/users/ntu/c230179/Desktop/dftbplus-25.1/test/app/dftb+/bin/globalpostrun.sh" "-s" "P,R,C,S" "solvation/cosmo_inf"
275: Environment variables: 
275:  DFTBPLUS_PARAM_DIR=/home/users/ntu/c230179/Desktop/dftbplus-25.1/external
275: Test timeout computed to be: 10000000
275: solvation/cosmo_inf:	Test script returned non-zero exit code: 1
275:  deleting file 'autotest.tag'
275:  TODO.
275: 
275: ==============================================================================
275: TEST SUMMARY
275: ------------------------------------------------------------------------------
275: Match:
275:     None
275: 
275: Not run:
275:     solvation/cosmo_inf
275: ------------------------------------------------------------------------------
275: Status: FAIL
275/406 Test #275: app/dftb+/solvation/cosmo_inf ....................................***Failed    0.05 sec
solvation/cosmo_inf:	Test script returned non-zero exit code: 1
 deleting file 'autotest.tag'
 TODO.

==============================================================================
TEST SUMMARY
------------------------------------------------------------------------------
Match:
    None

Not run:
    solvation/cosmo_inf
------------------------------------------------------------------------------
Status: FAIL

test 276
        Start 276: app/dftb+/solvation/cosmo_quinoline

276: Test command: /home/users/ntu/c230179/Desktop/dftbplus-25.1/test/app/dftb+/bin/autotest2 "-r" "/home/users/ntu/c230179/Desktop/dftbplus-25.1/test/app/dftb+" "-w" "/home/users/ntu/c230179/Desktop/dftb_builds/dftb_gcc_Release/test/app/dftb+" "-d" "/home/users/ntu/c230179/Desktop/dftbplus-25.1/test/app/dftb+/bin/tagdiff" "-P" "env OMP_NUM_THREADS=1" "-p" "/home/users/ntu/c230179/Desktop/dftb_builds/dftb_gcc_Release/app/dftb+/dftb+" "-G" "/home/users/ntu/c230179/Desktop/dftbplus-25.1/test/app/dftb+/bin/globalpostrun.sh" "-s" "P,R,C,S" "solvation/cosmo_quinoline"
276: Environment variables: 
276:  DFTBPLUS_PARAM_DIR=/home/users/ntu/c230179/Desktop/dftbplus-25.1/external
276: Test timeout computed to be: 10000000
276: solvation/cosmo_quinoline:	Test script returned non-zero exit code: 1
276:  deleting file 'autotest.tag'
276:  TODO.
276: 
276: ==============================================================================
276: TEST SUMMARY
276: ------------------------------------------------------------------------------
276: Match:
276:     None
276: 
276: Not run:
276:     solvation/cosmo_quinoline
276: ------------------------------------------------------------------------------
276: Status: FAIL
276/406 Test #276: app/dftb+/solvation/cosmo_quinoline ..............................***Failed    0.05 sec
solvation/cosmo_quinoline:	Test script returned non-zero exit code: 1
 deleting file 'autotest.tag'
 TODO.

==============================================================================
TEST SUMMARY
------------------------------------------------------------------------------
Match:
    None

Not run:
    solvation/cosmo_quinoline
------------------------------------------------------------------------------
Status: FAIL

test 277
        Start 277: app/dftb+/solvation/cosmo_nitralin

277: Test command: /home/users/ntu/c230179/Desktop/dftbplus-25.1/test/app/dftb+/bin/autotest2 "-r" "/home/users/ntu/c230179/Desktop/dftbplus-25.1/test/app/dftb+" "-w" "/home/users/ntu/c230179/Desktop/dftb_builds/dftb_gcc_Release/test/app/dftb+" "-d" "/home/users/ntu/c230179/Desktop/dftbplus-25.1/test/app/dftb+/bin/tagdiff" "-P" "env OMP_NUM_THREADS=1" "-p" "/home/users/ntu/c230179/Desktop/dftb_builds/dftb_gcc_Release/app/dftb+/dftb+" "-G" "/home/users/ntu/c230179/Desktop/dftbplus-25.1/test/app/dftb+/bin/globalpostrun.sh" "-s" "P,R,C,S" "solvation/cosmo_nitralin"
277: Environment variables: 
277:  DFTBPLUS_PARAM_DIR=/home/users/ntu/c230179/Desktop/dftbplus-25.1/external
277: Test timeout computed to be: 10000000
277: solvation/cosmo_nitralin:	Test script returned non-zero exit code: 1
277:  deleting file 'autotest.tag'
277:  TODO.
277: 
277: ==============================================================================
277: TEST SUMMARY
277: ------------------------------------------------------------------------------
277: Match:
277:     None
277: 
277: Not run:
277:     solvation/cosmo_nitralin
277: ------------------------------------------------------------------------------
277: Status: FAIL
277/406 Test #277: app/dftb+/solvation/cosmo_nitralin ...............................***Failed    0.05 sec
solvation/cosmo_nitralin:	Test script returned non-zero exit code: 1
 deleting file 'autotest.tag'
 TODO.

==============================================================================
TEST SUMMARY
------------------------------------------------------------------------------
Match:
    None

Not run:
    solvation/cosmo_nitralin
------------------------------------------------------------------------------
Status: FAIL

test 278
        Start 278: app/dftb+/solvation/H2O_gb_rescale

278: Test command: /home/users/ntu/c230179/Desktop/dftbplus-25.1/test/app/dftb+/bin/autotest2 "-r" "/home/users/ntu/c230179/Desktop/dftbplus-25.1/test/app/dftb+" "-w" "/home/users/ntu/c230179/Desktop/dftb_builds/dftb_gcc_Release/test/app/dftb+" "-d" "/home/users/ntu/c230179/Desktop/dftbplus-25.1/test/app/dftb+/bin/tagdiff" "-P" "env OMP_NUM_THREADS=1" "-p" "/home/users/ntu/c230179/Desktop/dftb_builds/dftb_gcc_Release/app/dftb+/dftb+" "-G" "/home/users/ntu/c230179/Desktop/dftbplus-25.1/test/app/dftb+/bin/globalpostrun.sh" "-s" "P,R,C,S" "solvation/H2O_gb_rescale"
278: Environment variables: 
278:  DFTBPLUS_PARAM_DIR=/home/users/ntu/c230179/Desktop/dftbplus-25.1/external
278: Test timeout computed to be: 10000000
278: solvation/H2O_gb_rescale:	Test script returned non-zero exit code: 1
278:  deleting file 'autotest.tag'
278:  TODO.
278: 
278: ==============================================================================
278: TEST SUMMARY
278: ------------------------------------------------------------------------------
278: Match:
278:     None
278: 
278: Not run:
278:     solvation/H2O_gb_rescale
278: ------------------------------------------------------------------------------
278: Status: FAIL
278/406 Test #278: app/dftb+/solvation/H2O_gb_rescale ...............................***Failed    0.04 sec
solvation/H2O_gb_rescale:	Test script returned non-zero exit code: 1
 deleting file 'autotest.tag'
 TODO.

==============================================================================
TEST SUMMARY
------------------------------------------------------------------------------
Match:
    None

Not run:
    solvation/H2O_gb_rescale
------------------------------------------------------------------------------
Status: FAIL

test 279
        Start 279: app/dftb+/derivatives/C6H6_Raman

279: Test command: /home/users/ntu/c230179/Desktop/dftbplus-25.1/test/app/dftb+/bin/autotest2 "-r" "/home/users/ntu/c230179/Desktop/dftbplus-25.1/test/app/dftb+" "-w" "/home/users/ntu/c230179/Desktop/dftb_builds/dftb_gcc_Release/test/app/dftb+" "-d" "/home/users/ntu/c230179/Desktop/dftbplus-25.1/test/app/dftb+/bin/tagdiff" "-P" "env OMP_NUM_THREADS=1" "-p" "/home/users/ntu/c230179/Desktop/dftb_builds/dftb_gcc_Release/app/dftb+/dftb+" "-G" "/home/users/ntu/c230179/Desktop/dftbplus-25.1/test/app/dftb+/bin/globalpostrun.sh" "-s" "P,R,C,S" "derivatives/C6H6_Raman"
279: Environment variables: 
279:  DFTBPLUS_PARAM_DIR=/home/users/ntu/c230179/Desktop/dftbplus-25.1/external
279: Test timeout computed to be: 10000000
279: derivatives/C6H6_Raman:	Test script returned non-zero exit code: 1
279:  deleting file 'autotest.tag'
279:  TODO.
279: 
279: ==============================================================================
279: TEST SUMMARY
279: ------------------------------------------------------------------------------
279: Match:
279:     None
279: 
279: Not run:
279:     derivatives/C6H6_Raman
279: ------------------------------------------------------------------------------
279: Status: FAIL
279/406 Test #279: app/dftb+/derivatives/C6H6_Raman .................................***Failed    0.04 sec
derivatives/C6H6_Raman:	Test script returned non-zero exit code: 1
 deleting file 'autotest.tag'
 TODO.

==============================================================================
TEST SUMMARY
------------------------------------------------------------------------------
Match:
    None

Not run:
    derivatives/C6H6_Raman
------------------------------------------------------------------------------
Status: FAIL

test 280
        Start 280: app/dftb+/analysis/H2O_ESP

280: Test command: /home/users/ntu/c230179/Desktop/dftbplus-25.1/test/app/dftb+/bin/autotest2 "-r" "/home/users/ntu/c230179/Desktop/dftbplus-25.1/test/app/dftb+" "-w" "/home/users/ntu/c230179/Desktop/dftb_builds/dftb_gcc_Release/test/app/dftb+" "-d" "/home/users/ntu/c230179/Desktop/dftbplus-25.1/test/app/dftb+/bin/tagdiff" "-P" "env OMP_NUM_THREADS=1" "-p" "/home/users/ntu/c230179/Desktop/dftb_builds/dftb_gcc_Release/app/dftb+/dftb+" "-G" "/home/users/ntu/c230179/Desktop/dftbplus-25.1/test/app/dftb+/bin/globalpostrun.sh" "-s" "P,R,C,S" "analysis/H2O_ESP"
280: Environment variables: 
280:  DFTBPLUS_PARAM_DIR=/home/users/ntu/c230179/Desktop/dftbplus-25.1/external
280: Test timeout computed to be: 10000000
280: analysis/H2O_ESP:	Test script returned non-zero exit code: 1
280:  deleting file 'autotest.tag'
280:  TODO.
280: 
280: ==============================================================================
280: TEST SUMMARY
280: ------------------------------------------------------------------------------
280: Match:
280:     None
280: 
280: Not run:
280:     analysis/H2O_ESP
280: ------------------------------------------------------------------------------
280: Status: FAIL
280/406 Test #280: app/dftb+/analysis/H2O_ESP .......................................***Failed    0.04 sec
analysis/H2O_ESP:	Test script returned non-zero exit code: 1
 deleting file 'autotest.tag'
 TODO.

==============================================================================
TEST SUMMARY
------------------------------------------------------------------------------
Match:
    None

Not run:
    analysis/H2O_ESP
------------------------------------------------------------------------------
Status: FAIL

test 281
        Start 281: app/dftb+/analysis/H2O_mdESP

281: Test command: /home/users/ntu/c230179/Desktop/dftbplus-25.1/test/app/dftb+/bin/autotest2 "-r" "/home/users/ntu/c230179/Desktop/dftbplus-25.1/test/app/dftb+" "-w" "/home/users/ntu/c230179/Desktop/dftb_builds/dftb_gcc_Release/test/app/dftb+" "-d" "/home/users/ntu/c230179/Desktop/dftbplus-25.1/test/app/dftb+/bin/tagdiff" "-P" "env OMP_NUM_THREADS=1" "-p" "/home/users/ntu/c230179/Desktop/dftb_builds/dftb_gcc_Release/app/dftb+/dftb+" "-G" "/home/users/ntu/c230179/Desktop/dftbplus-25.1/test/app/dftb+/bin/globalpostrun.sh" "-s" "P,R,C,S" "analysis/H2O_mdESP"
281: Environment variables: 
281:  DFTBPLUS_PARAM_DIR=/home/users/ntu/c230179/Desktop/dftbplus-25.1/external
281: Test timeout computed to be: 10000000
281: analysis/H2O_mdESP:	Test script returned non-zero exit code: 1
281:  deleting file 'autotest.tag'
281:  TODO.
281: 
281: ==============================================================================
281: TEST SUMMARY
281: ------------------------------------------------------------------------------
281: Match:
281:     None
281: 
281: Not run:
281:     analysis/H2O_mdESP
281: ------------------------------------------------------------------------------
281: Status: FAIL
281/406 Test #281: app/dftb+/analysis/H2O_mdESP .....................................***Failed    0.04 sec
analysis/H2O_mdESP:	Test script returned non-zero exit code: 1
 deleting file 'autotest.tag'
 TODO.

==============================================================================
TEST SUMMARY
------------------------------------------------------------------------------
Match:
    None

Not run:
    analysis/H2O_mdESP
------------------------------------------------------------------------------
Status: FAIL

test 282
        Start 282: app/dftb+/geoopt/H2O_lbfgs

282: Test command: /home/users/ntu/c230179/Desktop/dftbplus-25.1/test/app/dftb+/bin/autotest2 "-r" "/home/users/ntu/c230179/Desktop/dftbplus-25.1/test/app/dftb+" "-w" "/home/users/ntu/c230179/Desktop/dftb_builds/dftb_gcc_Release/test/app/dftb+" "-d" "/home/users/ntu/c230179/Desktop/dftbplus-25.1/test/app/dftb+/bin/tagdiff" "-P" "env OMP_NUM_THREADS=1" "-p" "/home/users/ntu/c230179/Desktop/dftb_builds/dftb_gcc_Release/app/dftb+/dftb+" "-G" "/home/users/ntu/c230179/Desktop/dftbplus-25.1/test/app/dftb+/bin/globalpostrun.sh" "-s" "P,R,C,S" "geoopt/H2O_lbfgs"
282: Environment variables: 
282:  DFTBPLUS_PARAM_DIR=/home/users/ntu/c230179/Desktop/dftbplus-25.1/external
282: Test timeout computed to be: 10000000
282: cp: cannot stat 'geoopt/H2O_lbfgs/H-H.skf': No such file or directory
282: cp: cannot stat 'geoopt/H2O_lbfgs/H-O.skf': No such file or directory
282: cp: cannot stat 'geoopt/H2O_lbfgs/O-H.skf': No such file or directory
282: cp: cannot stat 'geoopt/H2O_lbfgs/O-O.skf': No such file or directory
282: geoopt/H2O_lbfgs:	Test script returned non-zero exit code: 1
282:  deleting file 'autotest.tag'
282:  TODO.
282: 
282: ==============================================================================
282: TEST SUMMARY
282: ------------------------------------------------------------------------------
282: Match:
282:     None
282: 
282: Not run:
282:     geoopt/H2O_lbfgs
282: ------------------------------------------------------------------------------
282: Status: FAIL
282/406 Test #282: app/dftb+/geoopt/H2O_lbfgs .......................................***Failed    0.05 sec
cp: cannot stat 'geoopt/H2O_lbfgs/H-H.skf': No such file or directory
cp: cannot stat 'geoopt/H2O_lbfgs/H-O.skf': No such file or directory
cp: cannot stat 'geoopt/H2O_lbfgs/O-H.skf': No such file or directory
cp: cannot stat 'geoopt/H2O_lbfgs/O-O.skf': No such file or directory
geoopt/H2O_lbfgs:	Test script returned non-zero exit code: 1
 deleting file 'autotest.tag'
 TODO.

==============================================================================
TEST SUMMARY
------------------------------------------------------------------------------
Match:
    None

Not run:
    geoopt/H2O_lbfgs
------------------------------------------------------------------------------
Status: FAIL

test 283
        Start 283: app/dftb+/geoopt/H2O_lbfgsStep

283: Test command: /home/users/ntu/c230179/Desktop/dftbplus-25.1/test/app/dftb+/bin/autotest2 "-r" "/home/users/ntu/c230179/Desktop/dftbplus-25.1/test/app/dftb+" "-w" "/home/users/ntu/c230179/Desktop/dftb_builds/dftb_gcc_Release/test/app/dftb+" "-d" "/home/users/ntu/c230179/Desktop/dftbplus-25.1/test/app/dftb+/bin/tagdiff" "-P" "env OMP_NUM_THREADS=1" "-p" "/home/users/ntu/c230179/Desktop/dftb_builds/dftb_gcc_Release/app/dftb+/dftb+" "-G" "/home/users/ntu/c230179/Desktop/dftbplus-25.1/test/app/dftb+/bin/globalpostrun.sh" "-s" "P,R,C,S" "geoopt/H2O_lbfgsStep"
283: Environment variables: 
283:  DFTBPLUS_PARAM_DIR=/home/users/ntu/c230179/Desktop/dftbplus-25.1/external
283: Test timeout computed to be: 10000000
283: cp: cannot stat 'geoopt/H2O_lbfgsStep/H-H.skf': No such file or directory
283: cp: cannot stat 'geoopt/H2O_lbfgsStep/H-O.skf': No such file or directory
283: cp: cannot stat 'geoopt/H2O_lbfgsStep/O-H.skf': No such file or directory
283: cp: cannot stat 'geoopt/H2O_lbfgsStep/O-O.skf': No such file or directory
283: geoopt/H2O_lbfgsStep:	Test script returned non-zero exit code: 1
283:  deleting file 'autotest.tag'
283:  TODO.
283: 
283: ==============================================================================
283: TEST SUMMARY
283: ------------------------------------------------------------------------------
283: Match:
283:     None
283: 
283: Not run:
283:     geoopt/H2O_lbfgsStep
283: ------------------------------------------------------------------------------
283: Status: FAIL
283/406 Test #283: app/dftb+/geoopt/H2O_lbfgsStep ...................................***Failed    0.05 sec
cp: cannot stat 'geoopt/H2O_lbfgsStep/H-H.skf': No such file or directory
cp: cannot stat 'geoopt/H2O_lbfgsStep/H-O.skf': No such file or directory
cp: cannot stat 'geoopt/H2O_lbfgsStep/O-H.skf': No such file or directory
cp: cannot stat 'geoopt/H2O_lbfgsStep/O-O.skf': No such file or directory
geoopt/H2O_lbfgsStep:	Test script returned non-zero exit code: 1
 deleting file 'autotest.tag'
 TODO.

==============================================================================
TEST SUMMARY
------------------------------------------------------------------------------
Match:
    None

Not run:
    geoopt/H2O_lbfgsStep
------------------------------------------------------------------------------
Status: FAIL

test 284
        Start 284: app/dftb+/geoopt/H2O_lbfgsLineMin

284: Test command: /home/users/ntu/c230179/Desktop/dftbplus-25.1/test/app/dftb+/bin/autotest2 "-r" "/home/users/ntu/c230179/Desktop/dftbplus-25.1/test/app/dftb+" "-w" "/home/users/ntu/c230179/Desktop/dftb_builds/dftb_gcc_Release/test/app/dftb+" "-d" "/home/users/ntu/c230179/Desktop/dftbplus-25.1/test/app/dftb+/bin/tagdiff" "-P" "env OMP_NUM_THREADS=1" "-p" "/home/users/ntu/c230179/Desktop/dftb_builds/dftb_gcc_Release/app/dftb+/dftb+" "-G" "/home/users/ntu/c230179/Desktop/dftbplus-25.1/test/app/dftb+/bin/globalpostrun.sh" "-s" "P,R,C,S" "geoopt/H2O_lbfgsLineMin"
284: Environment variables: 
284:  DFTBPLUS_PARAM_DIR=/home/users/ntu/c230179/Desktop/dftbplus-25.1/external
284: Test timeout computed to be: 10000000
284: cp: cannot stat 'geoopt/H2O_lbfgsLineMin/H-H.skf': No such file or directory
284: cp: cannot stat 'geoopt/H2O_lbfgsLineMin/H-O.skf': No such file or directory
284: cp: cannot stat 'geoopt/H2O_lbfgsLineMin/O-H.skf': No such file or directory
284: cp: cannot stat 'geoopt/H2O_lbfgsLineMin/O-O.skf': No such file or directory
284: geoopt/H2O_lbfgsLineMin:	Test script returned non-zero exit code: 1
284:  deleting file 'autotest.tag'
284:  TODO.
284: 
284: ==============================================================================
284: TEST SUMMARY
284: ------------------------------------------------------------------------------
284: Match:
284:     None
284: 
284: Not run:
284:     geoopt/H2O_lbfgsLineMin
284: ------------------------------------------------------------------------------
284: Status: FAIL
284/406 Test #284: app/dftb+/geoopt/H2O_lbfgsLineMin ................................***Failed    0.05 sec
cp: cannot stat 'geoopt/H2O_lbfgsLineMin/H-H.skf': No such file or directory
cp: cannot stat 'geoopt/H2O_lbfgsLineMin/H-O.skf': No such file or directory
cp: cannot stat 'geoopt/H2O_lbfgsLineMin/O-H.skf': No such file or directory
cp: cannot stat 'geoopt/H2O_lbfgsLineMin/O-O.skf': No such file or directory
geoopt/H2O_lbfgsLineMin:	Test script returned non-zero exit code: 1
 deleting file 'autotest.tag'
 TODO.

==============================================================================
TEST SUMMARY
------------------------------------------------------------------------------
Match:
    None

Not run:
    geoopt/H2O_lbfgsLineMin
------------------------------------------------------------------------------
Status: FAIL

test 285
        Start 285: app/dftb+/geoopt/H2O_rf

285: Test command: /home/users/ntu/c230179/Desktop/dftbplus-25.1/test/app/dftb+/bin/autotest2 "-r" "/home/users/ntu/c230179/Desktop/dftbplus-25.1/test/app/dftb+" "-w" "/home/users/ntu/c230179/Desktop/dftb_builds/dftb_gcc_Release/test/app/dftb+" "-d" "/home/users/ntu/c230179/Desktop/dftbplus-25.1/test/app/dftb+/bin/tagdiff" "-P" "env OMP_NUM_THREADS=1" "-p" "/home/users/ntu/c230179/Desktop/dftb_builds/dftb_gcc_Release/app/dftb+/dftb+" "-G" "/home/users/ntu/c230179/Desktop/dftbplus-25.1/test/app/dftb+/bin/globalpostrun.sh" "-s" "P,R,C,S" "geoopt/H2O_rf"
285: Environment variables: 
285:  DFTBPLUS_PARAM_DIR=/home/users/ntu/c230179/Desktop/dftbplus-25.1/external
285: Test timeout computed to be: 10000000
285: geoopt/H2O_rf:	Test script returned non-zero exit code: 1
285:  deleting file 'autotest.tag'
285:  TODO.
285: 
285: ==============================================================================
285: TEST SUMMARY
285: ------------------------------------------------------------------------------
285: Match:
285:     None
285: 
285: Not run:
285:     geoopt/H2O_rf
285: ------------------------------------------------------------------------------
285: Status: FAIL
285/406 Test #285: app/dftb+/geoopt/H2O_rf ..........................................***Failed    0.04 sec
geoopt/H2O_rf:	Test script returned non-zero exit code: 1
 deleting file 'autotest.tag'
 TODO.

==============================================================================
TEST SUMMARY
------------------------------------------------------------------------------
Match:
    None

Not run:
    geoopt/H2O_rf
------------------------------------------------------------------------------
Status: FAIL

test 286
        Start 286: app/dftb+/geoopt/H2O

286: Test command: /home/users/ntu/c230179/Desktop/dftbplus-25.1/test/app/dftb+/bin/autotest2 "-r" "/home/users/ntu/c230179/Desktop/dftbplus-25.1/test/app/dftb+" "-w" "/home/users/ntu/c230179/Desktop/dftb_builds/dftb_gcc_Release/test/app/dftb+" "-d" "/home/users/ntu/c230179/Desktop/dftbplus-25.1/test/app/dftb+/bin/tagdiff" "-P" "env OMP_NUM_THREADS=1" "-p" "/home/users/ntu/c230179/Desktop/dftb_builds/dftb_gcc_Release/app/dftb+/dftb+" "-G" "/home/users/ntu/c230179/Desktop/dftbplus-25.1/test/app/dftb+/bin/globalpostrun.sh" "-s" "P,R,C,S" "geoopt/H2O"
286: Environment variables: 
286:  DFTBPLUS_PARAM_DIR=/home/users/ntu/c230179/Desktop/dftbplus-25.1/external
286: Test timeout computed to be: 10000000
286: cp: cannot stat 'geoopt/H2O/H-H.skf': No such file or directory
286: cp: cannot stat 'geoopt/H2O/H-O.skf': No such file or directory
286: cp: cannot stat 'geoopt/H2O/O-H.skf': No such file or directory
286: cp: cannot stat 'geoopt/H2O/O-O.skf': No such file or directory
286: geoopt/H2O:	Test script returned non-zero exit code: 1
286:  deleting file 'autotest.tag'
286:  TODO.
286: 
286: ==============================================================================
286: TEST SUMMARY
286: ------------------------------------------------------------------------------
286: Match:
286:     None
286: 
286: Not run:
286:     geoopt/H2O
286: ------------------------------------------------------------------------------
286: Status: FAIL
286/406 Test #286: app/dftb+/geoopt/H2O .............................................***Failed    0.05 sec
cp: cannot stat 'geoopt/H2O/H-H.skf': No such file or directory
cp: cannot stat 'geoopt/H2O/H-O.skf': No such file or directory
cp: cannot stat 'geoopt/H2O/O-H.skf': No such file or directory
cp: cannot stat 'geoopt/H2O/O-O.skf': No such file or directory
geoopt/H2O:	Test script returned non-zero exit code: 1
 deleting file 'autotest.tag'
 TODO.

==============================================================================
TEST SUMMARY
------------------------------------------------------------------------------
Match:
    None

Not run:
    geoopt/H2O
------------------------------------------------------------------------------
Status: FAIL

test 287
        Start 287: app/dftb+/geoopt/H2O_fire

287: Test command: /home/users/ntu/c230179/Desktop/dftbplus-25.1/test/app/dftb+/bin/autotest2 "-r" "/home/users/ntu/c230179/Desktop/dftbplus-25.1/test/app/dftb+" "-w" "/home/users/ntu/c230179/Desktop/dftb_builds/dftb_gcc_Release/test/app/dftb+" "-d" "/home/users/ntu/c230179/Desktop/dftbplus-25.1/test/app/dftb+/bin/tagdiff" "-P" "env OMP_NUM_THREADS=1" "-p" "/home/users/ntu/c230179/Desktop/dftb_builds/dftb_gcc_Release/app/dftb+/dftb+" "-G" "/home/users/ntu/c230179/Desktop/dftbplus-25.1/test/app/dftb+/bin/globalpostrun.sh" "-s" "P,R,C,S" "geoopt/H2O_fire"
287: Environment variables: 
287:  DFTBPLUS_PARAM_DIR=/home/users/ntu/c230179/Desktop/dftbplus-25.1/external
287: Test timeout computed to be: 10000000
287: cp: cannot stat 'geoopt/H2O_fire/H-H.skf': No such file or directory
287: cp: cannot stat 'geoopt/H2O_fire/H-O.skf': No such file or directory
287: cp: cannot stat 'geoopt/H2O_fire/O-H.skf': No such file or directory
287: cp: cannot stat 'geoopt/H2O_fire/O-O.skf': No such file or directory
287: geoopt/H2O_fire:	Test script returned non-zero exit code: 1
287:  deleting file 'autotest.tag'
287:  TODO.
287: 
287: ==============================================================================
287: TEST SUMMARY
287: ------------------------------------------------------------------------------
287: Match:
287:     None
287: 
287: Not run:
287:     geoopt/H2O_fire
287: ------------------------------------------------------------------------------
287: Status: FAIL
287/406 Test #287: app/dftb+/geoopt/H2O_fire ........................................***Failed    0.05 sec
cp: cannot stat 'geoopt/H2O_fire/H-H.skf': No such file or directory
cp: cannot stat 'geoopt/H2O_fire/H-O.skf': No such file or directory
cp: cannot stat 'geoopt/H2O_fire/O-H.skf': No such file or directory
cp: cannot stat 'geoopt/H2O_fire/O-O.skf': No such file or directory
geoopt/H2O_fire:	Test script returned non-zero exit code: 1
 deleting file 'autotest.tag'
 TODO.

==============================================================================
TEST SUMMARY
------------------------------------------------------------------------------
Match:
    None

Not run:
    geoopt/H2O_fire
------------------------------------------------------------------------------
Status: FAIL

test 288
        Start 288: app/dftb+/md/Si_8_NHC_restart

288: Test command: /home/users/ntu/c230179/Desktop/dftbplus-25.1/test/app/dftb+/bin/autotest2 "-r" "/home/users/ntu/c230179/Desktop/dftbplus-25.1/test/app/dftb+" "-w" "/home/users/ntu/c230179/Desktop/dftb_builds/dftb_gcc_Release/test/app/dftb+" "-d" "/home/users/ntu/c230179/Desktop/dftbplus-25.1/test/app/dftb+/bin/tagdiff" "-P" "env OMP_NUM_THREADS=1" "-p" "/home/users/ntu/c230179/Desktop/dftb_builds/dftb_gcc_Release/app/dftb+/dftb+" "-G" "/home/users/ntu/c230179/Desktop/dftbplus-25.1/test/app/dftb+/bin/globalpostrun.sh" "-s" "P,R,C,S" "md/Si_8_NHC_restart"
288: Environment variables: 
288:  DFTBPLUS_PARAM_DIR=/home/users/ntu/c230179/Desktop/dftbplus-25.1/external
288: Test timeout computed to be: 10000000
288: cp: cannot stat 'md/Si_8_NHC_restart/Si-Si.skf': No such file or directory
288: md/Si_8_NHC_restart:	Test script returned non-zero exit code: 1
288:  deleting file 'autotest.tag'
288:  TODO.
288: 
288: ==============================================================================
288: TEST SUMMARY
288: ------------------------------------------------------------------------------
288: Match:
288:     None
288: 
288: Not run:
288:     md/Si_8_NHC_restart
288: ------------------------------------------------------------------------------
288: Status: FAIL
288/406 Test #288: app/dftb+/md/Si_8_NHC_restart ....................................***Failed    0.04 sec
cp: cannot stat 'md/Si_8_NHC_restart/Si-Si.skf': No such file or directory
md/Si_8_NHC_restart:	Test script returned non-zero exit code: 1
 deleting file 'autotest.tag'
 TODO.

==============================================================================
TEST SUMMARY
------------------------------------------------------------------------------
Match:
    None

Not run:
    md/Si_8_NHC_restart
------------------------------------------------------------------------------
Status: FAIL

test 289
        Start 289: app/dftb+/non-scc/GaAs_2

289: Test command: /home/users/ntu/c230179/Desktop/dftbplus-25.1/test/app/dftb+/bin/autotest2 "-r" "/home/users/ntu/c230179/Desktop/dftbplus-25.1/test/app/dftb+" "-w" "/home/users/ntu/c230179/Desktop/dftb_builds/dftb_gcc_Release/test/app/dftb+" "-d" "/home/users/ntu/c230179/Desktop/dftbplus-25.1/test/app/dftb+/bin/tagdiff" "-P" "env OMP_NUM_THREADS=1" "-p" "/home/users/ntu/c230179/Desktop/dftb_builds/dftb_gcc_Release/app/dftb+/dftb+" "-G" "/home/users/ntu/c230179/Desktop/dftbplus-25.1/test/app/dftb+/bin/globalpostrun.sh" "-s" "P,R,C,S" "non-scc/GaAs_2"
289: Environment variables: 
289:  DFTBPLUS_PARAM_DIR=/home/users/ntu/c230179/Desktop/dftbplus-25.1/external
289: Test timeout computed to be: 10000000
289: cp: cannot stat 'non-scc/GaAs_2/As-As.skf': No such file or directory
289: cp: cannot stat 'non-scc/GaAs_2/As-Ga.skf': No such file or directory
289: cp: cannot stat 'non-scc/GaAs_2/Ga-As.skf': No such file or directory
289: cp: cannot stat 'non-scc/GaAs_2/Ga-Ga.skf': No such file or directory
289: non-scc/GaAs_2:	Test script returned non-zero exit code: 1
289:  deleting file 'autotest.tag'
289:  TODO.
289: 
289: ==============================================================================
289: TEST SUMMARY
289: ------------------------------------------------------------------------------
289: Match:
289:     None
289: 
289: Not run:
289:     non-scc/GaAs_2
289: ------------------------------------------------------------------------------
289: Status: FAIL
289/406 Test #289: app/dftb+/non-scc/GaAs_2 .........................................***Failed    0.05 sec
cp: cannot stat 'non-scc/GaAs_2/As-As.skf': No such file or directory
cp: cannot stat 'non-scc/GaAs_2/As-Ga.skf': No such file or directory
cp: cannot stat 'non-scc/GaAs_2/Ga-As.skf': No such file or directory
cp: cannot stat 'non-scc/GaAs_2/Ga-Ga.skf': No such file or directory
non-scc/GaAs_2:	Test script returned non-zero exit code: 1
 deleting file 'autotest.tag'
 TODO.

==============================================================================
TEST SUMMARY
------------------------------------------------------------------------------
Match:
    None

Not run:
    non-scc/GaAs_2
------------------------------------------------------------------------------
Status: FAIL

test 290
        Start 290: app/dftb+/scc/GaAs_2

290: Test command: /home/users/ntu/c230179/Desktop/dftbplus-25.1/test/app/dftb+/bin/autotest2 "-r" "/home/users/ntu/c230179/Desktop/dftbplus-25.1/test/app/dftb+" "-w" "/home/users/ntu/c230179/Desktop/dftb_builds/dftb_gcc_Release/test/app/dftb+" "-d" "/home/users/ntu/c230179/Desktop/dftbplus-25.1/test/app/dftb+/bin/tagdiff" "-P" "env OMP_NUM_THREADS=1" "-p" "/home/users/ntu/c230179/Desktop/dftb_builds/dftb_gcc_Release/app/dftb+/dftb+" "-G" "/home/users/ntu/c230179/Desktop/dftbplus-25.1/test/app/dftb+/bin/globalpostrun.sh" "-s" "P,R,C,S" "scc/GaAs_2"
290: Environment variables: 
290:  DFTBPLUS_PARAM_DIR=/home/users/ntu/c230179/Desktop/dftbplus-25.1/external
290: Test timeout computed to be: 10000000
290: scc/GaAs_2:	Test script returned non-zero exit code: 1
290:  deleting file 'autotest.tag'
290:  TODO.
290: 
290: ==============================================================================
290: TEST SUMMARY
290: ------------------------------------------------------------------------------
290: Match:
290:     None
290: 
290: Not run:
290:     scc/GaAs_2
290: ------------------------------------------------------------------------------
290: Status: FAIL
290/406 Test #290: app/dftb+/scc/GaAs_2 .............................................***Failed    0.04 sec
scc/GaAs_2:	Test script returned non-zero exit code: 1
 deleting file 'autotest.tag'
 TODO.

==============================================================================
TEST SUMMARY
------------------------------------------------------------------------------
Match:
    None

Not run:
    scc/GaAs_2
------------------------------------------------------------------------------
Status: FAIL

test 291
        Start 291: app/dftb+/scc/GaAs_2_customU

291: Test command: /home/users/ntu/c230179/Desktop/dftbplus-25.1/test/app/dftb+/bin/autotest2 "-r" "/home/users/ntu/c230179/Desktop/dftbplus-25.1/test/app/dftb+" "-w" "/home/users/ntu/c230179/Desktop/dftb_builds/dftb_gcc_Release/test/app/dftb+" "-d" "/home/users/ntu/c230179/Desktop/dftbplus-25.1/test/app/dftb+/bin/tagdiff" "-P" "env OMP_NUM_THREADS=1" "-p" "/home/users/ntu/c230179/Desktop/dftb_builds/dftb_gcc_Release/app/dftb+/dftb+" "-G" "/home/users/ntu/c230179/Desktop/dftbplus-25.1/test/app/dftb+/bin/globalpostrun.sh" "-s" "P,R,C,S" "scc/GaAs_2_customU"
291: Environment variables: 
291:  DFTBPLUS_PARAM_DIR=/home/users/ntu/c230179/Desktop/dftbplus-25.1/external
291: Test timeout computed to be: 10000000
291: scc/GaAs_2_customU:	Test script returned non-zero exit code: 1
291:  deleting file 'autotest.tag'
291:  TODO.
291: 
291: ==============================================================================
291: TEST SUMMARY
291: ------------------------------------------------------------------------------
291: Match:
291:     None
291: 
291: Not run:
291:     scc/GaAs_2_customU
291: ------------------------------------------------------------------------------
291: Status: FAIL
291/406 Test #291: app/dftb+/scc/GaAs_2_customU .....................................***Failed    0.04 sec
scc/GaAs_2_customU:	Test script returned non-zero exit code: 1
 deleting file 'autotest.tag'
 TODO.

==============================================================================
TEST SUMMARY
------------------------------------------------------------------------------
Match:
    None

Not run:
    scc/GaAs_2_customU
------------------------------------------------------------------------------
Status: FAIL

test 292
        Start 292: app/dftb+/spinorbit/Fe2_dual

292: Test command: /home/users/ntu/c230179/Desktop/dftbplus-25.1/test/app/dftb+/bin/autotest2 "-r" "/home/users/ntu/c230179/Desktop/dftbplus-25.1/test/app/dftb+" "-w" "/home/users/ntu/c230179/Desktop/dftb_builds/dftb_gcc_Release/test/app/dftb+" "-d" "/home/users/ntu/c230179/Desktop/dftbplus-25.1/test/app/dftb+/bin/tagdiff" "-P" "env OMP_NUM_THREADS=1" "-p" "/home/users/ntu/c230179/Desktop/dftb_builds/dftb_gcc_Release/app/dftb+/dftb+" "-G" "/home/users/ntu/c230179/Desktop/dftbplus-25.1/test/app/dftb+/bin/globalpostrun.sh" "-s" "P,R,C,S" "spinorbit/Fe2_dual"
292: Environment variables: 
292:  DFTBPLUS_PARAM_DIR=/home/users/ntu/c230179/Desktop/dftbplus-25.1/external
292: Test timeout computed to be: 10000000
292: cp: cannot stat 'spinorbit/Fe2_dual/Fe-Fe.skf': No such file or directory
292: spinorbit/Fe2_dual:	Test script returned non-zero exit code: 1
292:  deleting file 'autotest.tag'
292:  TODO.
292: 
292: ==============================================================================
292: TEST SUMMARY
292: ------------------------------------------------------------------------------
292: Match:
292:     None
292: 
292: Not run:
292:     spinorbit/Fe2_dual
292: ------------------------------------------------------------------------------
292: Status: FAIL
292/406 Test #292: app/dftb+/spinorbit/Fe2_dual .....................................***Failed    0.04 sec
cp: cannot stat 'spinorbit/Fe2_dual/Fe-Fe.skf': No such file or directory
spinorbit/Fe2_dual:	Test script returned non-zero exit code: 1
 deleting file 'autotest.tag'
 TODO.

==============================================================================
TEST SUMMARY
------------------------------------------------------------------------------
Match:
    None

Not run:
    spinorbit/Fe2_dual
------------------------------------------------------------------------------
Status: FAIL

test 293
        Start 293: app/dftb+/spinorbit/Fe2_dual_field

293: Test command: /home/users/ntu/c230179/Desktop/dftbplus-25.1/test/app/dftb+/bin/autotest2 "-r" "/home/users/ntu/c230179/Desktop/dftbplus-25.1/test/app/dftb+" "-w" "/home/users/ntu/c230179/Desktop/dftb_builds/dftb_gcc_Release/test/app/dftb+" "-d" "/home/users/ntu/c230179/Desktop/dftbplus-25.1/test/app/dftb+/bin/tagdiff" "-P" "env OMP_NUM_THREADS=1" "-p" "/home/users/ntu/c230179/Desktop/dftb_builds/dftb_gcc_Release/app/dftb+/dftb+" "-G" "/home/users/ntu/c230179/Desktop/dftbplus-25.1/test/app/dftb+/bin/globalpostrun.sh" "-s" "P,R,C,S" "spinorbit/Fe2_dual_field"
293: Environment variables: 
293:  DFTBPLUS_PARAM_DIR=/home/users/ntu/c230179/Desktop/dftbplus-25.1/external
293: Test timeout computed to be: 10000000
293: cp: cannot stat 'spinorbit/Fe2_dual_field/Fe-Fe.skf': No such file or directory
293: spinorbit/Fe2_dual_field:	Test script returned non-zero exit code: 1
293:  deleting file 'autotest.tag'
293:  TODO.
293: 
293: ==============================================================================
293: TEST SUMMARY
293: ------------------------------------------------------------------------------
293: Match:
293:     None
293: 
293: Not run:
293:     spinorbit/Fe2_dual_field
293: ------------------------------------------------------------------------------
293: Status: FAIL
293/406 Test #293: app/dftb+/spinorbit/Fe2_dual_field ...............................***Failed    0.04 sec
cp: cannot stat 'spinorbit/Fe2_dual_field/Fe-Fe.skf': No such file or directory
spinorbit/Fe2_dual_field:	Test script returned non-zero exit code: 1
 deleting file 'autotest.tag'
 TODO.

==============================================================================
TEST SUMMARY
------------------------------------------------------------------------------
Match:
    None

Not run:
    spinorbit/Fe2_dual_field
------------------------------------------------------------------------------
Status: FAIL

test 294
        Start 294: app/dftb+/spinorbit/Fe2_dual_Fermi

294: Test command: /home/users/ntu/c230179/Desktop/dftbplus-25.1/test/app/dftb+/bin/autotest2 "-r" "/home/users/ntu/c230179/Desktop/dftbplus-25.1/test/app/dftb+" "-w" "/home/users/ntu/c230179/Desktop/dftb_builds/dftb_gcc_Release/test/app/dftb+" "-d" "/home/users/ntu/c230179/Desktop/dftbplus-25.1/test/app/dftb+/bin/tagdiff" "-P" "env OMP_NUM_THREADS=1" "-p" "/home/users/ntu/c230179/Desktop/dftb_builds/dftb_gcc_Release/app/dftb+/dftb+" "-G" "/home/users/ntu/c230179/Desktop/dftbplus-25.1/test/app/dftb+/bin/globalpostrun.sh" "-s" "P,R,C,S" "spinorbit/Fe2_dual_Fermi"
294: Environment variables: 
294:  DFTBPLUS_PARAM_DIR=/home/users/ntu/c230179/Desktop/dftbplus-25.1/external
294: Test timeout computed to be: 10000000
294: cp: cannot stat 'spinorbit/Fe2_dual_Fermi/Fe-Fe.skf': No such file or directory
294: spinorbit/Fe2_dual_Fermi:	Test script returned non-zero exit code: 1
294:  deleting file 'autotest.tag'
294:  TODO.
294: 
294: ==============================================================================
294: TEST SUMMARY
294: ------------------------------------------------------------------------------
294: Match:
294:     None
294: 
294: Not run:
294:     spinorbit/Fe2_dual_Fermi
294: ------------------------------------------------------------------------------
294: Status: FAIL
294/406 Test #294: app/dftb+/spinorbit/Fe2_dual_Fermi ...............................***Failed    0.04 sec
cp: cannot stat 'spinorbit/Fe2_dual_Fermi/Fe-Fe.skf': No such file or directory
spinorbit/Fe2_dual_Fermi:	Test script returned non-zero exit code: 1
 deleting file 'autotest.tag'
 TODO.

==============================================================================
TEST SUMMARY
------------------------------------------------------------------------------
Match:
    None

Not run:
    spinorbit/Fe2_dual_Fermi
------------------------------------------------------------------------------
Status: FAIL

test 295
        Start 295: app/dftb+/spinorbit/Si_2

295: Test command: /home/users/ntu/c230179/Desktop/dftbplus-25.1/test/app/dftb+/bin/autotest2 "-r" "/home/users/ntu/c230179/Desktop/dftbplus-25.1/test/app/dftb+" "-w" "/home/users/ntu/c230179/Desktop/dftb_builds/dftb_gcc_Release/test/app/dftb+" "-d" "/home/users/ntu/c230179/Desktop/dftbplus-25.1/test/app/dftb+/bin/tagdiff" "-P" "env OMP_NUM_THREADS=1" "-p" "/home/users/ntu/c230179/Desktop/dftb_builds/dftb_gcc_Release/app/dftb+/dftb+" "-G" "/home/users/ntu/c230179/Desktop/dftbplus-25.1/test/app/dftb+/bin/globalpostrun.sh" "-s" "P,R,C,S" "spinorbit/Si_2"
295: Environment variables: 
295:  DFTBPLUS_PARAM_DIR=/home/users/ntu/c230179/Desktop/dftbplus-25.1/external
295: Test timeout computed to be: 10000000
295: cp: cannot stat 'spinorbit/Si_2/Si-Si.skf': No such file or directory
295: spinorbit/Si_2:	Test script returned non-zero exit code: 1
295:  deleting file 'autotest.tag'
295:  TODO.
295: 
295: ==============================================================================
295: TEST SUMMARY
295: ------------------------------------------------------------------------------
295: Match:
295:     None
295: 
295: Not run:
295:     spinorbit/Si_2
295: ------------------------------------------------------------------------------
295: Status: FAIL
295/406 Test #295: app/dftb+/spinorbit/Si_2 .........................................***Failed    0.04 sec
cp: cannot stat 'spinorbit/Si_2/Si-Si.skf': No such file or directory
spinorbit/Si_2:	Test script returned non-zero exit code: 1
 deleting file 'autotest.tag'
 TODO.

==============================================================================
TEST SUMMARY
------------------------------------------------------------------------------
Match:
    None

Not run:
    spinorbit/Si_2
------------------------------------------------------------------------------
Status: FAIL

test 296
        Start 296: app/dftb+/dispersion/DNA_uff

296: Test command: /home/users/ntu/c230179/Desktop/dftbplus-25.1/test/app/dftb+/bin/autotest2 "-r" "/home/users/ntu/c230179/Desktop/dftbplus-25.1/test/app/dftb+" "-w" "/home/users/ntu/c230179/Desktop/dftb_builds/dftb_gcc_Release/test/app/dftb+" "-d" "/home/users/ntu/c230179/Desktop/dftbplus-25.1/test/app/dftb+/bin/tagdiff" "-P" "env OMP_NUM_THREADS=1" "-p" "/home/users/ntu/c230179/Desktop/dftb_builds/dftb_gcc_Release/app/dftb+/dftb+" "-G" "/home/users/ntu/c230179/Desktop/dftbplus-25.1/test/app/dftb+/bin/globalpostrun.sh" "-s" "P,R,C,S" "dispersion/DNA_uff"
296: Environment variables: 
296:  DFTBPLUS_PARAM_DIR=/home/users/ntu/c230179/Desktop/dftbplus-25.1/external
296: Test timeout computed to be: 10000000
296: dispersion/DNA_uff:	Test script returned non-zero exit code: 1
296:  deleting file 'autotest.tag'
296:  TODO.
296: 
296: ==============================================================================
296: TEST SUMMARY
296: ------------------------------------------------------------------------------
296: Match:
296:     None
296: 
296: Not run:
296:     dispersion/DNA_uff
296: ------------------------------------------------------------------------------
296: Status: FAIL
296/406 Test #296: app/dftb+/dispersion/DNA_uff .....................................***Failed    0.04 sec
dispersion/DNA_uff:	Test script returned non-zero exit code: 1
 deleting file 'autotest.tag'
 TODO.

==============================================================================
TEST SUMMARY
------------------------------------------------------------------------------
Match:
    None

Not run:
    dispersion/DNA_uff
------------------------------------------------------------------------------
Status: FAIL

test 297
        Start 297: app/dftb+/onsite/Au13

297: Test command: /home/users/ntu/c230179/Desktop/dftbplus-25.1/test/app/dftb+/bin/autotest2 "-r" "/home/users/ntu/c230179/Desktop/dftbplus-25.1/test/app/dftb+" "-w" "/home/users/ntu/c230179/Desktop/dftb_builds/dftb_gcc_Release/test/app/dftb+" "-d" "/home/users/ntu/c230179/Desktop/dftbplus-25.1/test/app/dftb+/bin/tagdiff" "-P" "env OMP_NUM_THREADS=1" "-p" "/home/users/ntu/c230179/Desktop/dftb_builds/dftb_gcc_Release/app/dftb+/dftb+" "-G" "/home/users/ntu/c230179/Desktop/dftbplus-25.1/test/app/dftb+/bin/globalpostrun.sh" "-s" "P,R,C,S" "onsite/Au13"
297: Environment variables: 
297:  DFTBPLUS_PARAM_DIR=/home/users/ntu/c230179/Desktop/dftbplus-25.1/external
297: Test timeout computed to be: 10000000
297: onsite/Au13:	Test script returned non-zero exit code: 1
297:  deleting file 'autotest.tag'
297:  TODO.
297: 
297: ==============================================================================
297: TEST SUMMARY
297: ------------------------------------------------------------------------------
297: Match:
297:     None
297: 
297: Not run:
297:     onsite/Au13
297: ------------------------------------------------------------------------------
297: Status: FAIL
297/406 Test #297: app/dftb+/onsite/Au13 ............................................***Failed    0.04 sec
onsite/Au13:	Test script returned non-zero exit code: 1
 deleting file 'autotest.tag'
 TODO.

==============================================================================
TEST SUMMARY
------------------------------------------------------------------------------
Match:
    None

Not run:
    onsite/Au13
------------------------------------------------------------------------------
Status: FAIL

test 298
        Start 298: app/dftb+/onsite/Au13pSIC

298: Test command: /home/users/ntu/c230179/Desktop/dftbplus-25.1/test/app/dftb+/bin/autotest2 "-r" "/home/users/ntu/c230179/Desktop/dftbplus-25.1/test/app/dftb+" "-w" "/home/users/ntu/c230179/Desktop/dftb_builds/dftb_gcc_Release/test/app/dftb+" "-d" "/home/users/ntu/c230179/Desktop/dftbplus-25.1/test/app/dftb+/bin/tagdiff" "-P" "env OMP_NUM_THREADS=1" "-p" "/home/users/ntu/c230179/Desktop/dftb_builds/dftb_gcc_Release/app/dftb+/dftb+" "-G" "/home/users/ntu/c230179/Desktop/dftbplus-25.1/test/app/dftb+/bin/globalpostrun.sh" "-s" "P,R,C,S" "onsite/Au13pSIC"
298: Environment variables: 
298:  DFTBPLUS_PARAM_DIR=/home/users/ntu/c230179/Desktop/dftbplus-25.1/external
298: Test timeout computed to be: 10000000
298: onsite/Au13pSIC:	Test script returned non-zero exit code: 1
298:  deleting file 'autotest.tag'
298:  TODO.
298: 
298: ==============================================================================
298: TEST SUMMARY
298: ------------------------------------------------------------------------------
298: Match:
298:     None
298: 
298: Not run:
298:     onsite/Au13pSIC
298: ------------------------------------------------------------------------------
298: Status: FAIL
298/406 Test #298: app/dftb+/onsite/Au13pSIC ........................................***Failed    0.04 sec
onsite/Au13pSIC:	Test script returned non-zero exit code: 1
 deleting file 'autotest.tag'
 TODO.

==============================================================================
TEST SUMMARY
------------------------------------------------------------------------------
Match:
    None

Not run:
    onsite/Au13pSIC
------------------------------------------------------------------------------
Status: FAIL

test 299
        Start 299: app/dftb+/timedep/C4H6-S1-Force_uncache-Stratmann

299: Test command: /home/users/ntu/c230179/Desktop/dftbplus-25.1/test/app/dftb+/bin/autotest2 "-r" "/home/users/ntu/c230179/Desktop/dftbplus-25.1/test/app/dftb+" "-w" "/home/users/ntu/c230179/Desktop/dftb_builds/dftb_gcc_Release/test/app/dftb+" "-d" "/home/users/ntu/c230179/Desktop/dftbplus-25.1/test/app/dftb+/bin/tagdiff" "-P" "env OMP_NUM_THREADS=1" "-p" "/home/users/ntu/c230179/Desktop/dftb_builds/dftb_gcc_Release/app/dftb+/dftb+" "-G" "/home/users/ntu/c230179/Desktop/dftbplus-25.1/test/app/dftb+/bin/globalpostrun.sh" "-s" "P,R,C,S" "timedep/C4H6-S1-Force_uncache-Stratmann"
299: Environment variables: 
299:  DFTBPLUS_PARAM_DIR=/home/users/ntu/c230179/Desktop/dftbplus-25.1/external
299: Test timeout computed to be: 10000000
299: timedep/C4H6-S1-Force_uncache-Stratmann:	Test script returned non-zero exit code: 1
299:  deleting file 'autotest.tag'
299:  TODO.
299: 
299: ==============================================================================
299: TEST SUMMARY
299: ------------------------------------------------------------------------------
299: Match:
299:     None
299: 
299: Not run:
299:     timedep/C4H6-S1-Force_uncache-Strat
299: ------------------------------------------------------------------------------
299: Status: FAIL
299/406 Test #299: app/dftb+/timedep/C4H6-S1-Force_uncache-Stratmann ................***Failed    0.05 sec
timedep/C4H6-S1-Force_uncache-Stratmann:	Test script returned non-zero exit code: 1
 deleting file 'autotest.tag'
 TODO.

==============================================================================
TEST SUMMARY
------------------------------------------------------------------------------
Match:
    None

Not run:
    timedep/C4H6-S1-Force_uncache-Strat
------------------------------------------------------------------------------
Status: FAIL

test 300
        Start 300: app/dftb+/timedep/NH-Force-spinpol-Stratmann

300: Test command: /home/users/ntu/c230179/Desktop/dftbplus-25.1/test/app/dftb+/bin/autotest2 "-r" "/home/users/ntu/c230179/Desktop/dftbplus-25.1/test/app/dftb+" "-w" "/home/users/ntu/c230179/Desktop/dftb_builds/dftb_gcc_Release/test/app/dftb+" "-d" "/home/users/ntu/c230179/Desktop/dftbplus-25.1/test/app/dftb+/bin/tagdiff" "-P" "env OMP_NUM_THREADS=1" "-p" "/home/users/ntu/c230179/Desktop/dftb_builds/dftb_gcc_Release/app/dftb+/dftb+" "-G" "/home/users/ntu/c230179/Desktop/dftbplus-25.1/test/app/dftb+/bin/globalpostrun.sh" "-s" "P,R,C,S" "timedep/NH-Force-spinpol-Stratmann"
300: Environment variables: 
300:  DFTBPLUS_PARAM_DIR=/home/users/ntu/c230179/Desktop/dftbplus-25.1/external
300: Test timeout computed to be: 10000000
300: timedep/NH-Force-spinpol-Stratmann:	Test script returned non-zero exit code: 1
300:  deleting file 'autotest.tag'
300:  TODO.
300: 
300: ==============================================================================
300: TEST SUMMARY
300: ------------------------------------------------------------------------------
300: Match:
300:     None
300: 
300: Not run:
300:     timedep/NH-Force-spinpol-Stratmann
300: ------------------------------------------------------------------------------
300: Status: FAIL
300/406 Test #300: app/dftb+/timedep/NH-Force-spinpol-Stratmann .....................***Failed    0.04 sec
timedep/NH-Force-spinpol-Stratmann:	Test script returned non-zero exit code: 1
 deleting file 'autotest.tag'
 TODO.

==============================================================================
TEST SUMMARY
------------------------------------------------------------------------------
Match:
    None

Not run:
    timedep/NH-Force-spinpol-Stratmann
------------------------------------------------------------------------------
Status: FAIL

test 301
        Start 301: app/dftb+/timedep/Furan-NACV-LC

301: Test command: /home/users/ntu/c230179/Desktop/dftbplus-25.1/test/app/dftb+/bin/autotest2 "-r" "/home/users/ntu/c230179/Desktop/dftbplus-25.1/test/app/dftb+" "-w" "/home/users/ntu/c230179/Desktop/dftb_builds/dftb_gcc_Release/test/app/dftb+" "-d" "/home/users/ntu/c230179/Desktop/dftbplus-25.1/test/app/dftb+/bin/tagdiff" "-P" "env OMP_NUM_THREADS=1" "-p" "/home/users/ntu/c230179/Desktop/dftb_builds/dftb_gcc_Release/app/dftb+/dftb+" "-G" "/home/users/ntu/c230179/Desktop/dftbplus-25.1/test/app/dftb+/bin/globalpostrun.sh" "-s" "P,R,C,S" "timedep/Furan-NACV-LC"
301: Environment variables: 
301:  DFTBPLUS_PARAM_DIR=/home/users/ntu/c230179/Desktop/dftbplus-25.1/external
301: Test timeout computed to be: 10000000
301: timedep/Furan-NACV-LC:	Test script returned non-zero exit code: 1
301:  deleting file 'autotest.tag'
301:  TODO.
301: 
301: ==============================================================================
301: TEST SUMMARY
301: ------------------------------------------------------------------------------
301: Match:
301:     None
301: 
301: Not run:
301:     timedep/Furan-NACV-LC
301: ------------------------------------------------------------------------------
301: Status: FAIL
301/406 Test #301: app/dftb+/timedep/Furan-NACV-LC ..................................***Failed    0.05 sec
timedep/Furan-NACV-LC:	Test script returned non-zero exit code: 1
 deleting file 'autotest.tag'
 TODO.

==============================================================================
TEST SUMMARY
------------------------------------------------------------------------------
Match:
    None

Not run:
    timedep/Furan-NACV-LC
------------------------------------------------------------------------------
Status: FAIL

test 302
        Start 302: app/dftb+/timedep/C4H6-TransCharges

302: Test command: /home/users/ntu/c230179/Desktop/dftbplus-25.1/test/app/dftb+/bin/autotest2 "-r" "/home/users/ntu/c230179/Desktop/dftbplus-25.1/test/app/dftb+" "-w" "/home/users/ntu/c230179/Desktop/dftb_builds/dftb_gcc_Release/test/app/dftb+" "-d" "/home/users/ntu/c230179/Desktop/dftbplus-25.1/test/app/dftb+/bin/tagdiff" "-P" "env OMP_NUM_THREADS=1" "-p" "/home/users/ntu/c230179/Desktop/dftb_builds/dftb_gcc_Release/app/dftb+/dftb+" "-G" "/home/users/ntu/c230179/Desktop/dftbplus-25.1/test/app/dftb+/bin/globalpostrun.sh" "-s" "P,R,C,S" "timedep/C4H6-TransCharges"
302: Environment variables: 
302:  DFTBPLUS_PARAM_DIR=/home/users/ntu/c230179/Desktop/dftbplus-25.1/external
302: Test timeout computed to be: 10000000
302: timedep/C4H6-TransCharges:	Test script returned non-zero exit code: 1
302:  deleting file 'autotest.tag'
302:  TODO.
302: 
302: ==============================================================================
302: TEST SUMMARY
302: ------------------------------------------------------------------------------
302: Match:
302:     None
302: 
302: Not run:
302:     timedep/C4H6-TransCharges
302: ------------------------------------------------------------------------------
302: Status: FAIL
302/406 Test #302: app/dftb+/timedep/C4H6-TransCharges ..............................***Failed    0.05 sec
timedep/C4H6-TransCharges:	Test script returned non-zero exit code: 1
 deleting file 'autotest.tag'
 TODO.

==============================================================================
TEST SUMMARY
------------------------------------------------------------------------------
Match:
    None

Not run:
    timedep/C4H6-TransCharges
------------------------------------------------------------------------------
Status: FAIL

test 303
        Start 303: app/dftb+/timedep/2CH3-Temp-Stratmann

303: Test command: /home/users/ntu/c230179/Desktop/dftbplus-25.1/test/app/dftb+/bin/autotest2 "-r" "/home/users/ntu/c230179/Desktop/dftbplus-25.1/test/app/dftb+" "-w" "/home/users/ntu/c230179/Desktop/dftb_builds/dftb_gcc_Release/test/app/dftb+" "-d" "/home/users/ntu/c230179/Desktop/dftbplus-25.1/test/app/dftb+/bin/tagdiff" "-P" "env OMP_NUM_THREADS=1" "-p" "/home/users/ntu/c230179/Desktop/dftb_builds/dftb_gcc_Release/app/dftb+/dftb+" "-G" "/home/users/ntu/c230179/Desktop/dftbplus-25.1/test/app/dftb+/bin/globalpostrun.sh" "-s" "P,R,C,S" "timedep/2CH3-Temp-Stratmann"
303: Environment variables: 
303:  DFTBPLUS_PARAM_DIR=/home/users/ntu/c230179/Desktop/dftbplus-25.1/external
303: Test timeout computed to be: 10000000
303: timedep/2CH3-Temp-Stratmann:	Test script returned non-zero exit code: 1
303:  deleting file 'autotest.tag'
303:  TODO.
303: 
303: ==============================================================================
303: TEST SUMMARY
303: ------------------------------------------------------------------------------
303: Match:
303:     None
303: 
303: Not run:
303:     timedep/2CH3-Temp-Stratmann
303: ------------------------------------------------------------------------------
303: Status: FAIL
303/406 Test #303: app/dftb+/timedep/2CH3-Temp-Stratmann ............................***Failed    0.05 sec
timedep/2CH3-Temp-Stratmann:	Test script returned non-zero exit code: 1
 deleting file 'autotest.tag'
 TODO.

==============================================================================
TEST SUMMARY
------------------------------------------------------------------------------
Match:
    None

Not run:
    timedep/2CH3-Temp-Stratmann
------------------------------------------------------------------------------
Status: FAIL

test 304
        Start 304: app/dftb+/timedep/C4H6-Singlet-Stratmann

304: Test command: /home/users/ntu/c230179/Desktop/dftbplus-25.1/test/app/dftb+/bin/autotest2 "-r" "/home/users/ntu/c230179/Desktop/dftbplus-25.1/test/app/dftb+" "-w" "/home/users/ntu/c230179/Desktop/dftb_builds/dftb_gcc_Release/test/app/dftb+" "-d" "/home/users/ntu/c230179/Desktop/dftbplus-25.1/test/app/dftb+/bin/tagdiff" "-P" "env OMP_NUM_THREADS=1" "-p" "/home/users/ntu/c230179/Desktop/dftb_builds/dftb_gcc_Release/app/dftb+/dftb+" "-G" "/home/users/ntu/c230179/Desktop/dftbplus-25.1/test/app/dftb+/bin/globalpostrun.sh" "-s" "P,R,C,S" "timedep/C4H6-Singlet-Stratmann"
304: Environment variables: 
304:  DFTBPLUS_PARAM_DIR=/home/users/ntu/c230179/Desktop/dftbplus-25.1/external
304: Test timeout computed to be: 10000000
304: timedep/C4H6-Singlet-Stratmann:	Test script returned non-zero exit code: 1
304:  deleting file 'autotest.tag'
304:  TODO.
304: 
304: ==============================================================================
304: TEST SUMMARY
304: ------------------------------------------------------------------------------
304: Match:
304:     None
304: 
304: Not run:
304:     timedep/C4H6-Singlet-Stratmann
304: ------------------------------------------------------------------------------
304: Status: FAIL
304/406 Test #304: app/dftb+/timedep/C4H6-Singlet-Stratmann .........................***Failed    0.04 sec
timedep/C4H6-Singlet-Stratmann:	Test script returned non-zero exit code: 1
 deleting file 'autotest.tag'
 TODO.

==============================================================================
TEST SUMMARY
------------------------------------------------------------------------------
Match:
    None

Not run:
    timedep/C4H6-Singlet-Stratmann
------------------------------------------------------------------------------
Status: FAIL

test 305
        Start 305: app/dftb+/timedep/C4H6-Triplet-Stratmann

305: Test command: /home/users/ntu/c230179/Desktop/dftbplus-25.1/test/app/dftb+/bin/autotest2 "-r" "/home/users/ntu/c230179/Desktop/dftbplus-25.1/test/app/dftb+" "-w" "/home/users/ntu/c230179/Desktop/dftb_builds/dftb_gcc_Release/test/app/dftb+" "-d" "/home/users/ntu/c230179/Desktop/dftbplus-25.1/test/app/dftb+/bin/tagdiff" "-P" "env OMP_NUM_THREADS=1" "-p" "/home/users/ntu/c230179/Desktop/dftb_builds/dftb_gcc_Release/app/dftb+/dftb+" "-G" "/home/users/ntu/c230179/Desktop/dftbplus-25.1/test/app/dftb+/bin/globalpostrun.sh" "-s" "P,R,C,S" "timedep/C4H6-Triplet-Stratmann"
305: Environment variables: 
305:  DFTBPLUS_PARAM_DIR=/home/users/ntu/c230179/Desktop/dftbplus-25.1/external
305: Test timeout computed to be: 10000000
305: timedep/C4H6-Triplet-Stratmann:	Test script returned non-zero exit code: 1
305:  deleting file 'autotest.tag'
305:  TODO.
305: 
305: ==============================================================================
305: TEST SUMMARY
305: ------------------------------------------------------------------------------
305: Match:
305:     None
305: 
305: Not run:
305:     timedep/C4H6-Triplet-Stratmann
305: ------------------------------------------------------------------------------
305: Status: FAIL
305/406 Test #305: app/dftb+/timedep/C4H6-Triplet-Stratmann .........................***Failed    0.05 sec
timedep/C4H6-Triplet-Stratmann:	Test script returned non-zero exit code: 1
 deleting file 'autotest.tag'
 TODO.

==============================================================================
TEST SUMMARY
------------------------------------------------------------------------------
Match:
    None

Not run:
    timedep/C4H6-Triplet-Stratmann
------------------------------------------------------------------------------
Status: FAIL

test 306
        Start 306: app/dftb+/timedep/NO-Stratmann

306: Test command: /home/users/ntu/c230179/Desktop/dftbplus-25.1/test/app/dftb+/bin/autotest2 "-r" "/home/users/ntu/c230179/Desktop/dftbplus-25.1/test/app/dftb+" "-w" "/home/users/ntu/c230179/Desktop/dftb_builds/dftb_gcc_Release/test/app/dftb+" "-d" "/home/users/ntu/c230179/Desktop/dftbplus-25.1/test/app/dftb+/bin/tagdiff" "-P" "env OMP_NUM_THREADS=1" "-p" "/home/users/ntu/c230179/Desktop/dftb_builds/dftb_gcc_Release/app/dftb+/dftb+" "-G" "/home/users/ntu/c230179/Desktop/dftbplus-25.1/test/app/dftb+/bin/globalpostrun.sh" "-s" "P,R,C,S" "timedep/NO-Stratmann"
306: Environment variables: 
306:  DFTBPLUS_PARAM_DIR=/home/users/ntu/c230179/Desktop/dftbplus-25.1/external
306: Test timeout computed to be: 10000000
306: timedep/NO-Stratmann:	Test script returned non-zero exit code: 1
306:  deleting file 'autotest.tag'
306:  TODO.
306: 
306: ==============================================================================
306: TEST SUMMARY
306: ------------------------------------------------------------------------------
306: Match:
306:     None
306: 
306: Not run:
306:     timedep/NO-Stratmann
306: ------------------------------------------------------------------------------
306: Status: FAIL
306/406 Test #306: app/dftb+/timedep/NO-Stratmann ...................................***Failed    0.04 sec
timedep/NO-Stratmann:	Test script returned non-zero exit code: 1
 deleting file 'autotest.tag'
 TODO.

==============================================================================
TEST SUMMARY
------------------------------------------------------------------------------
Match:
    None

Not run:
    timedep/NO-Stratmann
------------------------------------------------------------------------------
Status: FAIL

test 307
        Start 307: app/dftb+/timedep/propadiene_OscWindow-Stratmann

307: Test command: /home/users/ntu/c230179/Desktop/dftbplus-25.1/test/app/dftb+/bin/autotest2 "-r" "/home/users/ntu/c230179/Desktop/dftbplus-25.1/test/app/dftb+" "-w" "/home/users/ntu/c230179/Desktop/dftb_builds/dftb_gcc_Release/test/app/dftb+" "-d" "/home/users/ntu/c230179/Desktop/dftbplus-25.1/test/app/dftb+/bin/tagdiff" "-P" "env OMP_NUM_THREADS=1" "-p" "/home/users/ntu/c230179/Desktop/dftb_builds/dftb_gcc_Release/app/dftb+/dftb+" "-G" "/home/users/ntu/c230179/Desktop/dftbplus-25.1/test/app/dftb+/bin/globalpostrun.sh" "-s" "P,R,C,S" "timedep/propadiene_OscWindow-Stratmann"
307: Environment variables: 
307:  DFTBPLUS_PARAM_DIR=/home/users/ntu/c230179/Desktop/dftbplus-25.1/external
307: Test timeout computed to be: 10000000
307: timedep/propadiene_OscWindow-Stratmann:	Test script returned non-zero exit code: 1
307:  deleting file 'autotest.tag'
307:  TODO.
307: 
307: ==============================================================================
307: TEST SUMMARY
307: ------------------------------------------------------------------------------
307: Match:
307:     None
307: 
307: Not run:
307:     timedep/propadiene_OscWindow-Stratm
307: ------------------------------------------------------------------------------
307: Status: FAIL
307/406 Test #307: app/dftb+/timedep/propadiene_OscWindow-Stratmann .................***Failed    0.04 sec
timedep/propadiene_OscWindow-Stratmann:	Test script returned non-zero exit code: 1
 deleting file 'autotest.tag'
 TODO.

==============================================================================
TEST SUMMARY
------------------------------------------------------------------------------
Match:
    None

Not run:
    timedep/propadiene_OscWindow-Stratm
------------------------------------------------------------------------------
Status: FAIL

test 308
        Start 308: app/dftb+/timedep/Furan-CIopt-LC

308: Test command: /home/users/ntu/c230179/Desktop/dftbplus-25.1/test/app/dftb+/bin/autotest2 "-r" "/home/users/ntu/c230179/Desktop/dftbplus-25.1/test/app/dftb+" "-w" "/home/users/ntu/c230179/Desktop/dftb_builds/dftb_gcc_Release/test/app/dftb+" "-d" "/home/users/ntu/c230179/Desktop/dftbplus-25.1/test/app/dftb+/bin/tagdiff" "-P" "env OMP_NUM_THREADS=1" "-p" "/home/users/ntu/c230179/Desktop/dftb_builds/dftb_gcc_Release/app/dftb+/dftb+" "-G" "/home/users/ntu/c230179/Desktop/dftbplus-25.1/test/app/dftb+/bin/globalpostrun.sh" "-s" "P,R,C,S" "timedep/Furan-CIopt-LC"
308: Environment variables: 
308:  DFTBPLUS_PARAM_DIR=/home/users/ntu/c230179/Desktop/dftbplus-25.1/external
308: Test timeout computed to be: 10000000
308: timedep/Furan-CIopt-LC:	Test script returned non-zero exit code: 1
308:  deleting file 'autotest.tag'
308:  TODO.
308: 
308: ==============================================================================
308: TEST SUMMARY
308: ------------------------------------------------------------------------------
308: Match:
308:     None
308: 
308: Not run:
308:     timedep/Furan-CIopt-LC
308: ------------------------------------------------------------------------------
308: Status: FAIL
308/406 Test #308: app/dftb+/timedep/Furan-CIopt-LC .................................***Failed    0.04 sec
timedep/Furan-CIopt-LC:	Test script returned non-zero exit code: 1
 deleting file 'autotest.tag'
 TODO.

==============================================================================
TEST SUMMARY
------------------------------------------------------------------------------
Match:
    None

Not run:
    timedep/Furan-CIopt-LC
------------------------------------------------------------------------------
Status: FAIL

test 309
        Start 309: app/dftb+/dftb+u/Fe4

309: Test command: /home/users/ntu/c230179/Desktop/dftbplus-25.1/test/app/dftb+/bin/autotest2 "-r" "/home/users/ntu/c230179/Desktop/dftbplus-25.1/test/app/dftb+" "-w" "/home/users/ntu/c230179/Desktop/dftb_builds/dftb_gcc_Release/test/app/dftb+" "-d" "/home/users/ntu/c230179/Desktop/dftbplus-25.1/test/app/dftb+/bin/tagdiff" "-P" "env OMP_NUM_THREADS=1" "-p" "/home/users/ntu/c230179/Desktop/dftb_builds/dftb_gcc_Release/app/dftb+/dftb+" "-G" "/home/users/ntu/c230179/Desktop/dftbplus-25.1/test/app/dftb+/bin/globalpostrun.sh" "-s" "P,R,C,S" "dftb+u/Fe4"
309: Environment variables: 
309:  DFTBPLUS_PARAM_DIR=/home/users/ntu/c230179/Desktop/dftbplus-25.1/external
309: Test timeout computed to be: 10000000
309: cp: cannot stat 'dftb+u/Fe4/Fe-Fe.skf': No such file or directory
309: dftb+u/Fe4:	Test script returned non-zero exit code: 1
309:  deleting file 'autotest.tag'
309:  TODO.
309: 
309: ==============================================================================
309: TEST SUMMARY
309: ------------------------------------------------------------------------------
309: Match:
309:     None
309: 
309: Not run:
309:     dftb+u/Fe4
309: ------------------------------------------------------------------------------
309: Status: FAIL
309/406 Test #309: app/dftb+/dftb+u/Fe4 .............................................***Failed    0.05 sec
cp: cannot stat 'dftb+u/Fe4/Fe-Fe.skf': No such file or directory
dftb+u/Fe4:	Test script returned non-zero exit code: 1
 deleting file 'autotest.tag'
 TODO.

==============================================================================
TEST SUMMARY
------------------------------------------------------------------------------
Match:
    None

Not run:
    dftb+u/Fe4
------------------------------------------------------------------------------
Status: FAIL

test 310
        Start 310: app/dftb+/dftb+u/Fe4_read

310: Test command: /home/users/ntu/c230179/Desktop/dftbplus-25.1/test/app/dftb+/bin/autotest2 "-r" "/home/users/ntu/c230179/Desktop/dftbplus-25.1/test/app/dftb+" "-w" "/home/users/ntu/c230179/Desktop/dftb_builds/dftb_gcc_Release/test/app/dftb+" "-d" "/home/users/ntu/c230179/Desktop/dftbplus-25.1/test/app/dftb+/bin/tagdiff" "-P" "env OMP_NUM_THREADS=1" "-p" "/home/users/ntu/c230179/Desktop/dftb_builds/dftb_gcc_Release/app/dftb+/dftb+" "-G" "/home/users/ntu/c230179/Desktop/dftbplus-25.1/test/app/dftb+/bin/globalpostrun.sh" "-s" "P,R,C,S" "dftb+u/Fe4_read"
310: Environment variables: 
310:  DFTBPLUS_PARAM_DIR=/home/users/ntu/c230179/Desktop/dftbplus-25.1/external
310: Test timeout computed to be: 10000000
310: cp: cannot stat 'dftb+u/Fe4_read/Fe-Fe.skf': No such file or directory
310: dftb+u/Fe4_read:	Test script returned non-zero exit code: 1
310:  deleting file 'autotest.tag'
310:  TODO.
310: 
310: ==============================================================================
310: TEST SUMMARY
310: ------------------------------------------------------------------------------
310: Match:
310:     None
310: 
310: Not run:
310:     dftb+u/Fe4_read
310: ------------------------------------------------------------------------------
310: Status: FAIL
310/406 Test #310: app/dftb+/dftb+u/Fe4_read ........................................***Failed    0.05 sec
cp: cannot stat 'dftb+u/Fe4_read/Fe-Fe.skf': No such file or directory
dftb+u/Fe4_read:	Test script returned non-zero exit code: 1
 deleting file 'autotest.tag'
 TODO.

==============================================================================
TEST SUMMARY
------------------------------------------------------------------------------
Match:
    None

Not run:
    dftb+u/Fe4_read
------------------------------------------------------------------------------
Status: FAIL

test 311
        Start 311: app/dftb+/geoopt/Cchain_lattice_lbfgs

311: Test command: /home/users/ntu/c230179/Desktop/dftbplus-25.1/test/app/dftb+/bin/autotest2 "-r" "/home/users/ntu/c230179/Desktop/dftbplus-25.1/test/app/dftb+" "-w" "/home/users/ntu/c230179/Desktop/dftb_builds/dftb_gcc_Release/test/app/dftb+" "-d" "/home/users/ntu/c230179/Desktop/dftbplus-25.1/test/app/dftb+/bin/tagdiff" "-P" "env OMP_NUM_THREADS=1" "-p" "/home/users/ntu/c230179/Desktop/dftb_builds/dftb_gcc_Release/app/dftb+/dftb+" "-G" "/home/users/ntu/c230179/Desktop/dftbplus-25.1/test/app/dftb+/bin/globalpostrun.sh" "-s" "P,R,C,S" "geoopt/Cchain_lattice_lbfgs"
311: Environment variables: 
311:  DFTBPLUS_PARAM_DIR=/home/users/ntu/c230179/Desktop/dftbplus-25.1/external
311: Test timeout computed to be: 10000000
311: geoopt/Cchain_lattice_lbfgs:	Test script returned non-zero exit code: 1
311:  deleting file 'autotest.tag'
311:  TODO.
311: 
311: ==============================================================================
311: TEST SUMMARY
311: ------------------------------------------------------------------------------
311: Match:
311:     None
311: 
311: Not run:
311:     geoopt/Cchain_lattice_lbfgs
311: ------------------------------------------------------------------------------
311: Status: FAIL
311/406 Test #311: app/dftb+/geoopt/Cchain_lattice_lbfgs ............................***Failed    0.04 sec
geoopt/Cchain_lattice_lbfgs:	Test script returned non-zero exit code: 1
 deleting file 'autotest.tag'
 TODO.

==============================================================================
TEST SUMMARY
------------------------------------------------------------------------------
Match:
    None

Not run:
    geoopt/Cchain_lattice_lbfgs
------------------------------------------------------------------------------
Status: FAIL

test 312
        Start 312: app/dftb+/geoopt/Cchain_lattice

312: Test command: /home/users/ntu/c230179/Desktop/dftbplus-25.1/test/app/dftb+/bin/autotest2 "-r" "/home/users/ntu/c230179/Desktop/dftbplus-25.1/test/app/dftb+" "-w" "/home/users/ntu/c230179/Desktop/dftb_builds/dftb_gcc_Release/test/app/dftb+" "-d" "/home/users/ntu/c230179/Desktop/dftbplus-25.1/test/app/dftb+/bin/tagdiff" "-P" "env OMP_NUM_THREADS=1" "-p" "/home/users/ntu/c230179/Desktop/dftb_builds/dftb_gcc_Release/app/dftb+/dftb+" "-G" "/home/users/ntu/c230179/Desktop/dftbplus-25.1/test/app/dftb+/bin/globalpostrun.sh" "-s" "P,R,C,S" "geoopt/Cchain_lattice"
312: Environment variables: 
312:  DFTBPLUS_PARAM_DIR=/home/users/ntu/c230179/Desktop/dftbplus-25.1/external
312: Test timeout computed to be: 10000000
312: geoopt/Cchain_lattice:	Test script returned non-zero exit code: 1
312:  deleting file 'autotest.tag'
312:  TODO.
312: 
312: ==============================================================================
312: TEST SUMMARY
312: ------------------------------------------------------------------------------
312: Match:
312:     None
312: 
312: Not run:
312:     geoopt/Cchain_lattice
312: ------------------------------------------------------------------------------
312: Status: FAIL
312/406 Test #312: app/dftb+/geoopt/Cchain_lattice ..................................***Failed    0.04 sec
geoopt/Cchain_lattice:	Test script returned non-zero exit code: 1
 deleting file 'autotest.tag'
 TODO.

==============================================================================
TEST SUMMARY
------------------------------------------------------------------------------
Match:
    None

Not run:
    geoopt/Cchain_lattice
------------------------------------------------------------------------------
Status: FAIL

test 313
        Start 313: app/dftb+/geoopt/Cchain_lattice_rf

313: Test command: /home/users/ntu/c230179/Desktop/dftbplus-25.1/test/app/dftb+/bin/autotest2 "-r" "/home/users/ntu/c230179/Desktop/dftbplus-25.1/test/app/dftb+" "-w" "/home/users/ntu/c230179/Desktop/dftb_builds/dftb_gcc_Release/test/app/dftb+" "-d" "/home/users/ntu/c230179/Desktop/dftbplus-25.1/test/app/dftb+/bin/tagdiff" "-P" "env OMP_NUM_THREADS=1" "-p" "/home/users/ntu/c230179/Desktop/dftb_builds/dftb_gcc_Release/app/dftb+/dftb+" "-G" "/home/users/ntu/c230179/Desktop/dftbplus-25.1/test/app/dftb+/bin/globalpostrun.sh" "-s" "P,R,C,S" "geoopt/Cchain_lattice_rf"
313: Environment variables: 
313:  DFTBPLUS_PARAM_DIR=/home/users/ntu/c230179/Desktop/dftbplus-25.1/external
313: Test timeout computed to be: 10000000
313: geoopt/Cchain_lattice_rf:	Test script returned non-zero exit code: 1
313:  deleting file 'autotest.tag'
313:  TODO.
313: 
313: ==============================================================================
313: TEST SUMMARY
313: ------------------------------------------------------------------------------
313: Match:
313:     None
313: 
313: Not run:
313:     geoopt/Cchain_lattice_rf
313: ------------------------------------------------------------------------------
313: Status: FAIL
313/406 Test #313: app/dftb+/geoopt/Cchain_lattice_rf ...............................***Failed    0.04 sec
geoopt/Cchain_lattice_rf:	Test script returned non-zero exit code: 1
 deleting file 'autotest.tag'
 TODO.

==============================================================================
TEST SUMMARY
------------------------------------------------------------------------------
Match:
    None

Not run:
    geoopt/Cchain_lattice_rf
------------------------------------------------------------------------------
Status: FAIL

test 314
        Start 314: app/dftb+/scc/H2O+CH3COOH-3rdorder

314: Test command: /home/users/ntu/c230179/Desktop/dftbplus-25.1/test/app/dftb+/bin/autotest2 "-r" "/home/users/ntu/c230179/Desktop/dftbplus-25.1/test/app/dftb+" "-w" "/home/users/ntu/c230179/Desktop/dftb_builds/dftb_gcc_Release/test/app/dftb+" "-d" "/home/users/ntu/c230179/Desktop/dftbplus-25.1/test/app/dftb+/bin/tagdiff" "-P" "env OMP_NUM_THREADS=1" "-p" "/home/users/ntu/c230179/Desktop/dftb_builds/dftb_gcc_Release/app/dftb+/dftb+" "-G" "/home/users/ntu/c230179/Desktop/dftbplus-25.1/test/app/dftb+/bin/globalpostrun.sh" "-s" "P,R,C,S" "scc/H2O+CH3COOH-3rdorder"
314: Environment variables: 
314:  DFTBPLUS_PARAM_DIR=/home/users/ntu/c230179/Desktop/dftbplus-25.1/external
314: Test timeout computed to be: 10000000
314: scc/H2O+CH3COOH-3rdorder:	Test script returned non-zero exit code: 1
314:  deleting file 'autotest.tag'
314:  TODO.
314: 
314: ==============================================================================
314: TEST SUMMARY
314: ------------------------------------------------------------------------------
314: Match:
314:     None
314: 
314: Not run:
314:     scc/H2O+CH3COOH-3rdorder
314: ------------------------------------------------------------------------------
314: Status: FAIL
314/406 Test #314: app/dftb+/scc/H2O+CH3COOH-3rdorder ...............................***Failed    0.04 sec
scc/H2O+CH3COOH-3rdorder:	Test script returned non-zero exit code: 1
 deleting file 'autotest.tag'
 TODO.

==============================================================================
TEST SUMMARY
------------------------------------------------------------------------------
Match:
    None

Not run:
    scc/H2O+CH3COOH-3rdorder
------------------------------------------------------------------------------
Status: FAIL

test 315
        Start 315: app/dftb+/spinorbit/Fe2

315: Test command: /home/users/ntu/c230179/Desktop/dftbplus-25.1/test/app/dftb+/bin/autotest2 "-r" "/home/users/ntu/c230179/Desktop/dftbplus-25.1/test/app/dftb+" "-w" "/home/users/ntu/c230179/Desktop/dftb_builds/dftb_gcc_Release/test/app/dftb+" "-d" "/home/users/ntu/c230179/Desktop/dftbplus-25.1/test/app/dftb+/bin/tagdiff" "-P" "env OMP_NUM_THREADS=1" "-p" "/home/users/ntu/c230179/Desktop/dftb_builds/dftb_gcc_Release/app/dftb+/dftb+" "-G" "/home/users/ntu/c230179/Desktop/dftbplus-25.1/test/app/dftb+/bin/globalpostrun.sh" "-s" "P,R,C,S" "spinorbit/Fe2"
315: Environment variables: 
315:  DFTBPLUS_PARAM_DIR=/home/users/ntu/c230179/Desktop/dftbplus-25.1/external
315: Test timeout computed to be: 10000000
315: cp: cannot stat 'spinorbit/Fe2/Fe-Fe.skf': No such file or directory
315: spinorbit/Fe2:	Test script returned non-zero exit code: 1
315:  deleting file 'autotest.tag'
315:  TODO.
315: 
315: ==============================================================================
315: TEST SUMMARY
315: ------------------------------------------------------------------------------
315: Match:
315:     None
315: 
315: Not run:
315:     spinorbit/Fe2
315: ------------------------------------------------------------------------------
315: Status: FAIL
315/406 Test #315: app/dftb+/spinorbit/Fe2 ..........................................***Failed    0.04 sec
cp: cannot stat 'spinorbit/Fe2/Fe-Fe.skf': No such file or directory
spinorbit/Fe2:	Test script returned non-zero exit code: 1
 deleting file 'autotest.tag'
 TODO.

==============================================================================
TEST SUMMARY
------------------------------------------------------------------------------
Match:
    None

Not run:
    spinorbit/Fe2
------------------------------------------------------------------------------
Status: FAIL

test 316
        Start 316: app/dftb+/analysis/Fe2_antiferromagnetic

316: Test command: /home/users/ntu/c230179/Desktop/dftbplus-25.1/test/app/dftb+/bin/autotest2 "-r" "/home/users/ntu/c230179/Desktop/dftbplus-25.1/test/app/dftb+" "-w" "/home/users/ntu/c230179/Desktop/dftb_builds/dftb_gcc_Release/test/app/dftb+" "-d" "/home/users/ntu/c230179/Desktop/dftbplus-25.1/test/app/dftb+/bin/tagdiff" "-P" "env OMP_NUM_THREADS=1" "-p" "/home/users/ntu/c230179/Desktop/dftb_builds/dftb_gcc_Release/app/dftb+/dftb+" "-G" "/home/users/ntu/c230179/Desktop/dftbplus-25.1/test/app/dftb+/bin/globalpostrun.sh" "-s" "P,R,C,S" "analysis/Fe2_antiferromagnetic"
316: Environment variables: 
316:  DFTBPLUS_PARAM_DIR=/home/users/ntu/c230179/Desktop/dftbplus-25.1/external
316: Test timeout computed to be: 10000000
316: cp: cannot stat 'analysis/Fe2_antiferromagnetic/Fe-Fe.skf': No such file or directory
316: analysis/Fe2_antiferromagnetic:	Test script returned non-zero exit code: 1
316:  deleting file 'autotest.tag'
316:  TODO.
316: 
316: ==============================================================================
316: TEST SUMMARY
316: ------------------------------------------------------------------------------
316: Match:
316:     None
316: 
316: Not run:
316:     analysis/Fe2_antiferromagnetic
316: ------------------------------------------------------------------------------
316: Status: FAIL
316/406 Test #316: app/dftb+/analysis/Fe2_antiferromagnetic .........................***Failed    0.04 sec
cp: cannot stat 'analysis/Fe2_antiferromagnetic/Fe-Fe.skf': No such file or directory
analysis/Fe2_antiferromagnetic:	Test script returned non-zero exit code: 1
 deleting file 'autotest.tag'
 TODO.

==============================================================================
TEST SUMMARY
------------------------------------------------------------------------------
Match:
    None

Not run:
    analysis/Fe2_antiferromagnetic
------------------------------------------------------------------------------
Status: FAIL

test 317
        Start 317: app/dftb+/non-scc/10-0Ctube_Efield

317: Test command: /home/users/ntu/c230179/Desktop/dftbplus-25.1/test/app/dftb+/bin/autotest2 "-r" "/home/users/ntu/c230179/Desktop/dftbplus-25.1/test/app/dftb+" "-w" "/home/users/ntu/c230179/Desktop/dftb_builds/dftb_gcc_Release/test/app/dftb+" "-d" "/home/users/ntu/c230179/Desktop/dftbplus-25.1/test/app/dftb+/bin/tagdiff" "-P" "env OMP_NUM_THREADS=1" "-p" "/home/users/ntu/c230179/Desktop/dftb_builds/dftb_gcc_Release/app/dftb+/dftb+" "-G" "/home/users/ntu/c230179/Desktop/dftbplus-25.1/test/app/dftb+/bin/globalpostrun.sh" "-s" "P,R,C,S" "non-scc/10-0Ctube_Efield"
317: Environment variables: 
317:  DFTBPLUS_PARAM_DIR=/home/users/ntu/c230179/Desktop/dftbplus-25.1/external
317: Test timeout computed to be: 10000000
317: cp: cannot stat 'non-scc/10-0Ctube_Efield/C-C.skf': No such file or directory
317: non-scc/10-0Ctube_Efield:	Test script returned non-zero exit code: 1
317:  deleting file 'autotest.tag'
317:  TODO.
317: 
317: ==============================================================================
317: TEST SUMMARY
317: ------------------------------------------------------------------------------
317: Match:
317:     None
317: 
317: Not run:
317:     non-scc/10-0Ctube_Efield
317: ------------------------------------------------------------------------------
317: Status: FAIL
317/406 Test #317: app/dftb+/non-scc/10-0Ctube_Efield ...............................***Failed    0.04 sec
cp: cannot stat 'non-scc/10-0Ctube_Efield/C-C.skf': No such file or directory
non-scc/10-0Ctube_Efield:	Test script returned non-zero exit code: 1
 deleting file 'autotest.tag'
 TODO.

==============================================================================
TEST SUMMARY
------------------------------------------------------------------------------
Match:
    None

Not run:
    non-scc/10-0Ctube_Efield
------------------------------------------------------------------------------
Status: FAIL

test 318
        Start 318: app/dftb+/non-scc/10-10Ctube

318: Test command: /home/users/ntu/c230179/Desktop/dftbplus-25.1/test/app/dftb+/bin/autotest2 "-r" "/home/users/ntu/c230179/Desktop/dftbplus-25.1/test/app/dftb+" "-w" "/home/users/ntu/c230179/Desktop/dftb_builds/dftb_gcc_Release/test/app/dftb+" "-d" "/home/users/ntu/c230179/Desktop/dftbplus-25.1/test/app/dftb+/bin/tagdiff" "-P" "env OMP_NUM_THREADS=1" "-p" "/home/users/ntu/c230179/Desktop/dftb_builds/dftb_gcc_Release/app/dftb+/dftb+" "-G" "/home/users/ntu/c230179/Desktop/dftbplus-25.1/test/app/dftb+/bin/globalpostrun.sh" "-s" "P,R,C,S" "non-scc/10-10Ctube"
318: Environment variables: 
318:  DFTBPLUS_PARAM_DIR=/home/users/ntu/c230179/Desktop/dftbplus-25.1/external
318: Test timeout computed to be: 10000000
318: cp: cannot stat 'non-scc/10-10Ctube/C-C.skf': No such file or directory
318: non-scc/10-10Ctube:	Test script returned non-zero exit code: 1
318:  deleting file 'autotest.tag'
318:  TODO.
318: 
318: ==============================================================================
318: TEST SUMMARY
318: ------------------------------------------------------------------------------
318: Match:
318:     None
318: 
318: Not run:
318:     non-scc/10-10Ctube
318: ------------------------------------------------------------------------------
318: Status: FAIL
318/406 Test #318: app/dftb+/non-scc/10-10Ctube .....................................***Failed    0.04 sec
cp: cannot stat 'non-scc/10-10Ctube/C-C.skf': No such file or directory
non-scc/10-10Ctube:	Test script returned non-zero exit code: 1
 deleting file 'autotest.tag'
 TODO.

==============================================================================
TEST SUMMARY
------------------------------------------------------------------------------
Match:
    None

Not run:
    non-scc/10-10Ctube
------------------------------------------------------------------------------
Status: FAIL

test 319
        Start 319: app/dftb+/non-scc/10-10Ctube_MP

319: Test command: /home/users/ntu/c230179/Desktop/dftbplus-25.1/test/app/dftb+/bin/autotest2 "-r" "/home/users/ntu/c230179/Desktop/dftbplus-25.1/test/app/dftb+" "-w" "/home/users/ntu/c230179/Desktop/dftb_builds/dftb_gcc_Release/test/app/dftb+" "-d" "/home/users/ntu/c230179/Desktop/dftbplus-25.1/test/app/dftb+/bin/tagdiff" "-P" "env OMP_NUM_THREADS=1" "-p" "/home/users/ntu/c230179/Desktop/dftb_builds/dftb_gcc_Release/app/dftb+/dftb+" "-G" "/home/users/ntu/c230179/Desktop/dftbplus-25.1/test/app/dftb+/bin/globalpostrun.sh" "-s" "P,R,C,S" "non-scc/10-10Ctube_MP"
319: Environment variables: 
319:  DFTBPLUS_PARAM_DIR=/home/users/ntu/c230179/Desktop/dftbplus-25.1/external
319: Test timeout computed to be: 10000000
319: cp: cannot stat 'non-scc/10-10Ctube_MP/C-C.skf': No such file or directory
319: non-scc/10-10Ctube_MP:	Test script returned non-zero exit code: 1
319:  deleting file 'autotest.tag'
319:  TODO.
319: 
319: ==============================================================================
319: TEST SUMMARY
319: ------------------------------------------------------------------------------
319: Match:
319:     None
319: 
319: Not run:
319:     non-scc/10-10Ctube_MP
319: ------------------------------------------------------------------------------
319: Status: FAIL
319/406 Test #319: app/dftb+/non-scc/10-10Ctube_MP ..................................***Failed    0.04 sec
cp: cannot stat 'non-scc/10-10Ctube_MP/C-C.skf': No such file or directory
non-scc/10-10Ctube_MP:	Test script returned non-zero exit code: 1
 deleting file 'autotest.tag'
 TODO.

==============================================================================
TEST SUMMARY
------------------------------------------------------------------------------
Match:
    None

Not run:
    non-scc/10-10Ctube_MP
------------------------------------------------------------------------------
Status: FAIL

test 320
        Start 320: app/dftb+/non-scc/10-10Ctube_MP0

320: Test command: /home/users/ntu/c230179/Desktop/dftbplus-25.1/test/app/dftb+/bin/autotest2 "-r" "/home/users/ntu/c230179/Desktop/dftbplus-25.1/test/app/dftb+" "-w" "/home/users/ntu/c230179/Desktop/dftb_builds/dftb_gcc_Release/test/app/dftb+" "-d" "/home/users/ntu/c230179/Desktop/dftbplus-25.1/test/app/dftb+/bin/tagdiff" "-P" "env OMP_NUM_THREADS=1" "-p" "/home/users/ntu/c230179/Desktop/dftb_builds/dftb_gcc_Release/app/dftb+/dftb+" "-G" "/home/users/ntu/c230179/Desktop/dftbplus-25.1/test/app/dftb+/bin/globalpostrun.sh" "-s" "P,R,C,S" "non-scc/10-10Ctube_MP0"
320: Environment variables: 
320:  DFTBPLUS_PARAM_DIR=/home/users/ntu/c230179/Desktop/dftbplus-25.1/external
320: Test timeout computed to be: 10000000
320: non-scc/10-10Ctube_MP0:	Test script returned non-zero exit code: 1
320:  deleting file 'autotest.tag'
320:  TODO.
320: 
320: ==============================================================================
320: TEST SUMMARY
320: ------------------------------------------------------------------------------
320: Match:
320:     None
320: 
320: Not run:
320:     non-scc/10-10Ctube_MP0
320: ------------------------------------------------------------------------------
320: Status: FAIL
320/406 Test #320: app/dftb+/non-scc/10-10Ctube_MP0 .................................***Failed    0.04 sec
non-scc/10-10Ctube_MP0:	Test script returned non-zero exit code: 1
 deleting file 'autotest.tag'
 TODO.

==============================================================================
TEST SUMMARY
------------------------------------------------------------------------------
Match:
    None

Not run:
    non-scc/10-10Ctube_MP0
------------------------------------------------------------------------------
Status: FAIL

test 321
        Start 321: app/dftb+/non-scc/10-10Ctube_MP2

321: Test command: /home/users/ntu/c230179/Desktop/dftbplus-25.1/test/app/dftb+/bin/autotest2 "-r" "/home/users/ntu/c230179/Desktop/dftbplus-25.1/test/app/dftb+" "-w" "/home/users/ntu/c230179/Desktop/dftb_builds/dftb_gcc_Release/test/app/dftb+" "-d" "/home/users/ntu/c230179/Desktop/dftbplus-25.1/test/app/dftb+/bin/tagdiff" "-P" "env OMP_NUM_THREADS=1" "-p" "/home/users/ntu/c230179/Desktop/dftb_builds/dftb_gcc_Release/app/dftb+/dftb+" "-G" "/home/users/ntu/c230179/Desktop/dftbplus-25.1/test/app/dftb+/bin/globalpostrun.sh" "-s" "P,R,C,S" "non-scc/10-10Ctube_MP2"
321: Environment variables: 
321:  DFTBPLUS_PARAM_DIR=/home/users/ntu/c230179/Desktop/dftbplus-25.1/external
321: Test timeout computed to be: 10000000
321: non-scc/10-10Ctube_MP2:	Test script returned non-zero exit code: 1
321:  deleting file 'autotest.tag'
321:  TODO.
321: 
321: ==============================================================================
321: TEST SUMMARY
321: ------------------------------------------------------------------------------
321: Match:
321:     None
321: 
321: Not run:
321:     non-scc/10-10Ctube_MP2
321: ------------------------------------------------------------------------------
321: Status: FAIL
321/406 Test #321: app/dftb+/non-scc/10-10Ctube_MP2 .................................***Failed    0.04 sec
non-scc/10-10Ctube_MP2:	Test script returned non-zero exit code: 1
 deleting file 'autotest.tag'
 TODO.

==============================================================================
TEST SUMMARY
------------------------------------------------------------------------------
Match:
    None

Not run:
    non-scc/10-10Ctube_MP2
------------------------------------------------------------------------------
Status: FAIL

test 322
        Start 322: app/dftb+/non-scc/10-10Ctube_Gauss

322: Test command: /home/users/ntu/c230179/Desktop/dftbplus-25.1/test/app/dftb+/bin/autotest2 "-r" "/home/users/ntu/c230179/Desktop/dftbplus-25.1/test/app/dftb+" "-w" "/home/users/ntu/c230179/Desktop/dftb_builds/dftb_gcc_Release/test/app/dftb+" "-d" "/home/users/ntu/c230179/Desktop/dftbplus-25.1/test/app/dftb+/bin/tagdiff" "-P" "env OMP_NUM_THREADS=1" "-p" "/home/users/ntu/c230179/Desktop/dftb_builds/dftb_gcc_Release/app/dftb+/dftb+" "-G" "/home/users/ntu/c230179/Desktop/dftbplus-25.1/test/app/dftb+/bin/globalpostrun.sh" "-s" "P,R,C,S" "non-scc/10-10Ctube_Gauss"
322: Environment variables: 
322:  DFTBPLUS_PARAM_DIR=/home/users/ntu/c230179/Desktop/dftbplus-25.1/external
322: Test timeout computed to be: 10000000
322: non-scc/10-10Ctube_Gauss:	Test script returned non-zero exit code: 1
322:  deleting file 'autotest.tag'
322:  TODO.
322: 
322: ==============================================================================
322: TEST SUMMARY
322: ------------------------------------------------------------------------------
322: Match:
322:     None
322: 
322: Not run:
322:     non-scc/10-10Ctube_Gauss
322: ------------------------------------------------------------------------------
322: Status: FAIL
322/406 Test #322: app/dftb+/non-scc/10-10Ctube_Gauss ...............................***Failed    0.04 sec
non-scc/10-10Ctube_Gauss:	Test script returned non-zero exit code: 1
 deleting file 'autotest.tag'
 TODO.

==============================================================================
TEST SUMMARY
------------------------------------------------------------------------------
Match:
    None

Not run:
    non-scc/10-10Ctube_Gauss
------------------------------------------------------------------------------
Status: FAIL

test 323
        Start 323: app/dftb+/non-scc/Ctube_Fermi

323: Test command: /home/users/ntu/c230179/Desktop/dftbplus-25.1/test/app/dftb+/bin/autotest2 "-r" "/home/users/ntu/c230179/Desktop/dftbplus-25.1/test/app/dftb+" "-w" "/home/users/ntu/c230179/Desktop/dftb_builds/dftb_gcc_Release/test/app/dftb+" "-d" "/home/users/ntu/c230179/Desktop/dftbplus-25.1/test/app/dftb+/bin/tagdiff" "-P" "env OMP_NUM_THREADS=1" "-p" "/home/users/ntu/c230179/Desktop/dftb_builds/dftb_gcc_Release/app/dftb+/dftb+" "-G" "/home/users/ntu/c230179/Desktop/dftbplus-25.1/test/app/dftb+/bin/globalpostrun.sh" "-s" "P,R,C,S" "non-scc/Ctube_Fermi"
323: Environment variables: 
323:  DFTBPLUS_PARAM_DIR=/home/users/ntu/c230179/Desktop/dftbplus-25.1/external
323: Test timeout computed to be: 10000000
323: cp: cannot stat 'non-scc/Ctube_Fermi/C-C.skf': No such file or directory
323: non-scc/Ctube_Fermi:	Test script returned non-zero exit code: 1
323:  deleting file 'autotest.tag'
323:  TODO.
323: 
323: ==============================================================================
323: TEST SUMMARY
323: ------------------------------------------------------------------------------
323: Match:
323:     None
323: 
323: Not run:
323:     non-scc/Ctube_Fermi
323: ------------------------------------------------------------------------------
323: Status: FAIL
323/406 Test #323: app/dftb+/non-scc/Ctube_Fermi ....................................***Failed    0.04 sec
cp: cannot stat 'non-scc/Ctube_Fermi/C-C.skf': No such file or directory
non-scc/Ctube_Fermi:	Test script returned non-zero exit code: 1
 deleting file 'autotest.tag'
 TODO.

==============================================================================
TEST SUMMARY
------------------------------------------------------------------------------
Match:
    None

Not run:
    non-scc/Ctube_Fermi
------------------------------------------------------------------------------
Status: FAIL

test 324
        Start 324: app/dftb+/analysis/10-0Ctube_ESP

324: Test command: /home/users/ntu/c230179/Desktop/dftbplus-25.1/test/app/dftb+/bin/autotest2 "-r" "/home/users/ntu/c230179/Desktop/dftbplus-25.1/test/app/dftb+" "-w" "/home/users/ntu/c230179/Desktop/dftb_builds/dftb_gcc_Release/test/app/dftb+" "-d" "/home/users/ntu/c230179/Desktop/dftbplus-25.1/test/app/dftb+/bin/tagdiff" "-P" "env OMP_NUM_THREADS=1" "-p" "/home/users/ntu/c230179/Desktop/dftb_builds/dftb_gcc_Release/app/dftb+/dftb+" "-G" "/home/users/ntu/c230179/Desktop/dftbplus-25.1/test/app/dftb+/bin/globalpostrun.sh" "-s" "P,R,C,S" "analysis/10-0Ctube_ESP"
324: Environment variables: 
324:  DFTBPLUS_PARAM_DIR=/home/users/ntu/c230179/Desktop/dftbplus-25.1/external
324: Test timeout computed to be: 10000000
324: cp: cannot stat 'analysis/10-0Ctube_ESP/C-C.skf': No such file or directory
324: analysis/10-0Ctube_ESP:	Test script returned non-zero exit code: 1
324:  deleting file 'autotest.tag'
324:  TODO.
324: 
324: ==============================================================================
324: TEST SUMMARY
324: ------------------------------------------------------------------------------
324: Match:
324:     None
324: 
324: Not run:
324:     analysis/10-0Ctube_ESP
324: ------------------------------------------------------------------------------
324: Status: FAIL
324/406 Test #324: app/dftb+/analysis/10-0Ctube_ESP .................................***Failed    0.04 sec
cp: cannot stat 'analysis/10-0Ctube_ESP/C-C.skf': No such file or directory
analysis/10-0Ctube_ESP:	Test script returned non-zero exit code: 1
 deleting file 'autotest.tag'
 TODO.

==============================================================================
TEST SUMMARY
------------------------------------------------------------------------------
Match:
    None

Not run:
    analysis/10-0Ctube_ESP
------------------------------------------------------------------------------
Status: FAIL

test 325
        Start 325: app/dftb+/md/H2O-extfield

325: Test command: /home/users/ntu/c230179/Desktop/dftbplus-25.1/test/app/dftb+/bin/autotest2 "-r" "/home/users/ntu/c230179/Desktop/dftbplus-25.1/test/app/dftb+" "-w" "/home/users/ntu/c230179/Desktop/dftb_builds/dftb_gcc_Release/test/app/dftb+" "-d" "/home/users/ntu/c230179/Desktop/dftbplus-25.1/test/app/dftb+/bin/tagdiff" "-P" "env OMP_NUM_THREADS=1" "-p" "/home/users/ntu/c230179/Desktop/dftb_builds/dftb_gcc_Release/app/dftb+/dftb+" "-G" "/home/users/ntu/c230179/Desktop/dftbplus-25.1/test/app/dftb+/bin/globalpostrun.sh" "-s" "P,R,C,S" "md/H2O-extfield"
325: Environment variables: 
325:  DFTBPLUS_PARAM_DIR=/home/users/ntu/c230179/Desktop/dftbplus-25.1/external
325: Test timeout computed to be: 10000000
325: md/H2O-extfield:	Test script returned non-zero exit code: 1
325:  deleting file 'autotest.tag'
325:  TODO.
325: 
325: ==============================================================================
325: TEST SUMMARY
325: ------------------------------------------------------------------------------
325: Match:
325:     None
325: 
325: Not run:
325:     md/H2O-extfield
325: ------------------------------------------------------------------------------
325: Status: FAIL
325/406 Test #325: app/dftb+/md/H2O-extfield ........................................***Failed    0.04 sec
md/H2O-extfield:	Test script returned non-zero exit code: 1
 deleting file 'autotest.tag'
 TODO.

==============================================================================
TEST SUMMARY
------------------------------------------------------------------------------
Match:
    None

Not run:
    md/H2O-extfield
------------------------------------------------------------------------------
Status: FAIL

test 326
        Start 326: app/dftb+/non-scc/10-0Ctube

326: Test command: /home/users/ntu/c230179/Desktop/dftbplus-25.1/test/app/dftb+/bin/autotest2 "-r" "/home/users/ntu/c230179/Desktop/dftbplus-25.1/test/app/dftb+" "-w" "/home/users/ntu/c230179/Desktop/dftb_builds/dftb_gcc_Release/test/app/dftb+" "-d" "/home/users/ntu/c230179/Desktop/dftbplus-25.1/test/app/dftb+/bin/tagdiff" "-P" "env OMP_NUM_THREADS=1" "-p" "/home/users/ntu/c230179/Desktop/dftb_builds/dftb_gcc_Release/app/dftb+/dftb+" "-G" "/home/users/ntu/c230179/Desktop/dftbplus-25.1/test/app/dftb+/bin/globalpostrun.sh" "-s" "P,R,C,S" "non-scc/10-0Ctube"
326: Environment variables: 
326:  DFTBPLUS_PARAM_DIR=/home/users/ntu/c230179/Desktop/dftbplus-25.1/external
326: Test timeout computed to be: 10000000
326: cp: cannot stat 'non-scc/10-0Ctube/C-C.skf': No such file or directory
326: non-scc/10-0Ctube:	Test script returned non-zero exit code: 1
326:  deleting file 'autotest.tag'
326:  TODO.
326: 
326: ==============================================================================
326: TEST SUMMARY
326: ------------------------------------------------------------------------------
326: Match:
326:     None
326: 
326: Not run:
326:     non-scc/10-0Ctube
326: ------------------------------------------------------------------------------
326: Status: FAIL
326/406 Test #326: app/dftb+/non-scc/10-0Ctube ......................................***Failed    0.04 sec
cp: cannot stat 'non-scc/10-0Ctube/C-C.skf': No such file or directory
non-scc/10-0Ctube:	Test script returned non-zero exit code: 1
 deleting file 'autotest.tag'
 TODO.

==============================================================================
TEST SUMMARY
------------------------------------------------------------------------------
Match:
    None

Not run:
    non-scc/10-0Ctube
------------------------------------------------------------------------------
Status: FAIL

test 327
        Start 327: app/dftb+/spin/Fe4_noncolinear

327: Test command: /home/users/ntu/c230179/Desktop/dftbplus-25.1/test/app/dftb+/bin/autotest2 "-r" "/home/users/ntu/c230179/Desktop/dftbplus-25.1/test/app/dftb+" "-w" "/home/users/ntu/c230179/Desktop/dftb_builds/dftb_gcc_Release/test/app/dftb+" "-d" "/home/users/ntu/c230179/Desktop/dftbplus-25.1/test/app/dftb+/bin/tagdiff" "-P" "env OMP_NUM_THREADS=1" "-p" "/home/users/ntu/c230179/Desktop/dftb_builds/dftb_gcc_Release/app/dftb+/dftb+" "-G" "/home/users/ntu/c230179/Desktop/dftbplus-25.1/test/app/dftb+/bin/globalpostrun.sh" "-s" "P,R,C,S" "spin/Fe4_noncolinear"
327: Environment variables: 
327:  DFTBPLUS_PARAM_DIR=/home/users/ntu/c230179/Desktop/dftbplus-25.1/external
327: Test timeout computed to be: 10000000
327: cp: cannot stat 'spin/Fe4_noncolinear/Fe-Fe.skf': No such file or directory
327: spin/Fe4_noncolinear:	Test script returned non-zero exit code: 1
327:  deleting file 'autotest.tag'
327:  TODO.
327: 
327: ==============================================================================
327: TEST SUMMARY
327: ------------------------------------------------------------------------------
327: Match:
327:     None
327: 
327: Not run:
327:     spin/Fe4_noncolinear
327: ------------------------------------------------------------------------------
327: Status: FAIL
327/406 Test #327: app/dftb+/spin/Fe4_noncolinear ...................................***Failed    0.04 sec
cp: cannot stat 'spin/Fe4_noncolinear/Fe-Fe.skf': No such file or directory
spin/Fe4_noncolinear:	Test script returned non-zero exit code: 1
 deleting file 'autotest.tag'
 TODO.

==============================================================================
TEST SUMMARY
------------------------------------------------------------------------------
Match:
    None

Not run:
    spin/Fe4_noncolinear
------------------------------------------------------------------------------
Status: FAIL

test 328
        Start 328: app/dftb+/non-scc/HBDI-neutral

328: Test command: /home/users/ntu/c230179/Desktop/dftbplus-25.1/test/app/dftb+/bin/autotest2 "-r" "/home/users/ntu/c230179/Desktop/dftbplus-25.1/test/app/dftb+" "-w" "/home/users/ntu/c230179/Desktop/dftb_builds/dftb_gcc_Release/test/app/dftb+" "-d" "/home/users/ntu/c230179/Desktop/dftbplus-25.1/test/app/dftb+/bin/tagdiff" "-P" "env OMP_NUM_THREADS=1" "-p" "/home/users/ntu/c230179/Desktop/dftb_builds/dftb_gcc_Release/app/dftb+/dftb+" "-G" "/home/users/ntu/c230179/Desktop/dftbplus-25.1/test/app/dftb+/bin/globalpostrun.sh" "-s" "P,R,C,S" "non-scc/HBDI-neutral"
328: Environment variables: 
328:  DFTBPLUS_PARAM_DIR=/home/users/ntu/c230179/Desktop/dftbplus-25.1/external
328: Test timeout computed to be: 10000000
328: non-scc/HBDI-neutral:	Test script returned non-zero exit code: 1
328:  deleting file 'autotest.tag'
328:  TODO.
328: 
328: ==============================================================================
328: TEST SUMMARY
328: ------------------------------------------------------------------------------
328: Match:
328:     None
328: 
328: Not run:
328:     non-scc/HBDI-neutral
328: ------------------------------------------------------------------------------
328: Status: FAIL
328/406 Test #328: app/dftb+/non-scc/HBDI-neutral ...................................***Failed    0.04 sec
non-scc/HBDI-neutral:	Test script returned non-zero exit code: 1
 deleting file 'autotest.tag'
 TODO.

==============================================================================
TEST SUMMARY
------------------------------------------------------------------------------
Match:
    None

Not run:
    non-scc/HBDI-neutral
------------------------------------------------------------------------------
Status: FAIL

test 329
        Start 329: app/dftb+/non-scc/HBDI-cationic

329: Test command: /home/users/ntu/c230179/Desktop/dftbplus-25.1/test/app/dftb+/bin/autotest2 "-r" "/home/users/ntu/c230179/Desktop/dftbplus-25.1/test/app/dftb+" "-w" "/home/users/ntu/c230179/Desktop/dftb_builds/dftb_gcc_Release/test/app/dftb+" "-d" "/home/users/ntu/c230179/Desktop/dftbplus-25.1/test/app/dftb+/bin/tagdiff" "-P" "env OMP_NUM_THREADS=1" "-p" "/home/users/ntu/c230179/Desktop/dftb_builds/dftb_gcc_Release/app/dftb+/dftb+" "-G" "/home/users/ntu/c230179/Desktop/dftbplus-25.1/test/app/dftb+/bin/globalpostrun.sh" "-s" "P,R,C,S" "non-scc/HBDI-cationic"
329: Environment variables: 
329:  DFTBPLUS_PARAM_DIR=/home/users/ntu/c230179/Desktop/dftbplus-25.1/external
329: Test timeout computed to be: 10000000
329: non-scc/HBDI-cationic:	Test script returned non-zero exit code: 1
329:  deleting file 'autotest.tag'
329:  TODO.
329: 
329: ==============================================================================
329: TEST SUMMARY
329: ------------------------------------------------------------------------------
329: Match:
329:     None
329: 
329: Not run:
329:     non-scc/HBDI-cationic
329: ------------------------------------------------------------------------------
329: Status: FAIL
329/406 Test #329: app/dftb+/non-scc/HBDI-cationic ..................................***Failed    0.04 sec
non-scc/HBDI-cationic:	Test script returned non-zero exit code: 1
 deleting file 'autotest.tag'
 TODO.

==============================================================================
TEST SUMMARY
------------------------------------------------------------------------------
Match:
    None

Not run:
    non-scc/HBDI-cationic
------------------------------------------------------------------------------
Status: FAIL

test 330
        Start 330: app/dftb+/scc/C60

330: Test command: /home/users/ntu/c230179/Desktop/dftbplus-25.1/test/app/dftb+/bin/autotest2 "-r" "/home/users/ntu/c230179/Desktop/dftbplus-25.1/test/app/dftb+" "-w" "/home/users/ntu/c230179/Desktop/dftb_builds/dftb_gcc_Release/test/app/dftb+" "-d" "/home/users/ntu/c230179/Desktop/dftbplus-25.1/test/app/dftb+/bin/tagdiff" "-P" "env OMP_NUM_THREADS=1" "-p" "/home/users/ntu/c230179/Desktop/dftb_builds/dftb_gcc_Release/app/dftb+/dftb+" "-G" "/home/users/ntu/c230179/Desktop/dftbplus-25.1/test/app/dftb+/bin/globalpostrun.sh" "-s" "P,R,C,S" "scc/C60"
330: Environment variables: 
330:  DFTBPLUS_PARAM_DIR=/home/users/ntu/c230179/Desktop/dftbplus-25.1/external
330: Test timeout computed to be: 10000000
330: scc/C60:	Test script returned non-zero exit code: 1
330:  deleting file 'autotest.tag'
330:  TODO.
330: 
330: ==============================================================================
330: TEST SUMMARY
330: ------------------------------------------------------------------------------
330: Match:
330:     None
330: 
330: Not run:
330:     scc/C60
330: ------------------------------------------------------------------------------
330: Status: FAIL
330/406 Test #330: app/dftb+/scc/C60 ................................................***Failed    0.04 sec
scc/C60:	Test script returned non-zero exit code: 1
 deleting file 'autotest.tag'
 TODO.

==============================================================================
TEST SUMMARY
------------------------------------------------------------------------------
Match:
    None

Not run:
    scc/C60
------------------------------------------------------------------------------
Status: FAIL

test 331
        Start 331: app/dftb+/analysis/C60_ESP

331: Test command: /home/users/ntu/c230179/Desktop/dftbplus-25.1/test/app/dftb+/bin/autotest2 "-r" "/home/users/ntu/c230179/Desktop/dftbplus-25.1/test/app/dftb+" "-w" "/home/users/ntu/c230179/Desktop/dftb_builds/dftb_gcc_Release/test/app/dftb+" "-d" "/home/users/ntu/c230179/Desktop/dftbplus-25.1/test/app/dftb+/bin/tagdiff" "-P" "env OMP_NUM_THREADS=1" "-p" "/home/users/ntu/c230179/Desktop/dftb_builds/dftb_gcc_Release/app/dftb+/dftb+" "-G" "/home/users/ntu/c230179/Desktop/dftbplus-25.1/test/app/dftb+/bin/globalpostrun.sh" "-s" "P,R,C,S" "analysis/C60_ESP"
331: Environment variables: 
331:  DFTBPLUS_PARAM_DIR=/home/users/ntu/c230179/Desktop/dftbplus-25.1/external
331: Test timeout computed to be: 10000000
331: cp: cannot stat 'analysis/C60_ESP/C-C.skf': No such file or directory
331: analysis/C60_ESP:	Test script returned non-zero exit code: 1
331:  deleting file 'autotest.tag'
331:  TODO.
331: 
331: ==============================================================================
331: TEST SUMMARY
331: ------------------------------------------------------------------------------
331: Match:
331:     None
331: 
331: Not run:
331:     analysis/C60_ESP
331: ------------------------------------------------------------------------------
331: Status: FAIL
331/406 Test #331: app/dftb+/analysis/C60_ESP .......................................***Failed    0.04 sec
cp: cannot stat 'analysis/C60_ESP/C-C.skf': No such file or directory
analysis/C60_ESP:	Test script returned non-zero exit code: 1
 deleting file 'autotest.tag'
 TODO.

==============================================================================
TEST SUMMARY
------------------------------------------------------------------------------
Match:
    None

Not run:
    analysis/C60_ESP
------------------------------------------------------------------------------
Status: FAIL

test 332
        Start 332: app/dftb+/spin/H2O

332: Test command: /home/users/ntu/c230179/Desktop/dftbplus-25.1/test/app/dftb+/bin/autotest2 "-r" "/home/users/ntu/c230179/Desktop/dftbplus-25.1/test/app/dftb+" "-w" "/home/users/ntu/c230179/Desktop/dftb_builds/dftb_gcc_Release/test/app/dftb+" "-d" "/home/users/ntu/c230179/Desktop/dftbplus-25.1/test/app/dftb+/bin/tagdiff" "-P" "env OMP_NUM_THREADS=1" "-p" "/home/users/ntu/c230179/Desktop/dftb_builds/dftb_gcc_Release/app/dftb+/dftb+" "-G" "/home/users/ntu/c230179/Desktop/dftbplus-25.1/test/app/dftb+/bin/globalpostrun.sh" "-s" "P,R,C,S" "spin/H2O"
332: Environment variables: 
332:  DFTBPLUS_PARAM_DIR=/home/users/ntu/c230179/Desktop/dftbplus-25.1/external
332: Test timeout computed to be: 10000000
332: spin/H2O:	Test script returned non-zero exit code: 1
332:  deleting file 'autotest.tag'
332:  TODO.
332: 
332: ==============================================================================
332: TEST SUMMARY
332: ------------------------------------------------------------------------------
332: Match:
332:     None
332: 
332: Not run:
332:     spin/H2O
332: ------------------------------------------------------------------------------
332: Status: FAIL
332/406 Test #332: app/dftb+/spin/H2O ...............................................***Failed    0.04 sec
spin/H2O:	Test script returned non-zero exit code: 1
 deleting file 'autotest.tag'
 TODO.

==============================================================================
TEST SUMMARY
------------------------------------------------------------------------------
Match:
    None

Not run:
    spin/H2O
------------------------------------------------------------------------------
Status: FAIL

test 333
        Start 333: app/dftb+/dangerous/C_SkCutoff_soft_default

333: Test command: /home/users/ntu/c230179/Desktop/dftbplus-25.1/test/app/dftb+/bin/autotest2 "-r" "/home/users/ntu/c230179/Desktop/dftbplus-25.1/test/app/dftb+" "-w" "/home/users/ntu/c230179/Desktop/dftb_builds/dftb_gcc_Release/test/app/dftb+" "-d" "/home/users/ntu/c230179/Desktop/dftbplus-25.1/test/app/dftb+/bin/tagdiff" "-P" "env OMP_NUM_THREADS=1" "-p" "/home/users/ntu/c230179/Desktop/dftb_builds/dftb_gcc_Release/app/dftb+/dftb+" "-G" "/home/users/ntu/c230179/Desktop/dftbplus-25.1/test/app/dftb+/bin/globalpostrun.sh" "-s" "P,R,C,S" "dangerous/C_SkCutoff_soft_default"
333: Environment variables: 
333:  DFTBPLUS_PARAM_DIR=/home/users/ntu/c230179/Desktop/dftbplus-25.1/external
333: Test timeout computed to be: 10000000
333: cp: cannot stat 'dangerous/C_SkCutoff_soft_default/C-C.skf': No such file or directory
333: dangerous/C_SkCutoff_soft_default:	Test script returned non-zero exit code: 1
333:  deleting file 'autotest.tag'
333:  TODO.
333: 
333: ==============================================================================
333: TEST SUMMARY
333: ------------------------------------------------------------------------------
333: Match:
333:     None
333: 
333: Not run:
333:     dangerous/C_SkCutoff_soft_default
333: ------------------------------------------------------------------------------
333: Status: FAIL
333/406 Test #333: app/dftb+/dangerous/C_SkCutoff_soft_default ......................***Failed    0.06 sec
cp: cannot stat 'dangerous/C_SkCutoff_soft_default/C-C.skf': No such file or directory
dangerous/C_SkCutoff_soft_default:	Test script returned non-zero exit code: 1
 deleting file 'autotest.tag'
 TODO.

==============================================================================
TEST SUMMARY
------------------------------------------------------------------------------
Match:
    None

Not run:
    dangerous/C_SkCutoff_soft_default
------------------------------------------------------------------------------
Status: FAIL

test 334
        Start 334: app/dftb+/dangerous/C_SkCutoff_hard_default

334: Test command: /home/users/ntu/c230179/Desktop/dftbplus-25.1/test/app/dftb+/bin/autotest2 "-r" "/home/users/ntu/c230179/Desktop/dftbplus-25.1/test/app/dftb+" "-w" "/home/users/ntu/c230179/Desktop/dftb_builds/dftb_gcc_Release/test/app/dftb+" "-d" "/home/users/ntu/c230179/Desktop/dftbplus-25.1/test/app/dftb+/bin/tagdiff" "-P" "env OMP_NUM_THREADS=1" "-p" "/home/users/ntu/c230179/Desktop/dftb_builds/dftb_gcc_Release/app/dftb+/dftb+" "-G" "/home/users/ntu/c230179/Desktop/dftbplus-25.1/test/app/dftb+/bin/globalpostrun.sh" "-s" "P,R,C,S" "dangerous/C_SkCutoff_hard_default"
334: Environment variables: 
334:  DFTBPLUS_PARAM_DIR=/home/users/ntu/c230179/Desktop/dftbplus-25.1/external
334: Test timeout computed to be: 10000000
334: cp: cannot stat 'dangerous/C_SkCutoff_hard_default/C-C.skf': No such file or directory
334: dangerous/C_SkCutoff_hard_default:	Test script returned non-zero exit code: 1
334:  deleting file 'autotest.tag'
334:  TODO.
334: 
334: ==============================================================================
334: TEST SUMMARY
334: ------------------------------------------------------------------------------
334: Match:
334:     None
334: 
334: Not run:
334:     dangerous/C_SkCutoff_hard_default
334: ------------------------------------------------------------------------------
334: Status: FAIL
334/406 Test #334: app/dftb+/dangerous/C_SkCutoff_hard_default ......................***Failed    0.04 sec
cp: cannot stat 'dangerous/C_SkCutoff_hard_default/C-C.skf': No such file or directory
dangerous/C_SkCutoff_hard_default:	Test script returned non-zero exit code: 1
 deleting file 'autotest.tag'
 TODO.

==============================================================================
TEST SUMMARY
------------------------------------------------------------------------------
Match:
    None

Not run:
    dangerous/C_SkCutoff_hard_default
------------------------------------------------------------------------------
Status: FAIL

test 335
        Start 335: app/dftb+/dangerous/C_SkCutoff_soft_old

335: Test command: /home/users/ntu/c230179/Desktop/dftbplus-25.1/test/app/dftb+/bin/autotest2 "-r" "/home/users/ntu/c230179/Desktop/dftbplus-25.1/test/app/dftb+" "-w" "/home/users/ntu/c230179/Desktop/dftb_builds/dftb_gcc_Release/test/app/dftb+" "-d" "/home/users/ntu/c230179/Desktop/dftbplus-25.1/test/app/dftb+/bin/tagdiff" "-P" "env OMP_NUM_THREADS=1" "-p" "/home/users/ntu/c230179/Desktop/dftb_builds/dftb_gcc_Release/app/dftb+/dftb+" "-G" "/home/users/ntu/c230179/Desktop/dftbplus-25.1/test/app/dftb+/bin/globalpostrun.sh" "-s" "P,R,C,S" "dangerous/C_SkCutoff_soft_old"
335: Environment variables: 
335:  DFTBPLUS_PARAM_DIR=/home/users/ntu/c230179/Desktop/dftbplus-25.1/external
335: Test timeout computed to be: 10000000
335: cp: cannot stat 'dangerous/C_SkCutoff_soft_old/C-C.skf': No such file or directory
335: dangerous/C_SkCutoff_soft_old:	Test script returned non-zero exit code: 1
335:  deleting file 'autotest.tag'
335:  TODO.
335: 
335: ==============================================================================
335: TEST SUMMARY
335: ------------------------------------------------------------------------------
335: Match:
335:     None
335: 
335: Not run:
335:     dangerous/C_SkCutoff_soft_old
335: ------------------------------------------------------------------------------
335: Status: FAIL
335/406 Test #335: app/dftb+/dangerous/C_SkCutoff_soft_old ..........................***Failed    0.04 sec
cp: cannot stat 'dangerous/C_SkCutoff_soft_old/C-C.skf': No such file or directory
dangerous/C_SkCutoff_soft_old:	Test script returned non-zero exit code: 1
 deleting file 'autotest.tag'
 TODO.

==============================================================================
TEST SUMMARY
------------------------------------------------------------------------------
Match:
    None

Not run:
    dangerous/C_SkCutoff_soft_old
------------------------------------------------------------------------------
Status: FAIL

test 336
        Start 336: app/dftb+/dangerous/C_SkCutoff_hard_old

336: Test command: /home/users/ntu/c230179/Desktop/dftbplus-25.1/test/app/dftb+/bin/autotest2 "-r" "/home/users/ntu/c230179/Desktop/dftbplus-25.1/test/app/dftb+" "-w" "/home/users/ntu/c230179/Desktop/dftb_builds/dftb_gcc_Release/test/app/dftb+" "-d" "/home/users/ntu/c230179/Desktop/dftbplus-25.1/test/app/dftb+/bin/tagdiff" "-P" "env OMP_NUM_THREADS=1" "-p" "/home/users/ntu/c230179/Desktop/dftb_builds/dftb_gcc_Release/app/dftb+/dftb+" "-G" "/home/users/ntu/c230179/Desktop/dftbplus-25.1/test/app/dftb+/bin/globalpostrun.sh" "-s" "P,R,C,S" "dangerous/C_SkCutoff_hard_old"
336: Environment variables: 
336:  DFTBPLUS_PARAM_DIR=/home/users/ntu/c230179/Desktop/dftbplus-25.1/external
336: Test timeout computed to be: 10000000
336: cp: cannot stat 'dangerous/C_SkCutoff_hard_old/C-C.skf': No such file or directory
336: dangerous/C_SkCutoff_hard_old:	Test script returned non-zero exit code: 1
336:  deleting file 'autotest.tag'
336:  TODO.
336: 
336: ==============================================================================
336: TEST SUMMARY
336: ------------------------------------------------------------------------------
336: Match:
336:     None
336: 
336: Not run:
336:     dangerous/C_SkCutoff_hard_old
336: ------------------------------------------------------------------------------
336: Status: FAIL
336/406 Test #336: app/dftb+/dangerous/C_SkCutoff_hard_old ..........................***Failed    0.04 sec
cp: cannot stat 'dangerous/C_SkCutoff_hard_old/C-C.skf': No such file or directory
dangerous/C_SkCutoff_hard_old:	Test script returned non-zero exit code: 1
 deleting file 'autotest.tag'
 TODO.

==============================================================================
TEST SUMMARY
------------------------------------------------------------------------------
Match:
    None

Not run:
    dangerous/C_SkCutoff_hard_old
------------------------------------------------------------------------------
Status: FAIL

test 337
        Start 337: app/dftb+/h-bonds/H5_defaults

337: Test command: /home/users/ntu/c230179/Desktop/dftbplus-25.1/test/app/dftb+/bin/autotest2 "-r" "/home/users/ntu/c230179/Desktop/dftbplus-25.1/test/app/dftb+" "-w" "/home/users/ntu/c230179/Desktop/dftb_builds/dftb_gcc_Release/test/app/dftb+" "-d" "/home/users/ntu/c230179/Desktop/dftbplus-25.1/test/app/dftb+/bin/tagdiff" "-P" "env OMP_NUM_THREADS=1" "-p" "/home/users/ntu/c230179/Desktop/dftb_builds/dftb_gcc_Release/app/dftb+/dftb+" "-G" "/home/users/ntu/c230179/Desktop/dftbplus-25.1/test/app/dftb+/bin/globalpostrun.sh" "-s" "P,R,C,S" "h-bonds/H5_defaults"
337: Environment variables: 
337:  DFTBPLUS_PARAM_DIR=/home/users/ntu/c230179/Desktop/dftbplus-25.1/external
337: Test timeout computed to be: 10000000
337: h-bonds/H5_defaults:	Test script returned non-zero exit code: 1
337:  deleting file 'autotest.tag'
337:  TODO.
337: 
337: ==============================================================================
337: TEST SUMMARY
337: ------------------------------------------------------------------------------
337: Match:
337:     None
337: 
337: Not run:
337:     h-bonds/H5_defaults
337: ------------------------------------------------------------------------------
337: Status: FAIL
337/406 Test #337: app/dftb+/h-bonds/H5_defaults ....................................***Failed    0.04 sec
h-bonds/H5_defaults:	Test script returned non-zero exit code: 1
 deleting file 'autotest.tag'
 TODO.

==============================================================================
TEST SUMMARY
------------------------------------------------------------------------------
Match:
    None

Not run:
    h-bonds/H5_defaults
------------------------------------------------------------------------------
Status: FAIL

test 338
        Start 338: app/dftb+/h-bonds/H5_ONS_forces

338: Test command: /home/users/ntu/c230179/Desktop/dftbplus-25.1/test/app/dftb+/bin/autotest2 "-r" "/home/users/ntu/c230179/Desktop/dftbplus-25.1/test/app/dftb+" "-w" "/home/users/ntu/c230179/Desktop/dftb_builds/dftb_gcc_Release/test/app/dftb+" "-d" "/home/users/ntu/c230179/Desktop/dftbplus-25.1/test/app/dftb+/bin/tagdiff" "-P" "env OMP_NUM_THREADS=1" "-p" "/home/users/ntu/c230179/Desktop/dftb_builds/dftb_gcc_Release/app/dftb+/dftb+" "-G" "/home/users/ntu/c230179/Desktop/dftbplus-25.1/test/app/dftb+/bin/globalpostrun.sh" "-s" "P,R,C,S" "h-bonds/H5_ONS_forces"
338: Environment variables: 
338:  DFTBPLUS_PARAM_DIR=/home/users/ntu/c230179/Desktop/dftbplus-25.1/external
338: Test timeout computed to be: 10000000
338: h-bonds/H5_ONS_forces:	Test script returned non-zero exit code: 1
338:  deleting file 'autotest.tag'
338:  TODO.
338: 
338: ==============================================================================
338: TEST SUMMARY
338: ------------------------------------------------------------------------------
338: Match:
338:     None
338: 
338: Not run:
338:     h-bonds/H5_ONS_forces
338: ------------------------------------------------------------------------------
338: Status: FAIL
338/406 Test #338: app/dftb+/h-bonds/H5_ONS_forces ..................................***Failed    0.04 sec
h-bonds/H5_ONS_forces:	Test script returned non-zero exit code: 1
 deleting file 'autotest.tag'
 TODO.

==============================================================================
TEST SUMMARY
------------------------------------------------------------------------------
Match:
    None

Not run:
    h-bonds/H5_ONS_forces
------------------------------------------------------------------------------
Status: FAIL

test 339
        Start 339: app/dftb+/h-bonds/H5_ONS_forces_eq

339: Test command: /home/users/ntu/c230179/Desktop/dftbplus-25.1/test/app/dftb+/bin/autotest2 "-r" "/home/users/ntu/c230179/Desktop/dftbplus-25.1/test/app/dftb+" "-w" "/home/users/ntu/c230179/Desktop/dftb_builds/dftb_gcc_Release/test/app/dftb+" "-d" "/home/users/ntu/c230179/Desktop/dftbplus-25.1/test/app/dftb+/bin/tagdiff" "-P" "env OMP_NUM_THREADS=1" "-p" "/home/users/ntu/c230179/Desktop/dftb_builds/dftb_gcc_Release/app/dftb+/dftb+" "-G" "/home/users/ntu/c230179/Desktop/dftbplus-25.1/test/app/dftb+/bin/globalpostrun.sh" "-s" "P,R,C,S" "h-bonds/H5_ONS_forces_eq"
339: Environment variables: 
339:  DFTBPLUS_PARAM_DIR=/home/users/ntu/c230179/Desktop/dftbplus-25.1/external
339: Test timeout computed to be: 10000000
339: h-bonds/H5_ONS_forces_eq:	Test script returned non-zero exit code: 1
339:  deleting file 'autotest.tag'
339:  TODO.
339: 
339: ==============================================================================
339: TEST SUMMARY
339: ------------------------------------------------------------------------------
339: Match:
339:     None
339: 
339: Not run:
339:     h-bonds/H5_ONS_forces_eq
339: ------------------------------------------------------------------------------
339: Status: FAIL
339/406 Test #339: app/dftb+/h-bonds/H5_ONS_forces_eq ...............................***Failed    0.04 sec
h-bonds/H5_ONS_forces_eq:	Test script returned non-zero exit code: 1
 deleting file 'autotest.tag'
 TODO.

==============================================================================
TEST SUMMARY
------------------------------------------------------------------------------
Match:
    None

Not run:
    h-bonds/H5_ONS_forces_eq
------------------------------------------------------------------------------
Status: FAIL

test 340
        Start 340: app/dftb+/md/Si_8_restart

340: Test command: /home/users/ntu/c230179/Desktop/dftbplus-25.1/test/app/dftb+/bin/autotest2 "-r" "/home/users/ntu/c230179/Desktop/dftbplus-25.1/test/app/dftb+" "-w" "/home/users/ntu/c230179/Desktop/dftb_builds/dftb_gcc_Release/test/app/dftb+" "-d" "/home/users/ntu/c230179/Desktop/dftbplus-25.1/test/app/dftb+/bin/tagdiff" "-P" "env OMP_NUM_THREADS=1" "-p" "/home/users/ntu/c230179/Desktop/dftb_builds/dftb_gcc_Release/app/dftb+/dftb+" "-G" "/home/users/ntu/c230179/Desktop/dftbplus-25.1/test/app/dftb+/bin/globalpostrun.sh" "-s" "P,R,C,S" "md/Si_8_restart"
340: Environment variables: 
340:  DFTBPLUS_PARAM_DIR=/home/users/ntu/c230179/Desktop/dftbplus-25.1/external
340: Test timeout computed to be: 10000000
340: md/Si_8_restart:	Test script returned non-zero exit code: 1
340:  deleting file 'autotest.tag'
340:  TODO.
340: 
340: ==============================================================================
340: TEST SUMMARY
340: ------------------------------------------------------------------------------
340: Match:
340:     None
340: 
340: Not run:
340:     md/Si_8_restart
340: ------------------------------------------------------------------------------
340: Status: FAIL
340/406 Test #340: app/dftb+/md/Si_8_restart ........................................***Failed    0.04 sec
md/Si_8_restart:	Test script returned non-zero exit code: 1
 deleting file 'autotest.tag'
 TODO.

==============================================================================
TEST SUMMARY
------------------------------------------------------------------------------
Match:
    None

Not run:
    md/Si_8_restart
------------------------------------------------------------------------------
Status: FAIL

test 341
        Start 341: app/dftb+/spin/GaAs_2

341: Test command: /home/users/ntu/c230179/Desktop/dftbplus-25.1/test/app/dftb+/bin/autotest2 "-r" "/home/users/ntu/c230179/Desktop/dftbplus-25.1/test/app/dftb+" "-w" "/home/users/ntu/c230179/Desktop/dftb_builds/dftb_gcc_Release/test/app/dftb+" "-d" "/home/users/ntu/c230179/Desktop/dftbplus-25.1/test/app/dftb+/bin/tagdiff" "-P" "env OMP_NUM_THREADS=1" "-p" "/home/users/ntu/c230179/Desktop/dftb_builds/dftb_gcc_Release/app/dftb+/dftb+" "-G" "/home/users/ntu/c230179/Desktop/dftbplus-25.1/test/app/dftb+/bin/globalpostrun.sh" "-s" "P,R,C,S" "spin/GaAs_2"
341: Environment variables: 
341:  DFTBPLUS_PARAM_DIR=/home/users/ntu/c230179/Desktop/dftbplus-25.1/external
341: Test timeout computed to be: 10000000
341: cp: cannot stat 'spin/GaAs_2/As-As.skf': No such file or directory
341: cp: cannot stat 'spin/GaAs_2/As-Ga.skf': No such file or directory
341: cp: cannot stat 'spin/GaAs_2/Ga-As.skf': No such file or directory
341: cp: cannot stat 'spin/GaAs_2/Ga-Ga.skf': No such file or directory
341: spin/GaAs_2:	Test script returned non-zero exit code: 1
341:  deleting file 'autotest.tag'
341:  TODO.
341: 
341: ==============================================================================
341: TEST SUMMARY
341: ------------------------------------------------------------------------------
341: Match:
341:     None
341: 
341: Not run:
341:     spin/GaAs_2
341: ------------------------------------------------------------------------------
341: Status: FAIL
341/406 Test #341: app/dftb+/spin/GaAs_2 ............................................***Failed    0.05 sec
cp: cannot stat 'spin/GaAs_2/As-As.skf': No such file or directory
cp: cannot stat 'spin/GaAs_2/As-Ga.skf': No such file or directory
cp: cannot stat 'spin/GaAs_2/Ga-As.skf': No such file or directory
cp: cannot stat 'spin/GaAs_2/Ga-Ga.skf': No such file or directory
spin/GaAs_2:	Test script returned non-zero exit code: 1
 deleting file 'autotest.tag'
 TODO.

==============================================================================
TEST SUMMARY
------------------------------------------------------------------------------
Match:
    None

Not run:
    spin/GaAs_2
------------------------------------------------------------------------------
Status: FAIL

test 342
        Start 342: app/dftb+/spin/GaAs-spin-ext

342: Test command: /home/users/ntu/c230179/Desktop/dftbplus-25.1/test/app/dftb+/bin/autotest2 "-r" "/home/users/ntu/c230179/Desktop/dftbplus-25.1/test/app/dftb+" "-w" "/home/users/ntu/c230179/Desktop/dftb_builds/dftb_gcc_Release/test/app/dftb+" "-d" "/home/users/ntu/c230179/Desktop/dftbplus-25.1/test/app/dftb+/bin/tagdiff" "-P" "env OMP_NUM_THREADS=1" "-p" "/home/users/ntu/c230179/Desktop/dftb_builds/dftb_gcc_Release/app/dftb+/dftb+" "-G" "/home/users/ntu/c230179/Desktop/dftbplus-25.1/test/app/dftb+/bin/globalpostrun.sh" "-s" "P,R,C,S" "spin/GaAs-spin-ext"
342: Environment variables: 
342:  DFTBPLUS_PARAM_DIR=/home/users/ntu/c230179/Desktop/dftbplus-25.1/external
342: Test timeout computed to be: 10000000
342: cp: cannot stat 'spin/GaAs-spin-ext/As-As.skf': No such file or directory
342: cp: cannot stat 'spin/GaAs-spin-ext/As-Ga1.skf': No such file or directory
342: cp: cannot stat 'spin/GaAs-spin-ext/As-Ga2.skf': No such file or directory
342: cp: cannot stat 'spin/GaAs-spin-ext/Ga1-As.skf': No such file or directory
342: cp: cannot stat 'spin/GaAs-spin-ext/Ga1-Ga1.skf': No such file or directory
342: cp: cannot stat 'spin/GaAs-spin-ext/Ga1-Ga2.skf': No such file or directory
342: cp: cannot stat 'spin/GaAs-spin-ext/Ga2-As.skf': No such file or directory
342: cp: cannot stat 'spin/GaAs-spin-ext/Ga2-Ga1.skf': No such file or directory
342: cp: cannot stat 'spin/GaAs-spin-ext/Ga2-Ga2.skf': No such file or directory
342: spin/GaAs-spin-ext:	Test script returned non-zero exit code: 1
342:  deleting file 'autotest.tag'
342:  TODO.
342: 
342: ==============================================================================
342: TEST SUMMARY
342: ------------------------------------------------------------------------------
342: Match:
342:     None
342: 
342: Not run:
342:     spin/GaAs-spin-ext
342: ------------------------------------------------------------------------------
342: Status: FAIL
342/406 Test #342: app/dftb+/spin/GaAs-spin-ext .....................................***Failed    0.06 sec
cp: cannot stat 'spin/GaAs-spin-ext/As-As.skf': No such file or directory
cp: cannot stat 'spin/GaAs-spin-ext/As-Ga1.skf': No such file or directory
cp: cannot stat 'spin/GaAs-spin-ext/As-Ga2.skf': No such file or directory
cp: cannot stat 'spin/GaAs-spin-ext/Ga1-As.skf': No such file or directory
cp: cannot stat 'spin/GaAs-spin-ext/Ga1-Ga1.skf': No such file or directory
cp: cannot stat 'spin/GaAs-spin-ext/Ga1-Ga2.skf': No such file or directory
cp: cannot stat 'spin/GaAs-spin-ext/Ga2-As.skf': No such file or directory
cp: cannot stat 'spin/GaAs-spin-ext/Ga2-Ga1.skf': No such file or directory
cp: cannot stat 'spin/GaAs-spin-ext/Ga2-Ga2.skf': No such file or directory
spin/GaAs-spin-ext:	Test script returned non-zero exit code: 1
 deleting file 'autotest.tag'
 TODO.

==============================================================================
TEST SUMMARY
------------------------------------------------------------------------------
Match:
    None

Not run:
    spin/GaAs-spin-ext
------------------------------------------------------------------------------
Status: FAIL

test 343
        Start 343: app/dftb+/spinorbit/As4S4

343: Test command: /home/users/ntu/c230179/Desktop/dftbplus-25.1/test/app/dftb+/bin/autotest2 "-r" "/home/users/ntu/c230179/Desktop/dftbplus-25.1/test/app/dftb+" "-w" "/home/users/ntu/c230179/Desktop/dftb_builds/dftb_gcc_Release/test/app/dftb+" "-d" "/home/users/ntu/c230179/Desktop/dftbplus-25.1/test/app/dftb+/bin/tagdiff" "-P" "env OMP_NUM_THREADS=1" "-p" "/home/users/ntu/c230179/Desktop/dftb_builds/dftb_gcc_Release/app/dftb+/dftb+" "-G" "/home/users/ntu/c230179/Desktop/dftbplus-25.1/test/app/dftb+/bin/globalpostrun.sh" "-s" "P,R,C,S" "spinorbit/As4S4"
343: Environment variables: 
343:  DFTBPLUS_PARAM_DIR=/home/users/ntu/c230179/Desktop/dftbplus-25.1/external
343: Test timeout computed to be: 10000000
343: cp: cannot stat 'spinorbit/As4S4/As-As.skf': No such file or directory
343: cp: cannot stat 'spinorbit/As4S4/As-S.skf': No such file or directory
343: cp: cannot stat 'spinorbit/As4S4/S-As.skf': No such file or directory
343: cp: cannot stat 'spinorbit/As4S4/S-S.skf': No such file or directory
343: spinorbit/As4S4:	Test script returned non-zero exit code: 1
343:  deleting file 'autotest.tag'
343:  TODO.
343: 
343: ==============================================================================
343: TEST SUMMARY
343: ------------------------------------------------------------------------------
343: Match:
343:     None
343: 
343: Not run:
343:     spinorbit/As4S4
343: ------------------------------------------------------------------------------
343: Status: FAIL
343/406 Test #343: app/dftb+/spinorbit/As4S4 ........................................***Failed    0.05 sec
cp: cannot stat 'spinorbit/As4S4/As-As.skf': No such file or directory
cp: cannot stat 'spinorbit/As4S4/As-S.skf': No such file or directory
cp: cannot stat 'spinorbit/As4S4/S-As.skf': No such file or directory
cp: cannot stat 'spinorbit/As4S4/S-S.skf': No such file or directory
spinorbit/As4S4:	Test script returned non-zero exit code: 1
 deleting file 'autotest.tag'
 TODO.

==============================================================================
TEST SUMMARY
------------------------------------------------------------------------------
Match:
    None

Not run:
    spinorbit/As4S4
------------------------------------------------------------------------------
Status: FAIL

test 344
        Start 344: app/dftb+/dispersion/DNA-damped

344: Test command: /home/users/ntu/c230179/Desktop/dftbplus-25.1/test/app/dftb+/bin/autotest2 "-r" "/home/users/ntu/c230179/Desktop/dftbplus-25.1/test/app/dftb+" "-w" "/home/users/ntu/c230179/Desktop/dftb_builds/dftb_gcc_Release/test/app/dftb+" "-d" "/home/users/ntu/c230179/Desktop/dftbplus-25.1/test/app/dftb+/bin/tagdiff" "-P" "env OMP_NUM_THREADS=1" "-p" "/home/users/ntu/c230179/Desktop/dftb_builds/dftb_gcc_Release/app/dftb+/dftb+" "-G" "/home/users/ntu/c230179/Desktop/dftbplus-25.1/test/app/dftb+/bin/globalpostrun.sh" "-s" "P,R,C,S" "dispersion/DNA-damped"
344: Environment variables: 
344:  DFTBPLUS_PARAM_DIR=/home/users/ntu/c230179/Desktop/dftbplus-25.1/external
344: Test timeout computed to be: 10000000
344: dispersion/DNA-damped:	Test script returned non-zero exit code: 1
344:  deleting file 'autotest.tag'
344:  TODO.
344: 
344: ==============================================================================
344: TEST SUMMARY
344: ------------------------------------------------------------------------------
344: Match:
344:     None
344: 
344: Not run:
344:     dispersion/DNA-damped
344: ------------------------------------------------------------------------------
344: Status: FAIL
344/406 Test #344: app/dftb+/dispersion/DNA-damped ..................................***Failed    0.04 sec
dispersion/DNA-damped:	Test script returned non-zero exit code: 1
 deleting file 'autotest.tag'
 TODO.

==============================================================================
TEST SUMMARY
------------------------------------------------------------------------------
Match:
    None

Not run:
    dispersion/DNA-damped
------------------------------------------------------------------------------
Status: FAIL

test 345
        Start 345: app/dftb+/md/ice_Ic

345: Test command: /home/users/ntu/c230179/Desktop/dftbplus-25.1/test/app/dftb+/bin/autotest2 "-r" "/home/users/ntu/c230179/Desktop/dftbplus-25.1/test/app/dftb+" "-w" "/home/users/ntu/c230179/Desktop/dftb_builds/dftb_gcc_Release/test/app/dftb+" "-d" "/home/users/ntu/c230179/Desktop/dftbplus-25.1/test/app/dftb+/bin/tagdiff" "-P" "env OMP_NUM_THREADS=1" "-p" "/home/users/ntu/c230179/Desktop/dftb_builds/dftb_gcc_Release/app/dftb+/dftb+" "-G" "/home/users/ntu/c230179/Desktop/dftbplus-25.1/test/app/dftb+/bin/globalpostrun.sh" "-s" "P,R,C,S" "md/ice_Ic"
345: Environment variables: 
345:  DFTBPLUS_PARAM_DIR=/home/users/ntu/c230179/Desktop/dftbplus-25.1/external
345: Test timeout computed to be: 10000000
345: md/ice_Ic:	Test script returned non-zero exit code: 1
345:  deleting file 'autotest.tag'
345:  TODO.
345: 
345: ==============================================================================
345: TEST SUMMARY
345: ------------------------------------------------------------------------------
345: Match:
345:     None
345: 
345: Not run:
345:     md/ice_Ic
345: ------------------------------------------------------------------------------
345: Status: FAIL
345/406 Test #345: app/dftb+/md/ice_Ic ..............................................***Failed    0.04 sec
md/ice_Ic:	Test script returned non-zero exit code: 1
 deleting file 'autotest.tag'
 TODO.

==============================================================================
TEST SUMMARY
------------------------------------------------------------------------------
Match:
    None

Not run:
    md/ice_Ic
------------------------------------------------------------------------------
Status: FAIL

test 346
        Start 346: app/dftb+/derivatives/C6H6_scc

346: Test command: /home/users/ntu/c230179/Desktop/dftbplus-25.1/test/app/dftb+/bin/autotest2 "-r" "/home/users/ntu/c230179/Desktop/dftbplus-25.1/test/app/dftb+" "-w" "/home/users/ntu/c230179/Desktop/dftb_builds/dftb_gcc_Release/test/app/dftb+" "-d" "/home/users/ntu/c230179/Desktop/dftbplus-25.1/test/app/dftb+/bin/tagdiff" "-P" "env OMP_NUM_THREADS=1" "-p" "/home/users/ntu/c230179/Desktop/dftb_builds/dftb_gcc_Release/app/dftb+/dftb+" "-G" "/home/users/ntu/c230179/Desktop/dftbplus-25.1/test/app/dftb+/bin/globalpostrun.sh" "-s" "P,R,C,S" "derivatives/C6H6_scc"
346: Environment variables: 
346:  DFTBPLUS_PARAM_DIR=/home/users/ntu/c230179/Desktop/dftbplus-25.1/external
346: Test timeout computed to be: 10000000
346: derivatives/C6H6_scc:	Test script returned non-zero exit code: 1
346:  deleting file 'autotest.tag'
346:  TODO.
346: 
346: ==============================================================================
346: TEST SUMMARY
346: ------------------------------------------------------------------------------
346: Match:
346:     None
346: 
346: Not run:
346:     derivatives/C6H6_scc
346: ------------------------------------------------------------------------------
346: Status: FAIL
346/406 Test #346: app/dftb+/derivatives/C6H6_scc ...................................***Failed    0.04 sec
derivatives/C6H6_scc:	Test script returned non-zero exit code: 1
 deleting file 'autotest.tag'
 TODO.

==============================================================================
TEST SUMMARY
------------------------------------------------------------------------------
Match:
    None

Not run:
    derivatives/C6H6_scc
------------------------------------------------------------------------------
Status: FAIL

test 347
        Start 347: app/dftb+/derivatives/GaAs_2

347: Test command: /home/users/ntu/c230179/Desktop/dftbplus-25.1/test/app/dftb+/bin/autotest2 "-r" "/home/users/ntu/c230179/Desktop/dftbplus-25.1/test/app/dftb+" "-w" "/home/users/ntu/c230179/Desktop/dftb_builds/dftb_gcc_Release/test/app/dftb+" "-d" "/home/users/ntu/c230179/Desktop/dftbplus-25.1/test/app/dftb+/bin/tagdiff" "-P" "env OMP_NUM_THREADS=1" "-p" "/home/users/ntu/c230179/Desktop/dftb_builds/dftb_gcc_Release/app/dftb+/dftb+" "-G" "/home/users/ntu/c230179/Desktop/dftbplus-25.1/test/app/dftb+/bin/globalpostrun.sh" "-s" "P,R,C,S" "derivatives/GaAs_2"
347: Environment variables: 
347:  DFTBPLUS_PARAM_DIR=/home/users/ntu/c230179/Desktop/dftbplus-25.1/external
347: Test timeout computed to be: 10000000
347: derivatives/GaAs_2:	Test script returned non-zero exit code: 1
347:  deleting file 'autotest.tag'
347:  TODO.
347: 
347: ==============================================================================
347: TEST SUMMARY
347: ------------------------------------------------------------------------------
347: Match:
347:     None
347: 
347: Not run:
347:     derivatives/GaAs_2
347: ------------------------------------------------------------------------------
347: Status: FAIL
347/406 Test #347: app/dftb+/derivatives/GaAs_2 .....................................***Failed    0.05 sec
derivatives/GaAs_2:	Test script returned non-zero exit code: 1
 deleting file 'autotest.tag'
 TODO.

==============================================================================
TEST SUMMARY
------------------------------------------------------------------------------
Match:
    None

Not run:
    derivatives/GaAs_2
------------------------------------------------------------------------------
Status: FAIL

test 348
        Start 348: app/dftb+/dftb+u/GaAs_2

348: Test command: /home/users/ntu/c230179/Desktop/dftbplus-25.1/test/app/dftb+/bin/autotest2 "-r" "/home/users/ntu/c230179/Desktop/dftbplus-25.1/test/app/dftb+" "-w" "/home/users/ntu/c230179/Desktop/dftb_builds/dftb_gcc_Release/test/app/dftb+" "-d" "/home/users/ntu/c230179/Desktop/dftbplus-25.1/test/app/dftb+/bin/tagdiff" "-P" "env OMP_NUM_THREADS=1" "-p" "/home/users/ntu/c230179/Desktop/dftb_builds/dftb_gcc_Release/app/dftb+/dftb+" "-G" "/home/users/ntu/c230179/Desktop/dftbplus-25.1/test/app/dftb+/bin/globalpostrun.sh" "-s" "P,R,C,S" "dftb+u/GaAs_2"
348: Environment variables: 
348:  DFTBPLUS_PARAM_DIR=/home/users/ntu/c230179/Desktop/dftbplus-25.1/external
348: Test timeout computed to be: 10000000
348: dftb+u/GaAs_2:	Test script returned non-zero exit code: 1
348:  deleting file 'autotest.tag'
348:  TODO.
348: 
348: ==============================================================================
348: TEST SUMMARY
348: ------------------------------------------------------------------------------
348: Match:
348:     None
348: 
348: Not run:
348:     dftb+u/GaAs_2
348: ------------------------------------------------------------------------------
348: Status: FAIL
348/406 Test #348: app/dftb+/dftb+u/GaAs_2 ..........................................***Failed    0.04 sec
dftb+u/GaAs_2:	Test script returned non-zero exit code: 1
 deleting file 'autotest.tag'
 TODO.

==============================================================================
TEST SUMMARY
------------------------------------------------------------------------------
Match:
    None

Not run:
    dftb+u/GaAs_2
------------------------------------------------------------------------------
Status: FAIL

test 349
        Start 349: app/dftb+/geoopt/diamond_presure

349: Test command: /home/users/ntu/c230179/Desktop/dftbplus-25.1/test/app/dftb+/bin/autotest2 "-r" "/home/users/ntu/c230179/Desktop/dftbplus-25.1/test/app/dftb+" "-w" "/home/users/ntu/c230179/Desktop/dftb_builds/dftb_gcc_Release/test/app/dftb+" "-d" "/home/users/ntu/c230179/Desktop/dftbplus-25.1/test/app/dftb+/bin/tagdiff" "-P" "env OMP_NUM_THREADS=1" "-p" "/home/users/ntu/c230179/Desktop/dftb_builds/dftb_gcc_Release/app/dftb+/dftb+" "-G" "/home/users/ntu/c230179/Desktop/dftbplus-25.1/test/app/dftb+/bin/globalpostrun.sh" "-s" "P,R,C,S" "geoopt/diamond_presure"
349: Environment variables: 
349:  DFTBPLUS_PARAM_DIR=/home/users/ntu/c230179/Desktop/dftbplus-25.1/external
349: Test timeout computed to be: 10000000
349: geoopt/diamond_presure:	Test script returned non-zero exit code: 1
349:  deleting file 'autotest.tag'
349:  TODO.
349: 
349: ==============================================================================
349: TEST SUMMARY
349: ------------------------------------------------------------------------------
349: Match:
349:     None
349: 
349: Not run:
349:     geoopt/diamond_presure
349: ------------------------------------------------------------------------------
349: Status: FAIL
349/406 Test #349: app/dftb+/geoopt/diamond_presure .................................***Failed    0.04 sec
geoopt/diamond_presure:	Test script returned non-zero exit code: 1
 deleting file 'autotest.tag'
 TODO.

==============================================================================
TEST SUMMARY
------------------------------------------------------------------------------
Match:
    None

Not run:
    geoopt/diamond_presure
------------------------------------------------------------------------------
Status: FAIL

test 350
        Start 350: app/dftb+/scc/C60_Fermi

350: Test command: /home/users/ntu/c230179/Desktop/dftbplus-25.1/test/app/dftb+/bin/autotest2 "-r" "/home/users/ntu/c230179/Desktop/dftbplus-25.1/test/app/dftb+" "-w" "/home/users/ntu/c230179/Desktop/dftb_builds/dftb_gcc_Release/test/app/dftb+" "-d" "/home/users/ntu/c230179/Desktop/dftbplus-25.1/test/app/dftb+/bin/tagdiff" "-P" "env OMP_NUM_THREADS=1" "-p" "/home/users/ntu/c230179/Desktop/dftb_builds/dftb_gcc_Release/app/dftb+/dftb+" "-G" "/home/users/ntu/c230179/Desktop/dftbplus-25.1/test/app/dftb+/bin/globalpostrun.sh" "-s" "P,R,C,S" "scc/C60_Fermi"
350: Environment variables: 
350:  DFTBPLUS_PARAM_DIR=/home/users/ntu/c230179/Desktop/dftbplus-25.1/external
350: Test timeout computed to be: 10000000
350: scc/C60_Fermi:	Test script returned non-zero exit code: 1
350:  deleting file 'autotest.tag'
350:  TODO.
350: 
350: ==============================================================================
350: TEST SUMMARY
350: ------------------------------------------------------------------------------
350: Match:
350:     None
350: 
350: Not run:
350:     scc/C60_Fermi
350: ------------------------------------------------------------------------------
350: Status: FAIL
350/406 Test #350: app/dftb+/scc/C60_Fermi ..........................................***Failed    0.04 sec
scc/C60_Fermi:	Test script returned non-zero exit code: 1
 deleting file 'autotest.tag'
 TODO.

==============================================================================
TEST SUMMARY
------------------------------------------------------------------------------
Match:
    None

Not run:
    scc/C60_Fermi
------------------------------------------------------------------------------
Status: FAIL

test 351
        Start 351: app/dftb+/scc/10-0Ctube-extfield

351: Test command: /home/users/ntu/c230179/Desktop/dftbplus-25.1/test/app/dftb+/bin/autotest2 "-r" "/home/users/ntu/c230179/Desktop/dftbplus-25.1/test/app/dftb+" "-w" "/home/users/ntu/c230179/Desktop/dftb_builds/dftb_gcc_Release/test/app/dftb+" "-d" "/home/users/ntu/c230179/Desktop/dftbplus-25.1/test/app/dftb+/bin/tagdiff" "-P" "env OMP_NUM_THREADS=1" "-p" "/home/users/ntu/c230179/Desktop/dftb_builds/dftb_gcc_Release/app/dftb+/dftb+" "-G" "/home/users/ntu/c230179/Desktop/dftbplus-25.1/test/app/dftb+/bin/globalpostrun.sh" "-s" "P,R,C,S" "scc/10-0Ctube-extfield"
351: Environment variables: 
351:  DFTBPLUS_PARAM_DIR=/home/users/ntu/c230179/Desktop/dftbplus-25.1/external
351: Test timeout computed to be: 10000000
351: scc/10-0Ctube-extfield:	Test script returned non-zero exit code: 1
351:  deleting file 'autotest.tag'
351:  TODO.
351: 
351: ==============================================================================
351: TEST SUMMARY
351: ------------------------------------------------------------------------------
351: Match:
351:     None
351: 
351: Not run:
351:     scc/10-0Ctube-extfield
351: ------------------------------------------------------------------------------
351: Status: FAIL
351/406 Test #351: app/dftb+/scc/10-0Ctube-extfield .................................***Failed    0.04 sec
scc/10-0Ctube-extfield:	Test script returned non-zero exit code: 1
 deleting file 'autotest.tag'
 TODO.

==============================================================================
TEST SUMMARY
------------------------------------------------------------------------------
Match:
    None

Not run:
    scc/10-0Ctube-extfield
------------------------------------------------------------------------------
Status: FAIL

test 352
        Start 352: app/dftb+/scc/SiC_64

352: Test command: /home/users/ntu/c230179/Desktop/dftbplus-25.1/test/app/dftb+/bin/autotest2 "-r" "/home/users/ntu/c230179/Desktop/dftbplus-25.1/test/app/dftb+" "-w" "/home/users/ntu/c230179/Desktop/dftb_builds/dftb_gcc_Release/test/app/dftb+" "-d" "/home/users/ntu/c230179/Desktop/dftbplus-25.1/test/app/dftb+/bin/tagdiff" "-P" "env OMP_NUM_THREADS=1" "-p" "/home/users/ntu/c230179/Desktop/dftb_builds/dftb_gcc_Release/app/dftb+/dftb+" "-G" "/home/users/ntu/c230179/Desktop/dftbplus-25.1/test/app/dftb+/bin/globalpostrun.sh" "-s" "P,R,C,S" "scc/SiC_64"
352: Environment variables: 
352:  DFTBPLUS_PARAM_DIR=/home/users/ntu/c230179/Desktop/dftbplus-25.1/external
352: Test timeout computed to be: 10000000
352: scc/SiC_64:	Test script returned non-zero exit code: 1
352:  deleting file 'autotest.tag'
352:  TODO.
352: 
352: ==============================================================================
352: TEST SUMMARY
352: ------------------------------------------------------------------------------
352: Match:
352:     None
352: 
352: Not run:
352:     scc/SiC_64
352: ------------------------------------------------------------------------------
352: Status: FAIL
352/406 Test #352: app/dftb+/scc/SiC_64 .............................................***Failed    0.04 sec
scc/SiC_64:	Test script returned non-zero exit code: 1
 deleting file 'autotest.tag'
 TODO.

==============================================================================
TEST SUMMARY
------------------------------------------------------------------------------
Match:
    None

Not run:
    scc/SiC_64
------------------------------------------------------------------------------
Status: FAIL

test 353
        Start 353: app/dftb+/scc/SiC_32-extchrg-blur

353: Test command: /home/users/ntu/c230179/Desktop/dftbplus-25.1/test/app/dftb+/bin/autotest2 "-r" "/home/users/ntu/c230179/Desktop/dftbplus-25.1/test/app/dftb+" "-w" "/home/users/ntu/c230179/Desktop/dftb_builds/dftb_gcc_Release/test/app/dftb+" "-d" "/home/users/ntu/c230179/Desktop/dftbplus-25.1/test/app/dftb+/bin/tagdiff" "-P" "env OMP_NUM_THREADS=1" "-p" "/home/users/ntu/c230179/Desktop/dftb_builds/dftb_gcc_Release/app/dftb+/dftb+" "-G" "/home/users/ntu/c230179/Desktop/dftbplus-25.1/test/app/dftb+/bin/globalpostrun.sh" "-s" "P,R,C,S" "scc/SiC_32-extchrg-blur"
353: Environment variables: 
353:  DFTBPLUS_PARAM_DIR=/home/users/ntu/c230179/Desktop/dftbplus-25.1/external
353: Test timeout computed to be: 10000000
353: scc/SiC_32-extchrg-blur:	Test script returned non-zero exit code: 1
353:  deleting file 'autotest.tag'
353:  TODO.
353: 
353: ==============================================================================
353: TEST SUMMARY
353: ------------------------------------------------------------------------------
353: Match:
353:     None
353: 
353: Not run:
353:     scc/SiC_32-extchrg-blur
353: ------------------------------------------------------------------------------
353: Status: FAIL
353/406 Test #353: app/dftb+/scc/SiC_32-extchrg-blur ................................***Failed    0.04 sec
scc/SiC_32-extchrg-blur:	Test script returned non-zero exit code: 1
 deleting file 'autotest.tag'
 TODO.

==============================================================================
TEST SUMMARY
------------------------------------------------------------------------------
Match:
    None

Not run:
    scc/SiC_32-extchrg-blur
------------------------------------------------------------------------------
Status: FAIL

test 354
        Start 354: app/dftb+/md/H3

354: Test command: /home/users/ntu/c230179/Desktop/dftbplus-25.1/test/app/dftb+/bin/autotest2 "-r" "/home/users/ntu/c230179/Desktop/dftbplus-25.1/test/app/dftb+" "-w" "/home/users/ntu/c230179/Desktop/dftb_builds/dftb_gcc_Release/test/app/dftb+" "-d" "/home/users/ntu/c230179/Desktop/dftbplus-25.1/test/app/dftb+/bin/tagdiff" "-P" "env OMP_NUM_THREADS=1" "-p" "/home/users/ntu/c230179/Desktop/dftb_builds/dftb_gcc_Release/app/dftb+/dftb+" "-G" "/home/users/ntu/c230179/Desktop/dftbplus-25.1/test/app/dftb+/bin/globalpostrun.sh" "-s" "P,R,C,S" "md/H3"
354: Environment variables: 
354:  DFTBPLUS_PARAM_DIR=/home/users/ntu/c230179/Desktop/dftbplus-25.1/external
354: Test timeout computed to be: 10000000
354: cp: cannot stat 'md/H3/H-H.skf': No such file or directory
354: md/H3:	Test script returned non-zero exit code: 1
354:  deleting file 'autotest.tag'
354:  TODO.
354: 
354: ==============================================================================
354: TEST SUMMARY
354: ------------------------------------------------------------------------------
354: Match:
354:     None
354: 
354: Not run:
354:     md/H3
354: ------------------------------------------------------------------------------
354: Status: FAIL
354/406 Test #354: app/dftb+/md/H3 ..................................................***Failed    0.04 sec
cp: cannot stat 'md/H3/H-H.skf': No such file or directory
md/H3:	Test script returned non-zero exit code: 1
 deleting file 'autotest.tag'
 TODO.

==============================================================================
TEST SUMMARY
------------------------------------------------------------------------------
Match:
    None

Not run:
    md/H3
------------------------------------------------------------------------------
Status: FAIL

test 355
        Start 355: app/dftb+/spinorbit/GaAs_2

355: Test command: /home/users/ntu/c230179/Desktop/dftbplus-25.1/test/app/dftb+/bin/autotest2 "-r" "/home/users/ntu/c230179/Desktop/dftbplus-25.1/test/app/dftb+" "-w" "/home/users/ntu/c230179/Desktop/dftb_builds/dftb_gcc_Release/test/app/dftb+" "-d" "/home/users/ntu/c230179/Desktop/dftbplus-25.1/test/app/dftb+/bin/tagdiff" "-P" "env OMP_NUM_THREADS=1" "-p" "/home/users/ntu/c230179/Desktop/dftb_builds/dftb_gcc_Release/app/dftb+/dftb+" "-G" "/home/users/ntu/c230179/Desktop/dftbplus-25.1/test/app/dftb+/bin/globalpostrun.sh" "-s" "P,R,C,S" "spinorbit/GaAs_2"
355: Environment variables: 
355:  DFTBPLUS_PARAM_DIR=/home/users/ntu/c230179/Desktop/dftbplus-25.1/external
355: Test timeout computed to be: 10000000
355: spinorbit/GaAs_2:	Test script returned non-zero exit code: 1
355:  deleting file 'autotest.tag'
355:  TODO.
355: 
355: ==============================================================================
355: TEST SUMMARY
355: ------------------------------------------------------------------------------
355: Match:
355:     None
355: 
355: Not run:
355:     spinorbit/GaAs_2
355: ------------------------------------------------------------------------------
355: Status: FAIL
355/406 Test #355: app/dftb+/spinorbit/GaAs_2 .......................................***Failed    0.04 sec
spinorbit/GaAs_2:	Test script returned non-zero exit code: 1
 deleting file 'autotest.tag'
 TODO.

==============================================================================
TEST SUMMARY
------------------------------------------------------------------------------
Match:
    None

Not run:
    spinorbit/GaAs_2
------------------------------------------------------------------------------
Status: FAIL

test 356
        Start 356: app/dftb+/geoopt/Si_2_latconst

356: Test command: /home/users/ntu/c230179/Desktop/dftbplus-25.1/test/app/dftb+/bin/autotest2 "-r" "/home/users/ntu/c230179/Desktop/dftbplus-25.1/test/app/dftb+" "-w" "/home/users/ntu/c230179/Desktop/dftb_builds/dftb_gcc_Release/test/app/dftb+" "-d" "/home/users/ntu/c230179/Desktop/dftbplus-25.1/test/app/dftb+/bin/tagdiff" "-P" "env OMP_NUM_THREADS=1" "-p" "/home/users/ntu/c230179/Desktop/dftb_builds/dftb_gcc_Release/app/dftb+/dftb+" "-G" "/home/users/ntu/c230179/Desktop/dftbplus-25.1/test/app/dftb+/bin/globalpostrun.sh" "-s" "P,R,C,S" "geoopt/Si_2_latconst"
356: Environment variables: 
356:  DFTBPLUS_PARAM_DIR=/home/users/ntu/c230179/Desktop/dftbplus-25.1/external
356: Test timeout computed to be: 10000000
356: cp: cannot stat 'geoopt/Si_2_latconst/Si-Si.skf': No such file or directory
356: geoopt/Si_2_latconst:	Test script returned non-zero exit code: 1
356:  deleting file 'autotest.tag'
356:  TODO.
356: 
356: ==============================================================================
356: TEST SUMMARY
356: ------------------------------------------------------------------------------
356: Match:
356:     None
356: 
356: Not run:
356:     geoopt/Si_2_latconst
356: ------------------------------------------------------------------------------
356: Status: FAIL
356/406 Test #356: app/dftb+/geoopt/Si_2_latconst ...................................***Failed    0.04 sec
cp: cannot stat 'geoopt/Si_2_latconst/Si-Si.skf': No such file or directory
geoopt/Si_2_latconst:	Test script returned non-zero exit code: 1
 deleting file 'autotest.tag'
 TODO.

==============================================================================
TEST SUMMARY
------------------------------------------------------------------------------
Match:
    None

Not run:
    geoopt/Si_2_latconst
------------------------------------------------------------------------------
Status: FAIL

test 357
        Start 357: app/dftb+/md/SiH-surface

357: Test command: /home/users/ntu/c230179/Desktop/dftbplus-25.1/test/app/dftb+/bin/autotest2 "-r" "/home/users/ntu/c230179/Desktop/dftbplus-25.1/test/app/dftb+" "-w" "/home/users/ntu/c230179/Desktop/dftb_builds/dftb_gcc_Release/test/app/dftb+" "-d" "/home/users/ntu/c230179/Desktop/dftbplus-25.1/test/app/dftb+/bin/tagdiff" "-P" "env OMP_NUM_THREADS=1" "-p" "/home/users/ntu/c230179/Desktop/dftb_builds/dftb_gcc_Release/app/dftb+/dftb+" "-G" "/home/users/ntu/c230179/Desktop/dftbplus-25.1/test/app/dftb+/bin/globalpostrun.sh" "-s" "P,R,C,S" "md/SiH-surface"
357: Environment variables: 
357:  DFTBPLUS_PARAM_DIR=/home/users/ntu/c230179/Desktop/dftbplus-25.1/external
357: Test timeout computed to be: 10000000
357: md/SiH-surface:	Test script returned non-zero exit code: 1
357:  deleting file 'autotest.tag'
357:  TODO.
357: 
357: ==============================================================================
357: TEST SUMMARY
357: ------------------------------------------------------------------------------
357: Match:
357:     None
357: 
357: Not run:
357:     md/SiH-surface
357: ------------------------------------------------------------------------------
357: Status: FAIL
357/406 Test #357: app/dftb+/md/SiH-surface .........................................***Failed    0.04 sec
md/SiH-surface:	Test script returned non-zero exit code: 1
 deleting file 'autotest.tag'
 TODO.

==============================================================================
TEST SUMMARY
------------------------------------------------------------------------------
Match:
    None

Not run:
    md/SiH-surface
------------------------------------------------------------------------------
Status: FAIL

test 358
        Start 358: app/dftb+/geoopt/Si_2_lattice_lbfgs

358: Test command: /home/users/ntu/c230179/Desktop/dftbplus-25.1/test/app/dftb+/bin/autotest2 "-r" "/home/users/ntu/c230179/Desktop/dftbplus-25.1/test/app/dftb+" "-w" "/home/users/ntu/c230179/Desktop/dftb_builds/dftb_gcc_Release/test/app/dftb+" "-d" "/home/users/ntu/c230179/Desktop/dftbplus-25.1/test/app/dftb+/bin/tagdiff" "-P" "env OMP_NUM_THREADS=1" "-p" "/home/users/ntu/c230179/Desktop/dftb_builds/dftb_gcc_Release/app/dftb+/dftb+" "-G" "/home/users/ntu/c230179/Desktop/dftbplus-25.1/test/app/dftb+/bin/globalpostrun.sh" "-s" "P,R,C,S" "geoopt/Si_2_lattice_lbfgs"
358: Environment variables: 
358:  DFTBPLUS_PARAM_DIR=/home/users/ntu/c230179/Desktop/dftbplus-25.1/external
358: Test timeout computed to be: 10000000
358: cp: cannot stat 'geoopt/Si_2_lattice_lbfgs/Si-Si.skf': No such file or directory
358: geoopt/Si_2_lattice_lbfgs:	Test script returned non-zero exit code: 1
358:  deleting file 'autotest.tag'
358:  TODO.
358: 
358: ==============================================================================
358: TEST SUMMARY
358: ------------------------------------------------------------------------------
358: Match:
358:     None
358: 
358: Not run:
358:     geoopt/Si_2_lattice_lbfgs
358: ------------------------------------------------------------------------------
358: Status: FAIL
358/406 Test #358: app/dftb+/geoopt/Si_2_lattice_lbfgs ..............................***Failed    0.04 sec
cp: cannot stat 'geoopt/Si_2_lattice_lbfgs/Si-Si.skf': No such file or directory
geoopt/Si_2_lattice_lbfgs:	Test script returned non-zero exit code: 1
 deleting file 'autotest.tag'
 TODO.

==============================================================================
TEST SUMMARY
------------------------------------------------------------------------------
Match:
    None

Not run:
    geoopt/Si_2_lattice_lbfgs
------------------------------------------------------------------------------
Status: FAIL

test 359
        Start 359: app/dftb+/geoopt/Si_2_lattice

359: Test command: /home/users/ntu/c230179/Desktop/dftbplus-25.1/test/app/dftb+/bin/autotest2 "-r" "/home/users/ntu/c230179/Desktop/dftbplus-25.1/test/app/dftb+" "-w" "/home/users/ntu/c230179/Desktop/dftb_builds/dftb_gcc_Release/test/app/dftb+" "-d" "/home/users/ntu/c230179/Desktop/dftbplus-25.1/test/app/dftb+/bin/tagdiff" "-P" "env OMP_NUM_THREADS=1" "-p" "/home/users/ntu/c230179/Desktop/dftb_builds/dftb_gcc_Release/app/dftb+/dftb+" "-G" "/home/users/ntu/c230179/Desktop/dftbplus-25.1/test/app/dftb+/bin/globalpostrun.sh" "-s" "P,R,C,S" "geoopt/Si_2_lattice"
359: Environment variables: 
359:  DFTBPLUS_PARAM_DIR=/home/users/ntu/c230179/Desktop/dftbplus-25.1/external
359: Test timeout computed to be: 10000000
359: cp: cannot stat 'geoopt/Si_2_lattice/Si-Si.skf': No such file or directory
359: geoopt/Si_2_lattice:	Test script returned non-zero exit code: 1
359:  deleting file 'autotest.tag'
359:  TODO.
359: 
359: ==============================================================================
359: TEST SUMMARY
359: ------------------------------------------------------------------------------
359: Match:
359:     None
359: 
359: Not run:
359:     geoopt/Si_2_lattice
359: ------------------------------------------------------------------------------
359: Status: FAIL
359/406 Test #359: app/dftb+/geoopt/Si_2_lattice ....................................***Failed    0.04 sec
cp: cannot stat 'geoopt/Si_2_lattice/Si-Si.skf': No such file or directory
geoopt/Si_2_lattice:	Test script returned non-zero exit code: 1
 deleting file 'autotest.tag'
 TODO.

==============================================================================
TEST SUMMARY
------------------------------------------------------------------------------
Match:
    None

Not run:
    geoopt/Si_2_lattice
------------------------------------------------------------------------------
Status: FAIL

test 360
        Start 360: app/dftb+/geoopt/Si_2_lattice_rf

360: Test command: /home/users/ntu/c230179/Desktop/dftbplus-25.1/test/app/dftb+/bin/autotest2 "-r" "/home/users/ntu/c230179/Desktop/dftbplus-25.1/test/app/dftb+" "-w" "/home/users/ntu/c230179/Desktop/dftb_builds/dftb_gcc_Release/test/app/dftb+" "-d" "/home/users/ntu/c230179/Desktop/dftbplus-25.1/test/app/dftb+/bin/tagdiff" "-P" "env OMP_NUM_THREADS=1" "-p" "/home/users/ntu/c230179/Desktop/dftb_builds/dftb_gcc_Release/app/dftb+/dftb+" "-G" "/home/users/ntu/c230179/Desktop/dftbplus-25.1/test/app/dftb+/bin/globalpostrun.sh" "-s" "P,R,C,S" "geoopt/Si_2_lattice_rf"
360: Environment variables: 
360:  DFTBPLUS_PARAM_DIR=/home/users/ntu/c230179/Desktop/dftbplus-25.1/external
360: Test timeout computed to be: 10000000
360: geoopt/Si_2_lattice_rf:	Test script returned non-zero exit code: 1
360:  deleting file 'autotest.tag'
360:  TODO.
360: 
360: ==============================================================================
360: TEST SUMMARY
360: ------------------------------------------------------------------------------
360: Match:
360:     None
360: 
360: Not run:
360:     geoopt/Si_2_lattice_rf
360: ------------------------------------------------------------------------------
360: Status: FAIL
360/406 Test #360: app/dftb+/geoopt/Si_2_lattice_rf .................................***Failed    0.04 sec
geoopt/Si_2_lattice_rf:	Test script returned non-zero exit code: 1
 deleting file 'autotest.tag'
 TODO.

==============================================================================
TEST SUMMARY
------------------------------------------------------------------------------
Match:
    None

Not run:
    geoopt/Si_2_lattice_rf
------------------------------------------------------------------------------
Status: FAIL

test 361
        Start 361: app/dftb+/md/Si_8_NHC

361: Test command: /home/users/ntu/c230179/Desktop/dftbplus-25.1/test/app/dftb+/bin/autotest2 "-r" "/home/users/ntu/c230179/Desktop/dftbplus-25.1/test/app/dftb+" "-w" "/home/users/ntu/c230179/Desktop/dftb_builds/dftb_gcc_Release/test/app/dftb+" "-d" "/home/users/ntu/c230179/Desktop/dftbplus-25.1/test/app/dftb+/bin/tagdiff" "-P" "env OMP_NUM_THREADS=1" "-p" "/home/users/ntu/c230179/Desktop/dftb_builds/dftb_gcc_Release/app/dftb+/dftb+" "-G" "/home/users/ntu/c230179/Desktop/dftbplus-25.1/test/app/dftb+/bin/globalpostrun.sh" "-s" "P,R,C,S" "md/Si_8_NHC"
361: Environment variables: 
361:  DFTBPLUS_PARAM_DIR=/home/users/ntu/c230179/Desktop/dftbplus-25.1/external
361: Test timeout computed to be: 10000000
361: cp: cannot stat 'md/Si_8_NHC/Si-Si.skf': No such file or directory
361: md/Si_8_NHC:	Test script returned non-zero exit code: 1
361:  deleting file 'autotest.tag'
361:  TODO.
361: 
361: ==============================================================================
361: TEST SUMMARY
361: ------------------------------------------------------------------------------
361: Match:
361:     None
361: 
361: Not run:
361:     md/Si_8_NHC
361: ------------------------------------------------------------------------------
361: Status: FAIL
361/406 Test #361: app/dftb+/md/Si_8_NHC ............................................***Failed    0.04 sec
cp: cannot stat 'md/Si_8_NHC/Si-Si.skf': No such file or directory
md/Si_8_NHC:	Test script returned non-zero exit code: 1
 deleting file 'autotest.tag'
 TODO.

==============================================================================
TEST SUMMARY
------------------------------------------------------------------------------
Match:
    None

Not run:
    md/Si_8_NHC
------------------------------------------------------------------------------
Status: FAIL

test 362
        Start 362: app/dftb+/spin/Fe4_Fermi

362: Test command: /home/users/ntu/c230179/Desktop/dftbplus-25.1/test/app/dftb+/bin/autotest2 "-r" "/home/users/ntu/c230179/Desktop/dftbplus-25.1/test/app/dftb+" "-w" "/home/users/ntu/c230179/Desktop/dftb_builds/dftb_gcc_Release/test/app/dftb+" "-d" "/home/users/ntu/c230179/Desktop/dftbplus-25.1/test/app/dftb+/bin/tagdiff" "-P" "env OMP_NUM_THREADS=1" "-p" "/home/users/ntu/c230179/Desktop/dftb_builds/dftb_gcc_Release/app/dftb+/dftb+" "-G" "/home/users/ntu/c230179/Desktop/dftbplus-25.1/test/app/dftb+/bin/globalpostrun.sh" "-s" "P,R,C,S" "spin/Fe4_Fermi"
362: Environment variables: 
362:  DFTBPLUS_PARAM_DIR=/home/users/ntu/c230179/Desktop/dftbplus-25.1/external
362: Test timeout computed to be: 10000000
362: cp: cannot stat 'spin/Fe4_Fermi/Fe-Fe.skf': No such file or directory
362: spin/Fe4_Fermi:	Test script returned non-zero exit code: 1
362:  deleting file 'autotest.tag'
362:  TODO.
362: 
362: ==============================================================================
362: TEST SUMMARY
362: ------------------------------------------------------------------------------
362: Match:
362:     None
362: 
362: Not run:
362:     spin/Fe4_Fermi
362: ------------------------------------------------------------------------------
362: Status: FAIL
362/406 Test #362: app/dftb+/spin/Fe4_Fermi .........................................***Failed    0.04 sec
cp: cannot stat 'spin/Fe4_Fermi/Fe-Fe.skf': No such file or directory
spin/Fe4_Fermi:	Test script returned non-zero exit code: 1
 deleting file 'autotest.tag'
 TODO.

==============================================================================
TEST SUMMARY
------------------------------------------------------------------------------
Match:
    None

Not run:
    spin/Fe4_Fermi
------------------------------------------------------------------------------
Status: FAIL

test 363
        Start 363: app/dftb+/non-scc/Si41C23N35

363: Test command: /home/users/ntu/c230179/Desktop/dftbplus-25.1/test/app/dftb+/bin/autotest2 "-r" "/home/users/ntu/c230179/Desktop/dftbplus-25.1/test/app/dftb+" "-w" "/home/users/ntu/c230179/Desktop/dftb_builds/dftb_gcc_Release/test/app/dftb+" "-d" "/home/users/ntu/c230179/Desktop/dftbplus-25.1/test/app/dftb+/bin/tagdiff" "-P" "env OMP_NUM_THREADS=1" "-p" "/home/users/ntu/c230179/Desktop/dftb_builds/dftb_gcc_Release/app/dftb+/dftb+" "-G" "/home/users/ntu/c230179/Desktop/dftbplus-25.1/test/app/dftb+/bin/globalpostrun.sh" "-s" "P,R,C,S" "non-scc/Si41C23N35"
363: Environment variables: 
363:  DFTBPLUS_PARAM_DIR=/home/users/ntu/c230179/Desktop/dftbplus-25.1/external
363: Test timeout computed to be: 10000000
363: non-scc/Si41C23N35:	Test script returned non-zero exit code: 1
363:  deleting file 'autotest.tag'
363:  TODO.
363: 
363: ==============================================================================
363: TEST SUMMARY
363: ------------------------------------------------------------------------------
363: Match:
363:     None
363: 
363: Not run:
363:     non-scc/Si41C23N35
363: ------------------------------------------------------------------------------
363: Status: FAIL
363/406 Test #363: app/dftb+/non-scc/Si41C23N35 .....................................***Failed    0.04 sec
non-scc/Si41C23N35:	Test script returned non-zero exit code: 1
 deleting file 'autotest.tag'
 TODO.

==============================================================================
TEST SUMMARY
------------------------------------------------------------------------------
Match:
    None

Not run:
    non-scc/Si41C23N35
------------------------------------------------------------------------------
Status: FAIL

test 364
        Start 364: app/dftb+/geoopt/diamond_isotropic

364: Test command: /home/users/ntu/c230179/Desktop/dftbplus-25.1/test/app/dftb+/bin/autotest2 "-r" "/home/users/ntu/c230179/Desktop/dftbplus-25.1/test/app/dftb+" "-w" "/home/users/ntu/c230179/Desktop/dftb_builds/dftb_gcc_Release/test/app/dftb+" "-d" "/home/users/ntu/c230179/Desktop/dftbplus-25.1/test/app/dftb+/bin/tagdiff" "-P" "env OMP_NUM_THREADS=1" "-p" "/home/users/ntu/c230179/Desktop/dftb_builds/dftb_gcc_Release/app/dftb+/dftb+" "-G" "/home/users/ntu/c230179/Desktop/dftbplus-25.1/test/app/dftb+/bin/globalpostrun.sh" "-s" "P,R,C,S" "geoopt/diamond_isotropic"
364: Environment variables: 
364:  DFTBPLUS_PARAM_DIR=/home/users/ntu/c230179/Desktop/dftbplus-25.1/external
364: Test timeout computed to be: 10000000
364: geoopt/diamond_isotropic:	Test script returned non-zero exit code: 1
364:  deleting file 'autotest.tag'
364:  TODO.
364: 
364: ==============================================================================
364: TEST SUMMARY
364: ------------------------------------------------------------------------------
364: Match:
364:     None
364: 
364: Not run:
364:     geoopt/diamond_isotropic
364: ------------------------------------------------------------------------------
364: Status: FAIL
364/406 Test #364: app/dftb+/geoopt/diamond_isotropic ...............................***Failed    0.04 sec
geoopt/diamond_isotropic:	Test script returned non-zero exit code: 1
 deleting file 'autotest.tag'
 TODO.

==============================================================================
TEST SUMMARY
------------------------------------------------------------------------------
Match:
    None

Not run:
    geoopt/diamond_isotropic
------------------------------------------------------------------------------
Status: FAIL

test 365
        Start 365: app/dftb+/spinorbit/EuN

365: Test command: /home/users/ntu/c230179/Desktop/dftbplus-25.1/test/app/dftb+/bin/autotest2 "-r" "/home/users/ntu/c230179/Desktop/dftbplus-25.1/test/app/dftb+" "-w" "/home/users/ntu/c230179/Desktop/dftb_builds/dftb_gcc_Release/test/app/dftb+" "-d" "/home/users/ntu/c230179/Desktop/dftbplus-25.1/test/app/dftb+/bin/tagdiff" "-P" "env OMP_NUM_THREADS=1" "-p" "/home/users/ntu/c230179/Desktop/dftb_builds/dftb_gcc_Release/app/dftb+/dftb+" "-G" "/home/users/ntu/c230179/Desktop/dftbplus-25.1/test/app/dftb+/bin/globalpostrun.sh" "-s" "P,R,C,S" "spinorbit/EuN"
365: Environment variables: 
365:  DFTBPLUS_PARAM_DIR=/home/users/ntu/c230179/Desktop/dftbplus-25.1/external
365: Test timeout computed to be: 10000000
365: spinorbit/EuN:	Test script returned non-zero exit code: 1
365:  deleting file 'autotest.tag'
365:  TODO.
365: 
365: ==============================================================================
365: TEST SUMMARY
365: ------------------------------------------------------------------------------
365: Match:
365:     None
365: 
365: Not run:
365:     spinorbit/EuN
365: ------------------------------------------------------------------------------
365: Status: FAIL
365/406 Test #365: app/dftb+/spinorbit/EuN ..........................................***Failed    0.04 sec
spinorbit/EuN:	Test script returned non-zero exit code: 1
 deleting file 'autotest.tag'
 TODO.

==============================================================================
TEST SUMMARY
------------------------------------------------------------------------------
Match:
    None

Not run:
    spinorbit/EuN
------------------------------------------------------------------------------
Status: FAIL

test 366
        Start 366: app/dftb+/geoopt/Si_6

366: Test command: /home/users/ntu/c230179/Desktop/dftbplus-25.1/test/app/dftb+/bin/autotest2 "-r" "/home/users/ntu/c230179/Desktop/dftbplus-25.1/test/app/dftb+" "-w" "/home/users/ntu/c230179/Desktop/dftb_builds/dftb_gcc_Release/test/app/dftb+" "-d" "/home/users/ntu/c230179/Desktop/dftbplus-25.1/test/app/dftb+/bin/tagdiff" "-P" "env OMP_NUM_THREADS=1" "-p" "/home/users/ntu/c230179/Desktop/dftb_builds/dftb_gcc_Release/app/dftb+/dftb+" "-G" "/home/users/ntu/c230179/Desktop/dftbplus-25.1/test/app/dftb+/bin/globalpostrun.sh" "-s" "P,R,C,S" "geoopt/Si_6"
366: Environment variables: 
366:  DFTBPLUS_PARAM_DIR=/home/users/ntu/c230179/Desktop/dftbplus-25.1/external
366: Test timeout computed to be: 10000000
366: cp: cannot stat 'geoopt/Si_6/Si-Si.skf': No such file or directory
366: geoopt/Si_6:	Test script returned non-zero exit code: 1
366:  deleting file 'autotest.tag'
366:  TODO.
366: 
366: ==============================================================================
366: TEST SUMMARY
366: ------------------------------------------------------------------------------
366: Match:
366:     None
366: 
366: Not run:
366:     geoopt/Si_6
366: ------------------------------------------------------------------------------
366: Status: FAIL
366/406 Test #366: app/dftb+/geoopt/Si_6 ............................................***Failed    0.04 sec
cp: cannot stat 'geoopt/Si_6/Si-Si.skf': No such file or directory
geoopt/Si_6:	Test script returned non-zero exit code: 1
 deleting file 'autotest.tag'
 TODO.

==============================================================================
TEST SUMMARY
------------------------------------------------------------------------------
Match:
    None

Not run:
    geoopt/Si_6
------------------------------------------------------------------------------
Status: FAIL

test 367
        Start 367: app/dftb+/geoopt/Si_6_rf

367: Test command: /home/users/ntu/c230179/Desktop/dftbplus-25.1/test/app/dftb+/bin/autotest2 "-r" "/home/users/ntu/c230179/Desktop/dftbplus-25.1/test/app/dftb+" "-w" "/home/users/ntu/c230179/Desktop/dftb_builds/dftb_gcc_Release/test/app/dftb+" "-d" "/home/users/ntu/c230179/Desktop/dftbplus-25.1/test/app/dftb+/bin/tagdiff" "-P" "env OMP_NUM_THREADS=1" "-p" "/home/users/ntu/c230179/Desktop/dftb_builds/dftb_gcc_Release/app/dftb+/dftb+" "-G" "/home/users/ntu/c230179/Desktop/dftbplus-25.1/test/app/dftb+/bin/globalpostrun.sh" "-s" "P,R,C,S" "geoopt/Si_6_rf"
367: Environment variables: 
367:  DFTBPLUS_PARAM_DIR=/home/users/ntu/c230179/Desktop/dftbplus-25.1/external
367: Test timeout computed to be: 10000000
367: geoopt/Si_6_rf:	Test script returned non-zero exit code: 1
367:  deleting file 'autotest.tag'
367:  TODO.
367: 
367: ==============================================================================
367: TEST SUMMARY
367: ------------------------------------------------------------------------------
367: Match:
367:     None
367: 
367: Not run:
367:     geoopt/Si_6_rf
367: ------------------------------------------------------------------------------
367: Status: FAIL
367/406 Test #367: app/dftb+/geoopt/Si_6_rf .........................................***Failed    0.04 sec
geoopt/Si_6_rf:	Test script returned non-zero exit code: 1
 deleting file 'autotest.tag'
 TODO.

==============================================================================
TEST SUMMARY
------------------------------------------------------------------------------
Match:
    None

Not run:
    geoopt/Si_6_rf
------------------------------------------------------------------------------
Status: FAIL

test 368
        Start 368: app/dftb+/md/ptcda-xlbomdfast

368: Test command: /home/users/ntu/c230179/Desktop/dftbplus-25.1/test/app/dftb+/bin/autotest2 "-r" "/home/users/ntu/c230179/Desktop/dftbplus-25.1/test/app/dftb+" "-w" "/home/users/ntu/c230179/Desktop/dftb_builds/dftb_gcc_Release/test/app/dftb+" "-d" "/home/users/ntu/c230179/Desktop/dftbplus-25.1/test/app/dftb+/bin/tagdiff" "-P" "env OMP_NUM_THREADS=1" "-p" "/home/users/ntu/c230179/Desktop/dftb_builds/dftb_gcc_Release/app/dftb+/dftb+" "-G" "/home/users/ntu/c230179/Desktop/dftbplus-25.1/test/app/dftb+/bin/globalpostrun.sh" "-s" "P,R,C,S" "md/ptcda-xlbomdfast"
368: Environment variables: 
368:  DFTBPLUS_PARAM_DIR=/home/users/ntu/c230179/Desktop/dftbplus-25.1/external
368: Test timeout computed to be: 10000000
368: md/ptcda-xlbomdfast:	Test script returned non-zero exit code: 1
368:  deleting file 'autotest.tag'
368:  TODO.
368: 
368: ==============================================================================
368: TEST SUMMARY
368: ------------------------------------------------------------------------------
368: Match:
368:     None
368: 
368: Not run:
368:     md/ptcda-xlbomdfast
368: ------------------------------------------------------------------------------
368: Status: FAIL
368/406 Test #368: app/dftb+/md/ptcda-xlbomdfast ....................................***Failed    0.04 sec
md/ptcda-xlbomdfast:	Test script returned non-zero exit code: 1
 deleting file 'autotest.tag'
 TODO.

==============================================================================
TEST SUMMARY
------------------------------------------------------------------------------
Match:
    None

Not run:
    md/ptcda-xlbomdfast
------------------------------------------------------------------------------
Status: FAIL

test 369
        Start 369: app/dftb+/spinorbit/EuN_customU

369: Test command: /home/users/ntu/c230179/Desktop/dftbplus-25.1/test/app/dftb+/bin/autotest2 "-r" "/home/users/ntu/c230179/Desktop/dftbplus-25.1/test/app/dftb+" "-w" "/home/users/ntu/c230179/Desktop/dftb_builds/dftb_gcc_Release/test/app/dftb+" "-d" "/home/users/ntu/c230179/Desktop/dftbplus-25.1/test/app/dftb+/bin/tagdiff" "-P" "env OMP_NUM_THREADS=1" "-p" "/home/users/ntu/c230179/Desktop/dftb_builds/dftb_gcc_Release/app/dftb+/dftb+" "-G" "/home/users/ntu/c230179/Desktop/dftbplus-25.1/test/app/dftb+/bin/globalpostrun.sh" "-s" "P,R,C,S" "spinorbit/EuN_customU"
369: Environment variables: 
369:  DFTBPLUS_PARAM_DIR=/home/users/ntu/c230179/Desktop/dftbplus-25.1/external
369: Test timeout computed to be: 10000000
369: spinorbit/EuN_customU:	Test script returned non-zero exit code: 1
369:  deleting file 'autotest.tag'
369:  TODO.
369: 
369: ==============================================================================
369: TEST SUMMARY
369: ------------------------------------------------------------------------------
369: Match:
369:     None
369: 
369: Not run:
369:     spinorbit/EuN_customU
369: ------------------------------------------------------------------------------
369: Status: FAIL
369/406 Test #369: app/dftb+/spinorbit/EuN_customU ..................................***Failed    0.04 sec
spinorbit/EuN_customU:	Test script returned non-zero exit code: 1
 deleting file 'autotest.tag'
 TODO.

==============================================================================
TEST SUMMARY
------------------------------------------------------------------------------
Match:
    None

Not run:
    spinorbit/EuN_customU
------------------------------------------------------------------------------
Status: FAIL

test 370
        Start 370: app/dftb+/dispersion/DNA

370: Test command: /home/users/ntu/c230179/Desktop/dftbplus-25.1/test/app/dftb+/bin/autotest2 "-r" "/home/users/ntu/c230179/Desktop/dftbplus-25.1/test/app/dftb+" "-w" "/home/users/ntu/c230179/Desktop/dftb_builds/dftb_gcc_Release/test/app/dftb+" "-d" "/home/users/ntu/c230179/Desktop/dftbplus-25.1/test/app/dftb+/bin/tagdiff" "-P" "env OMP_NUM_THREADS=1" "-p" "/home/users/ntu/c230179/Desktop/dftb_builds/dftb_gcc_Release/app/dftb+/dftb+" "-G" "/home/users/ntu/c230179/Desktop/dftbplus-25.1/test/app/dftb+/bin/globalpostrun.sh" "-s" "P,R,C,S" "dispersion/DNA"
370: Environment variables: 
370:  DFTBPLUS_PARAM_DIR=/home/users/ntu/c230179/Desktop/dftbplus-25.1/external
370: Test timeout computed to be: 10000000
370: dispersion/DNA:	Test script returned non-zero exit code: 1
370:  deleting file 'autotest.tag'
370:  TODO.
370: 
370: ==============================================================================
370: TEST SUMMARY
370: ------------------------------------------------------------------------------
370: Match:
370:     None
370: 
370: Not run:
370:     dispersion/DNA
370: ------------------------------------------------------------------------------
370: Status: FAIL
370/406 Test #370: app/dftb+/dispersion/DNA .........................................***Failed    0.04 sec
dispersion/DNA:	Test script returned non-zero exit code: 1
 deleting file 'autotest.tag'
 TODO.

==============================================================================
TEST SUMMARY
------------------------------------------------------------------------------
Match:
    None

Not run:
    dispersion/DNA
------------------------------------------------------------------------------
Status: FAIL

test 371
        Start 371: app/dftb+/spinorbit/Si2_dual

371: Test command: /home/users/ntu/c230179/Desktop/dftbplus-25.1/test/app/dftb+/bin/autotest2 "-r" "/home/users/ntu/c230179/Desktop/dftbplus-25.1/test/app/dftb+" "-w" "/home/users/ntu/c230179/Desktop/dftb_builds/dftb_gcc_Release/test/app/dftb+" "-d" "/home/users/ntu/c230179/Desktop/dftbplus-25.1/test/app/dftb+/bin/tagdiff" "-P" "env OMP_NUM_THREADS=1" "-p" "/home/users/ntu/c230179/Desktop/dftb_builds/dftb_gcc_Release/app/dftb+/dftb+" "-G" "/home/users/ntu/c230179/Desktop/dftbplus-25.1/test/app/dftb+/bin/globalpostrun.sh" "-s" "P,R,C,S" "spinorbit/Si2_dual"
371: Environment variables: 
371:  DFTBPLUS_PARAM_DIR=/home/users/ntu/c230179/Desktop/dftbplus-25.1/external
371: Test timeout computed to be: 10000000
371: cp: cannot stat 'spinorbit/Si2_dual/Si-Si.skf': No such file or directory
371: spinorbit/Si2_dual:	Test script returned non-zero exit code: 1
371:  deleting file 'autotest.tag'
371:  TODO.
371: 
371: ==============================================================================
371: TEST SUMMARY
371: ------------------------------------------------------------------------------
371: Match:
371:     None
371: 
371: Not run:
371:     spinorbit/Si2_dual
371: ------------------------------------------------------------------------------
371: Status: FAIL
371/406 Test #371: app/dftb+/spinorbit/Si2_dual .....................................***Failed    0.04 sec
cp: cannot stat 'spinorbit/Si2_dual/Si-Si.skf': No such file or directory
spinorbit/Si2_dual:	Test script returned non-zero exit code: 1
 deleting file 'autotest.tag'
 TODO.

==============================================================================
TEST SUMMARY
------------------------------------------------------------------------------
Match:
    None

Not run:
    spinorbit/Si2_dual
------------------------------------------------------------------------------
Status: FAIL

test 372
        Start 372: app/dftb+/md/Si_8

372: Test command: /home/users/ntu/c230179/Desktop/dftbplus-25.1/test/app/dftb+/bin/autotest2 "-r" "/home/users/ntu/c230179/Desktop/dftbplus-25.1/test/app/dftb+" "-w" "/home/users/ntu/c230179/Desktop/dftb_builds/dftb_gcc_Release/test/app/dftb+" "-d" "/home/users/ntu/c230179/Desktop/dftbplus-25.1/test/app/dftb+/bin/tagdiff" "-P" "env OMP_NUM_THREADS=1" "-p" "/home/users/ntu/c230179/Desktop/dftb_builds/dftb_gcc_Release/app/dftb+/dftb+" "-G" "/home/users/ntu/c230179/Desktop/dftbplus-25.1/test/app/dftb+/bin/globalpostrun.sh" "-s" "P,R,C,S" "md/Si_8"
372: Environment variables: 
372:  DFTBPLUS_PARAM_DIR=/home/users/ntu/c230179/Desktop/dftbplus-25.1/external
372: Test timeout computed to be: 10000000
372: cp: cannot stat 'md/Si_8/Si-Si.skf': No such file or directory
372: md/Si_8:	Test script returned non-zero exit code: 1
372:  deleting file 'autotest.tag'
372:  TODO.
372: 
372: ==============================================================================
372: TEST SUMMARY
372: ------------------------------------------------------------------------------
372: Match:
372:     None
372: 
372: Not run:
372:     md/Si_8
372: ------------------------------------------------------------------------------
372: Status: FAIL
372/406 Test #372: app/dftb+/md/Si_8 ................................................***Failed    0.04 sec
cp: cannot stat 'md/Si_8/Si-Si.skf': No such file or directory
md/Si_8:	Test script returned non-zero exit code: 1
 deleting file 'autotest.tag'
 TODO.

==============================================================================
TEST SUMMARY
------------------------------------------------------------------------------
Match:
    None

Not run:
    md/Si_8
------------------------------------------------------------------------------
Status: FAIL

test 373
        Start 373: app/dftb+/md/Si_8-thermostat2

373: Test command: /home/users/ntu/c230179/Desktop/dftbplus-25.1/test/app/dftb+/bin/autotest2 "-r" "/home/users/ntu/c230179/Desktop/dftbplus-25.1/test/app/dftb+" "-w" "/home/users/ntu/c230179/Desktop/dftb_builds/dftb_gcc_Release/test/app/dftb+" "-d" "/home/users/ntu/c230179/Desktop/dftbplus-25.1/test/app/dftb+/bin/tagdiff" "-P" "env OMP_NUM_THREADS=1" "-p" "/home/users/ntu/c230179/Desktop/dftb_builds/dftb_gcc_Release/app/dftb+/dftb+" "-G" "/home/users/ntu/c230179/Desktop/dftbplus-25.1/test/app/dftb+/bin/globalpostrun.sh" "-s" "P,R,C,S" "md/Si_8-thermostat2"
373: Environment variables: 
373:  DFTBPLUS_PARAM_DIR=/home/users/ntu/c230179/Desktop/dftbplus-25.1/external
373: Test timeout computed to be: 10000000
373: cp: cannot stat 'md/Si_8-thermostat2/Si-Si.skf': No such file or directory
373: md/Si_8-thermostat2:	Test script returned non-zero exit code: 1
373:  deleting file 'autotest.tag'
373:  TODO.
373: 
373: ==============================================================================
373: TEST SUMMARY
373: ------------------------------------------------------------------------------
373: Match:
373:     None
373: 
373: Not run:
373:     md/Si_8-thermostat2
373: ------------------------------------------------------------------------------
373: Status: FAIL
373/406 Test #373: app/dftb+/md/Si_8-thermostat2 ....................................***Failed    0.04 sec
cp: cannot stat 'md/Si_8-thermostat2/Si-Si.skf': No such file or directory
md/Si_8-thermostat2:	Test script returned non-zero exit code: 1
 deleting file 'autotest.tag'
 TODO.

==============================================================================
TEST SUMMARY
------------------------------------------------------------------------------
Match:
    None

Not run:
    md/Si_8-thermostat2
------------------------------------------------------------------------------
Status: FAIL

test 374
        Start 374: app/dftb+/geoopt/GaAs_8_latconst_lbfgs

374: Test command: /home/users/ntu/c230179/Desktop/dftbplus-25.1/test/app/dftb+/bin/autotest2 "-r" "/home/users/ntu/c230179/Desktop/dftbplus-25.1/test/app/dftb+" "-w" "/home/users/ntu/c230179/Desktop/dftb_builds/dftb_gcc_Release/test/app/dftb+" "-d" "/home/users/ntu/c230179/Desktop/dftbplus-25.1/test/app/dftb+/bin/tagdiff" "-P" "env OMP_NUM_THREADS=1" "-p" "/home/users/ntu/c230179/Desktop/dftb_builds/dftb_gcc_Release/app/dftb+/dftb+" "-G" "/home/users/ntu/c230179/Desktop/dftbplus-25.1/test/app/dftb+/bin/globalpostrun.sh" "-s" "P,R,C,S" "geoopt/GaAs_8_latconst_lbfgs"
374: Environment variables: 
374:  DFTBPLUS_PARAM_DIR=/home/users/ntu/c230179/Desktop/dftbplus-25.1/external
374: Test timeout computed to be: 10000000
374: geoopt/GaAs_8_latconst_lbfgs:	Test script returned non-zero exit code: 1
374:  deleting file 'autotest.tag'
374:  TODO.
374: 
374: ==============================================================================
374: TEST SUMMARY
374: ------------------------------------------------------------------------------
374: Match:
374:     None
374: 
374: Not run:
374:     geoopt/GaAs_8_latconst_lbfgs
374: ------------------------------------------------------------------------------
374: Status: FAIL
374/406 Test #374: app/dftb+/geoopt/GaAs_8_latconst_lbfgs ...........................***Failed    0.04 sec
geoopt/GaAs_8_latconst_lbfgs:	Test script returned non-zero exit code: 1
 deleting file 'autotest.tag'
 TODO.

==============================================================================
TEST SUMMARY
------------------------------------------------------------------------------
Match:
    None

Not run:
    geoopt/GaAs_8_latconst_lbfgs
------------------------------------------------------------------------------
Status: FAIL

test 375
        Start 375: app/dftb+/geoopt/GaAs_8_latconst

375: Test command: /home/users/ntu/c230179/Desktop/dftbplus-25.1/test/app/dftb+/bin/autotest2 "-r" "/home/users/ntu/c230179/Desktop/dftbplus-25.1/test/app/dftb+" "-w" "/home/users/ntu/c230179/Desktop/dftb_builds/dftb_gcc_Release/test/app/dftb+" "-d" "/home/users/ntu/c230179/Desktop/dftbplus-25.1/test/app/dftb+/bin/tagdiff" "-P" "env OMP_NUM_THREADS=1" "-p" "/home/users/ntu/c230179/Desktop/dftb_builds/dftb_gcc_Release/app/dftb+/dftb+" "-G" "/home/users/ntu/c230179/Desktop/dftbplus-25.1/test/app/dftb+/bin/globalpostrun.sh" "-s" "P,R,C,S" "geoopt/GaAs_8_latconst"
375: Environment variables: 
375:  DFTBPLUS_PARAM_DIR=/home/users/ntu/c230179/Desktop/dftbplus-25.1/external
375: Test timeout computed to be: 10000000
375: geoopt/GaAs_8_latconst:	Test script returned non-zero exit code: 1
375:  deleting file 'autotest.tag'
375:  TODO.
375: 
375: ==============================================================================
375: TEST SUMMARY
375: ------------------------------------------------------------------------------
375: Match:
375:     None
375: 
375: Not run:
375:     geoopt/GaAs_8_latconst
375: ------------------------------------------------------------------------------
375: Status: FAIL
375/406 Test #375: app/dftb+/geoopt/GaAs_8_latconst .................................***Failed    0.04 sec
geoopt/GaAs_8_latconst:	Test script returned non-zero exit code: 1
 deleting file 'autotest.tag'
 TODO.

==============================================================================
TEST SUMMARY
------------------------------------------------------------------------------
Match:
    None

Not run:
    geoopt/GaAs_8_latconst
------------------------------------------------------------------------------
Status: FAIL

test 376
        Start 376: app/dftb+/analysis/Ga4As4_ESP

376: Test command: /home/users/ntu/c230179/Desktop/dftbplus-25.1/test/app/dftb+/bin/autotest2 "-r" "/home/users/ntu/c230179/Desktop/dftbplus-25.1/test/app/dftb+" "-w" "/home/users/ntu/c230179/Desktop/dftb_builds/dftb_gcc_Release/test/app/dftb+" "-d" "/home/users/ntu/c230179/Desktop/dftbplus-25.1/test/app/dftb+/bin/tagdiff" "-P" "env OMP_NUM_THREADS=1" "-p" "/home/users/ntu/c230179/Desktop/dftb_builds/dftb_gcc_Release/app/dftb+/dftb+" "-G" "/home/users/ntu/c230179/Desktop/dftbplus-25.1/test/app/dftb+/bin/globalpostrun.sh" "-s" "P,R,C,S" "analysis/Ga4As4_ESP"
376: Environment variables: 
376:  DFTBPLUS_PARAM_DIR=/home/users/ntu/c230179/Desktop/dftbplus-25.1/external
376: Test timeout computed to be: 10000000
376: analysis/Ga4As4_ESP:	Test script returned non-zero exit code: 1
376:  deleting file 'autotest.tag'
376:  TODO.
376: 
376: ==============================================================================
376: TEST SUMMARY
376: ------------------------------------------------------------------------------
376: Match:
376:     None
376: 
376: Not run:
376:     analysis/Ga4As4_ESP
376: ------------------------------------------------------------------------------
376: Status: FAIL
376/406 Test #376: app/dftb+/analysis/Ga4As4_ESP ....................................***Failed    0.04 sec
analysis/Ga4As4_ESP:	Test script returned non-zero exit code: 1
 deleting file 'autotest.tag'
 TODO.

==============================================================================
TEST SUMMARY
------------------------------------------------------------------------------
Match:
    None

Not run:
    analysis/Ga4As4_ESP
------------------------------------------------------------------------------
Status: FAIL

test 377
        Start 377: app/dftb+/md/Si_8-thermostat

377: Test command: /home/users/ntu/c230179/Desktop/dftbplus-25.1/test/app/dftb+/bin/autotest2 "-r" "/home/users/ntu/c230179/Desktop/dftbplus-25.1/test/app/dftb+" "-w" "/home/users/ntu/c230179/Desktop/dftb_builds/dftb_gcc_Release/test/app/dftb+" "-d" "/home/users/ntu/c230179/Desktop/dftbplus-25.1/test/app/dftb+/bin/tagdiff" "-P" "env OMP_NUM_THREADS=1" "-p" "/home/users/ntu/c230179/Desktop/dftb_builds/dftb_gcc_Release/app/dftb+/dftb+" "-G" "/home/users/ntu/c230179/Desktop/dftbplus-25.1/test/app/dftb+/bin/globalpostrun.sh" "-s" "P,R,C,S" "md/Si_8-thermostat"
377: Environment variables: 
377:  DFTBPLUS_PARAM_DIR=/home/users/ntu/c230179/Desktop/dftbplus-25.1/external
377: Test timeout computed to be: 10000000
377: cp: cannot stat 'md/Si_8-thermostat/Si-Si.skf': No such file or directory
377: md/Si_8-thermostat:	Test script returned non-zero exit code: 1
377:  deleting file 'autotest.tag'
377:  TODO.
377: 
377: ==============================================================================
377: TEST SUMMARY
377: ------------------------------------------------------------------------------
377: Match:
377:     None
377: 
377: Not run:
377:     md/Si_8-thermostat
377: ------------------------------------------------------------------------------
377: Status: FAIL
377/406 Test #377: app/dftb+/md/Si_8-thermostat .....................................***Failed    0.04 sec
cp: cannot stat 'md/Si_8-thermostat/Si-Si.skf': No such file or directory
md/Si_8-thermostat:	Test script returned non-zero exit code: 1
 deleting file 'autotest.tag'
 TODO.

==============================================================================
TEST SUMMARY
------------------------------------------------------------------------------
Match:
    None

Not run:
    md/Si_8-thermostat
------------------------------------------------------------------------------
Status: FAIL

test 378
        Start 378: app/dftb+/md/ptcda-xlbomdfast-ldep

378: Test command: /home/users/ntu/c230179/Desktop/dftbplus-25.1/test/app/dftb+/bin/autotest2 "-r" "/home/users/ntu/c230179/Desktop/dftbplus-25.1/test/app/dftb+" "-w" "/home/users/ntu/c230179/Desktop/dftb_builds/dftb_gcc_Release/test/app/dftb+" "-d" "/home/users/ntu/c230179/Desktop/dftbplus-25.1/test/app/dftb+/bin/tagdiff" "-P" "env OMP_NUM_THREADS=1" "-p" "/home/users/ntu/c230179/Desktop/dftb_builds/dftb_gcc_Release/app/dftb+/dftb+" "-G" "/home/users/ntu/c230179/Desktop/dftbplus-25.1/test/app/dftb+/bin/globalpostrun.sh" "-s" "P,R,C,S" "md/ptcda-xlbomdfast-ldep"
378: Environment variables: 
378:  DFTBPLUS_PARAM_DIR=/home/users/ntu/c230179/Desktop/dftbplus-25.1/external
378: Test timeout computed to be: 10000000
378: md/ptcda-xlbomdfast-ldep:	Test script returned non-zero exit code: 1
378:  deleting file 'autotest.tag'
378:  TODO.
378: 
378: ==============================================================================
378: TEST SUMMARY
378: ------------------------------------------------------------------------------
378: Match:
378:     None
378: 
378: Not run:
378:     md/ptcda-xlbomdfast-ldep
378: ------------------------------------------------------------------------------
378: Status: FAIL
378/406 Test #378: app/dftb+/md/ptcda-xlbomdfast-ldep ...............................***Failed    0.05 sec
md/ptcda-xlbomdfast-ldep:	Test script returned non-zero exit code: 1
 deleting file 'autotest.tag'
 TODO.

==============================================================================
TEST SUMMARY
------------------------------------------------------------------------------
Match:
    None

Not run:
    md/ptcda-xlbomdfast-ldep
------------------------------------------------------------------------------
Status: FAIL

test 379
        Start 379: app/dftb+/md/Si_8-tempprofile

379: Test command: /home/users/ntu/c230179/Desktop/dftbplus-25.1/test/app/dftb+/bin/autotest2 "-r" "/home/users/ntu/c230179/Desktop/dftbplus-25.1/test/app/dftb+" "-w" "/home/users/ntu/c230179/Desktop/dftb_builds/dftb_gcc_Release/test/app/dftb+" "-d" "/home/users/ntu/c230179/Desktop/dftbplus-25.1/test/app/dftb+/bin/tagdiff" "-P" "env OMP_NUM_THREADS=1" "-p" "/home/users/ntu/c230179/Desktop/dftb_builds/dftb_gcc_Release/app/dftb+/dftb+" "-G" "/home/users/ntu/c230179/Desktop/dftbplus-25.1/test/app/dftb+/bin/globalpostrun.sh" "-s" "P,R,C,S" "md/Si_8-tempprofile"
379: Environment variables: 
379:  DFTBPLUS_PARAM_DIR=/home/users/ntu/c230179/Desktop/dftbplus-25.1/external
379: Test timeout computed to be: 10000000
379: cp: cannot stat 'md/Si_8-tempprofile/Si-Si.skf': No such file or directory
379: md/Si_8-tempprofile:	Test script returned non-zero exit code: 1
379:  deleting file 'autotest.tag'
379:  TODO.
379: 
379: ==============================================================================
379: TEST SUMMARY
379: ------------------------------------------------------------------------------
379: Match:
379:     None
379: 
379: Not run:
379:     md/Si_8-tempprofile
379: ------------------------------------------------------------------------------
379: Status: FAIL
379/406 Test #379: app/dftb+/md/Si_8-tempprofile ....................................***Failed    0.04 sec
cp: cannot stat 'md/Si_8-tempprofile/Si-Si.skf': No such file or directory
md/Si_8-tempprofile:	Test script returned non-zero exit code: 1
 deleting file 'autotest.tag'
 TODO.

==============================================================================
TEST SUMMARY
------------------------------------------------------------------------------
Match:
    None

Not run:
    md/Si_8-tempprofile
------------------------------------------------------------------------------
Status: FAIL

test 380
        Start 380: app/dftb+/md/Si_8-tempprofile0

380: Test command: /home/users/ntu/c230179/Desktop/dftbplus-25.1/test/app/dftb+/bin/autotest2 "-r" "/home/users/ntu/c230179/Desktop/dftbplus-25.1/test/app/dftb+" "-w" "/home/users/ntu/c230179/Desktop/dftb_builds/dftb_gcc_Release/test/app/dftb+" "-d" "/home/users/ntu/c230179/Desktop/dftbplus-25.1/test/app/dftb+/bin/tagdiff" "-P" "env OMP_NUM_THREADS=1" "-p" "/home/users/ntu/c230179/Desktop/dftb_builds/dftb_gcc_Release/app/dftb+/dftb+" "-G" "/home/users/ntu/c230179/Desktop/dftbplus-25.1/test/app/dftb+/bin/globalpostrun.sh" "-s" "P,R,C,S" "md/Si_8-tempprofile0"
380: Environment variables: 
380:  DFTBPLUS_PARAM_DIR=/home/users/ntu/c230179/Desktop/dftbplus-25.1/external
380: Test timeout computed to be: 10000000
380: cp: cannot stat 'md/Si_8-tempprofile0/Si-Si.skf': No such file or directory
380: md/Si_8-tempprofile0:	Test script returned non-zero exit code: 1
380:  deleting file 'autotest.tag'
380:  TODO.
380: 
380: ==============================================================================
380: TEST SUMMARY
380: ------------------------------------------------------------------------------
380: Match:
380:     None
380: 
380: Not run:
380:     md/Si_8-tempprofile0
380: ------------------------------------------------------------------------------
380: Status: FAIL
380/406 Test #380: app/dftb+/md/Si_8-tempprofile0 ...................................***Failed    0.04 sec
cp: cannot stat 'md/Si_8-tempprofile0/Si-Si.skf': No such file or directory
md/Si_8-tempprofile0:	Test script returned non-zero exit code: 1
 deleting file 'autotest.tag'
 TODO.

==============================================================================
TEST SUMMARY
------------------------------------------------------------------------------
Match:
    None

Not run:
    md/Si_8-tempprofile0
------------------------------------------------------------------------------
Status: FAIL

test 381
        Start 381: app/dftb+/geoopt/Vsi+O-nonscc

381: Test command: /home/users/ntu/c230179/Desktop/dftbplus-25.1/test/app/dftb+/bin/autotest2 "-r" "/home/users/ntu/c230179/Desktop/dftbplus-25.1/test/app/dftb+" "-w" "/home/users/ntu/c230179/Desktop/dftb_builds/dftb_gcc_Release/test/app/dftb+" "-d" "/home/users/ntu/c230179/Desktop/dftbplus-25.1/test/app/dftb+/bin/tagdiff" "-P" "env OMP_NUM_THREADS=1" "-p" "/home/users/ntu/c230179/Desktop/dftb_builds/dftb_gcc_Release/app/dftb+/dftb+" "-G" "/home/users/ntu/c230179/Desktop/dftbplus-25.1/test/app/dftb+/bin/globalpostrun.sh" "-s" "P,R,C,S" "geoopt/Vsi+O-nonscc"
381: Environment variables: 
381:  DFTBPLUS_PARAM_DIR=/home/users/ntu/c230179/Desktop/dftbplus-25.1/external
381: Test timeout computed to be: 10000000
381: cp: cannot stat 'geoopt/Vsi+O-nonscc/O-O.skf': No such file or directory
381: cp: cannot stat 'geoopt/Vsi+O-nonscc/O-Si.skf': No such file or directory
381: cp: cannot stat 'geoopt/Vsi+O-nonscc/Si-O.skf': No such file or directory
381: cp: cannot stat 'geoopt/Vsi+O-nonscc/Si-Si.skf': No such file or directory
381: geoopt/Vsi+O-nonscc:	Test script returned non-zero exit code: 1
381:  deleting file 'autotest.tag'
381:  TODO.
381: 
381: ==============================================================================
381: TEST SUMMARY
381: ------------------------------------------------------------------------------
381: Match:
381:     None
381: 
381: Not run:
381:     geoopt/Vsi+O-nonscc
381: ------------------------------------------------------------------------------
381: Status: FAIL
381/406 Test #381: app/dftb+/geoopt/Vsi+O-nonscc ....................................***Failed    0.05 sec
cp: cannot stat 'geoopt/Vsi+O-nonscc/O-O.skf': No such file or directory
cp: cannot stat 'geoopt/Vsi+O-nonscc/O-Si.skf': No such file or directory
cp: cannot stat 'geoopt/Vsi+O-nonscc/Si-O.skf': No such file or directory
cp: cannot stat 'geoopt/Vsi+O-nonscc/Si-Si.skf': No such file or directory
geoopt/Vsi+O-nonscc:	Test script returned non-zero exit code: 1
 deleting file 'autotest.tag'
 TODO.

==============================================================================
TEST SUMMARY
------------------------------------------------------------------------------
Match:
    None

Not run:
    geoopt/Vsi+O-nonscc
------------------------------------------------------------------------------
Status: FAIL

test 382
        Start 382: app/dftb+/non-scc/Si_384

382: Test command: /home/users/ntu/c230179/Desktop/dftbplus-25.1/test/app/dftb+/bin/autotest2 "-r" "/home/users/ntu/c230179/Desktop/dftbplus-25.1/test/app/dftb+" "-w" "/home/users/ntu/c230179/Desktop/dftb_builds/dftb_gcc_Release/test/app/dftb+" "-d" "/home/users/ntu/c230179/Desktop/dftbplus-25.1/test/app/dftb+/bin/tagdiff" "-P" "env OMP_NUM_THREADS=1" "-p" "/home/users/ntu/c230179/Desktop/dftb_builds/dftb_gcc_Release/app/dftb+/dftb+" "-G" "/home/users/ntu/c230179/Desktop/dftbplus-25.1/test/app/dftb+/bin/globalpostrun.sh" "-s" "P,R,C,S" "non-scc/Si_384"
382: Environment variables: 
382:  DFTBPLUS_PARAM_DIR=/home/users/ntu/c230179/Desktop/dftbplus-25.1/external
382: Test timeout computed to be: 10000000
382: cp: cannot stat 'non-scc/Si_384/Si-Si.skf': No such file or directory
382: non-scc/Si_384:	Test script returned non-zero exit code: 1
382:  deleting file 'autotest.tag'
382:  TODO.
382: 
382: ==============================================================================
382: TEST SUMMARY
382: ------------------------------------------------------------------------------
382: Match:
382:     None
382: 
382: Not run:
382:     non-scc/Si_384
382: ------------------------------------------------------------------------------
382: Status: FAIL
382/406 Test #382: app/dftb+/non-scc/Si_384 .........................................***Failed    0.05 sec
cp: cannot stat 'non-scc/Si_384/Si-Si.skf': No such file or directory
non-scc/Si_384:	Test script returned non-zero exit code: 1
 deleting file 'autotest.tag'
 TODO.

==============================================================================
TEST SUMMARY
------------------------------------------------------------------------------
Match:
    None

Not run:
    non-scc/Si_384
------------------------------------------------------------------------------
Status: FAIL

test 383
        Start 383: app/dftb+/md/DNA

383: Test command: /home/users/ntu/c230179/Desktop/dftbplus-25.1/test/app/dftb+/bin/autotest2 "-r" "/home/users/ntu/c230179/Desktop/dftbplus-25.1/test/app/dftb+" "-w" "/home/users/ntu/c230179/Desktop/dftb_builds/dftb_gcc_Release/test/app/dftb+" "-d" "/home/users/ntu/c230179/Desktop/dftbplus-25.1/test/app/dftb+/bin/tagdiff" "-P" "env OMP_NUM_THREADS=1" "-p" "/home/users/ntu/c230179/Desktop/dftb_builds/dftb_gcc_Release/app/dftb+/dftb+" "-G" "/home/users/ntu/c230179/Desktop/dftbplus-25.1/test/app/dftb+/bin/globalpostrun.sh" "-s" "P,R,C,S" "md/DNA"
383: Environment variables: 
383:  DFTBPLUS_PARAM_DIR=/home/users/ntu/c230179/Desktop/dftbplus-25.1/external
383: Test timeout computed to be: 10000000
383: md/DNA:	Test script returned non-zero exit code: 1
383:  deleting file 'autotest.tag'
383:  TODO.
383: 
383: ==============================================================================
383: TEST SUMMARY
383: ------------------------------------------------------------------------------
383: Match:
383:     None
383: 
383: Not run:
383:     md/DNA
383: ------------------------------------------------------------------------------
383: Status: FAIL
383/406 Test #383: app/dftb+/md/DNA .................................................***Failed    0.06 sec
md/DNA:	Test script returned non-zero exit code: 1
 deleting file 'autotest.tag'
 TODO.

==============================================================================
TEST SUMMARY
------------------------------------------------------------------------------
Match:
    None

Not run:
    md/DNA
------------------------------------------------------------------------------
Status: FAIL

test 384
        Start 384: app/dftb+/md/DNA_Berendsen2

384: Test command: /home/users/ntu/c230179/Desktop/dftbplus-25.1/test/app/dftb+/bin/autotest2 "-r" "/home/users/ntu/c230179/Desktop/dftbplus-25.1/test/app/dftb+" "-w" "/home/users/ntu/c230179/Desktop/dftb_builds/dftb_gcc_Release/test/app/dftb+" "-d" "/home/users/ntu/c230179/Desktop/dftbplus-25.1/test/app/dftb+/bin/tagdiff" "-P" "env OMP_NUM_THREADS=1" "-p" "/home/users/ntu/c230179/Desktop/dftb_builds/dftb_gcc_Release/app/dftb+/dftb+" "-G" "/home/users/ntu/c230179/Desktop/dftbplus-25.1/test/app/dftb+/bin/globalpostrun.sh" "-s" "P,R,C,S" "md/DNA_Berendsen2"
384: Environment variables: 
384:  DFTBPLUS_PARAM_DIR=/home/users/ntu/c230179/Desktop/dftbplus-25.1/external
384: Test timeout computed to be: 10000000
384: md/DNA_Berendsen2:	Test script returned non-zero exit code: 1
384:  deleting file 'autotest.tag'
384:  TODO.
384: 
384: ==============================================================================
384: TEST SUMMARY
384: ------------------------------------------------------------------------------
384: Match:
384:     None
384: 
384: Not run:
384:     md/DNA_Berendsen2
384: ------------------------------------------------------------------------------
384: Status: FAIL
384/406 Test #384: app/dftb+/md/DNA_Berendsen2 ......................................***Failed    0.04 sec
md/DNA_Berendsen2:	Test script returned non-zero exit code: 1
 deleting file 'autotest.tag'
 TODO.

==============================================================================
TEST SUMMARY
------------------------------------------------------------------------------
Match:
    None

Not run:
    md/DNA_Berendsen2
------------------------------------------------------------------------------
Status: FAIL

test 385
        Start 385: app/dftb+/md/ptcda-xlbomd

385: Test command: /home/users/ntu/c230179/Desktop/dftbplus-25.1/test/app/dftb+/bin/autotest2 "-r" "/home/users/ntu/c230179/Desktop/dftbplus-25.1/test/app/dftb+" "-w" "/home/users/ntu/c230179/Desktop/dftb_builds/dftb_gcc_Release/test/app/dftb+" "-d" "/home/users/ntu/c230179/Desktop/dftbplus-25.1/test/app/dftb+/bin/tagdiff" "-P" "env OMP_NUM_THREADS=1" "-p" "/home/users/ntu/c230179/Desktop/dftb_builds/dftb_gcc_Release/app/dftb+/dftb+" "-G" "/home/users/ntu/c230179/Desktop/dftbplus-25.1/test/app/dftb+/bin/globalpostrun.sh" "-s" "P,R,C,S" "md/ptcda-xlbomd"
385: Environment variables: 
385:  DFTBPLUS_PARAM_DIR=/home/users/ntu/c230179/Desktop/dftbplus-25.1/external
385: Test timeout computed to be: 10000000
385: md/ptcda-xlbomd:	Test script returned non-zero exit code: 1
385:  deleting file 'autotest.tag'
385:  TODO.
385: 
385: ==============================================================================
385: TEST SUMMARY
385: ------------------------------------------------------------------------------
385: Match:
385:     None
385: 
385: Not run:
385:     md/ptcda-xlbomd
385: ------------------------------------------------------------------------------
385: Status: FAIL
385/406 Test #385: app/dftb+/md/ptcda-xlbomd ........................................***Failed    0.06 sec
md/ptcda-xlbomd:	Test script returned non-zero exit code: 1
 deleting file 'autotest.tag'
 TODO.

==============================================================================
TEST SUMMARY
------------------------------------------------------------------------------
Match:
    None

Not run:
    md/ptcda-xlbomd
------------------------------------------------------------------------------
Status: FAIL

test 386
        Start 386: app/dftb+/md/SiC64-xlbomdfast-T0

386: Test command: /home/users/ntu/c230179/Desktop/dftbplus-25.1/test/app/dftb+/bin/autotest2 "-r" "/home/users/ntu/c230179/Desktop/dftbplus-25.1/test/app/dftb+" "-w" "/home/users/ntu/c230179/Desktop/dftb_builds/dftb_gcc_Release/test/app/dftb+" "-d" "/home/users/ntu/c230179/Desktop/dftbplus-25.1/test/app/dftb+/bin/tagdiff" "-P" "env OMP_NUM_THREADS=1" "-p" "/home/users/ntu/c230179/Desktop/dftb_builds/dftb_gcc_Release/app/dftb+/dftb+" "-G" "/home/users/ntu/c230179/Desktop/dftbplus-25.1/test/app/dftb+/bin/globalpostrun.sh" "-s" "P,R,C,S" "md/SiC64-xlbomdfast-T0"
386: Environment variables: 
386:  DFTBPLUS_PARAM_DIR=/home/users/ntu/c230179/Desktop/dftbplus-25.1/external
386: Test timeout computed to be: 10000000
386: md/SiC64-xlbomdfast-T0:	Test script returned non-zero exit code: 1
386:  deleting file 'autotest.tag'
386:  TODO.
386: 
386: ==============================================================================
386: TEST SUMMARY
386: ------------------------------------------------------------------------------
386: Match:
386:     None
386: 
386: Not run:
386:     md/SiC64-xlbomdfast-T0
386: ------------------------------------------------------------------------------
386: Status: FAIL
386/406 Test #386: app/dftb+/md/SiC64-xlbomdfast-T0 .................................***Failed    0.04 sec
md/SiC64-xlbomdfast-T0:	Test script returned non-zero exit code: 1
 deleting file 'autotest.tag'
 TODO.

==============================================================================
TEST SUMMARY
------------------------------------------------------------------------------
Match:
    None

Not run:
    md/SiC64-xlbomdfast-T0
------------------------------------------------------------------------------
Status: FAIL

test 387
        Start 387: app/dftb+/md/SiC64-xlbomdfast

387: Test command: /home/users/ntu/c230179/Desktop/dftbplus-25.1/test/app/dftb+/bin/autotest2 "-r" "/home/users/ntu/c230179/Desktop/dftbplus-25.1/test/app/dftb+" "-w" "/home/users/ntu/c230179/Desktop/dftb_builds/dftb_gcc_Release/test/app/dftb+" "-d" "/home/users/ntu/c230179/Desktop/dftbplus-25.1/test/app/dftb+/bin/tagdiff" "-P" "env OMP_NUM_THREADS=1" "-p" "/home/users/ntu/c230179/Desktop/dftb_builds/dftb_gcc_Release/app/dftb+/dftb+" "-G" "/home/users/ntu/c230179/Desktop/dftbplus-25.1/test/app/dftb+/bin/globalpostrun.sh" "-s" "P,R,C,S" "md/SiC64-xlbomdfast"
387: Environment variables: 
387:  DFTBPLUS_PARAM_DIR=/home/users/ntu/c230179/Desktop/dftbplus-25.1/external
387: Test timeout computed to be: 10000000
387: md/SiC64-xlbomdfast:	Test script returned non-zero exit code: 1
387:  deleting file 'autotest.tag'
387:  TODO.
387: 
387: ==============================================================================
387: TEST SUMMARY
387: ------------------------------------------------------------------------------
387: Match:
387:     None
387: 
387: Not run:
387:     md/SiC64-xlbomdfast
387: ------------------------------------------------------------------------------
387: Status: FAIL
387/406 Test #387: app/dftb+/md/SiC64-xlbomdfast ....................................***Failed    0.04 sec
md/SiC64-xlbomdfast:	Test script returned non-zero exit code: 1
 deleting file 'autotest.tag'
 TODO.

==============================================================================
TEST SUMMARY
------------------------------------------------------------------------------
Match:
    None

Not run:
    md/SiC64-xlbomdfast
------------------------------------------------------------------------------
Status: FAIL

test 388
        Start 388: app/dftb+/md/SiC64-xlbomdfast-T0_kpts

388: Test command: /home/users/ntu/c230179/Desktop/dftbplus-25.1/test/app/dftb+/bin/autotest2 "-r" "/home/users/ntu/c230179/Desktop/dftbplus-25.1/test/app/dftb+" "-w" "/home/users/ntu/c230179/Desktop/dftb_builds/dftb_gcc_Release/test/app/dftb+" "-d" "/home/users/ntu/c230179/Desktop/dftbplus-25.1/test/app/dftb+/bin/tagdiff" "-P" "env OMP_NUM_THREADS=1" "-p" "/home/users/ntu/c230179/Desktop/dftb_builds/dftb_gcc_Release/app/dftb+/dftb+" "-G" "/home/users/ntu/c230179/Desktop/dftbplus-25.1/test/app/dftb+/bin/globalpostrun.sh" "-s" "P,R,C,S" "md/SiC64-xlbomdfast-T0_kpts"
388: Environment variables: 
388:  DFTBPLUS_PARAM_DIR=/home/users/ntu/c230179/Desktop/dftbplus-25.1/external
388: Test timeout computed to be: 10000000
388: md/SiC64-xlbomdfast-T0_kpts:	Test script returned non-zero exit code: 1
388:  deleting file 'autotest.tag'
388:  TODO.
388: 
388: ==============================================================================
388: TEST SUMMARY
388: ------------------------------------------------------------------------------
388: Match:
388:     None
388: 
388: Not run:
388:     md/SiC64-xlbomdfast-T0_kpts
388: ------------------------------------------------------------------------------
388: Status: FAIL
388/406 Test #388: app/dftb+/md/SiC64-xlbomdfast-T0_kpts ............................***Failed    0.04 sec
md/SiC64-xlbomdfast-T0_kpts:	Test script returned non-zero exit code: 1
 deleting file 'autotest.tag'
 TODO.

==============================================================================
TEST SUMMARY
------------------------------------------------------------------------------
Match:
    None

Not run:
    md/SiC64-xlbomdfast-T0_kpts
------------------------------------------------------------------------------
Status: FAIL

test 389
        Start 389: app/dftb+/md/SiC64-xlbomdfast_kpts

389: Test command: /home/users/ntu/c230179/Desktop/dftbplus-25.1/test/app/dftb+/bin/autotest2 "-r" "/home/users/ntu/c230179/Desktop/dftbplus-25.1/test/app/dftb+" "-w" "/home/users/ntu/c230179/Desktop/dftb_builds/dftb_gcc_Release/test/app/dftb+" "-d" "/home/users/ntu/c230179/Desktop/dftbplus-25.1/test/app/dftb+/bin/tagdiff" "-P" "env OMP_NUM_THREADS=1" "-p" "/home/users/ntu/c230179/Desktop/dftb_builds/dftb_gcc_Release/app/dftb+/dftb+" "-G" "/home/users/ntu/c230179/Desktop/dftbplus-25.1/test/app/dftb+/bin/globalpostrun.sh" "-s" "P,R,C,S" "md/SiC64-xlbomdfast_kpts"
389: Environment variables: 
389:  DFTBPLUS_PARAM_DIR=/home/users/ntu/c230179/Desktop/dftbplus-25.1/external
389: Test timeout computed to be: 10000000
389: md/SiC64-xlbomdfast_kpts:	Test script returned non-zero exit code: 1
389:  deleting file 'autotest.tag'
389:  TODO.
389: 
389: ==============================================================================
389: TEST SUMMARY
389: ------------------------------------------------------------------------------
389: Match:
389:     None
389: 
389: Not run:
389:     md/SiC64-xlbomdfast_kpts
389: ------------------------------------------------------------------------------
389: Status: FAIL
389/406 Test #389: app/dftb+/md/SiC64-xlbomdfast_kpts ...............................***Failed    0.04 sec
md/SiC64-xlbomdfast_kpts:	Test script returned non-zero exit code: 1
 deleting file 'autotest.tag'
 TODO.

==============================================================================
TEST SUMMARY
------------------------------------------------------------------------------
Match:
    None

Not run:
    md/SiC64-xlbomdfast_kpts
------------------------------------------------------------------------------
Status: FAIL

test 390
        Start 390: app/dftb+/non-scc/Si_216

390: Test command: /home/users/ntu/c230179/Desktop/dftbplus-25.1/test/app/dftb+/bin/autotest2 "-r" "/home/users/ntu/c230179/Desktop/dftbplus-25.1/test/app/dftb+" "-w" "/home/users/ntu/c230179/Desktop/dftb_builds/dftb_gcc_Release/test/app/dftb+" "-d" "/home/users/ntu/c230179/Desktop/dftbplus-25.1/test/app/dftb+/bin/tagdiff" "-P" "env OMP_NUM_THREADS=1" "-p" "/home/users/ntu/c230179/Desktop/dftb_builds/dftb_gcc_Release/app/dftb+/dftb+" "-G" "/home/users/ntu/c230179/Desktop/dftbplus-25.1/test/app/dftb+/bin/globalpostrun.sh" "-s" "P,R,C,S" "non-scc/Si_216"
390: Environment variables: 
390:  DFTBPLUS_PARAM_DIR=/home/users/ntu/c230179/Desktop/dftbplus-25.1/external
390: Test timeout computed to be: 10000000
390: cp: cannot stat 'non-scc/Si_216/Si-Si.skf': No such file or directory
390: non-scc/Si_216:	Test script returned non-zero exit code: 1
390:  deleting file 'autotest.tag'
390:  TODO.
390: 
390: ==============================================================================
390: TEST SUMMARY
390: ------------------------------------------------------------------------------
390: Match:
390:     None
390: 
390: Not run:
390:     non-scc/Si_216
390: ------------------------------------------------------------------------------
390: Status: FAIL
390/406 Test #390: app/dftb+/non-scc/Si_216 .........................................***Failed    0.04 sec
cp: cannot stat 'non-scc/Si_216/Si-Si.skf': No such file or directory
non-scc/Si_216:	Test script returned non-zero exit code: 1
 deleting file 'autotest.tag'
 TODO.

==============================================================================
TEST SUMMARY
------------------------------------------------------------------------------
Match:
    None

Not run:
    non-scc/Si_216
------------------------------------------------------------------------------
Status: FAIL

test 391
        Start 391: app/dftb+/md/ptcda-xlbomd-ldep

391: Test command: /home/users/ntu/c230179/Desktop/dftbplus-25.1/test/app/dftb+/bin/autotest2 "-r" "/home/users/ntu/c230179/Desktop/dftbplus-25.1/test/app/dftb+" "-w" "/home/users/ntu/c230179/Desktop/dftb_builds/dftb_gcc_Release/test/app/dftb+" "-d" "/home/users/ntu/c230179/Desktop/dftbplus-25.1/test/app/dftb+/bin/tagdiff" "-P" "env OMP_NUM_THREADS=1" "-p" "/home/users/ntu/c230179/Desktop/dftb_builds/dftb_gcc_Release/app/dftb+/dftb+" "-G" "/home/users/ntu/c230179/Desktop/dftbplus-25.1/test/app/dftb+/bin/globalpostrun.sh" "-s" "P,R,C,S" "md/ptcda-xlbomd-ldep"
391: Environment variables: 
391:  DFTBPLUS_PARAM_DIR=/home/users/ntu/c230179/Desktop/dftbplus-25.1/external
391: Test timeout computed to be: 10000000
391: md/ptcda-xlbomd-ldep:	Test script returned non-zero exit code: 1
391:  deleting file 'autotest.tag'
391:  TODO.
391: 
391: ==============================================================================
391: TEST SUMMARY
391: ------------------------------------------------------------------------------
391: Match:
391:     None
391: 
391: Not run:
391:     md/ptcda-xlbomd-ldep
391: ------------------------------------------------------------------------------
391: Status: FAIL
391/406 Test #391: app/dftb+/md/ptcda-xlbomd-ldep ...................................***Failed    0.05 sec
md/ptcda-xlbomd-ldep:	Test script returned non-zero exit code: 1
 deleting file 'autotest.tag'
 TODO.

==============================================================================
TEST SUMMARY
------------------------------------------------------------------------------
Match:
    None

Not run:
    md/ptcda-xlbomd-ldep
------------------------------------------------------------------------------
Status: FAIL

test 392
        Start 392: app/dftb+/geoopt/Vsi+O_lbfgs

392: Test command: /home/users/ntu/c230179/Desktop/dftbplus-25.1/test/app/dftb+/bin/autotest2 "-r" "/home/users/ntu/c230179/Desktop/dftbplus-25.1/test/app/dftb+" "-w" "/home/users/ntu/c230179/Desktop/dftb_builds/dftb_gcc_Release/test/app/dftb+" "-d" "/home/users/ntu/c230179/Desktop/dftbplus-25.1/test/app/dftb+/bin/tagdiff" "-P" "env OMP_NUM_THREADS=1" "-p" "/home/users/ntu/c230179/Desktop/dftb_builds/dftb_gcc_Release/app/dftb+/dftb+" "-G" "/home/users/ntu/c230179/Desktop/dftbplus-25.1/test/app/dftb+/bin/globalpostrun.sh" "-s" "P,R,C,S" "geoopt/Vsi+O_lbfgs"
392: Environment variables: 
392:  DFTBPLUS_PARAM_DIR=/home/users/ntu/c230179/Desktop/dftbplus-25.1/external
392: Test timeout computed to be: 10000000
392: cp: cannot stat 'geoopt/Vsi+O_lbfgs/O-O.skf': No such file or directory
392: cp: cannot stat 'geoopt/Vsi+O_lbfgs/O-Si.skf': No such file or directory
392: cp: cannot stat 'geoopt/Vsi+O_lbfgs/Si-O.skf': No such file or directory
392: cp: cannot stat 'geoopt/Vsi+O_lbfgs/Si-Si.skf': No such file or directory
392: geoopt/Vsi+O_lbfgs:	Test script returned non-zero exit code: 1
392:  deleting file 'autotest.tag'
392:  TODO.
392: 
392: ==============================================================================
392: TEST SUMMARY
392: ------------------------------------------------------------------------------
392: Match:
392:     None
392: 
392: Not run:
392:     geoopt/Vsi+O_lbfgs
392: ------------------------------------------------------------------------------
392: Status: FAIL
392/406 Test #392: app/dftb+/geoopt/Vsi+O_lbfgs .....................................***Failed    0.05 sec
cp: cannot stat 'geoopt/Vsi+O_lbfgs/O-O.skf': No such file or directory
cp: cannot stat 'geoopt/Vsi+O_lbfgs/O-Si.skf': No such file or directory
cp: cannot stat 'geoopt/Vsi+O_lbfgs/Si-O.skf': No such file or directory
cp: cannot stat 'geoopt/Vsi+O_lbfgs/Si-Si.skf': No such file or directory
geoopt/Vsi+O_lbfgs:	Test script returned non-zero exit code: 1
 deleting file 'autotest.tag'
 TODO.

==============================================================================
TEST SUMMARY
------------------------------------------------------------------------------
Match:
    None

Not run:
    geoopt/Vsi+O_lbfgs
------------------------------------------------------------------------------
Status: FAIL

test 393
        Start 393: app/dftb+/geoopt/Vsi+O

393: Test command: /home/users/ntu/c230179/Desktop/dftbplus-25.1/test/app/dftb+/bin/autotest2 "-r" "/home/users/ntu/c230179/Desktop/dftbplus-25.1/test/app/dftb+" "-w" "/home/users/ntu/c230179/Desktop/dftb_builds/dftb_gcc_Release/test/app/dftb+" "-d" "/home/users/ntu/c230179/Desktop/dftbplus-25.1/test/app/dftb+/bin/tagdiff" "-P" "env OMP_NUM_THREADS=1" "-p" "/home/users/ntu/c230179/Desktop/dftb_builds/dftb_gcc_Release/app/dftb+/dftb+" "-G" "/home/users/ntu/c230179/Desktop/dftbplus-25.1/test/app/dftb+/bin/globalpostrun.sh" "-s" "P,R,C,S" "geoopt/Vsi+O"
393: Environment variables: 
393:  DFTBPLUS_PARAM_DIR=/home/users/ntu/c230179/Desktop/dftbplus-25.1/external
393: Test timeout computed to be: 10000000
393: cp: cannot stat 'geoopt/Vsi+O/O-O.skf': No such file or directory
393: cp: cannot stat 'geoopt/Vsi+O/O-Si.skf': No such file or directory
393: cp: cannot stat 'geoopt/Vsi+O/Si-O.skf': No such file or directory
393: cp: cannot stat 'geoopt/Vsi+O/Si-Si.skf': No such file or directory
393: geoopt/Vsi+O:	Test script returned non-zero exit code: 1
393:  deleting file 'autotest.tag'
393:  TODO.
393: 
393: ==============================================================================
393: TEST SUMMARY
393: ------------------------------------------------------------------------------
393: Match:
393:     None
393: 
393: Not run:
393:     geoopt/Vsi+O
393: ------------------------------------------------------------------------------
393: Status: FAIL
393/406 Test #393: app/dftb+/geoopt/Vsi+O ...........................................***Failed    0.05 sec
cp: cannot stat 'geoopt/Vsi+O/O-O.skf': No such file or directory
cp: cannot stat 'geoopt/Vsi+O/O-Si.skf': No such file or directory
cp: cannot stat 'geoopt/Vsi+O/Si-O.skf': No such file or directory
cp: cannot stat 'geoopt/Vsi+O/Si-Si.skf': No such file or directory
geoopt/Vsi+O:	Test script returned non-zero exit code: 1
 deleting file 'autotest.tag'
 TODO.

==============================================================================
TEST SUMMARY
------------------------------------------------------------------------------
Match:
    None

Not run:
    geoopt/Vsi+O
------------------------------------------------------------------------------
Status: FAIL

test 394
        Start 394: app/dftb+/scc/SiC64+V_dynforce_groups

394: Test command: /home/users/ntu/c230179/Desktop/dftbplus-25.1/test/app/dftb+/bin/autotest2 "-r" "/home/users/ntu/c230179/Desktop/dftbplus-25.1/test/app/dftb+" "-w" "/home/users/ntu/c230179/Desktop/dftb_builds/dftb_gcc_Release/test/app/dftb+" "-d" "/home/users/ntu/c230179/Desktop/dftbplus-25.1/test/app/dftb+/bin/tagdiff" "-P" "env OMP_NUM_THREADS=1" "-p" "/home/users/ntu/c230179/Desktop/dftb_builds/dftb_gcc_Release/app/dftb+/dftb+" "-G" "/home/users/ntu/c230179/Desktop/dftbplus-25.1/test/app/dftb+/bin/globalpostrun.sh" "-s" "P,R,C,S" "scc/SiC64+V_dynforce_groups"
394: Environment variables: 
394:  DFTBPLUS_PARAM_DIR=/home/users/ntu/c230179/Desktop/dftbplus-25.1/external
394: Test timeout computed to be: 10000000
394: scc/SiC64+V_dynforce_groups:	Test script returned non-zero exit code: 1
394:  deleting file 'autotest.tag'
394:  TODO.
394: 
394: ==============================================================================
394: TEST SUMMARY
394: ------------------------------------------------------------------------------
394: Match:
394:     None
394: 
394: Not run:
394:     scc/SiC64+V_dynforce_groups
394: ------------------------------------------------------------------------------
394: Status: FAIL
394/406 Test #394: app/dftb+/scc/SiC64+V_dynforce_groups ............................***Failed    0.05 sec
scc/SiC64+V_dynforce_groups:	Test script returned non-zero exit code: 1
 deleting file 'autotest.tag'
 TODO.

==============================================================================
TEST SUMMARY
------------------------------------------------------------------------------
Match:
    None

Not run:
    scc/SiC64+V_dynforce_groups
------------------------------------------------------------------------------
Status: FAIL

test 395
        Start 395: app/dftb+/scc/SiC64+V_dynforce

395: Test command: /home/users/ntu/c230179/Desktop/dftbplus-25.1/test/app/dftb+/bin/autotest2 "-r" "/home/users/ntu/c230179/Desktop/dftbplus-25.1/test/app/dftb+" "-w" "/home/users/ntu/c230179/Desktop/dftb_builds/dftb_gcc_Release/test/app/dftb+" "-d" "/home/users/ntu/c230179/Desktop/dftbplus-25.1/test/app/dftb+/bin/tagdiff" "-P" "env OMP_NUM_THREADS=1" "-p" "/home/users/ntu/c230179/Desktop/dftb_builds/dftb_gcc_Release/app/dftb+/dftb+" "-G" "/home/users/ntu/c230179/Desktop/dftbplus-25.1/test/app/dftb+/bin/globalpostrun.sh" "-s" "P,R,C,S" "scc/SiC64+V_dynforce"
395: Environment variables: 
395:  DFTBPLUS_PARAM_DIR=/home/users/ntu/c230179/Desktop/dftbplus-25.1/external
395: Test timeout computed to be: 10000000
395: scc/SiC64+V_dynforce:	Test script returned non-zero exit code: 1
395:  deleting file 'autotest.tag'
395:  TODO.
395: 
395: ==============================================================================
395: TEST SUMMARY
395: ------------------------------------------------------------------------------
395: Match:
395:     None
395: 
395: Not run:
395:     scc/SiC64+V_dynforce
395: ------------------------------------------------------------------------------
395: Status: FAIL
395/406 Test #395: app/dftb+/scc/SiC64+V_dynforce ...................................***Failed    0.04 sec
scc/SiC64+V_dynforce:	Test script returned non-zero exit code: 1
 deleting file 'autotest.tag'
 TODO.

==============================================================================
TEST SUMMARY
------------------------------------------------------------------------------
Match:
    None

Not run:
    scc/SiC64+V_dynforce
------------------------------------------------------------------------------
Status: FAIL

test 396
        Start 396: app/dftb+/pp-RPA/ethene

396: Test command: /home/users/ntu/c230179/Desktop/dftbplus-25.1/test/app/dftb+/bin/autotest2 "-r" "/home/users/ntu/c230179/Desktop/dftbplus-25.1/test/app/dftb+" "-w" "/home/users/ntu/c230179/Desktop/dftb_builds/dftb_gcc_Release/test/app/dftb+" "-d" "/home/users/ntu/c230179/Desktop/dftbplus-25.1/test/app/dftb+/bin/tagdiff" "-P" "env OMP_NUM_THREADS=1" "-p" "/home/users/ntu/c230179/Desktop/dftb_builds/dftb_gcc_Release/app/dftb+/dftb+" "-G" "/home/users/ntu/c230179/Desktop/dftbplus-25.1/test/app/dftb+/bin/globalpostrun.sh" "-s" "P,R,C,S" "pp-RPA/ethene"
396: Environment variables: 
396:  DFTBPLUS_PARAM_DIR=/home/users/ntu/c230179/Desktop/dftbplus-25.1/external
396: Test timeout computed to be: 10000000
396: pp-RPA/ethene:	Test script returned non-zero exit code: 1
396:  deleting file 'autotest.tag'
396:  TODO.
396: 
396: ==============================================================================
396: TEST SUMMARY
396: ------------------------------------------------------------------------------
396: Match:
396:     None
396: 
396: Not run:
396:     pp-RPA/ethene
396: ------------------------------------------------------------------------------
396: Status: FAIL
396/406 Test #396: app/dftb+/pp-RPA/ethene ..........................................***Failed    0.05 sec
pp-RPA/ethene:	Test script returned non-zero exit code: 1
 deleting file 'autotest.tag'
 TODO.

==============================================================================
TEST SUMMARY
------------------------------------------------------------------------------
Match:
    None

Not run:
    pp-RPA/ethene
------------------------------------------------------------------------------
Status: FAIL

test 397
        Start 397: app/dftb+/pp-RPA/benzene_TammDancoff

397: Test command: /home/users/ntu/c230179/Desktop/dftbplus-25.1/test/app/dftb+/bin/autotest2 "-r" "/home/users/ntu/c230179/Desktop/dftbplus-25.1/test/app/dftb+" "-w" "/home/users/ntu/c230179/Desktop/dftb_builds/dftb_gcc_Release/test/app/dftb+" "-d" "/home/users/ntu/c230179/Desktop/dftbplus-25.1/test/app/dftb+/bin/tagdiff" "-P" "env OMP_NUM_THREADS=1" "-p" "/home/users/ntu/c230179/Desktop/dftb_builds/dftb_gcc_Release/app/dftb+/dftb+" "-G" "/home/users/ntu/c230179/Desktop/dftbplus-25.1/test/app/dftb+/bin/globalpostrun.sh" "-s" "P,R,C,S" "pp-RPA/benzene_TammDancoff"
397: Environment variables: 
397:  DFTBPLUS_PARAM_DIR=/home/users/ntu/c230179/Desktop/dftbplus-25.1/external
397: Test timeout computed to be: 10000000
397: pp-RPA/benzene_TammDancoff:	Test script returned non-zero exit code: 1
397:  deleting file 'autotest.tag'
397:  TODO.
397: 
397: ==============================================================================
397: TEST SUMMARY
397: ------------------------------------------------------------------------------
397: Match:
397:     None
397: 
397: Not run:
397:     pp-RPA/benzene_TammDancoff
397: ------------------------------------------------------------------------------
397: Status: FAIL
397/406 Test #397: app/dftb+/pp-RPA/benzene_TammDancoff .............................***Failed    0.04 sec
pp-RPA/benzene_TammDancoff:	Test script returned non-zero exit code: 1
 deleting file 'autotest.tag'
 TODO.

==============================================================================
TEST SUMMARY
------------------------------------------------------------------------------
Match:
    None

Not run:
    pp-RPA/benzene_TammDancoff
------------------------------------------------------------------------------
Status: FAIL

test 398
        Start 398: app/dftb+/pp-RPA/furan_OrbConst

398: Test command: /home/users/ntu/c230179/Desktop/dftbplus-25.1/test/app/dftb+/bin/autotest2 "-r" "/home/users/ntu/c230179/Desktop/dftbplus-25.1/test/app/dftb+" "-w" "/home/users/ntu/c230179/Desktop/dftb_builds/dftb_gcc_Release/test/app/dftb+" "-d" "/home/users/ntu/c230179/Desktop/dftbplus-25.1/test/app/dftb+/bin/tagdiff" "-P" "env OMP_NUM_THREADS=1" "-p" "/home/users/ntu/c230179/Desktop/dftb_builds/dftb_gcc_Release/app/dftb+/dftb+" "-G" "/home/users/ntu/c230179/Desktop/dftbplus-25.1/test/app/dftb+/bin/globalpostrun.sh" "-s" "P,R,C,S" "pp-RPA/furan_OrbConst"
398: Environment variables: 
398:  DFTBPLUS_PARAM_DIR=/home/users/ntu/c230179/Desktop/dftbplus-25.1/external
398: Test timeout computed to be: 10000000
398: pp-RPA/furan_OrbConst:	Test script returned non-zero exit code: 1
398:  deleting file 'autotest.tag'
398:  TODO.
398: 
398: ==============================================================================
398: TEST SUMMARY
398: ------------------------------------------------------------------------------
398: Match:
398:     None
398: 
398: Not run:
398:     pp-RPA/furan_OrbConst
398: ------------------------------------------------------------------------------
398: Status: FAIL
398/406 Test #398: app/dftb+/pp-RPA/furan_OrbConst ..................................***Failed    0.04 sec
pp-RPA/furan_OrbConst:	Test script returned non-zero exit code: 1
 deleting file 'autotest.tag'
 TODO.

==============================================================================
TEST SUMMARY
------------------------------------------------------------------------------
Match:
    None

Not run:
    pp-RPA/furan_OrbConst
------------------------------------------------------------------------------
Status: FAIL

test 399
        Start 399: app/modes/C6H6_eigvec

399: Test command: /home/users/ntu/c230179/Desktop/dftbplus-25.1/test/app/modes/bin/autotest2 "-r" "/home/users/ntu/c230179/Desktop/dftbplus-25.1/test/app/modes" "-w" "/home/users/ntu/c230179/Desktop/dftb_builds/dftb_gcc_Release/test/app/modes" "-d" "/home/users/ntu/c230179/Desktop/dftbplus-25.1/test/app/modes/bin/tagdiff" "-P" "env OMP_NUM_THREADS=1" "-p" "/home/users/ntu/c230179/Desktop/dftb_builds/dftb_gcc_Release/app/modes/modes" "-s" "P,R,C,S" "C6H6_eigvec"
399: Environment variables: 
399:  DFTBPLUS_PARAM_DIR=/home/users/ntu/c230179/Desktop/dftbplus-25.1/external
399: Test timeout computed to be: 10000000
399: C6H6_eigvec:	 TODO.
399: 
399: ==============================================================================
399: TEST SUMMARY
399: ------------------------------------------------------------------------------
399: Match:
399:     None
399: 
399: Not run:
399:     C6H6_eigvec
399: ------------------------------------------------------------------------------
399: Status: FAIL
399/406 Test #399: app/modes/C6H6_eigvec ............................................***Failed    0.04 sec
C6H6_eigvec:	 TODO.

==============================================================================
TEST SUMMARY
------------------------------------------------------------------------------
Match:
    None

Not run:
    C6H6_eigvec
------------------------------------------------------------------------------
Status: FAIL

test 400
        Start 400: app/modes/C6H6_ir

400: Test command: /home/users/ntu/c230179/Desktop/dftbplus-25.1/test/app/modes/bin/autotest2 "-r" "/home/users/ntu/c230179/Desktop/dftbplus-25.1/test/app/modes" "-w" "/home/users/ntu/c230179/Desktop/dftb_builds/dftb_gcc_Release/test/app/modes" "-d" "/home/users/ntu/c230179/Desktop/dftbplus-25.1/test/app/modes/bin/tagdiff" "-P" "env OMP_NUM_THREADS=1" "-p" "/home/users/ntu/c230179/Desktop/dftb_builds/dftb_gcc_Release/app/modes/modes" "-s" "P,R,C,S" "C6H6_ir"
400: Environment variables: 
400:  DFTBPLUS_PARAM_DIR=/home/users/ntu/c230179/Desktop/dftbplus-25.1/external
400: Test timeout computed to be: 10000000
400: C6H6_ir:	 TODO.
400: 
400: ==============================================================================
400: TEST SUMMARY
400: ------------------------------------------------------------------------------
400: Match:
400:     None
400: 
400: Not run:
400:     C6H6_ir
400: ------------------------------------------------------------------------------
400: Status: FAIL
400/406 Test #400: app/modes/C6H6_ir ................................................***Failed    0.05 sec
C6H6_ir:	 TODO.

==============================================================================
TEST SUMMARY
------------------------------------------------------------------------------
Match:
    None

Not run:
    C6H6_ir
------------------------------------------------------------------------------
Status: FAIL

test 401
        Start 401: app/modes/C6H6

401: Test command: /home/users/ntu/c230179/Desktop/dftbplus-25.1/test/app/modes/bin/autotest2 "-r" "/home/users/ntu/c230179/Desktop/dftbplus-25.1/test/app/modes" "-w" "/home/users/ntu/c230179/Desktop/dftb_builds/dftb_gcc_Release/test/app/modes" "-d" "/home/users/ntu/c230179/Desktop/dftbplus-25.1/test/app/modes/bin/tagdiff" "-P" "env OMP_NUM_THREADS=1" "-p" "/home/users/ntu/c230179/Desktop/dftb_builds/dftb_gcc_Release/app/modes/modes" "-s" "P,R,C,S" "C6H6"
401: Environment variables: 
401:  DFTBPLUS_PARAM_DIR=/home/users/ntu/c230179/Desktop/dftbplus-25.1/external
401: Test timeout computed to be: 10000000
401: C6H6:	 TODO.
401: 
401: ==============================================================================
401: TEST SUMMARY
401: ------------------------------------------------------------------------------
401: Match:
401:     None
401: 
401: Not run:
401:     C6H6
401: ------------------------------------------------------------------------------
401: Status: FAIL
401/406 Test #401: app/modes/C6H6 ...................................................***Failed    0.04 sec
C6H6:	 TODO.

==============================================================================
TEST SUMMARY
------------------------------------------------------------------------------
Match:
    None

Not run:
    C6H6
------------------------------------------------------------------------------
Status: FAIL

test 402
        Start 402: app/modes/C6H6_rr

402: Test command: /home/users/ntu/c230179/Desktop/dftbplus-25.1/test/app/modes/bin/autotest2 "-r" "/home/users/ntu/c230179/Desktop/dftbplus-25.1/test/app/modes" "-w" "/home/users/ntu/c230179/Desktop/dftb_builds/dftb_gcc_Release/test/app/modes" "-d" "/home/users/ntu/c230179/Desktop/dftbplus-25.1/test/app/modes/bin/tagdiff" "-P" "env OMP_NUM_THREADS=1" "-p" "/home/users/ntu/c230179/Desktop/dftb_builds/dftb_gcc_Release/app/modes/modes" "-s" "P,R,C,S" "C6H6_rr"
402: Environment variables: 
402:  DFTBPLUS_PARAM_DIR=/home/users/ntu/c230179/Desktop/dftbplus-25.1/external
402: Test timeout computed to be: 10000000
402: C6H6_rr:	 TODO.
402: 
402: ==============================================================================
402: TEST SUMMARY
402: ------------------------------------------------------------------------------
402: Match:
402:     None
402: 
402: Not run:
402:     C6H6_rr
402: ------------------------------------------------------------------------------
402: Status: FAIL
402/406 Test #402: app/modes/C6H6_rr ................................................***Failed    0.04 sec
C6H6_rr:	 TODO.

==============================================================================
TEST SUMMARY
------------------------------------------------------------------------------
Match:
    None

Not run:
    C6H6_rr
------------------------------------------------------------------------------
Status: FAIL

test 403
        Start 403: app/modes/C24O6H8

403: Test command: /home/users/ntu/c230179/Desktop/dftbplus-25.1/test/app/modes/bin/autotest2 "-r" "/home/users/ntu/c230179/Desktop/dftbplus-25.1/test/app/modes" "-w" "/home/users/ntu/c230179/Desktop/dftb_builds/dftb_gcc_Release/test/app/modes" "-d" "/home/users/ntu/c230179/Desktop/dftbplus-25.1/test/app/modes/bin/tagdiff" "-P" "env OMP_NUM_THREADS=1" "-p" "/home/users/ntu/c230179/Desktop/dftb_builds/dftb_gcc_Release/app/modes/modes" "-s" "P,R,C,S" "C24O6H8"
403: Environment variables: 
403:  DFTBPLUS_PARAM_DIR=/home/users/ntu/c230179/Desktop/dftbplus-25.1/external
403: Test timeout computed to be: 10000000
403: C24O6H8:	 TODO.
403: 
403: ==============================================================================
403: TEST SUMMARY
403: ------------------------------------------------------------------------------
403: Match:
403:     None
403: 
403: Not run:
403:     C24O6H8
403: ------------------------------------------------------------------------------
403: Status: FAIL
403/406 Test #403: app/modes/C24O6H8 ................................................***Failed    0.04 sec
C24O6H8:	 TODO.

==============================================================================
TEST SUMMARY
------------------------------------------------------------------------------
Match:
    None

Not run:
    C24O6H8
------------------------------------------------------------------------------
Status: FAIL

test 404
        Start 404: app/modes/C24O6H8_atoms

404: Test command: /home/users/ntu/c230179/Desktop/dftbplus-25.1/test/app/modes/bin/autotest2 "-r" "/home/users/ntu/c230179/Desktop/dftbplus-25.1/test/app/modes" "-w" "/home/users/ntu/c230179/Desktop/dftb_builds/dftb_gcc_Release/test/app/modes" "-d" "/home/users/ntu/c230179/Desktop/dftbplus-25.1/test/app/modes/bin/tagdiff" "-P" "env OMP_NUM_THREADS=1" "-p" "/home/users/ntu/c230179/Desktop/dftb_builds/dftb_gcc_Release/app/modes/modes" "-s" "P,R,C,S" "C24O6H8_atoms"
404: Environment variables: 
404:  DFTBPLUS_PARAM_DIR=/home/users/ntu/c230179/Desktop/dftbplus-25.1/external
404: Test timeout computed to be: 10000000
404: C24O6H8_atoms:	 TODO.
404: 
404: ==============================================================================
404: TEST SUMMARY
404: ------------------------------------------------------------------------------
404: Match:
404:     None
404: 
404: Not run:
404:     C24O6H8_atoms
404: ------------------------------------------------------------------------------
404: Status: FAIL
404/406 Test #404: app/modes/C24O6H8_atoms ..........................................***Failed    0.04 sec
C24O6H8_atoms:	 TODO.

==============================================================================
TEST SUMMARY
------------------------------------------------------------------------------
Match:
    None

Not run:
    C24O6H8_atoms
------------------------------------------------------------------------------
Status: FAIL

test 405
        Start 405: app/modes/C24O6H8_extfile

405: Test command: /home/users/ntu/c230179/Desktop/dftbplus-25.1/test/app/modes/bin/autotest2 "-r" "/home/users/ntu/c230179/Desktop/dftbplus-25.1/test/app/modes" "-w" "/home/users/ntu/c230179/Desktop/dftb_builds/dftb_gcc_Release/test/app/modes" "-d" "/home/users/ntu/c230179/Desktop/dftbplus-25.1/test/app/modes/bin/tagdiff" "-P" "env OMP_NUM_THREADS=1" "-p" "/home/users/ntu/c230179/Desktop/dftb_builds/dftb_gcc_Release/app/modes/modes" "-s" "P,R,C,S" "C24O6H8_extfile"
405: Environment variables: 
405:  DFTBPLUS_PARAM_DIR=/home/users/ntu/c230179/Desktop/dftbplus-25.1/external
405: Test timeout computed to be: 10000000
405: C24O6H8_extfile:	 TODO.
405: 
405: ==============================================================================
405: TEST SUMMARY
405: ------------------------------------------------------------------------------
405: Match:
405:     None
405: 
405: Not run:
405:     C24O6H8_extfile
405: ------------------------------------------------------------------------------
405: Status: FAIL
405/406 Test #405: app/modes/C24O6H8_extfile ........................................***Failed    0.04 sec
C24O6H8_extfile:	 TODO.

==============================================================================
TEST SUMMARY
------------------------------------------------------------------------------
Match:
    None

Not run:
    C24O6H8_extfile
------------------------------------------------------------------------------
Status: FAIL

test 406
        Start 406: app/modes/C24O6H8_select

406: Test command: /home/users/ntu/c230179/Desktop/dftbplus-25.1/test/app/modes/bin/autotest2 "-r" "/home/users/ntu/c230179/Desktop/dftbplus-25.1/test/app/modes" "-w" "/home/users/ntu/c230179/Desktop/dftb_builds/dftb_gcc_Release/test/app/modes" "-d" "/home/users/ntu/c230179/Desktop/dftbplus-25.1/test/app/modes/bin/tagdiff" "-P" "env OMP_NUM_THREADS=1" "-p" "/home/users/ntu/c230179/Desktop/dftb_builds/dftb_gcc_Release/app/modes/modes" "-s" "P,R,C,S" "C24O6H8_select"
406: Environment variables: 
406:  DFTBPLUS_PARAM_DIR=/home/users/ntu/c230179/Desktop/dftbplus-25.1/external
406: Test timeout computed to be: 10000000
406: C24O6H8_select:	 TODO.
406: 
406: ==============================================================================
406: TEST SUMMARY
406: ------------------------------------------------------------------------------
406: Match:
406:     None
406: 
406: Not run:
406:     C24O6H8_select
406: ------------------------------------------------------------------------------
406: Status: FAIL
406/406 Test #406: app/modes/C24O6H8_select .........................................***Failed    0.04 sec
C24O6H8_select:	 TODO.

==============================================================================
TEST SUMMARY
------------------------------------------------------------------------------
Match:
    None

Not run:
    C24O6H8_select
------------------------------------------------------------------------------
Status: FAIL


0% tests passed, 406 tests failed out of 406

Total Test time (real) =  18.59 sec

The following tests FAILED:
	  1 - api_extcharges (Failed)
	  2 - api_extpot (Failed)
	  3 - api_extpot2 (Failed)
	  4 - api_extefield (Failed)
	  5 - api_timeprop (Failed)
	  6 - api_ehrenfest (Failed)
	  7 - api_ehrenfest_ext_ions (Failed)
	  8 - api_fileinit (Failed)
	  9 - api_fileinitc (Failed)
	 10 - api_qdepextpot (Failed)
	 11 - api_qdepextpotc (Failed)
	 12 - api_resetspecies_NaCl (Failed)
	 13 - api_resetspecies_C2H6 (Failed)
	 14 - api_treeinit (Failed)
	 15 - api_expdmhs-si2 (Failed)
	 16 - api_imp_ham (Failed)
	 17 - api_neighbour_list (Failed)
	 18 - api_neighbour_list_c (Failed)
	 19 - api_intcharges (Failed)
	 20 - app/dftb+/extpot/CH4_gross (Failed)
	 21 - app/dftb+/extpot/CH4_net (Failed)
	 22 - app/dftb+/extpot/CH4_gross2 (Failed)
	 23 - app/dftb+/extpot/CH4_net2 (Failed)
	 24 - app/dftb+/extpot/CH4_scc_gross (Failed)
	 25 - app/dftb+/extpot/CH4_scc_net (Failed)
	 26 - app/dftb+/deltadftb/C2H4 (Failed)
	 27 - app/dftb+/deltadftb/C2H4_noground (Failed)
	 28 - app/dftb+/deltadftb/C2H4_unpurified (Failed)
	 29 - app/dftb+/deltadftb/indigo (Failed)
	 30 - app/dftb+/deltadftb/H2O (Failed)
	 31 - app/dftb+/timeprop/C4H6_rs (Failed)
	 32 - app/dftb+/timeprop/C4H6_rs_Singlet (Failed)
	 33 - app/dftb+/timeprop/benzene_Ehrenfest_restart (Failed)
	 34 - app/dftb+/timeprop/benzene_Ehrenfest_restartAscii (Failed)
	 35 - app/dftb+/timeprop/benzene_kick_bndpop (Failed)
	 36 - app/dftb+/timeprop/benzene_laser (Failed)
	 37 - app/dftb+/timeprop/benzene_sin2 (Failed)
	 38 - app/dftb+/timeprop/benzene_gaussian (Failed)
	 39 - app/dftb+/timeprop/GNR_kpoint_kick (Failed)
	 40 - app/dftb+/timeprop/GNR_kpoint_restart (Failed)
	 41 - app/dftb+/timeprop/H2_singlet (Failed)
	 42 - app/dftb+/timeprop/H2_triplet (Failed)
	 43 - app/dftb+/timeprop/H2_exc_atoms (Failed)
	 44 - app/dftb+/timeprop/C60_kick (Failed)
	 45 - app/dftb+/timeprop/C60_triplet (Failed)
	 46 - app/dftb+/timeprop/NO_pSIC (Failed)
	 47 - app/dftb+/timeprop/NO_onsite (Failed)
	 48 - app/dftb+/timeprop/benzene_kick_periodic (Failed)
	 49 - app/dftb+/timeprop/GNR_periodic_kick (Failed)
	 50 - app/dftb+/timeprop/CH3_dftbu_singlet (Failed)
	 51 - app/dftb+/timeprop/GNR_periodic_laser (Failed)
	 52 - app/dftb+/timeprop/benzene_ions_pulse (Failed)
	 53 - app/dftb+/timeprop/GNR_periodic_ions (Failed)
	 54 - app/dftb+/timeprop/graphite_dispersion_pulse (Failed)
	 55 - app/dftb+/timeprop/PDI_charged (Failed)
	 56 - app/dftb+/timeprop/benzene_circpol (Failed)
	 57 - app/dftb+/timeprop/benzene_rs (Failed)
	 58 - app/dftb+/helical/10-0Ctube (Failed)
	 59 - app/dftb+/helical/10-0CtubeC_10 (Failed)
	 60 - app/dftb+/helical/10-0CtubeC_10_origin (Failed)
	 61 - app/dftb+/helical/10-0CtubeC_10_sampled (Failed)
	 62 - app/dftb+/helical/1000-0-C_1000 (Failed)
	 63 - app/dftb+/helical/C6H6_stack (Failed)
	 64 - app/dftb+/elecconstraints/H2O_scc (Failed)
	 65 - app/dftb+/elecconstraints/H2O_scc-individual (Failed)
	 66 - app/dftb+/elecconstraints/H2O_non-converged (Failed)
	 67 - app/dftb+/elecconstraints/Si8_spin (Failed)
	 68 - app/dftb+/elecconstraints/Fe4_noncolinear (Failed)
	 69 - app/dftb+/input/caffeine_gen (Failed)
	 70 - app/dftb+/input/caffeine_xyz (Failed)
	 71 - app/dftb+/input/ammonia_lammps (Failed)
	 72 - app/dftb+/input/ammonia_poscar (Failed)
	 73 - app/dftb+/input/unsorted_contcar (Failed)
	 74 - app/dftb+/hybrid/cluster/C18H12-force-hyb (Failed)
	 75 - app/dftb+/hybrid/cluster/C18H12-force-lc (Failed)
	 76 - app/dftb+/hybrid/cluster/C18H12-force-cam (Failed)
	 77 - app/dftb+/legacy/parser/v4 (Failed)
	 78 - app/dftb+/hybrid/cluster/C18H12-nbscreening (Failed)
	 79 - app/dftb+/hybrid/cluster/C18H12-matrix (Failed)
	 80 - app/dftb+/hybrid/cluster/CH3 (Failed)
	 81 - app/dftb+/hybrid/cluster/CH3-default-compat (Failed)
	 82 - app/dftb+/hybrid/cluster/CH3-matrix (Failed)
	 83 - app/dftb+/hybrid/cluster/C60-nb (Failed)
	 84 - app/dftb+/hybrid/cluster/C60-nb-cutoff (Failed)
	 85 - app/dftb+/hybrid/cluster/Thymine-T1-force (Failed)
	 86 - app/dftb+/hybrid/cluster/cyclopropene_nb_restart (Failed)
	 87 - app/dftb+/hybrid/cluster/Thymine-spin-matrix-force-restart (Failed)
	 88 - app/dftb+/hybrid/cluster/C240_tn (Failed)
	 89 - app/dftb+/hybrid/cluster/Thymine-T1_onsite (Failed)
	 90 - app/dftb+/hybrid/cluster/Thymine-spin-matrix-force-mpi-grp1 (Failed)
	 91 - app/dftb+/hybrid/cluster/C4H6-Casida-S1-Force (Failed)
	 92 - app/dftb+/hybrid/cluster/Benzene-Spinpol-matrix (Failed)
	 93 - app/dftb+/hybrid/cluster/Benzene-Casida-S5-Force (Failed)
	 94 - app/dftb+/hybrid/cluster/C4H6-TD-LC-Triplet (Failed)
	 95 - app/dftb+/hybrid/cluster/Benzene-TD-LC-Spinpol (Failed)
	 96 - app/dftb+/hybrid/cluster/Benzene-TD-LC-Spinpol-Force (Failed)
	 97 - app/dftb+/hybrid/cluster/Benzene-TD-LC-Spinpol-Iter (Failed)
	 98 - app/dftb+/hybrid/cluster/As (Failed)
	 99 - app/dftb+/hybrid/periodic/Acene-gamma-matrix-force-cam (Failed)
	100 - app/dftb+/hybrid/periodic/Acene-gamma-matrix-restart (Failed)
	101 - app/dftb+/hybrid/periodic/Acene-gamma-matrix-restart-ascii (Failed)
	102 - app/dftb+/hybrid/periodic/Acene-gamma-neigh-force-cam (Failed)
	103 - app/dftb+/hybrid/periodic/Acene-gamma-neigh-force-hyb (Failed)
	104 - app/dftb+/hybrid/periodic/Acene-gamma-neigh-force-lc (Failed)
	105 - app/dftb+/hybrid/periodic/Acene-kpts-matrix-lc (Failed)
	106 - app/dftb+/hybrid/periodic/Acene-kpts-matrix-restart-I (Failed)
	107 - app/dftb+/hybrid/periodic/Acene-kpts-matrix-restart-II (Failed)
	108 - app/dftb+/hybrid/periodic/Acene-kpts-matrix-restart-ascii (Failed)
	109 - app/dftb+/hybrid/periodic/Acene-kpts-matrix-band (Failed)
	110 - app/dftb+/hybrid/periodic/Acene-kpts-matrix-force-lc (Failed)
	111 - app/dftb+/hybrid/periodic/Acene-kpts-neigh-band (Failed)
	112 - app/dftb+/hybrid/periodic/Acene-kpts-neigh-force-lc (Failed)
	113 - app/dftb+/hybrid/periodic/Acene-kpts-neigh-restart (Failed)
	114 - app/dftb+/hybrid/periodic/Acene-kpts-neigh-restart-ascii (Failed)
	115 - app/dftb+/hybrid/periodic/Benzene-box-spin-matrix-ct-kpts (Failed)
	116 - app/dftb+/hybrid/periodic/Benzene-box-spin-neigh-ct-kpts (Failed)
	117 - app/dftb+/hybrid/periodic/Benzene-gamma-matrix-spin-force-grp1 (Failed)
	118 - app/dftb+/hybrid/periodic/Benzene-gamma-neigh-spin-force (Failed)
	119 - app/dftb+/hybrid/periodic/CN-chain_transl-inv-matrix-ct (Failed)
	120 - app/dftb+/hybrid/periodic/CN-chain_transl-inv-neigh-ct (Failed)
	121 - app/dftb+/hybrid/periodic/GaAs-gamma-matrix (Failed)
	122 - app/dftb+/hybrid/periodic/GaAs-gamma-neigh (Failed)
	123 - app/dftb+/hybrid/periodic/GaAs-gamma-restart (Failed)
	124 - app/dftb+/hybrid/periodic/GaAs-kpts-matrix-ct (Failed)
	125 - app/dftb+/hybrid/periodic/GaAs-kpts-matrix-ct-anderson (Failed)
	126 - app/dftb+/hybrid/periodic/GaAs-kpts-matrix-ct-diis (Failed)
	127 - app/dftb+/hybrid/periodic/GaAs-kpts-matrix-ct-simple (Failed)
	128 - app/dftb+/hybrid/periodic/GaAs-kpts-neigh-ct (Failed)
	129 - app/dftb+/hybrid/periodic/GaAs-kpts-neigh-mic (Failed)
	130 - app/dftb+/reks/C2H4_3SSR_rangesep (Failed)
	131 - app/dftb+/reks/C2H4_direct (Failed)
	132 - app/dftb+/reks/C2H4_nosave (Failed)
	133 - app/dftb+/reks/C2H4_read_mo (Failed)
	134 - app/dftb+/reks/C6H8_extchrg_periodic_nosave (Failed)
	135 - app/dftb+/reks/C6H8_rangesep_extchrg_nac (Failed)
	136 - app/dftb+/reks/C6H8_rangesep_extchrg_nosave (Failed)
	137 - app/dftb+/reks/CNH4+_dftd4 (Failed)
	138 - app/dftb+/reks/CNH4+_dftd4_sc (Failed)
	139 - app/dftb+/reks/CNH4+_dftd4_sc_rangesep (Failed)
	140 - app/dftb+/reks/HBI+H2O_periodic_stress (Failed)
	141 - app/dftb+/reks/HBI+H2O_periodic_stress_disp (Failed)
	142 - app/dftb+/reks/PSB3_2SSR (Failed)
	143 - app/dftb+/reks/PSB3_2SSR_extchrg_periodic (Failed)
	144 - app/dftb+/reks/PSB3_2SSR_rangesep (Failed)
	145 - app/dftb+/reks/PSB3_2SSR_rangesep_extchrg (Failed)
	146 - app/dftb+/reks/PSB3_2SSR_rangesep_extchrg_blur (Failed)
	147 - app/dftb+/reks/PSB3_2SSR_rangesep_tuning (Failed)
	148 - app/dftb+/reks/PSB3_SA (Failed)
	149 - app/dftb+/reks/Thymine_3SSR (Failed)
	150 - app/dftb+/reks/Thymine_single (Failed)
	151 - app/dftb+/reks/Thymine_T1 (Failed)
	152 - app/dftb+/reks/Thymine_T1_rangesep (Failed)
	153 - app/dftb+/mdftb/2H2O (Failed)
	154 - app/dftb+/mdftb/2H2O-extfield (Failed)
	155 - app/dftb+/mdftb/32H2O (Failed)
	156 - app/dftb+/mdftb/Glycine (Failed)
	157 - app/dftb+/mdftb/Glycine_mDFTBoff1 (Failed)
	158 - app/dftb+/mdftb/Glycine_mDFTBoff2 (Failed)
	159 - app/dftb+/mdftb/Glycine_mDFTBoff3 (Failed)
	160 - app/dftb+/mdftb/Glycine_Ordering (Failed)
	161 - app/dftb+/mdftb/Glycine_RotTran1 (Failed)
	162 - app/dftb+/mdftb/Glycine_RotTran2 (Failed)
	163 - app/dftb+/mdftb/Glycine_RotTran3 (Failed)
	164 - app/dftb+/mdftb/OH-H2O (Failed)
	165 - app/dftb+/mdftb/OH-H2O_RotTran1 (Failed)
	166 - app/dftb+/mdftb/OH-H2O_RotTran2 (Failed)
	167 - app/dftb+/mdftb/OH-H2O_RotTran3 (Failed)
	168 - app/dftb+/mdftb/NH4+H2O (Failed)
	169 - app/dftb+/mdftb/NH4+H2O_RotTran1 (Failed)
	170 - app/dftb+/mdftb/NH4+H2O_RotTran2 (Failed)
	171 - app/dftb+/mdftb/NH4+H2O_RotTran3 (Failed)
	172 - app/dftb+/derivatives/Si_2_Delta (Failed)
	173 - app/dftb+/derivatives/CH3nonsccPol (Failed)
	174 - app/dftb+/derivatives/CH3sccPol (Failed)
	175 - app/dftb+/derivatives/CH3spin3rdOnsPol (Failed)
	176 - app/dftb+/derivatives/CH3_U_noncol (Failed)
	177 - app/dftb+/derivatives/Au2_LSmetalPol (Failed)
	178 - app/dftb+/derivatives/C18H12_rangesepPol (Failed)
	179 - app/dftb+/derivatives/C60 (Failed)
	180 - app/dftb+/derivatives/C60+ (Failed)
	181 - app/dftb+/derivatives/CH4_onsite (Failed)
	182 - app/dftb+/derivatives/CH4_kpt_ons (Failed)
	183 - app/dftb+/derivatives/As4S4_LS_ons (Failed)
	184 - app/dftb+/derivatives/10-0Ctube_onsite (Failed)
	185 - app/dftb+/derivatives/C6H6_onsite (Failed)
	186 - app/dftb+/derivatives/C6H6_partial (Failed)
	187 - app/dftb+/derivatives/CH4_RPA (Failed)
	188 - app/dftb+/derivatives/Au2_Polfreq (Failed)
	189 - app/dftb+/derivatives/C60_Polfreq (Failed)
	190 - app/dftb+/derivatives/CH4_freq (Failed)
	191 - app/dftb+/derivatives/CH4_kpt_freq (Failed)
	192 - app/dftb+/derivatives/Au2_LSmetalPolfreq (Failed)
	193 - app/dftb+/derivatives/C2H4_dx (Failed)
	194 - app/dftb+/derivatives/C2H4_scc_dx (Failed)
	195 - app/dftb+/legacy/Si2_oldSKinterp (Failed)
	196 - app/dftb+/legacy/Si2_polyRep (Failed)
	197 - app/dftb+/legacy/file_access (Failed)
	198 - app/dftb+/non-scc/Si_2 (Failed)
	199 - app/dftb+/non-scc/Si_2_origin (Failed)
	200 - app/dftb+/non-scc/Si_2_originF (Failed)
	201 - app/dftb+/non-scc/Si_2_independentk (Failed)
	202 - app/dftb+/scc/H2O2_3rdfull-damp (Failed)
	203 - app/dftb+/scc/H3 (Failed)
	204 - app/dftb+/scc/H3_skipcheck (Failed)
	205 - app/dftb+/spin/H2 (Failed)
	206 - app/dftb+/scc/CH4_nonconverged (Failed)
	207 - app/dftb+/analysis/C2H4_localise (Failed)
	208 - app/dftb+/analysis/graphene_localise (Failed)
	209 - app/dftb+/onsite/H2O (Failed)
	210 - app/dftb+/dftb+u/CH3 (Failed)
	211 - app/dftb+/dispersion/2H2O (Failed)
	212 - app/dftb+/dispersion/2H2O_uff (Failed)
	213 - app/dftb+/dispersion/GaAs_sdftd3 (Failed)
	214 - app/dftb+/dispersion/2H2O_sdftd3 (Failed)
	215 - app/dftb+/dispersion/2H2O_dftd4 (Failed)
	216 - app/dftb+/dispersion/specieslist_dftd4 (Failed)
	217 - app/dftb+/dispersion/charged_dftd4 (Failed)
	218 - app/dftb+/dispersion/diamond_dftd4 (Failed)
	219 - app/dftb+/dispersion/GaAs_dftd4 (Failed)
	220 - app/dftb+/dispersion/2H2O_dftd4_sc (Failed)
	221 - app/dftb+/dispersion/diamond_dftd4_sc (Failed)
	222 - app/dftb+/dispersion/GaAs_dftd4_sc (Failed)
	223 - app/dftb+/geoopt/H2O-nonscc (Failed)
	224 - app/dftb+/geoopt/H2O_sd (Failed)
	225 - app/dftb+/geoopt/H2O_sd_old (Failed)
	226 - app/dftb+/non-scc/CH4 (Failed)
	227 - app/dftb+/non-scc/decapentaene (Failed)
	228 - app/dftb+/scc/2H2O-3rdorder (Failed)
	229 - app/dftb+/scc/2H2O-3rdorder_read (Failed)
	230 - app/dftb+/scc/C2H6_3rdfull (Failed)
	231 - app/dftb+/scc/C2H6_3rdfull-damp (Failed)
	232 - app/dftb+/scc/H2O2_3rdfull (Failed)
	233 - app/dftb+/scc/H2O2-3rdfull-ldep (Failed)
	234 - app/dftb+/scc/H2O-extchrg (Failed)
	235 - app/dftb+/scc/H2O-extchrg-blur (Failed)
	236 - app/dftb+/scc/H2O-extchrg-direct (Failed)
	237 - app/dftb+/scc/H2O-extchrg-periodic (Failed)
	238 - app/dftb+/scc/H2O-extfield (Failed)
	239 - app/dftb+/spin/H2O-periodic (Failed)
	240 - app/dftb+/spin/OH_commonFermi (Failed)
	241 - app/dftb+/derivatives/Si_2_Richardson (Failed)
	242 - app/dftb+/geoopt/H2O-constr (Failed)
	243 - app/dftb+/legacy/SiC_polyRep (Failed)
	244 - app/dftb+/md/SiH-surface_restart (Failed)
	245 - app/dftb+/scc/C4H8_3rdfull (Failed)
	246 - app/dftb+/scc/C4H8_3rdfull-damp (Failed)
	247 - app/dftb+/scc/CH2_n_3rdfull (Failed)
	248 - app/dftb+/scc/CH2_n_3rdfull_damp (Failed)
	249 - app/dftb+/scc/GaAs_2_restart (Failed)
	250 - app/dftb+/scc/SiH_custom-ref (Failed)
	251 - app/dftb+/scc/HH_custom-ref (Failed)
	252 - app/dftb+/spin/Fe4 (Failed)
	253 - app/dftb+/spin/Fe4_commonFermi (Failed)
	254 - app/dftb+/solvation/sasa_i10e (Failed)
	255 - app/dftb+/solvation/gb_ionpair (Failed)
	256 - app/dftb+/solvation/gb_reference (Failed)
	257 - app/dftb+/solvation/gb_mol1bar (Failed)
	258 - app/dftb+/solvation/gb_cm5 (Failed)
	259 - app/dftb+/solvation/gb_specieslist (Failed)
	260 - app/dftb+/solvation/gb_p16 (Failed)
	261 - app/dftb+/solvation/gb_inf (Failed)
	262 - app/dftb+/solvation/gbsa_e35 (Failed)
	263 - app/dftb+/solvation/gbsa_caffeine (Failed)
	264 - app/dftb+/solvation/gbsa_p16 (Failed)
	265 - app/dftb+/solvation/gbsa_param1 (Failed)
	266 - app/dftb+/solvation/gbsa_param2 (Failed)
	267 - app/dftb+/solvation/gbsa_param3 (Failed)
	268 - app/dftb+/solvation/alpb_cation (Failed)
	269 - app/dftb+/solvation/alpb_anion (Failed)
	270 - app/dftb+/solvation/alpb_p16 (Failed)
	271 - app/dftb+/solvation/cosmo_g1 (Failed)
	272 - app/dftb+/solvation/cosmo_b33 (Failed)
	273 - app/dftb+/solvation/cosmo_i8e (Failed)
	274 - app/dftb+/solvation/cosmo_444 (Failed)
	275 - app/dftb+/solvation/cosmo_inf (Failed)
	276 - app/dftb+/solvation/cosmo_quinoline (Failed)
	277 - app/dftb+/solvation/cosmo_nitralin (Failed)
	278 - app/dftb+/solvation/H2O_gb_rescale (Failed)
	279 - app/dftb+/derivatives/C6H6_Raman (Failed)
	280 - app/dftb+/analysis/H2O_ESP (Failed)
	281 - app/dftb+/analysis/H2O_mdESP (Failed)
	282 - app/dftb+/geoopt/H2O_lbfgs (Failed)
	283 - app/dftb+/geoopt/H2O_lbfgsStep (Failed)
	284 - app/dftb+/geoopt/H2O_lbfgsLineMin (Failed)
	285 - app/dftb+/geoopt/H2O_rf (Failed)
	286 - app/dftb+/geoopt/H2O (Failed)
	287 - app/dftb+/geoopt/H2O_fire (Failed)
	288 - app/dftb+/md/Si_8_NHC_restart (Failed)
	289 - app/dftb+/non-scc/GaAs_2 (Failed)
	290 - app/dftb+/scc/GaAs_2 (Failed)
	291 - app/dftb+/scc/GaAs_2_customU (Failed)
	292 - app/dftb+/spinorbit/Fe2_dual (Failed)
	293 - app/dftb+/spinorbit/Fe2_dual_field (Failed)
	294 - app/dftb+/spinorbit/Fe2_dual_Fermi (Failed)
	295 - app/dftb+/spinorbit/Si_2 (Failed)
	296 - app/dftb+/dispersion/DNA_uff (Failed)
	297 - app/dftb+/onsite/Au13 (Failed)
	298 - app/dftb+/onsite/Au13pSIC (Failed)
	299 - app/dftb+/timedep/C4H6-S1-Force_uncache-Stratmann (Failed)
	300 - app/dftb+/timedep/NH-Force-spinpol-Stratmann (Failed)
	301 - app/dftb+/timedep/Furan-NACV-LC (Failed)
	302 - app/dftb+/timedep/C4H6-TransCharges (Failed)
	303 - app/dftb+/timedep/2CH3-Temp-Stratmann (Failed)
	304 - app/dftb+/timedep/C4H6-Singlet-Stratmann (Failed)
	305 - app/dftb+/timedep/C4H6-Triplet-Stratmann (Failed)
	306 - app/dftb+/timedep/NO-Stratmann (Failed)
	307 - app/dftb+/timedep/propadiene_OscWindow-Stratmann (Failed)
	308 - app/dftb+/timedep/Furan-CIopt-LC (Failed)
	309 - app/dftb+/dftb+u/Fe4 (Failed)
	310 - app/dftb+/dftb+u/Fe4_read (Failed)
	311 - app/dftb+/geoopt/Cchain_lattice_lbfgs (Failed)
	312 - app/dftb+/geoopt/Cchain_lattice (Failed)
	313 - app/dftb+/geoopt/Cchain_lattice_rf (Failed)
	314 - app/dftb+/scc/H2O+CH3COOH-3rdorder (Failed)
	315 - app/dftb+/spinorbit/Fe2 (Failed)
	316 - app/dftb+/analysis/Fe2_antiferromagnetic (Failed)
	317 - app/dftb+/non-scc/10-0Ctube_Efield (Failed)
	318 - app/dftb+/non-scc/10-10Ctube (Failed)
	319 - app/dftb+/non-scc/10-10Ctube_MP (Failed)
	320 - app/dftb+/non-scc/10-10Ctube_MP0 (Failed)
	321 - app/dftb+/non-scc/10-10Ctube_MP2 (Failed)
	322 - app/dftb+/non-scc/10-10Ctube_Gauss (Failed)
	323 - app/dftb+/non-scc/Ctube_Fermi (Failed)
	324 - app/dftb+/analysis/10-0Ctube_ESP (Failed)
	325 - app/dftb+/md/H2O-extfield (Failed)
	326 - app/dftb+/non-scc/10-0Ctube (Failed)
	327 - app/dftb+/spin/Fe4_noncolinear (Failed)
	328 - app/dftb+/non-scc/HBDI-neutral (Failed)
	329 - app/dftb+/non-scc/HBDI-cationic (Failed)
	330 - app/dftb+/scc/C60 (Failed)
	331 - app/dftb+/analysis/C60_ESP (Failed)
	332 - app/dftb+/spin/H2O (Failed)
	333 - app/dftb+/dangerous/C_SkCutoff_soft_default (Failed)
	334 - app/dftb+/dangerous/C_SkCutoff_hard_default (Failed)
	335 - app/dftb+/dangerous/C_SkCutoff_soft_old (Failed)
	336 - app/dftb+/dangerous/C_SkCutoff_hard_old (Failed)
	337 - app/dftb+/h-bonds/H5_defaults (Failed)
	338 - app/dftb+/h-bonds/H5_ONS_forces (Failed)
	339 - app/dftb+/h-bonds/H5_ONS_forces_eq (Failed)
	340 - app/dftb+/md/Si_8_restart (Failed)
	341 - app/dftb+/spin/GaAs_2 (Failed)
	342 - app/dftb+/spin/GaAs-spin-ext (Failed)
	343 - app/dftb+/spinorbit/As4S4 (Failed)
	344 - app/dftb+/dispersion/DNA-damped (Failed)
	345 - app/dftb+/md/ice_Ic (Failed)
	346 - app/dftb+/derivatives/C6H6_scc (Failed)
	347 - app/dftb+/derivatives/GaAs_2 (Failed)
	348 - app/dftb+/dftb+u/GaAs_2 (Failed)
	349 - app/dftb+/geoopt/diamond_presure (Failed)
	350 - app/dftb+/scc/C60_Fermi (Failed)
	351 - app/dftb+/scc/10-0Ctube-extfield (Failed)
	352 - app/dftb+/scc/SiC_64 (Failed)
	353 - app/dftb+/scc/SiC_32-extchrg-blur (Failed)
	354 - app/dftb+/md/H3 (Failed)
	355 - app/dftb+/spinorbit/GaAs_2 (Failed)
	356 - app/dftb+/geoopt/Si_2_latconst (Failed)
	357 - app/dftb+/md/SiH-surface (Failed)
	358 - app/dftb+/geoopt/Si_2_lattice_lbfgs (Failed)
	359 - app/dftb+/geoopt/Si_2_lattice (Failed)
	360 - app/dftb+/geoopt/Si_2_lattice_rf (Failed)
	361 - app/dftb+/md/Si_8_NHC (Failed)
	362 - app/dftb+/spin/Fe4_Fermi (Failed)
	363 - app/dftb+/non-scc/Si41C23N35 (Failed)
	364 - app/dftb+/geoopt/diamond_isotropic (Failed)
	365 - app/dftb+/spinorbit/EuN (Failed)
	366 - app/dftb+/geoopt/Si_6 (Failed)
	367 - app/dftb+/geoopt/Si_6_rf (Failed)
	368 - app/dftb+/md/ptcda-xlbomdfast (Failed)
	369 - app/dftb+/spinorbit/EuN_customU (Failed)
	370 - app/dftb+/dispersion/DNA (Failed)
	371 - app/dftb+/spinorbit/Si2_dual (Failed)
	372 - app/dftb+/md/Si_8 (Failed)
	373 - app/dftb+/md/Si_8-thermostat2 (Failed)
	374 - app/dftb+/geoopt/GaAs_8_latconst_lbfgs (Failed)
	375 - app/dftb+/geoopt/GaAs_8_latconst (Failed)
	376 - app/dftb+/analysis/Ga4As4_ESP (Failed)
	377 - app/dftb+/md/Si_8-thermostat (Failed)
	378 - app/dftb+/md/ptcda-xlbomdfast-ldep (Failed)
	379 - app/dftb+/md/Si_8-tempprofile (Failed)
	380 - app/dftb+/md/Si_8-tempprofile0 (Failed)
	381 - app/dftb+/geoopt/Vsi+O-nonscc (Failed)
	382 - app/dftb+/non-scc/Si_384 (Failed)
	383 - app/dftb+/md/DNA (Failed)
	384 - app/dftb+/md/DNA_Berendsen2 (Failed)
	385 - app/dftb+/md/ptcda-xlbomd (Failed)
	386 - app/dftb+/md/SiC64-xlbomdfast-T0 (Failed)
	387 - app/dftb+/md/SiC64-xlbomdfast (Failed)
	388 - app/dftb+/md/SiC64-xlbomdfast-T0_kpts (Failed)
	389 - app/dftb+/md/SiC64-xlbomdfast_kpts (Failed)
	390 - app/dftb+/non-scc/Si_216 (Failed)
	391 - app/dftb+/md/ptcda-xlbomd-ldep (Failed)
	392 - app/dftb+/geoopt/Vsi+O_lbfgs (Failed)
	393 - app/dftb+/geoopt/Vsi+O (Failed)
	394 - app/dftb+/scc/SiC64+V_dynforce_groups (Failed)
	395 - app/dftb+/scc/SiC64+V_dynforce (Failed)
	396 - app/dftb+/pp-RPA/ethene (Failed)
	397 - app/dftb+/pp-RPA/benzene_TammDancoff (Failed)
	398 - app/dftb+/pp-RPA/furan_OrbConst (Failed)
	399 - app/modes/C6H6_eigvec (Failed)
	400 - app/modes/C6H6_ir (Failed)
	401 - app/modes/C6H6 (Failed)
	402 - app/modes/C6H6_rr (Failed)
	403 - app/modes/C24O6H8 (Failed)
	404 - app/modes/C24O6H8_atoms (Failed)
	405 - app/modes/C24O6H8_extfile (Failed)
	406 - app/modes/C24O6H8_select (Failed)
Errors while running CTest